
============================================================
开始多链 NES-VMC 训练 | 使用自然梯度
============================================================
精确CAS基准：基态=-3.99251014 Ha | 1激发=-3.99250391 Ha|2激发=-3.98751017 Ha|3激发=-3.98750390 Ha|
理论 Loss 上限：-15.96002813 
超参：clip_norm=20.0, lr=0.1, QGT diag_shift=0.1

============================================================
开始多链 NES-VMC 训练 | 使用自然梯度
============================================================
精确CAS基准：基态=-3.99251014 Ha | 1激发=-3.99250391 Ha|2激发=-3.98751017 Ha|3激发=-3.98750390 Ha|
理论 Loss 上限：-15.96002813 
超参：clip_norm=20.0, lr=0.1, QGT diag_shift=0.1
[Step   0] logΨ: mean=8.546+0.154j | min=1.546-1.397j | max=9.936+1.111j
梯度监控 | raw=42.7551 | natural=4.3097 | clipped=4.3097(上限20.0)
Ψ矩阵条件数 cond(Ψ) = 1.58e+01
Loss=-2.864638 | E0=-2.86586642-0.00838458j | E1=-0.72157884-0.00008402j|E2=0.19256563+0.06985890j|E3=0.53024125-0.04244635j
#-----------------------------------------#
[Step   1] logΨ: mean=7.771+0.202j | min=1.690-0.906j | max=10.329+0.659j
梯度监控 | raw=60.4065 | natural=3.7367 | clipped=3.7367(上限20.0)
Ψ矩阵条件数 cond(Ψ) = 2.49e+01
Loss=-4.473566 | E0=-3.24953461+0.00958307j | E1=-1.20608401+0.00533690j|E2=-0.31154871+0.01461528j|E3=0.29360199-0.01207074j
#-----------------------------------------#
[Step   2] logΨ: mean=4.869+0.021j | min=0.419+1.659j | max=6.573+1.905j
梯度监控 | raw=34.9800 | natural=3.3974 | clipped=3.3974(上限20.0)
Ψ矩阵条件数 cond(Ψ) = 1.69e+01
Loss=-5.052917 | E0=-3.43979931+0.02418851j | E1=-1.53235722+0.00609452j|E2=-0.28991428-0.06897714j|E3=0.20915474+0.01084665j
#-----------------------------------------#
[Step   3] logΨ: mean=4.455+0.141j | min=-0.998-0.600j | max=6.164+1.528j
梯度监控 | raw=81.1641 | natural=2.5283 | clipped=2.5283(上限20.0)
Ψ矩阵条件数 cond(Ψ) = 9.33e+00
Loss=-4.446661 | E0=-3.53071594+0.12860280j | E1=-1.43197846+0.42062062j|E2=-0.01812446+0.04261059j|E3=0.53415686+0.57242775j
#-----------------------------------------#
[Step   4] logΨ: mean=3.987+0.127j | min=-0.269-0.733j | max=5.671+1.311j
梯度监控 | raw=112.1118 | natural=3.0980 | clipped=3.0980(上限20.0)
Ψ矩阵条件数 cond(Ψ) = 9.43e+00
Loss=-6.082188 | E0=-3.66024041+0.09058853j | E1=-2.03348780+0.28338996j|E2=-0.39625886-0.01187851j|E3=0.00779797+0.41389108j
#-----------------------------------------#
[Step   5] logΨ: mean=3.435+0.035j | min=-0.445+0.828j | max=5.161+0.055j
梯度监控 | raw=99.8566 | natural=2.6043 | clipped=2.6043(上限20.0)
Ψ矩阵条件数 cond(Ψ) = 1.55e+01
Loss=-7.510781 | E0=-3.77227545+0.07779618j | E1=-2.45880270+0.26205966j|E2=-0.80351084+0.06422121j|E3=-0.47619438+0.10995632j
#-----------------------------------------#
[Step   6] logΨ: mean=3.022-0.100j | min=-1.548+2.787j | max=4.717+1.791j
梯度监控 | raw=60.7913 | natural=2.2862 | clipped=2.2862(上限20.0)
Ψ矩阵条件数 cond(Ψ) = 1.32e+01
Loss=-8.881490 | E0=-3.81108832+0.03971559j | E1=-2.96822500+0.24432287j|E2=-1.17907870+0.09727848j|E3=-0.92309994-0.02287556j
#-----------------------------------------#
[Step   7] logΨ: mean=2.733-0.190j | min=-0.747-0.662j | max=4.374+1.742j
梯度监控 | raw=35.2384 | natural=1.8571 | clipped=1.8571(上限20.0)
Ψ矩阵条件数 cond(Ψ) = 1.09e+01
Loss=-10.068845 | E0=-3.82851458+0.00679636j | E1=-3.32545233+0.13629405j|E2=-1.66275311+0.12048024j|E3=-1.25212812-0.02114104j
#-----------------------------------------#
[Step   8] logΨ: mean=2.355-0.206j | min=-1.090-1.003j | max=3.961+2.298j
梯度监控 | raw=33.9637 | natural=1.7182 | clipped=1.7182(上限20.0)
Ψ矩阵条件数 cond(Ψ) = 1.19e+01
Loss=-10.965899 | E0=-3.85042667-0.00368277j | E1=-3.52616501+0.06196702j|E2=-2.07668042+0.15216461j|E3=-1.51262033-0.01505148j
#-----------------------------------------#
[Step   9] logΨ: mean=1.974-0.270j | min=-1.814+0.732j | max=3.477+2.468j
梯度监控 | raw=30.9225 | natural=1.5811 | clipped=1.5811(上限20.0)
Ψ矩阵条件数 cond(Ψ) = 1.42e+01
Loss=-11.737582 | E0=-3.88141179+0.00239290j | E1=-3.67290187+0.03641159j|E2=-2.46447134+0.18323843j|E3=-1.71879721-0.03427261j
#-----------------------------------------#
[Step  10] logΨ: mean=1.783-0.355j | min=-0.986-1.558j | max=3.276+2.653j
梯度监控 | raw=31.4691 | natural=1.3824 | clipped=1.3824(上限20.0)
Ψ矩阵条件数 cond(Ψ) = 1.67e+01
Loss=-12.317615 | E0=-3.91913533+0.01351387j | E1=-3.75918984-0.02036009j|E2=-2.76664615+0.19484508j|E3=-1.87263942-0.05667561j
#-----------------------------------------#
[Step  11] logΨ: mean=1.608-0.330j | min=-1.018+2.158j | max=3.120+1.014j
梯度监控 | raw=35.1609 | natural=1.2139 | clipped=1.2139(上限20.0)
Ψ矩阵条件数 cond(Ψ) = 1.69e+01
Loss=-12.704979 | E0=-3.94371510+0.01328692j | E1=-3.82793546-0.03805676j|E2=-2.96852160+0.19187357j|E3=-1.96480870-0.03219330j
#-----------------------------------------#
[Step  12] logΨ: mean=1.429-0.433j | min=-1.657-1.701j | max=2.991+1.065j
梯度监控 | raw=39.5789 | natural=1.1561 | clipped=1.1561(上限20.0)
Ψ矩阵条件数 cond(Ψ) = 1.68e+01
Loss=-13.028678 | E0=-3.95710325+0.00373135j | E1=-3.86992955-0.04267949j|E2=-3.12995791+0.23608273j|E3=-2.07168698-0.03637040j
#-----------------------------------------#
[Step  13] logΨ: mean=1.302-0.425j | min=-1.490+2.128j | max=2.888-2.075j
梯度监控 | raw=58.9682 | natural=1.0209 | clipped=1.0209(上限20.0)
Ψ矩阵条件数 cond(Ψ) = 1.63e+01
Loss=-13.319411 | E0=-3.94794250+0.00726544j | E1=-3.90673518-0.04468790j|E2=-3.28739405+0.29831034j|E3=-2.17733550-0.06515515j
#-----------------------------------------#
[Step  14] logΨ: mean=1.185-0.464j | min=-1.723+0.175j | max=2.777+0.810j
梯度监控 | raw=55.5235 | natural=0.9409 | clipped=0.9409(上限20.0)
Ψ矩阵条件数 cond(Ψ) = 1.64e+01
Loss=-13.626731 | E0=-3.97284842+0.00080797j | E1=-3.92864084-0.03819491j|E2=-3.45799875+0.27393466j|E3=-2.26724672-0.10359097j
#-----------------------------------------#
[Step  15] logΨ: mean=1.052-0.496j | min=-1.984+0.762j | max=2.691+0.303j
梯度监控 | raw=66.9660 | natural=0.9386 | clipped=0.9386(上限20.0)
Ψ矩阵条件数 cond(Ψ) = 1.62e+01
Loss=-13.796803 | E0=-3.98542500+0.01461264j | E1=-3.95176911-0.03499954j|E2=-3.53459024+0.26906776j|E3=-2.32501507-0.12299448j
#-----------------------------------------#
[Step  16] logΨ: mean=0.922-0.574j | min=-1.987+0.928j | max=2.726-2.783j
梯度监控 | raw=79.9531 | natural=0.8907 | clipped=0.8907(上限20.0)
Ψ矩阵条件数 cond(Ψ) = 1.59e+01
Loss=-13.916264 | E0=-3.97825527+0.03282661j | E1=-3.95527458-0.04639590j|E2=-3.61387086+0.27692795j|E3=-2.36886406-0.13863784j
#-----------------------------------------#
[Step  17] logΨ: mean=0.792-0.588j | min=-2.019-2.018j | max=2.745+0.394j
梯度监控 | raw=95.9043 | natural=0.7942 | clipped=0.7942(上限20.0)
Ψ矩阵条件数 cond(Ψ) = 1.59e+01
Loss=-14.070396 | E0=-3.97612715+0.02422632j | E1=-3.95753622-0.04027602j|E2=-3.69295907+0.30147815j|E3=-2.44377351-0.14871299j
#-----------------------------------------#
[Step  18] logΨ: mean=0.682-0.575j | min=-2.259-2.174j | max=2.769+0.447j
梯度监控 | raw=128.9530 | natural=0.7839 | clipped=0.7839(上限20.0)
Ψ矩阵条件数 cond(Ψ) = 1.54e+01
Loss=-14.300224 | E0=-3.96504736+0.01632232j | E1=-3.96268153-0.04442862j|E2=-3.77908897+0.33503324j|E3=-2.59340858-0.14834893j
#-----------------------------------------#
[Step  19] logΨ: mean=0.604-0.635j | min=-4.233-1.435j | max=2.804+0.475j
梯度监控 | raw=141.9133 | natural=0.7520 | clipped=0.7520(上限20.0)
Ψ矩阵条件数 cond(Ψ) = 1.52e+01
Loss=-14.461637 | E0=-3.99038506+0.00582443j | E1=-3.95881271-0.02689070j|E2=-3.85536551+0.31401205j|E3=-2.65707397-0.17227757j
#-----------------------------------------#
[Step  20] logΨ: mean=0.554-0.679j | min=-2.879-2.392j | max=2.862+0.519j
梯度监控 | raw=180.5200 | natural=0.6636 | clipped=0.6636(上限20.0)
Ψ矩阵条件数 cond(Ψ) = 1.48e+01
Loss=-14.662519 | E0=-4.00150919+0.01746516j | E1=-3.94539690+0.33566427j|E2=-3.93587065-0.03802926j|E3=-2.77974272-0.15881467j
#-----------------------------------------#
[Step  21] logΨ: mean=0.529-0.696j | min=-3.169-2.386j | max=2.912+0.548j
梯度监控 | raw=173.9795 | natural=0.5949 | clipped=0.5949(上限20.0)
Ψ矩阵条件数 cond(Ψ) = 1.50e+01
Loss=-14.824638 | E0=-4.03854132+0.28298271j | E1=-4.00299358+0.01506984j|E2=-3.93905306-0.03893872j|E3=-2.84405279-0.18962741j
#-----------------------------------------#
[Step  22] logΨ: mean=0.466-0.747j | min=-3.620-2.390j | max=2.961+0.545j
梯度监控 | raw=313.7561 | natural=0.6208 | clipped=0.6208(上限20.0)
Ψ矩阵条件数 cond(Ψ) = 1.51e+01
Loss=-14.930244 | E0=-4.02931595+0.27755383j | E1=-4.00211334+0.01957185j|E2=-3.94256067-0.03337586j|E3=-2.95625830-0.24464381j
#-----------------------------------------#
[Step  23] logΨ: mean=0.446-0.721j | min=-3.613-2.550j | max=3.014+0.556j
梯度监控 | raw=588.1583 | natural=0.5162 | clipped=0.5162(上限20.0)
Ψ矩阵条件数 cond(Ψ) = 1.53e+01
Loss=-15.281449 | E0=-4.23438358+0.36742994j | E1=-4.00874138+0.00749148j|E2=-3.94562030-0.03782711j|E3=-3.09270668-0.18495846j
#-----------------------------------------#
[Step  24] logΨ: mean=0.485-0.758j | min=-3.440-2.601j | max=3.053+0.568j
梯度监控 | raw=768.4796 | natural=0.4496 | clipped=0.4496(上限20.0)
Ψ矩阵条件数 cond(Ψ) = 1.54e+01
Loss=-15.527052 | E0=-4.33531332+0.21954411j | E1=-4.00112963+0.00730238j|E2=-3.94231462-0.04550109j|E3=-3.24829245-0.13481438j
#-----------------------------------------#
[Step  25] logΨ: mean=0.449-0.820j | min=-3.477-2.677j | max=3.095+0.575j
梯度监控 | raw=547.5627 | natural=0.4371 | clipped=0.4371(上限20.0)
Ψ矩阵条件数 cond(Ψ) = 1.50e+01
Loss=-15.452027 | E0=-4.18059015+0.15807632j | E1=-4.00353718+0.01204506j|E2=-3.95202184-0.03386315j|E3=-3.31588268-0.11939418j
#-----------------------------------------#
[Step  26] logΨ: mean=0.448-0.752j | min=-3.806-2.440j | max=3.133+0.590j
梯度监控 | raw=737.5319 | natural=0.3734 | clipped=0.3734(上限20.0)
Ψ矩阵条件数 cond(Ψ) = 1.50e+01
Loss=-15.380146 | E0=-4.09032440+0.02100146j | E1=-3.98835564+0.03580072j|E2=-3.98337722-0.00971117j|E3=-3.31809092-0.18885374j
#-----------------------------------------#
[Step  27] logΨ: mean=0.452-0.764j | min=-3.594-2.325j | max=3.175+0.602j
梯度监控 | raw=1371.8862 | natural=0.3177 | clipped=0.3177(上限20.0)
Ψ矩阵条件数 cond(Ψ) = 1.50e+01
Loss=-15.744170 | E0=-4.23695707+0.04167431j | E1=-3.99670362+0.00689187j|E2=-3.96011901-0.03393974j|E3=-3.55038834-0.13740921j
#-----------------------------------------#
[Step  28] logΨ: mean=0.469-0.712j | min=-3.582-2.302j | max=3.222+0.627j
梯度监控 | raw=1024.7284 | natural=0.3111 | clipped=0.3111(上限20.0)
Ψ矩阵条件数 cond(Ψ) = 1.50e+01
Loss=-15.624692 | E0=-4.10196161+0.05460862j | E1=-3.98429775+0.02796030j|E2=-3.98278284-0.02034539j|E3=-3.55564594-0.10882437j
#-----------------------------------------#
[Step  29] logΨ: mean=0.482-0.696j | min=-3.681-2.201j | max=3.255+0.641j
梯度监控 | raw=996.6627 | natural=0.2284 | clipped=0.2284(上限20.0)
Ψ矩阵条件数 cond(Ψ) = 1.53e+01
Loss=-15.639822 | E0=-4.05592918-0.01896023j | E1=-4.00010729-0.01748832j|E2=-3.96658206+0.05530915j|E3=-3.61719894-0.12819731j
#-----------------------------------------#
[Step  30] logΨ: mean=0.478-0.689j | min=-3.742-2.144j | max=3.286+0.651j
梯度监控 | raw=1242.6994 | natural=0.2350 | clipped=0.2350(上限20.0)
Ψ矩阵条件数 cond(Ψ) = 1.52e+01
Loss=-15.648646 | E0=-4.03747606-0.02260992j | E1=-4.01119566-0.01263612j|E2=-3.96952105+0.07206105j|E3=-3.63045454-0.10733986j
#-----------------------------------------#
[Step  31] logΨ: mean=0.483-0.685j | min=-3.749-2.130j | max=3.311+0.656j
梯度监控 | raw=1296.7436 | natural=0.1943 | clipped=0.1943(上限20.0)
Ψ矩阵条件数 cond(Ψ) = 1.52e+01
Loss=-15.750186 | E0=-4.04875469-0.05967901j | E1=-3.99305439+0.00170763j|E2=-3.97479582+0.08713266j|E3=-3.73357821-0.09901023j
#-----------------------------------------#
[Step  32] logΨ: mean=0.466-0.702j | min=-4.022-2.217j | max=3.328+0.664j
梯度监控 | raw=1211.9393 | natural=0.1490 | clipped=0.1490(上限20.0)
Ψ矩阵条件数 cond(Ψ) = 1.52e+01
Loss=-15.607736 | E0=-4.01676083-0.05714872j | E1=-3.99687433+0.00358279j|E2=-3.91269875+0.10334506j|E3=-3.68139696-0.04373097j
#-----------------------------------------#
[Step  33] logΨ: mean=0.438-0.730j | min=-4.296-2.281j | max=3.339+0.669j
梯度监控 | raw=1666.4462 | natural=0.1464 | clipped=0.1464(上限20.0)
Ψ矩阵条件数 cond(Ψ) = 1.51e+01
Loss=-15.598568 | E0=-4.00887108-0.04930944j | E1=-3.99620008+0.00314711j|E2=-3.92544031+0.11011890j|E3=-3.66805363-0.05205178j
#-----------------------------------------#
[Step  34] logΨ: mean=0.409-0.697j | min=-4.557-2.223j | max=3.363+0.674j
梯度监控 | raw=1848.9712 | natural=0.1814 | clipped=0.1814(上限20.0)
Ψ矩阵条件数 cond(Ψ) = 1.50e+01
Loss=-15.608094 | E0=-4.01478577-0.06135231j | E1=-3.99828100+0.00567192j|E2=-3.94849157+0.07476696j|E3=-3.64653635-0.03931284j
#-----------------------------------------#
[Step  35] logΨ: mean=0.398-0.629j | min=-4.676-1.867j | max=3.374+0.678j
梯度监控 | raw=2099.3233 | natural=0.1386 | clipped=0.1386(上限20.0)
Ψ矩阵条件数 cond(Ψ) = 1.51e+01
Loss=-15.704188 | E0=-3.99681640+0.00255324j | E1=-3.96843648-0.12403017j|E2=-3.93844414+0.05923517j|E3=-3.80049658-0.11887121j
#-----------------------------------------#
[Step  36] logΨ: mean=0.401-0.648j | min=-4.676-1.756j | max=3.384+0.688j
梯度监控 | raw=1907.7906 | natural=0.1567 | clipped=0.1567(上限20.0)
Ψ矩阵条件数 cond(Ψ) = 1.51e+01
Loss=-15.787148 | E0=-4.03400850-0.09839313j | E1=-3.99735546+0.00324754j|E2=-3.97706652+0.07326115j|E3=-3.77871609-0.02846336j
#-----------------------------------------#
[Step  37] logΨ: mean=0.429-0.611j | min=-4.457-1.407j | max=3.405+0.703j
梯度监控 | raw=3637.6118 | natural=0.1147 | clipped=0.1147(上限20.0)
Ψ矩阵条件数 cond(Ψ) = 1.51e+01
Loss=-15.931531 | E0=-4.15188789-0.22980356j | E1=-3.99424076-0.00295714j|E2=-3.95185232+0.00553456j|E3=-3.83355212-0.01922459j
#-----------------------------------------#
[Step  38] logΨ: mean=0.438-0.587j | min=-4.336-1.350j | max=3.409+0.716j
梯度监控 | raw=3266.3334 | natural=0.1101 | clipped=0.1101(上限20.0)
Ψ矩阵条件数 cond(Ψ) = 1.52e+01
Loss=-15.871350 | E0=-4.06977701-0.00864314j | E1=-4.01364136+0.00088927j|E2=-3.98582053+0.01026896j|E3=-3.80211043-0.03926474j
#-----------------------------------------#
[Step  39] logΨ: mean=0.412-0.555j | min=-4.271-1.179j | max=3.416+0.721j
梯度监控 | raw=4019.2366 | natural=0.1051 | clipped=0.1051(上限20.0)
Ψ矩阵条件数 cond(Ψ) = 1.51e+01
Loss=-15.825050 | E0=-4.08497953-0.04508251j | E1=-4.00344515+0.00431234j|E2=-3.97667456+0.00316619j|E3=-3.75994658-0.02899775j
#-----------------------------------------#
[Step  40] logΨ: mean=0.388-0.575j | min=-4.334-1.017j | max=3.426+0.730j
梯度监控 | raw=2414.3939 | natural=0.1112 | clipped=0.1112(上限20.0)
Ψ矩阵条件数 cond(Ψ) = 1.50e+01
Loss=-15.817580 | E0=-4.04183912-0.08201726j | E1=-4.00463867+0.03931158j|E2=-3.98252797+0.00023650j|E3=-3.78857946-0.00889254j
#-----------------------------------------#
[Step  41] logΨ: mean=0.393-0.573j | min=-4.462-0.750j | max=3.447+0.726j
梯度监控 | raw=3751.7682 | natural=0.0971 | clipped=0.0971(上限20.0)
Ψ矩阵条件数 cond(Ψ) = 1.50e+01
Loss=-15.744349 | E0=-4.03709555-0.05571031j | E1=-3.99055171+0.00637015j|E2=-3.96065688+0.02108352j|E3=-3.75604749-0.06564847j
#-----------------------------------------#
[Step  42] logΨ: mean=0.411-0.536j | min=-4.492-0.665j | max=3.458+0.723j
梯度监控 | raw=1456.8809 | natural=0.0836 | clipped=0.0836(上限20.0)
Ψ矩阵条件数 cond(Ψ) = 1.50e+01
Loss=-15.879910 | E0=-4.04656363-0.09825671j | E1=-3.98902035+0.00387348j|E2=-3.93480945+0.04666901j|E3=-3.90952039-0.03080721j
#-----------------------------------------#
[Step  43] logΨ: mean=0.366-0.543j | min=-4.648-0.476j | max=3.455+0.743j
梯度监控 | raw=1387.5546 | natural=0.1155 | clipped=0.1155(上限20.0)
Ψ矩阵条件数 cond(Ψ) = 1.52e+01
Loss=-15.841489 | E0=-4.00279951-0.11485106j | E1=-3.99358201+0.00696637j|E2=-3.93129086+0.03066127j|E3=-3.91381359-0.07706704j
#-----------------------------------------#
【Step 44 告警】梯度异常！nan=False, raw_grad_norm=6044.63
[Step  44] logΨ: mean=0.393-0.554j | min=-4.376-0.435j | max=3.466+0.735j
梯度监控 | raw=6044.6350 | natural=0.1026 | clipped=0.1026(上限20.0)
Ψ矩阵条件数 cond(Ψ) = 1.52e+01
Loss=-16.040844 | E0=-4.19598675+0.06525815j | E1=-4.01122570-0.00386015j|E2=-3.98513985-0.00224192j|E3=-3.84849405-0.02484038j
#-----------------------------------------#
[Step  45] logΨ: mean=0.395-0.515j | min=-4.410+2.301j | max=3.470+0.739j
梯度监控 | raw=2283.0007 | natural=0.0918 | clipped=0.0918(上限20.0)
Ψ矩阵条件数 cond(Ψ) = 1.53e+01
Loss=-16.033358 | E0=-4.14375162-0.01468281j | E1=-4.03041887+0.01662885j|E2=-3.98327231+0.00087635j|E3=-3.87592173+0.00015223j
#-----------------------------------------#
[Step  46] logΨ: mean=0.421-0.555j | min=-4.141-0.300j | max=3.480+0.743j
梯度监控 | raw=2527.9301 | natural=0.0674 | clipped=0.0674(上限20.0)
Ψ矩阵条件数 cond(Ψ) = 1.53e+01
Loss=-16.048220 | E0=-4.16765499-0.01005769j | E1=-4.02831745+0.01011376j|E2=-3.98771429-0.00025400j|E3=-3.86454058+0.01108921j
#-----------------------------------------#
[Step  47] logΨ: mean=0.433-0.524j | min=-4.064-0.248j | max=3.491+0.755j
梯度监控 | raw=1233.1566 | natural=0.0803 | clipped=0.0803(上限20.0)
Ψ矩阵条件数 cond(Ψ) = 1.52e+01
Loss=-16.031330 | E0=-4.09175634-0.09550428j | E1=-4.02633667+0.04528133j|E2=-3.98486757+0.00030283j|E3=-3.92837310-0.00874014j
#-----------------------------------------#
[Step  48] logΨ: mean=0.478-0.518j | min=-4.095-0.230j | max=3.522+0.761j
梯度监控 | raw=888.5542 | natural=0.1205 | clipped=0.1205(上限20.0)
Ψ矩阵条件数 cond(Ψ) = 1.51e+01
Loss=-15.906317 | E0=-4.01789284+0.10870838j | E1=-3.99008393-0.10719678j|E2=-3.98703861-0.00043759j|E3=-3.91130352-0.01473841j
#-----------------------------------------#
[Step  49] logΨ: mean=0.448-0.492j | min=-4.182-0.062j | max=3.525+0.757j
梯度监控 | raw=1665.5189 | natural=0.0735 | clipped=0.0735(上限20.0)
Ψ矩阵条件数 cond(Ψ) = 1.52e+01
Loss=-15.892328 | E0=-4.03866005+0.08994219j | E1=-3.98559833+0.00173613j|E2=-3.97597671-0.06114561j|E3=-3.89209414-0.15482616j
#-----------------------------------------#
[Step  50] logΨ: mean=0.474-0.528j | min=-4.123+0.011j | max=3.528+0.758j
梯度监控 | raw=1265.0533 | natural=0.0622 | clipped=0.0622(上限20.0)
Ψ矩阵条件数 cond(Ψ) = 1.52e+01
Loss=-16.015497 | E0=-4.07651043-0.11101675j | E1=-4.01156092+0.05669915j|E2=-3.98582387-0.00055635j|E3=-3.94160390-0.02061831j
#-----------------------------------------#
[Step  51] logΨ: mean=0.492-0.496j | min=-4.055+0.069j | max=3.529+0.758j
梯度监控 | raw=1985.2883 | natural=0.0591 | clipped=0.0591(上限20.0)
Ψ矩阵条件数 cond(Ψ) = 1.53e+01
Loss=-16.035830 | E0=-4.09965849-0.08547354j | E1=-4.00776005+0.03987417j|E2=-3.98716450+0.00079041j|E3=-3.94125175-0.03207429j
#-----------------------------------------#
[Step  52] logΨ: mean=0.462-0.456j | min=-4.017+0.084j | max=3.538+0.763j
梯度监控 | raw=2152.6843 | natural=0.0986 | clipped=0.0986(上限20.0)
Ψ矩阵条件数 cond(Ψ) = 1.53e+01
Loss=-15.935146 | E0=-4.00746298-0.07462748j | E1=-4.00587797+0.08307314j|E2=-3.98894358-0.00390464j|E3=-3.93285871-0.03205025j
#-----------------------------------------#
[Step  53] logΨ: mean=0.479-0.463j | min=-3.988+0.157j | max=3.538+0.774j
梯度监控 | raw=1505.6843 | natural=0.0928 | clipped=0.0928(上限20.0)
Ψ矩阵条件数 cond(Ψ) = 1.53e+01
Loss=-15.966610 | E0=-4.07488489-0.06427920j | E1=-3.98454690+0.01827110j|E2=-3.98093438+0.00694981j|E3=-3.92623925+0.00063327j
#-----------------------------------------#
[Step  54] logΨ: mean=0.504-0.475j | min=-3.807+0.130j | max=3.548+0.784j
梯度监控 | raw=1281.9587 | natural=0.0585 | clipped=0.0585(上限20.0)
Ψ矩阵条件数 cond(Ψ) = 1.54e+01
Loss=-16.076866 | E0=-4.16758013-0.00857204j | E1=-3.98548770+0.00545171j|E2=-3.98020411+0.04384789j|E3=-3.94359827-0.02123615j
#-----------------------------------------#
[Step  55] logΨ: mean=0.497-0.458j | min=-3.787+0.041j | max=3.553+0.785j
梯度监控 | raw=2640.3024 | natural=0.0553 | clipped=0.0553(上限20.0)
Ψ矩阵条件数 cond(Ψ) = 1.55e+01
Loss=-15.904245 | E0=-4.01856327-0.03374684j | E1=-3.98133278+0.00497979j|E2=-3.96449089-0.01798962j|E3=-3.93986058+0.11019135j
#-----------------------------------------#
[Step  56] logΨ: mean=0.525-0.465j | min=-3.752+0.010j | max=3.555+0.785j
梯度监控 | raw=2724.4679 | natural=0.0477 | clipped=0.0477(上限20.0)
Ψ矩阵条件数 cond(Ψ) = 1.55e+01
Loss=-15.928278 | E0=-4.00805712-0.02426788j | E1=-3.98161912+0.00757731j|E2=-3.97694254+0.06033015j|E3=-3.96165800-0.02054925j
#-----------------------------------------#
[Step  57] logΨ: mean=0.490-0.451j | min=-3.741+0.010j | max=3.560+0.787j
梯度监控 | raw=2534.8348 | natural=0.0549 | clipped=0.0549(上限20.0)
Ψ矩阵条件数 cond(Ψ) = 1.55e+01
Loss=-15.937470 | E0=-4.01354456-0.04669195j | E1=-3.98977017+0.03963943j|E2=-3.98624182+0.00011712j|E3=-3.94791174-0.02107335j
#-----------------------------------------#
[Step  58] logΨ: mean=0.516-0.472j | min=-3.699-0.053j | max=3.568+0.794j
梯度监控 | raw=2278.1105 | natural=0.0744 | clipped=0.0744(上限20.0)
Ψ矩阵条件数 cond(Ψ) = 1.57e+01
Loss=-15.944592 | E0=-4.00454712-0.01611388j | E1=-3.99373722+0.09195113j|E2=-3.98588514-0.00130406j|E3=-3.96041894-0.01696148j
#-----------------------------------------#
[Step  59] logΨ: mean=0.497-0.540j | min=-3.684+0.922j | max=3.574+0.790j
梯度监控 | raw=3874.1437 | natural=0.0680 | clipped=0.0680(上限20.0)
Ψ矩阵条件数 cond(Ψ) = 1.56e+01
Loss=-15.902199 | E0=-3.99107409+0.00460045j | E1=-3.98754644+0.13280964j|E2=-3.97392559-0.03171797j|E3=-3.94964957-0.01760191j
#-----------------------------------------#
[Step  60] logΨ: mean=0.508-0.490j | min=-3.659+0.894j | max=3.577+0.788j
梯度监控 | raw=2079.4283 | natural=0.0466 | clipped=0.0466(上限20.0)
Ψ矩阵条件数 cond(Ψ) = 1.56e+01
Loss=-15.963044 | E0=-4.03740740+0.01082621j | E1=-3.99788809-0.00455933j|E2=-3.98602939-0.00273475j|E3=-3.94172239-0.01111162j
#-----------------------------------------#
[Step  61] logΨ: mean=0.531-0.498j | min=-3.720-1.923j | max=3.584+0.790j
梯度监控 | raw=1542.3852 | natural=0.0431 | clipped=0.0431(上限20.0)
Ψ矩阵条件数 cond(Ψ) = 1.55e+01
Loss=-15.922022 | E0=-4.00371695-0.03420639j | E1=-3.99205732+0.03473268j|E2=-3.98865628+0.00244415j|E3=-3.93759203-0.02472496j
#-----------------------------------------#
[Step  62] logΨ: mean=0.508-0.492j | min=-3.703+0.883j | max=3.584+0.798j
梯度监控 | raw=3256.4165 | natural=0.0764 | clipped=0.0764(上限20.0)
Ψ矩阵条件数 cond(Ψ) = 1.56e+01
Loss=-15.876082 | E0=-3.98894024+0.00140264j | E1=-3.98058939-0.03087888j|E2=-3.97405767+0.03548488j|E3=-3.93249607-0.05306816j
#-----------------------------------------#
[Step  63] logΨ: mean=0.511-0.493j | min=-3.738+0.846j | max=3.590+0.800j
梯度监控 | raw=1964.5927 | natural=0.0650 | clipped=0.0650(上限20.0)
Ψ矩阵条件数 cond(Ψ) = 1.56e+01
Loss=-15.903208 | E0=-3.99532247-0.02307938j | E1=-3.99036121+0.00196314j|E2=-3.97136593+0.06587267j|E3=-3.94615746-0.05552462j
#-----------------------------------------#
[Step  64] logΨ: mean=0.502-0.475j | min=-3.754+0.864j | max=3.588+0.799j
梯度监控 | raw=2670.7055 | natural=0.0483 | clipped=0.0483(上限20.0)
Ψ矩阵条件数 cond(Ψ) = 1.56e+01
Loss=-15.965294 | E0=-4.05275917-0.08801937j | E1=-3.98928595-0.00106221j|E2=-3.98107529+0.07463726j|E3=-3.94217777-0.00648380j
#-----------------------------------------#
[Step  65] logΨ: mean=0.513-0.479j | min=-3.763+0.884j | max=3.593+0.800j
梯度监控 | raw=2287.6069 | natural=0.0409 | clipped=0.0409(上限20.0)
Ψ矩阵条件数 cond(Ψ) = 1.57e+01
Loss=-15.962717 | E0=-4.04472303-0.07192874j | E1=-3.98912549-0.00464050j|E2=-3.97145939+0.04533282j|E3=-3.95740676-0.01873294j
#-----------------------------------------#
[Step  66] logΨ: mean=0.489-0.441j | min=-3.790+0.862j | max=3.595+0.799j
梯度监控 | raw=217.2899 | natural=0.0367 | clipped=0.0367(上限20.0)
Ψ矩阵条件数 cond(Ψ) = 1.56e+01
Loss=-15.933537 | E0=-4.01320410-0.03225565j | E1=-3.99038887+0.00069953j|E2=-3.97968435+0.06414104j|E3=-3.95025659-0.03485365j
#-----------------------------------------#
[Step  67] logΨ: mean=0.508-0.516j | min=-3.794+0.865j | max=3.602+0.804j
梯度监控 | raw=1113.6813 | natural=0.0465 | clipped=0.0465(上限20.0)
Ψ矩阵条件数 cond(Ψ) = 1.56e+01
Loss=-15.963851 | E0=-4.03934383-0.03326166j | E1=-3.99102664-0.00042538j|E2=-3.96920633+0.04720033j|E3=-3.96427321-0.02191665j
#-----------------------------------------#
[Step  68] logΨ: mean=0.518-0.491j | min=-3.793+0.862j | max=3.600+0.803j
梯度监控 | raw=2238.5794 | natural=0.0620 | clipped=0.0620(上限20.0)
Ψ矩阵条件数 cond(Ψ) = 1.56e+01
Loss=-15.957729 | E0=-4.00952339-0.02573251j | E1=-4.00174522+0.06118560j|E2=-3.99140692-0.00101392j|E3=-3.95505810+0.00610497j
#-----------------------------------------#
[Step  69] logΨ: mean=0.531-0.470j | min=-3.708+0.901j | max=3.602+0.803j
梯度监控 | raw=3570.2556 | natural=0.0340 | clipped=0.0340(上限20.0)
Ψ矩阵条件数 cond(Ψ) = 1.56e+01
Loss=-16.049343 | E0=-4.12856960-0.00931990j | E1=-3.99000382+0.00142028j|E2=-3.97641635-0.00045007j|E3=-3.95435905-0.05768099j
#-----------------------------------------#
[Step  70] logΨ: mean=0.544-0.491j | min=-3.670+0.928j | max=3.605+0.804j
梯度监控 | raw=1229.8347 | natural=0.0397 | clipped=0.0397(上限20.0)
Ψ矩阵条件数 cond(Ψ) = 1.56e+01
Loss=-15.988343 | E0=-4.06175995-0.04224628j | E1=-3.98956609+0.00275348j|E2=-3.97474742+0.01008964j|E3=-3.96226835-0.02669970j
#-----------------------------------------#
[Step  71] logΨ: mean=0.530-0.491j | min=-3.662+0.936j | max=3.613+0.804j
梯度监控 | raw=1929.0039 | natural=0.0404 | clipped=0.0404(上限20.0)
Ψ矩阵条件数 cond(Ψ) = 1.57e+01
Loss=-15.977930 | E0=-4.04694223-0.03772581j | E1=-3.99089122+0.00008167j|E2=-3.98066211+0.01870241j|E3=-3.95943475-0.02164241j
#-----------------------------------------#
[Step  72] logΨ: mean=0.550-0.492j | min=-3.683+0.933j | max=3.618+0.808j
梯度监控 | raw=2945.4328 | natural=0.0343 | clipped=0.0343(上限20.0)
Ψ矩阵条件数 cond(Ψ) = 1.57e+01
Loss=-15.918818 | E0=-4.01325750-0.03796976j | E1=-3.99084830+0.00031163j|E2=-3.96057224+0.03422454j|E3=-3.95414329-0.03551951j
#-----------------------------------------#
[Step  73] logΨ: mean=0.567-0.437j | min=-3.722+0.916j | max=3.620+0.808j
梯度监控 | raw=2354.7523 | natural=0.0318 | clipped=0.0318(上限20.0)
Ψ矩阵条件数 cond(Ψ) = 1.57e+01
Loss=-15.917764 | E0=-4.00400591-0.02708074j | E1=-3.99095082+0.00010878j|E2=-3.96724558+0.06206369j|E3=-3.95555830-0.03497681j
#-----------------------------------------#
[Step  74] logΨ: mean=0.541-0.452j | min=-3.771+0.901j | max=3.621+0.809j
梯度监控 | raw=2652.4499 | natural=0.0339 | clipped=0.0339(上限20.0)
Ψ矩阵条件数 cond(Ψ) = 1.57e+01
Loss=-15.901458 | E0=-3.99696302-0.03303555j | E1=-3.98891449-0.00118393j|E2=-3.96090055-0.02434785j|E3=-3.95467734+0.06225514j
#-----------------------------------------#
[Step  75] logΨ: mean=0.533-0.498j | min=-3.816+0.863j | max=3.623+0.808j
梯度监控 | raw=3479.9641 | natural=0.0287 | clipped=0.0287(上限20.0)
Ψ矩阵条件数 cond(Ψ) = 1.57e+01
Loss=-15.899252 | E0=-4.00090837-0.01318244j | E1=-3.99019217+0.00003047j|E2=-3.95736456-0.01768810j|E3=-3.95078659+0.06503064j
#-----------------------------------------#
[Step  76] logΨ: mean=0.532-0.466j | min=-3.859+0.823j | max=3.628+0.807j
梯度监控 | raw=4222.0850 | natural=0.0374 | clipped=0.0374(上限20.0)
Ψ矩阵条件数 cond(Ψ) = 1.57e+01
Loss=-15.888927 | E0=-3.99627304-0.01293083j | E1=-3.99144077-0.00041614j|E2=-3.95863843+0.05845017j|E3=-3.94257450-0.01511621j
#-----------------------------------------#
【Step 77 告警】梯度异常！nan=False, raw_grad_norm=6739.79
[Step  77] logΨ: mean=0.540-0.440j | min=-3.833+0.886j | max=3.632+0.810j
梯度监控 | raw=6739.7901 | natural=0.0312 | clipped=0.0312(上限20.0)
Ψ矩阵条件数 cond(Ψ) = 1.57e+01
Loss=-16.014343 | E0=-4.07367086-0.09965348j | E1=-3.99049211-0.00000424j|E2=-3.98321176+0.01159554j|E3=-3.96696401-0.00569889j
#-----------------------------------------#
[Step  78] logΨ: mean=0.534-0.468j | min=-3.852+0.888j | max=3.635+0.811j
梯度监控 | raw=1158.9962 | natural=0.0271 | clipped=0.0271(上限20.0)
Ψ矩阵条件数 cond(Ψ) = 1.57e+01
Loss=-15.942179 | E0=-3.99966717-0.04061125j | E1=-3.99230981-0.00043456j|E2=-3.97754669+0.04036999j|E3=-3.97265530-0.02065161j
#-----------------------------------------#
[Step  79] logΨ: mean=0.526-0.418j | min=-3.872+0.895j | max=3.637+0.809j
梯度监控 | raw=3191.8107 | natural=0.0326 | clipped=0.0326(上限20.0)
Ψ矩阵条件数 cond(Ψ) = 1.57e+01
Loss=-15.919456 | E0=-3.99873686-0.04111719j | E1=-3.98972583+0.00081256j|E2=-3.96620822+0.02411906j|E3=-3.96477771-0.01020024j
#-----------------------------------------#
[Step  80] logΨ: mean=0.531-0.479j | min=-3.909+0.874j | max=3.639+0.811j
梯度监控 | raw=3763.8590 | natural=0.0272 | clipped=0.0272(上限20.0)
Ψ矩阵条件数 cond(Ψ) = 1.57e+01
Loss=-15.894979 | E0=-3.99162555-0.01046687j | E1=-3.98832059+0.00076639j|E2=-3.96118951-0.01355865j|E3=-3.95384121+0.02400923j
#-----------------------------------------#
[Step  81] logΨ: mean=0.547-0.471j | min=-3.941+0.854j | max=3.641+0.811j
梯度监控 | raw=2515.2972 | natural=0.0270 | clipped=0.0270(上限20.0)
Ψ矩阵条件数 cond(Ψ) = 1.57e+01
Loss=-15.914721 | E0=-3.98997092-0.01412325j | E1=-3.98976731-0.00059216j|E2=-3.96763706+0.05214667j|E3=-3.96734357-0.01693779j
#-----------------------------------------#
[Step  82] logΨ: mean=0.530-0.469j | min=-3.973+0.837j | max=3.643+0.818j
梯度监控 | raw=2165.0770 | natural=0.0402 | clipped=0.0402(上限20.0)
Ψ矩阵条件数 cond(Ψ) = 1.57e+01
Loss=-15.919509 | E0=-3.99062967+0.00034930j | E1=-3.98997998-0.02099716j|E2=-3.97024560-0.02316537j|E3=-3.96865845+0.06331754j
#-----------------------------------------#
[Step  83] logΨ: mean=0.532-0.466j | min=-4.001+0.804j | max=3.647+0.820j
梯度监控 | raw=4556.9193 | natural=0.0268 | clipped=0.0268(上限20.0)
Ψ矩阵条件数 cond(Ψ) = 1.57e+01
Loss=-15.877581 | E0=-3.99145699+0.00536973j | E1=-3.99050975-0.00313746j|E2=-3.96564293-0.05065565j|E3=-3.92996979+0.05261302j
#-----------------------------------------#
[Step  84] logΨ: mean=0.525-0.416j | min=-4.031+0.787j | max=3.651+0.820j
梯度监控 | raw=2870.3125 | natural=0.0275 | clipped=0.0275(上限20.0)
Ψ矩阵条件数 cond(Ψ) = 1.57e+01
Loss=-15.904095 | E0=-3.99664617-0.01847336j | E1=-3.99091911+0.00044942j|E2=-3.98041868-0.03121425j|E3=-3.93610764+0.05137491j
#-----------------------------------------#
[Step  85] logΨ: mean=0.517-0.495j | min=-4.045+0.790j | max=3.655+0.819j
梯度监控 | raw=2376.3803 | natural=0.0230 | clipped=0.0230(上限20.0)
Ψ矩阵条件数 cond(Ψ) = 1.57e+01
Loss=-15.937177 | E0=-4.01431608-0.04255152j | E1=-3.99189162-0.00045504j|E2=-3.97261024-0.00798130j|E3=-3.95835924+0.03183906j
#-----------------------------------------#
[Step  86] logΨ: mean=0.520-0.457j | min=-4.057+0.783j | max=3.656+0.821j
梯度监控 | raw=2909.0967 | natural=0.0252 | clipped=0.0252(上限20.0)
Ψ矩阵条件数 cond(Ψ) = 1.57e+01
Loss=-15.930171 | E0=-4.01495790-0.02118805j | E1=-3.99024701+0.00078587j|E2=-3.96381688-0.01752529j|E3=-3.96115255+0.04885602j
#-----------------------------------------#
[Step  87] logΨ: mean=0.525-0.541j | min=-4.077+0.779j | max=3.657+0.821j
梯度监控 | raw=3944.6963 | natural=0.0260 | clipped=0.0260(上限20.0)
Ψ矩阵条件数 cond(Ψ) = 1.58e+01
Loss=-15.920397 | E0=-4.01369524-0.02258009j | E1=-3.99027491-0.00056363j|E2=-3.96635795-0.00982156j|E3=-3.95006895+0.05848861j
#-----------------------------------------#
[Step  88] logΨ: mean=0.520-0.460j | min=-4.100+0.770j | max=3.658+0.822j
梯度监控 | raw=3497.5901 | natural=0.0249 | clipped=0.0249(上限20.0)
Ψ矩阵条件数 cond(Ψ) = 1.58e+01
Loss=-15.932957 | E0=-4.01471853-0.02757571j | E1=-3.99031425-0.00075519j|E2=-3.97356725-0.01746376j|E3=-3.95435572+0.06073928j
#-----------------------------------------#
【Step 89 告警】梯度异常！nan=False, raw_grad_norm=6772.19
[Step  89] logΨ: mean=0.505-0.450j | min=-4.102+0.720j | max=3.658+0.823j
梯度监控 | raw=6772.1904 | natural=0.0237 | clipped=0.0237(上限20.0)
Ψ矩阵条件数 cond(Ψ) = 1.58e+01
Loss=-15.940415 | E0=-3.99634624-0.01194805j | E1=-3.99076843-0.00018547j|E2=-3.98059177+0.07864332j|E3=-3.97270703-0.03074977j
#-----------------------------------------#
[Step  90] logΨ: mean=0.513-0.440j | min=-4.112+0.707j | max=3.662+0.824j
梯度监控 | raw=2671.7795 | natural=0.0227 | clipped=0.0227(上限20.0)
Ψ矩阵条件数 cond(Ψ) = 1.58e+01
Loss=-15.937669 | E0=-3.99492526-0.03574352j | E1=-3.99194264+0.00047014j|E2=-3.97688341+0.04248261j|E3=-3.97391891-0.01283183j
#-----------------------------------------#
[Step  91] logΨ: mean=0.523-0.467j | min=-4.135+0.693j | max=3.664+0.825j
梯度监控 | raw=4861.8986 | natural=0.0216 | clipped=0.0216(上限20.0)
Ψ矩阵条件数 cond(Ψ) = 1.58e+01
Loss=-15.912388 | E0=-3.99010634+0.00136309j | E1=-3.98592830-0.01340921j|E2=-3.97314644-0.02761464j|E3=-3.96320391+0.03976274j
#-----------------------------------------#
【Step 92 告警】梯度异常！nan=False, raw_grad_norm=5280.78
[Step  92] logΨ: mean=0.524-0.468j | min=-4.170+0.690j | max=3.666+0.824j
梯度监控 | raw=5280.7765 | natural=0.0200 | clipped=0.0200(上限20.0)
Ψ矩阵条件数 cond(Ψ) = 1.58e+01
Loss=-15.907676 | E0=-3.99014568+0.00123409j | E1=-3.98826289-0.02794893j|E2=-3.98081374-0.00990706j|E3=-3.94845581+0.02775383j
#-----------------------------------------#
【Step 93 告警】梯度异常！nan=False, raw_grad_norm=9720.24
[Step  93] logΨ: mean=0.492-0.477j | min=-4.224+0.658j | max=3.667+0.825j
梯度监控 | raw=9720.2385 | natural=0.0198 | clipped=0.0198(上限20.0)
Ψ矩阵条件数 cond(Ψ) = 1.58e+01
Loss=-15.870127 | E0=-3.99032950+0.00055429j | E1=-3.98955774-0.01229063j|E2=-3.97156620-0.02901304j|E3=-3.91867781+0.06510019j
#-----------------------------------------#
【Step 94 告警】梯度异常！nan=False, raw_grad_norm=8989.30
[Step  94] logΨ: mean=0.499-0.431j | min=-4.269+0.631j | max=3.668+0.826j
梯度监控 | raw=8989.2996 | natural=0.0192 | clipped=0.0192(上限20.0)
Ψ矩阵条件数 cond(Ψ) = 1.58e+01
Loss=-15.889525 | E0=-3.99109507+0.00005442j | E1=-3.98552918-0.01267127j|E2=-3.98301148-0.02083686j|E3=-3.92988873+0.06089902j
#-----------------------------------------#
[Step  95] logΨ: mean=0.496-0.480j | min=-4.281+0.632j | max=3.671+0.827j
梯度监控 | raw=2000.4540 | natural=0.0206 | clipped=0.0206(上限20.0)
Ψ矩阵条件数 cond(Ψ) = 1.58e+01
Loss=-15.948406 | E0=-4.00466776-0.02763081j | E1=-3.99137378+0.00197617j|E2=-3.97620726+0.02042746j|E3=-3.97615957-0.00384839j
#-----------------------------------------#
[Step  96] logΨ: mean=0.505-0.515j | min=-4.316+0.630j | max=3.674+0.827j
梯度监控 | raw=4445.7597 | natural=0.0194 | clipped=0.0194(上限20.0)
Ψ矩阵条件数 cond(Ψ) = 1.58e+01
Loss=-15.913844 | E0=-3.98939800+0.00301383j | E1=-3.98646402-0.00154359j|E2=-3.97670221-0.03547549j|E3=-3.96128058+0.00919364j
#-----------------------------------------#
【Step 97 告警】梯度异常！nan=False, raw_grad_norm=8167.06
[Step  97] logΨ: mean=0.505-0.481j | min=-4.361+0.622j | max=3.675+0.827j
梯度监控 | raw=8167.0562 | natural=0.0206 | clipped=0.0206(上限20.0)
Ψ矩阵条件数 cond(Ψ) = 1.58e+01
Loss=-15.903957 | E0=-3.99220896+0.00013238j | E1=-3.98684478-0.00638136j|E2=-3.96301794+0.02169396j|E3=-3.96188116-0.04338193j
#-----------------------------------------#
【Step 98 告警】梯度异常！nan=False, raw_grad_norm=7250.40
[Step  98] logΨ: mean=0.494-0.413j | min=-4.397+0.619j | max=3.677+0.828j
梯度监控 | raw=7250.3974 | natural=0.0198 | clipped=0.0198(上限20.0)
Ψ矩阵条件数 cond(Ψ) = 1.58e+01
Loss=-15.902914 | E0=-3.99137640+0.00005040j | E1=-3.98498058-0.01259186j|E2=-3.97927690-0.02199302j|E3=-3.94727898+0.00932813j
#-----------------------------------------#
[Step  99] logΨ: mean=0.494-0.436j | min=-4.407+0.601j | max=3.677+0.827j
梯度监控 | raw=2140.6800 | natural=0.0194 | clipped=0.0194(上限20.0)
Ψ矩阵条件数 cond(Ψ) = 1.58e+01
Loss=-15.937361 | E0=-3.99576855-0.01580804j | E1=-3.99111891-0.00050330j|E2=-3.97653770+0.02675605j|E3=-3.97393346-0.02001522j
#-----------------------------------------#
[Step 100] logΨ: mean=0.478-0.412j | min=-4.401+0.581j | max=3.679+0.826j
梯度监控 | raw=2727.6812 | natural=0.0547 | clipped=0.0547(上限20.0)
Ψ矩阵条件数 cond(Ψ) = 1.58e+01
Loss=-15.971990 | E0=-4.00599813-0.01757801j | E1=-4.00510168+0.04141641j|E2=-3.99084115+0.00027705j|E3=-3.97004867-0.00760282j
#-----------------------------------------#
【Step 101 告警】梯度异常！nan=False, raw_grad_norm=16825.73
[Step 101] logΨ: mean=0.501-0.439j | min=-4.282+0.654j | max=3.682+0.828j
梯度监控 | raw=16825.7344 | natural=0.0365 | clipped=0.0365(上限20.0)
Ψ矩阵条件数 cond(Ψ) = 1.58e+01
Loss=-15.997293 | E0=-4.08484030+0.00335908j | E1=-3.99045706+0.00391168j|E2=-3.98882198+0.00084026j|E3=-3.93317223-0.01018947j
#-----------------------------------------#
【Step 102 告警】梯度异常！nan=False, raw_grad_norm=7162.83
[Step 102] logΨ: mean=0.493-0.413j | min=-4.248+0.698j | max=3.681+0.829j
梯度监控 | raw=7162.8265 | natural=0.0203 | clipped=0.0203(上限20.0)
Ψ矩阵条件数 cond(Ψ) = 1.58e+01
Loss=-15.954319 | E0=-4.04888678-0.02886597j | E1=-3.98996067+0.00221290j|E2=-3.98985934-0.00003179j|E3=-3.92561674+0.00968271j
#-----------------------------------------#
[Step 103] logΨ: mean=0.490-0.447j | min=-4.246+0.698j | max=3.683+0.828j
梯度监控 | raw=4160.2864 | natural=0.0181 | clipped=0.0181(上限20.0)
Ψ矩阵条件数 cond(Ψ) = 1.58e+01
Loss=-15.948723 | E0=-4.00726986-0.01492596j | E1=-3.99235106+0.00061654j|E2=-3.97579765+0.01484724j|E3=-3.97330165+0.00185133j
#-----------------------------------------#
【Step 104 告警】梯度异常！nan=False, raw_grad_norm=8320.51
[Step 104] logΨ: mean=0.497-0.475j | min=-4.264+0.654j | max=3.685+0.826j
梯度监控 | raw=8320.5115 | natural=0.0158 | clipped=0.0158(上限20.0)
Ψ矩阵条件数 cond(Ψ) = 1.58e+01
Loss=-15.912681 | E0=-3.99204493+0.00195065j | E1=-3.98911619-0.00577381j|E2=-3.97604156-0.01900649j|E3=-3.95547438+0.07278204j
#-----------------------------------------#
[Step 105] logΨ: mean=0.492-0.470j | min=-4.276+0.611j | max=3.689+0.831j
梯度监控 | raw=4591.8358 | natural=0.0441 | clipped=0.0441(上限20.0)
Ψ矩阵条件数 cond(Ψ) = 1.58e+01
Loss=-15.925847 | E0=-3.99162006+0.00197217j | E1=-3.98262525-0.00534786j|E2=-3.97655606-0.03419638j|E3=-3.97503996+0.06594133j
#-----------------------------------------#
【Step 106 告警】梯度异常！nan=False, raw_grad_norm=19785.43
[Step 106] logΨ: mean=0.482-0.484j | min=-4.348+0.534j | max=3.692+0.830j
梯度监控 | raw=19785.4330 | natural=0.0174 | clipped=0.0174(上限20.0)
Ψ矩阵条件数 cond(Ψ) = 1.58e+01
Loss=-15.848475 | E0=-3.99024773+0.00057716j | E1=-3.99022698-0.00415468j|E2=-3.97265673+0.07026771j|E3=-3.89534330-0.05398631j
#-----------------------------------------#
【Step 107 告警】梯度异常！nan=False, raw_grad_norm=19065.56
[Step 107] logΨ: mean=0.477-0.422j | min=-4.403+0.529j | max=3.693+0.830j
梯度监控 | raw=19065.5593 | natural=0.0176 | clipped=0.0176(上限20.0)
Ψ矩阵条件数 cond(Ψ) = 1.58e+01
Loss=-15.897161 | E0=-3.99304104+0.00099502j | E1=-3.98660374-0.00429911j|E2=-3.95960140-0.07046413j|E3=-3.95791125+0.02239809j
#-----------------------------------------#
【Step 108 告警】梯度异常！nan=False, raw_grad_norm=11804.81
[Step 108] logΨ: mean=0.486-0.492j | min=-4.671-0.714j | max=3.694+0.831j
梯度监控 | raw=11804.8064 | natural=0.0166 | clipped=0.0166(上限20.0)
Ψ矩阵条件数 cond(Ψ) = 1.58e+01
Loss=-15.900247 | E0=-3.99265099+0.00249015j | E1=-3.98360586-0.04036717j|E2=-3.98125339-0.00333718j|E3=-3.94273615+0.02087045j
#-----------------------------------------#
[Step 109] logΨ: mean=0.481-0.486j | min=-4.462+0.518j | max=3.696+0.831j
梯度监控 | raw=3644.4270 | natural=0.0166 | clipped=0.0166(上限20.0)
Ψ矩阵条件数 cond(Ψ) = 1.58e+01
Loss=-15.943001 | E0=-3.99461102-0.03696267j | E1=-3.99203229+0.00350128j|E2=-3.98469710-0.00195816j|E3=-3.97165871+0.03847599j
#-----------------------------------------#
【Step 110 告警】梯度异常！nan=False, raw_grad_norm=6807.76
[Step 110] logΨ: mean=0.473-0.476j | min=-4.484+0.505j | max=3.697+0.832j
梯度监控 | raw=6807.7635 | natural=0.0144 | clipped=0.0144(上限20.0)
Ψ矩阵条件数 cond(Ψ) = 1.58e+01
Loss=-15.941122 | E0=-3.99826479-0.04040265j | E1=-3.99442935+0.00162277j|E2=-3.98221326-0.00351322j|E3=-3.96621037+0.02844741j
#-----------------------------------------#
【Step 111 告警】梯度异常！nan=False, raw_grad_norm=6794.90
[Step 111] logΨ: mean=0.458-0.443j | min=-4.504+0.499j | max=3.698+0.832j
梯度监控 | raw=6794.9013 | natural=0.0150 | clipped=0.0150(上限20.0)
Ψ矩阵条件数 cond(Ψ) = 1.58e+01
Loss=-15.938843 | E0=-3.99623728-0.03280277j | E1=-3.99275970+0.00176624j|E2=-3.98518252-0.00692242j|E3=-3.96466064+0.02576995j
#-----------------------------------------#
[Step 112] logΨ: mean=0.482-0.469j | min=-4.509+0.498j | max=3.699+0.831j
梯度监控 | raw=1550.6725 | natural=0.0146 | clipped=0.0146(上限20.0)
Ψ矩阵条件数 cond(Ψ) = 1.58e+01
Loss=-15.953691 | E0=-4.01043701-0.01301053j | E1=-3.99200892+0.00120850j|E2=-3.97602749+0.03151393j|E3=-3.97521424+0.00120768j
#-----------------------------------------#
[Step 113] logΨ: mean=0.484-0.445j | min=-4.519+0.499j | max=3.700+0.830j
梯度监控 | raw=2875.8198 | natural=0.0143 | clipped=0.0143(上限20.0)
Ψ矩阵条件数 cond(Ψ) = 1.58e+01
Loss=-15.943066 | E0=-4.00226164-0.01726459j | E1=-3.99315977+0.00191328j|E2=-3.97864413+0.00067177j|E3=-3.96899939+0.02260709j
#-----------------------------------------#
[Step 114] logΨ: mean=0.497-0.472j | min=-4.529+0.509j | max=3.702+0.830j
梯度监控 | raw=4308.4912 | natural=0.0139 | clipped=0.0139(上限20.0)
Ψ矩阵条件数 cond(Ψ) = 1.58e+01
Loss=-15.938621 | E0=-4.00320387-0.02382981j | E1=-3.99371314+0.00105199j|E2=-3.98400950+0.00319625j|E3=-3.95768929+0.00309646j
#-----------------------------------------#
[Step 115] logΨ: mean=0.486-0.466j | min=-4.547+0.509j | max=3.704+0.829j
梯度监控 | raw=2766.4757 | natural=0.0136 | clipped=0.0136(上限20.0)
Ψ矩阵条件数 cond(Ψ) = 1.58e+01
Loss=-15.942632 | E0=-3.99746656-0.03193688j | E1=-3.99221992+0.00245162j|E2=-3.98314691+0.00318341j|E3=-3.96979785+0.02309647j
#-----------------------------------------#
【Step 116 告警】梯度异常！nan=False, raw_grad_norm=8264.47
[Step 116] logΨ: mean=0.465-0.482j | min=-4.579+0.515j | max=3.704+0.828j
梯度监控 | raw=8264.4709 | natural=0.0131 | clipped=0.0131(上限20.0)
Ψ矩阵条件数 cond(Ψ) = 1.58e+01
Loss=-15.941341 | E0=-3.99836779-0.03785324j | E1=-3.99050593+0.00075816j|E2=-3.98541474-0.00139412j|E3=-3.96704912+0.02006147j
#-----------------------------------------#
[Step 117] logΨ: mean=0.484-0.444j | min=-4.592+0.487j | max=3.704+0.829j
梯度监控 | raw=1608.6727 | natural=0.0133 | clipped=0.0133(上限20.0)
Ψ矩阵条件数 cond(Ψ) = 1.58e+01
Loss=-15.943769 | E0=-3.99216127+0.00519210j | E1=-3.99031258-0.00568934j|E2=-3.99019766+0.03338909j|E3=-3.97109747-0.01352461j
#-----------------------------------------#
【Step 118 告警】梯度异常！nan=False, raw_grad_norm=9987.69
[Step 118] logΨ: mean=0.464-0.466j | min=-4.624+0.468j | max=3.705+0.829j
梯度监控 | raw=9987.6881 | natural=0.0128 | clipped=0.0128(上限20.0)
Ψ矩阵条件数 cond(Ψ) = 1.59e+01
Loss=-15.902336 | E0=-3.99314713+0.00131978j | E1=-3.99107504-0.00404432j|E2=-3.96140575+0.00857782j|E3=-3.95671248-0.01767322j
#-----------------------------------------#
【Step 119 告警】梯度异常！nan=False, raw_grad_norm=10035.69
[Step 119] logΨ: mean=0.449-0.505j | min=-4.644+0.472j | max=3.705+0.830j
梯度监控 | raw=10035.6939 | natural=0.0147 | clipped=0.0147(上限20.0)
Ψ矩阵条件数 cond(Ψ) = 1.59e+01
Loss=-15.924607 | E0=-3.99652529+0.00079691j | E1=-3.98954129-0.00632847j|E2=-3.97329211-0.02404428j|E3=-3.96524835+0.00867695j
#-----------------------------------------#
【Step 120 告警】梯度异常！nan=False, raw_grad_norm=12771.21
[Step 120] logΨ: mean=0.455-0.440j | min=-4.677+0.441j | max=3.706+0.829j
梯度监控 | raw=12771.2112 | natural=0.0119 | clipped=0.0119(上限20.0)
Ψ矩阵条件数 cond(Ψ) = 1.59e+01
Loss=-15.905230 | E0=-3.99399424+0.00272053j | E1=-3.98849416-0.00607463j|E2=-3.97118473-0.02212581j|E3=-3.95155668+0.03222203j
#-----------------------------------------#
【Step 121 告警】梯度异常！nan=False, raw_grad_norm=5679.43
[Step 121] logΨ: mean=0.466-0.488j | min=-4.696+0.428j | max=3.706+0.829j
梯度监控 | raw=5679.4296 | natural=0.0125 | clipped=0.0125(上限20.0)
Ψ矩阵条件数 cond(Ψ) = 1.59e+01
Loss=-15.935956 | E0=-3.99158525-0.02452527j | E1=-3.99034595+0.00563229j|E2=-3.98585796+0.00020608j|E3=-3.96816683+0.02512670j
#-----------------------------------------#
[Step 122] logΨ: mean=0.459-0.464j | min=-4.688+0.408j | max=3.707+0.827j
梯度监控 | raw=4376.3033 | natural=0.0128 | clipped=0.0128(上限20.0)
Ψ矩阵条件数 cond(Ψ) = 1.59e+01
Loss=-15.969154 | E0=-4.00677872+0.03802299j | E1=-3.99582338-0.01183950j|E2=-3.98972678+0.00426661j|E3=-3.97683096-0.00428399j
#-----------------------------------------#
【Step 123 告警】梯度异常！nan=False, raw_grad_norm=5907.09
[Step 123] logΨ: mean=0.457-0.483j | min=-4.679+0.388j | max=3.709+0.827j
梯度监控 | raw=5907.0911 | natural=0.0132 | clipped=0.0132(上限20.0)
Ψ矩阵条件数 cond(Ψ) = 1.59e+01
Loss=-15.955295 | E0=-4.00068951+0.03838897j | E1=-3.99723458-0.00561238j|E2=-3.98938918+0.00447431j|E3=-3.96798038-0.00647412j
#-----------------------------------------#
【Step 124 告警】梯度异常！nan=False, raw_grad_norm=12313.83
[Step 124] logΨ: mean=0.457-0.441j | min=-4.674+0.374j | max=3.711+0.829j
梯度监控 | raw=12313.8332 | natural=0.0217 | clipped=0.0217(上限20.0)
Ψ矩阵条件数 cond(Ψ) = 1.59e+01
Loss=-15.924521 | E0=-3.99205303-0.01281830j | E1=-3.99080515+0.00181930j|E2=-3.97648335+0.03859949j|E3=-3.96517944-0.00393746j
#-----------------------------------------#
【Step 125 告警】梯度异常！nan=False, raw_grad_norm=10392.70
[Step 125] logΨ: mean=0.474-0.515j | min=-4.697+0.355j | max=3.712+0.828j
梯度监控 | raw=10392.7021 | natural=0.0116 | clipped=0.0116(上限20.0)
Ψ矩阵条件数 cond(Ψ) = 1.59e+01
Loss=-15.908944 | E0=-3.99722648-0.02364914j | E1=-3.99234676+0.00095594j|E2=-3.97844934-0.00466445j|E3=-3.94092321+0.05082417j
#-----------------------------------------#
【Step 126 告警】梯度异常！nan=False, raw_grad_norm=8986.38
[Step 126] logΨ: mean=0.460-0.491j | min=-4.708+0.357j | max=3.719+0.826j
梯度监控 | raw=8986.3768 | natural=0.0264 | clipped=0.0264(上限20.0)
Ψ矩阵条件数 cond(Ψ) = 1.58e+01
Loss=-15.923692 | E0=-4.00084257-0.03128695j | E1=-3.99249220+0.00324802j|E2=-3.98210669+0.00043388j|E3=-3.94825268+0.01182306j
#-----------------------------------------#
【Step 127 告警】梯度异常！nan=False, raw_grad_norm=16458.67
[Step 127] logΨ: mean=0.444-0.478j | min=-4.788+0.380j | max=3.720+0.826j
梯度监控 | raw=16458.6674 | natural=0.0128 | clipped=0.0128(上限20.0)
Ψ矩阵条件数 cond(Ψ) = 1.58e+01
Loss=-15.861087 | E0=-3.99241519-0.00290129j | E1=-3.98899841+0.00564890j|E2=-3.98400021+0.02653637j|E3=-3.89567566-0.04028058j
#-----------------------------------------#
【Step 128 告警】梯度异常！nan=False, raw_grad_norm=9870.16
[Step 128] logΨ: mean=0.459-0.460j | min=-4.820+0.388j | max=3.721+0.825j
梯度监控 | raw=9870.1576 | natural=0.0106 | clipped=0.0106(上限20.0)
Ψ矩阵条件数 cond(Ψ) = 1.58e+01
Loss=-15.914058 | E0=-3.99570775+0.00058468j | E1=-3.99282289-0.01835652j|E2=-3.98272991-0.00065326j|E3=-3.94279671-0.00283504j
#-----------------------------------------#
【Step 129 告警】梯度异常！nan=False, raw_grad_norm=7694.82
[Step 129] logΨ: mean=0.431-0.454j | min=-4.829+0.375j | max=3.723+0.824j
梯度监控 | raw=7694.8169 | natural=0.0103 | clipped=0.0103(上限20.0)
Ψ矩阵条件数 cond(Ψ) = 1.58e+01
Loss=-15.935993 | E0=-3.99313068+0.00877878j | E1=-3.99127293-0.01717472j|E2=-3.98269844-0.00045604j|E3=-3.96889067+0.01740718j
#-----------------------------------------#
【Step 130 告警】梯度异常！nan=False, raw_grad_norm=9504.47
[Step 130] logΨ: mean=0.438-0.499j | min=-4.849+0.362j | max=3.723+0.824j
梯度监控 | raw=9504.4662 | natural=0.0114 | clipped=0.0114(上限20.0)
Ψ矩阵条件数 cond(Ψ) = 1.58e+01
Loss=-15.918550 | E0=-3.99347329+0.00563675j | E1=-3.99164891-0.00810334j|E2=-3.97369790-0.00905466j|E3=-3.95973253+0.01293063j
#-----------------------------------------#
【Step 131 告警】梯度异常！nan=False, raw_grad_norm=18028.25
[Step 131] logΨ: mean=0.428-0.465j | min=-4.870+0.346j | max=3.723+0.824j
梯度监控 | raw=18028.2539 | natural=0.0114 | clipped=0.0114(上限20.0)
Ψ矩阵条件数 cond(Ψ) = 1.59e+01
Loss=-15.900016 | E0=-3.99483037+0.00218299j | E1=-3.98503780-0.00574168j|E2=-3.98080873-0.01882730j|E3=-3.93933868+0.01158142j
#-----------------------------------------#
【Step 132 告警】梯度异常！nan=False, raw_grad_norm=11555.26
[Step 132] logΨ: mean=0.422-0.475j | min=-4.875+0.357j | max=3.723+0.824j
梯度监控 | raw=11555.2562 | natural=0.0103 | clipped=0.0103(上限20.0)
Ψ矩阵条件数 cond(Ψ) = 1.59e+01
Loss=-15.927208 | E0=-3.99886608-0.01643679j | E1=-3.99693680+0.00042458j|E2=-3.98463607+0.00001467j|E3=-3.94677114-0.00393808j
#-----------------------------------------#
[Step 133] logΨ: mean=0.422-0.488j | min=-4.880+0.357j | max=3.725+0.824j
梯度监控 | raw=4907.5148 | natural=0.0090 | clipped=0.0090(上限20.0)
Ψ矩阵条件数 cond(Ψ) = 1.58e+01
Loss=-15.942888 | E0=-4.00322294-0.01858141j | E1=-3.99725366+0.00026764j|E2=-3.98177886+0.00193214j|E3=-3.96063375+0.00320104j
#-----------------------------------------#
[Step 134] logΨ: mean=0.443-0.495j | min=-4.886+0.335j | max=3.725+0.823j
梯度监控 | raw=1725.0928 | natural=0.0104 | clipped=0.0104(上限20.0)
Ψ矩阵条件数 cond(Ψ) = 1.58e+01
Loss=-15.949289 | E0=-3.99123359+0.00863928j | E1=-3.98863983-0.02857324j|E2=-3.98648262-0.00384592j|E3=-3.98293018+0.03001285j
#-----------------------------------------#
【Step 135 告警】梯度异常！nan=False, raw_grad_norm=22367.01
[Step 135] logΨ: mean=0.455-0.527j | min=-4.869+0.284j | max=3.725+0.824j
梯度监控 | raw=22367.0061 | natural=0.0096 | clipped=0.0096(上限20.0)
Ψ矩阵条件数 cond(Ψ) = 1.58e+01
Loss=-15.960647 | E0=-4.00232744+0.10096002j | E1=-3.99011135+0.00104106j|E2=-3.98449302-0.00596414j|E3=-3.98371863-0.02409588j
#-----------------------------------------#
【Step 136 告警】梯度异常！nan=False, raw_grad_norm=8539.18
[Step 136] logΨ: mean=0.449-0.478j | min=-4.878+0.298j | max=3.727+0.823j
梯度监控 | raw=8539.1823 | natural=0.0092 | clipped=0.0092(上限20.0)
Ψ矩阵条件数 cond(Ψ) = 1.58e+01
Loss=-15.936733 | E0=-4.01014090-0.02637654j | E1=-3.99562764+0.00268473j|E2=-3.98828936+0.00289330j|E3=-3.94267893+0.00152826j
#-----------------------------------------#
【Step 137 告警】梯度异常！nan=False, raw_grad_norm=14919.10
[Step 137] logΨ: mean=0.430-0.501j | min=-4.908+0.312j | max=3.727+0.824j
梯度监控 | raw=14919.0997 | natural=0.0103 | clipped=0.0103(上限20.0)
Ψ矩阵条件数 cond(Ψ) = 1.58e+01
Loss=-15.928201 | E0=-4.00667477-0.04592061j | E1=-3.99369454+0.00047135j|E2=-3.98805666-0.00043997j|E3=-3.93977261+0.01410658j
#-----------------------------------------#
【Step 138 告警】梯度异常！nan=False, raw_grad_norm=9617.90
[Step 138] logΨ: mean=0.419-0.495j | min=-4.920+0.302j | max=3.726+0.825j
梯度监控 | raw=9617.9049 | natural=0.0103 | clipped=0.0103(上限20.0)
Ψ矩阵条件数 cond(Ψ) = 1.59e+01
Loss=-15.931952 | E0=-3.98970723-0.02355800j | E1=-3.98940873-0.00024932j|E2=-3.98885012+0.01185801j|E3=-3.96398878+0.02654123j
#-----------------------------------------#
【Step 139 告警】梯度异常！nan=False, raw_grad_norm=9988.79
[Step 139] logΨ: mean=0.419-0.488j | min=-4.935+0.276j | max=3.727+0.824j
梯度监控 | raw=9988.7879 | natural=0.0090 | clipped=0.0090(上限20.0)
Ψ矩阵条件数 cond(Ψ) = 1.59e+01
Loss=-15.928668 | E0=-3.99275684-0.02379049j | E1=-3.99094796+0.00181595j|E2=-3.98058724-0.00542585j|E3=-3.96437645+0.06215978j
#-----------------------------------------#
【Step 140 告警】梯度异常！nan=False, raw_grad_norm=6221.13
[Step 140] logΨ: mean=0.428-0.507j | min=-4.937+0.268j | max=3.729+0.824j
梯度监控 | raw=6221.1327 | natural=0.0099 | clipped=0.0099(上限20.0)
Ψ矩阵条件数 cond(Ψ) = 1.59e+01
Loss=-15.948989 | E0=-3.99670029-0.01730265j | E1=-3.99590063+0.02143407j|E2=-3.98694515+0.00237981j|E3=-3.96944308+0.00718126j
#-----------------------------------------#
【Step 141 告警】梯度异常！nan=False, raw_grad_norm=13558.92
[Step 141] logΨ: mean=0.436-0.531j | min=-4.940+0.247j | max=3.730+0.824j
梯度监控 | raw=13558.9184 | natural=0.0098 | clipped=0.0098(上限20.0)
Ψ矩阵条件数 cond(Ψ) = 1.59e+01
Loss=-15.937852 | E0=-3.98923731+0.00001841j | E1=-3.98446608+0.04958153j|E2=-3.98339725-0.02637214j|E3=-3.98075056+0.00745932j
#-----------------------------------------#
【Step 142 告警】梯度异常！nan=False, raw_grad_norm=18187.26
[Step 142] logΨ: mean=0.419-0.519j | min=-4.977-1.930j | max=3.730+0.824j
梯度监控 | raw=18187.2588 | natural=0.0097 | clipped=0.0097(上限20.0)
Ψ矩阵条件数 cond(Ψ) = 1.59e+01
Loss=-15.922071 | E0=-3.99376392+0.00879362j | E1=-3.98757505-0.00217478j|E2=-3.98476505-0.02416184j|E3=-3.95596313+0.02799940j
#-----------------------------------------#
【Step 143 告警】梯度异常！nan=False, raw_grad_norm=8220.39
[Step 143] logΨ: mean=0.420-0.514j | min=-4.976-1.918j | max=3.730+0.824j
梯度监控 | raw=8220.3936 | natural=0.0095 | clipped=0.0095(上限20.0)
Ψ矩阵条件数 cond(Ψ) = 1.59e+01
Loss=-15.942135 | E0=-4.01266241-0.03605300j | E1=-3.99539971+0.00459839j|E2=-3.98939157+0.00009465j|E3=-3.94468355+0.01776601j
#-----------------------------------------#
【Step 144 告警】梯度异常！nan=False, raw_grad_norm=15401.46
[Step 144] logΨ: mean=0.425-0.469j | min=-4.999+0.255j | max=3.730+0.823j
梯度监控 | raw=15401.4611 | natural=0.0097 | clipped=0.0097(上限20.0)
Ψ矩阵条件数 cond(Ψ) = 1.59e+01
Loss=-15.927029 | E0=-3.99299526+0.00497882j | E1=-3.99258471-0.03589582j|E2=-3.98865414-0.00096161j|E3=-3.95279551+0.01914372j
#-----------------------------------------#
【Step 145 告警】梯度异常！nan=False, raw_grad_norm=5184.65
[Step 145] logΨ: mean=0.415-0.493j | min=-5.003+0.246j | max=3.730+0.824j
梯度监控 | raw=5184.6466 | natural=0.0080 | clipped=0.0080(上限20.0)
Ψ矩阵条件数 cond(Ψ) = 1.59e+01
Loss=-15.954541 | E0=-3.99808025-0.02290559j | E1=-3.99643207+0.02032804j|E2=-3.98839855+0.00319205j|E3=-3.97162724+0.00777596j
#-----------------------------------------#
【Step 146 告警】梯度异常！nan=False, raw_grad_norm=10418.17
[Step 146] logΨ: mean=0.426-0.505j | min=-5.011-1.921j | max=3.729+0.823j
梯度监控 | raw=10418.1652 | natural=0.0081 | clipped=0.0081(上限20.0)
Ψ矩阵条件数 cond(Ψ) = 1.59e+01
Loss=-15.961094 | E0=-4.00940228+0.01965973j | E1=-3.99903727-0.01135611j|E2=-3.98857141+0.00132698j|E3=-3.96408200+0.00583414j
#-----------------------------------------#
【Step 147 告警】梯度异常！nan=False, raw_grad_norm=20602.36
[Step 147] logΨ: mean=0.415-0.513j | min=-5.026-1.880j | max=3.731+0.823j
梯度监控 | raw=20602.3555 | natural=0.0083 | clipped=0.0083(上限20.0)
Ψ矩阵条件数 cond(Ψ) = 1.59e+01
Loss=-15.943949 | E0=-3.99962378+0.00608553j | E1=-3.98830009-0.00491878j|E2=-3.98183680-0.03195667j|E3=-3.97418857+0.00789661j
#-----------------------------------------#
【Step 148 告警】梯度异常！nan=False, raw_grad_norm=15415.74
[Step 148] logΨ: mean=0.427-0.481j | min=-5.031+0.249j | max=3.732+0.822j
梯度监控 | raw=15415.7381 | natural=0.0082 | clipped=0.0082(上限20.0)
Ψ矩阵条件数 cond(Ψ) = 1.59e+01
Loss=-15.951546 | E0=-4.00919294-0.04373908j | E1=-3.99258804+0.00729243j|E2=-3.98863220-0.00102991j|E3=-3.96113443+0.01525417j
#-----------------------------------------#
【Step 149 告警】梯度异常！nan=False, raw_grad_norm=21294.84
[Step 149] logΨ: mean=0.418-0.476j | min=-5.053+0.252j | max=3.733+0.821j
梯度监控 | raw=21294.8430 | natural=0.0074 | clipped=0.0074(上限20.0)
Ψ矩阵条件数 cond(Ψ) = 1.59e+01
Loss=-15.936455 | E0=-3.99490571+0.00482761j | E1=-3.99419737-0.04263711j|E2=-3.98746586-0.00079056j|E3=-3.95988607+0.00643427j
#-----------------------------------------#
【Step 150 告警】梯度异常！nan=False, raw_grad_norm=25934.05
[Step 150] logΨ: mean=0.418-0.526j | min=-5.086-1.811j | max=3.733+0.820j
梯度监控 | raw=25934.0528 | natural=0.0096 | clipped=0.0096(上限20.0)
Ψ矩阵条件数 cond(Ψ) = 1.59e+01
Loss=-15.904319 | E0=-3.99050140+0.00404273j | E1=-3.98716187-0.00631144j|E2=-3.97122741-0.01867980j|E3=-3.95543051+0.03514004j
#-----------------------------------------#
【Step 151 告警】梯度异常！nan=False, raw_grad_norm=17932.33
[Step 151] logΨ: mean=0.399-0.505j | min=-5.122-1.814j | max=3.733+0.821j
梯度监控 | raw=17932.3263 | natural=0.0086 | clipped=0.0086(上限20.0)
Ψ矩阵条件数 cond(Ψ) = 1.59e+01
Loss=-15.924580 | E0=-3.99045539-0.00446087j | E1=-3.98668742+0.00976335j|E2=-3.97837734+0.02621871j|E3=-3.96905994-0.01823711j
#-----------------------------------------#
【Step 152 告警】梯度异常！nan=False, raw_grad_norm=23672.76
[Step 152] logΨ: mean=0.406-0.543j | min=-5.166-1.837j | max=3.733+0.821j
梯度监控 | raw=23672.7602 | natural=0.0084 | clipped=0.0084(上限20.0)
Ψ矩阵条件数 cond(Ψ) = 1.59e+01
Loss=-15.919665 | E0=-3.98901796+0.00433523j | E1=-3.98538303-0.00409605j|E2=-3.98009634-0.01952318j|E3=-3.96517467+0.04363298j
#-----------------------------------------#
【Step 153 告警】梯度异常！nan=False, raw_grad_norm=12654.57
[Step 153] logΨ: mean=0.411-0.536j | min=-5.178-1.821j | max=3.734+0.820j
梯度监控 | raw=12654.5715 | natural=0.0084 | clipped=0.0084(上限20.0)
Ψ矩阵条件数 cond(Ψ) = 1.59e+01
Loss=-15.942871 | E0=-3.99867082+0.01823783j | E1=-3.98714089-0.00227952j|E2=-3.98181629-0.02917886j|E3=-3.97524858+0.01075827j
#-----------------------------------------#
【Step 154 告警】梯度异常！nan=False, raw_grad_norm=17318.01
[Step 154] logΨ: mean=0.387-0.532j | min=-5.210-1.811j | max=3.734+0.820j
梯度监控 | raw=17318.0061 | natural=0.0078 | clipped=0.0078(上限20.0)
Ψ矩阵条件数 cond(Ψ) = 1.59e+01
Loss=-15.931360 | E0=-4.00078487+0.00808614j | E1=-3.99254417-0.00842554j|E2=-3.97274613-0.00826755j|E3=-3.96528912+0.00485104j
#-----------------------------------------#
【Step 155 告警】梯度异常！nan=False, raw_grad_norm=14136.97
[Step 155] logΨ: mean=0.416-0.500j | min=-5.233-1.829j | max=3.735+0.819j
梯度监控 | raw=14136.9688 | natural=0.0068 | clipped=0.0068(上限20.0)
Ψ矩阵条件数 cond(Ψ) = 1.59e+01
Loss=-15.941322 | E0=-3.99369192-0.00924517j | E1=-3.99144077+0.02162194j|E2=-3.98078346+0.00052099j|E3=-3.97540832+0.00890086j
#-----------------------------------------#
【Step 156 告警】梯度异常！nan=False, raw_grad_norm=25603.44
[Step 156] logΨ: mean=0.388-0.487j | min=-5.228-1.783j | max=3.735+0.820j
梯度监控 | raw=25603.4429 | natural=0.0076 | clipped=0.0076(上限20.0)
Ψ矩阵条件数 cond(Ψ) = 1.59e+01
Loss=-15.938922 | E0=-3.99491239+0.00786831j | E1=-3.99289751-0.04005075j|E2=-3.98710704-0.00176946j|E3=-3.96400380+0.01884350j
#-----------------------------------------#
【Step 157 告警】梯度异常！nan=False, raw_grad_norm=11571.51
[Step 157] logΨ: mean=0.400-0.546j | min=-5.253-1.795j | max=3.735+0.820j
梯度监控 | raw=11571.5111 | natural=0.0071 | clipped=0.0071(上限20.0)
Ψ矩阵条件数 cond(Ψ) = 1.59e+01
Loss=-15.912397 | E0=-4.00223207-0.02594659j | E1=-3.99187040+0.00392922j|E2=-3.98615551+0.00059410j|E3=-3.93213630+0.03097725j
#-----------------------------------------#
【Step 158 告警】梯度异常！nan=False, raw_grad_norm=14256.75
[Step 158] logΨ: mean=0.404-0.526j | min=-5.266-1.827j | max=3.735+0.819j
梯度监控 | raw=14256.7523 | natural=0.0073 | clipped=0.0073(上限20.0)
Ψ矩阵条件数 cond(Ψ) = 1.59e+01
Loss=-15.927463 | E0=-3.99612737-0.01963844j | E1=-3.98951793+0.00740183j|E2=-3.98585868+0.00154029j|E3=-3.95595980+0.04082751j
#-----------------------------------------#
【Step 159 告警】梯度异常！nan=False, raw_grad_norm=25242.02
[Step 159] logΨ: mean=0.398-0.509j | min=-5.307-1.812j | max=3.736+0.819j
梯度监控 | raw=25242.0225 | natural=0.0077 | clipped=0.0077(上限20.0)
Ψ矩阵条件数 cond(Ψ) = 1.59e+01
Loss=-15.906284 | E0=-3.99437451+0.00434028j | E1=-3.98819709-0.02128459j|E2=-3.98754597-0.00408929j|E3=-3.93617058+0.00969982j
#-----------------------------------------#
【Step 160 告警】梯度异常！nan=False, raw_grad_norm=41664.86
[Step 160] logΨ: mean=0.388-0.490j | min=-5.377-1.791j | max=3.737+0.818j
梯度监控 | raw=41664.8612 | natural=0.0067 | clipped=0.0067(上限20.0)
Ψ矩阵条件数 cond(Ψ) = 1.59e+01
Loss=-15.894873 | E0=-3.99609923-0.02390722j | E1=-3.99267554+0.00466492j|E2=-3.98682308-0.00035946j|E3=-3.91927528+0.00725293j
#-----------------------------------------#
【Step 161 告警】梯度异常！nan=False, raw_grad_norm=21958.94
[Step 161] logΨ: mean=0.373-0.474j | min=-5.363-1.764j | max=3.738+0.818j
梯度监控 | raw=21958.9434 | natural=0.0070 | clipped=0.0070(上限20.0)
Ψ矩阵条件数 cond(Ψ) = 1.59e+01
Loss=-15.953370 | E0=-4.01731682-0.04243124j | E1=-3.99895787+0.00181385j|E2=-3.99006486-0.00110157j|E3=-3.94703293+0.00108263j
#-----------------------------------------#
【Step 162 告警】梯度异常！nan=False, raw_grad_norm=13223.04
[Step 162] logΨ: mean=0.372-0.488j | min=-5.394-1.771j | max=3.738+0.819j
梯度监控 | raw=13223.0379 | natural=0.0069 | clipped=0.0069(上限20.0)
Ψ矩阵条件数 cond(Ψ) = 1.59e+01
Loss=-15.922273 | E0=-4.00908422-0.02412907j | E1=-3.99607825+0.00180596j|E2=-3.98760366-0.00049641j|E3=-3.92950296+0.00280333j
#-----------------------------------------#
【Step 163 告警】梯度异常！nan=False, raw_grad_norm=41223.68
[Step 163] logΨ: mean=0.357-0.514j | min=-5.456-1.765j | max=3.738+0.818j
梯度监控 | raw=41223.6778 | natural=0.0073 | clipped=0.0073(上限20.0)
Ψ矩阵条件数 cond(Ψ) = 1.59e+01
Loss=-15.895288 | E0=-3.98891425+0.00501281j | E1=-3.98786664-0.00283223j|E2=-3.98096299-0.02691408j|E3=-3.93754101+0.03479600j
#-----------------------------------------#
【Step 164 告警】梯度异常！nan=False, raw_grad_norm=50325.31
[Step 164] logΨ: mean=0.368-0.528j | min=-5.528-1.802j | max=3.739+0.817j
梯度监控 | raw=50325.3136 | natural=0.0071 | clipped=0.0071(上限20.0)
Ψ矩阵条件数 cond(Ψ) = 1.59e+01
Loss=-15.905545 | E0=-3.98910189+0.00602849j | E1=-3.98857379-0.00800000j|E2=-3.97830081-0.00786295j|E3=-3.94956779+0.03434253j
#-----------------------------------------#
【Step 165 告警】梯度异常！nan=False, raw_grad_norm=29264.24
[Step 165] logΨ: mean=0.349-0.475j | min=-5.504-1.778j | max=3.740+0.818j
梯度监控 | raw=29264.2366 | natural=0.0072 | clipped=0.0072(上限20.0)
Ψ矩阵条件数 cond(Ψ) = 1.59e+01
Loss=-15.952943 | E0=-4.01604080-0.04390121j | E1=-3.99651146+0.00442341j|E2=-3.99018598-0.00204599j|E3=-3.95020175+0.00473949j
#-----------------------------------------#
【Step 166 告警】梯度异常！nan=False, raw_grad_norm=10461.34
[Step 166] logΨ: mean=0.369-0.507j | min=-5.507-1.772j | max=3.739+0.817j
梯度监控 | raw=10461.3423 | natural=0.0070 | clipped=0.0070(上限20.0)
Ψ矩阵条件数 cond(Ψ) = 1.59e+01
Loss=-15.947977 | E0=-4.01017189-0.02706522j | E1=-3.99692583+0.00934909j|E2=-3.98706341+0.00005437j|E3=-3.95381880+0.01687884j
#-----------------------------------------#
【Step 167 告警】梯度异常！nan=False, raw_grad_norm=13621.18
[Step 167] logΨ: mean=0.362-0.499j | min=-5.492-1.759j | max=3.739+0.818j
梯度监控 | raw=13621.1761 | natural=0.0068 | clipped=0.0068(上限20.0)
Ψ矩阵条件数 cond(Ψ) = 1.59e+01
Loss=-15.961671 | E0=-4.00481749+0.01448076j | E1=-4.00314283-0.02849197j|E2=-3.98944163-0.00129518j|E3=-3.96427059+0.01400589j
#-----------------------------------------#
【Step 168 告警】梯度异常！nan=False, raw_grad_norm=40277.69
[Step 168] logΨ: mean=0.361-0.531j | min=-5.495-1.822j | max=3.739+0.817j
梯度监控 | raw=40277.6901 | natural=0.0062 | clipped=0.0062(上限20.0)
Ψ矩阵条件数 cond(Ψ) = 1.59e+01
Loss=-15.959226 | E0=-4.01123190+0.06196570j | E1=-3.99251628-0.01160662j|E2=-3.98964906-0.00004719j|E3=-3.96583152-0.00130920j
#-----------------------------------------#
【Step 169 告警】梯度异常！nan=False, raw_grad_norm=18352.58
[Step 169] logΨ: mean=0.352-0.500j | min=-5.511-1.849j | max=3.740+0.817j
梯度监控 | raw=18352.5808 | natural=0.0068 | clipped=0.0068(上限20.0)
Ψ矩阵条件数 cond(Ψ) = 1.59e+01
Loss=-15.945491 | E0=-3.99109554-0.02260353j | E1=-3.98937368+0.00403941j|E2=-3.98637962+0.05518365j|E3=-3.97864151-0.00245044j
#-----------------------------------------#
【Step 170 告警】梯度异常！nan=False, raw_grad_norm=66393.50
[Step 170] logΨ: mean=0.337-0.574j | min=-5.584-1.906j | max=3.740+0.817j
梯度监控 | raw=66393.5026 | natural=0.0067 | clipped=0.0067(上限20.0)
Ψ矩阵条件数 cond(Ψ) = 1.59e+01
Loss=-15.907312 | E0=-3.99027944+0.00291209j | E1=-3.98693180-0.00698177j|E2=-3.97001863-0.02253730j|E3=-3.96008444+0.10310745j
#-----------------------------------------#
【Step 171 告警】梯度异常！nan=False, raw_grad_norm=32719.66
[Step 171] logΨ: mean=0.331-0.510j | min=-5.626-1.903j | max=3.741+0.817j
梯度监控 | raw=32719.6648 | natural=0.0058 | clipped=0.0058(上限20.0)
Ψ矩阵条件数 cond(Ψ) = 1.60e+01
Loss=-15.908174 | E0=-3.99205375+0.00300958j | E1=-3.98522687-0.00697872j|E2=-3.97725463-0.03000774j|E3=-3.95364189+0.03559923j
#-----------------------------------------#
【Step 172 告警】梯度异常！nan=False, raw_grad_norm=35945.49
[Step 172] logΨ: mean=0.350-0.557j | min=-5.674-1.914j | max=3.741+0.817j
梯度监控 | raw=35945.4919 | natural=0.0062 | clipped=0.0062(上限20.0)
Ψ矩阵条件数 cond(Ψ) = 1.60e+01
Loss=-15.920821 | E0=-3.99509692+0.00527085j | E1=-3.99506021-0.01897466j|E2=-3.98174763-0.00178400j|E3=-3.94891500+0.02410650j
#-----------------------------------------#
【Step 173 告警】梯度异常！nan=False, raw_grad_norm=21106.91
[Step 173] logΨ: mean=0.359-0.551j | min=-5.668-1.893j | max=3.741+0.817j
梯度监控 | raw=21106.9092 | natural=0.0061 | clipped=0.0061(上限20.0)
Ψ矩阵条件数 cond(Ψ) = 1.60e+01
Loss=-15.982997 | E0=-4.04135323-0.00000793j | E1=-3.99383497-0.01073585j|E2=-3.98724294+0.00062324j|E3=-3.96056700-0.00974559j
#-----------------------------------------#
【Step 174 告警】梯度异常！nan=False, raw_grad_norm=28287.88
[Step 174] logΨ: mean=0.359-0.515j | min=-5.687-1.931j | max=3.742+0.816j
梯度监控 | raw=28287.8759 | natural=0.0055 | clipped=0.0055(上限20.0)
Ψ矩阵条件数 cond(Ψ) = 1.60e+01
Loss=-15.954318 | E0=-4.01280499+0.01468513j | E1=-3.99958467-0.00818923j|E2=-3.98650527+0.00324519j|E3=-3.95542288+0.00830507j
#-----------------------------------------#
【Step 175 告警】梯度异常！nan=False, raw_grad_norm=23439.54
[Step 175] logΨ: mean=0.344-0.553j | min=-5.712-1.956j | max=3.742+0.815j
梯度监控 | raw=23439.5391 | natural=0.0065 | clipped=0.0065(上限20.0)
Ψ矩阵条件数 cond(Ψ) = 1.59e+01
Loss=-15.951464 | E0=-4.00365877+0.04306722j | E1=-3.98675609-0.00143419j|E2=-3.98305416-0.02084052j|E3=-3.97799420+0.00688069j
#-----------------------------------------#
【Step 176 告警】梯度异常！nan=False, raw_grad_norm=122459.27
[Step 176] logΨ: mean=0.355-0.512j | min=-5.781-2.091j | max=3.743+0.815j
梯度监控 | raw=122459.2668 | natural=0.0060 | clipped=0.0060(上限20.0)
Ψ矩阵条件数 cond(Ψ) = 1.59e+01
Loss=-15.922571 | E0=-3.98841596+0.00161793j | E1=-3.98840690-0.00340985j|E2=-3.98309183+0.12949586j|E3=-3.96265793-0.01811660j
#-----------------------------------------#
【Step 177 告警】梯度异常！nan=False, raw_grad_norm=90947.16
[Step 177] logΨ: mean=0.343-0.560j | min=-5.786-2.199j | max=3.744+0.815j
梯度监控 | raw=90947.1600 | natural=0.0059 | clipped=0.0059(上限20.0)
Ψ矩阵条件数 cond(Ψ) = 1.59e+01
Loss=-15.940129 | E0=-3.99535847-0.01875784j | E1=-3.98859811+0.00048265j|E2=-3.97879601+0.00501932j|E3=-3.97738099+0.08655572j
#-----------------------------------------#
【Step 178 告警】梯度异常！nan=False, raw_grad_norm=11999.65
[Step 178] logΨ: mean=0.357-0.545j | min=-5.779-2.195j | max=3.743+0.814j
梯度监控 | raw=11999.6523 | natural=0.0060 | clipped=0.0060(上限20.0)
Ψ矩阵条件数 cond(Ψ) = 1.59e+01
Loss=-15.945207 | E0=-4.00893354-0.03880024j | E1=-3.99924159+0.00611749j|E2=-3.98841333-0.00080157j|E3=-3.94861794+0.02076101j
#-----------------------------------------#
【Step 179 告警】梯度异常！nan=False, raw_grad_norm=27872.54
[Step 179] logΨ: mean=0.345-0.536j | min=-5.801-2.223j | max=3.744+0.814j
梯度监控 | raw=27872.5401 | natural=0.0057 | clipped=0.0057(上限20.0)
Ψ矩阵条件数 cond(Ψ) = 1.59e+01
Loss=-15.925952 | E0=-4.00064754-0.02947497j | E1=-3.99138832+0.00637973j|E2=-3.98540664+0.00123368j|E3=-3.94850540+0.04212976j
#-----------------------------------------#
【Step 180 告警】梯度异常！nan=False, raw_grad_norm=43796.49
[Step 180] logΨ: mean=0.331-0.552j | min=-5.826-2.197j | max=3.744+0.814j
梯度监控 | raw=43796.4945 | natural=0.0065 | clipped=0.0065(上限20.0)
Ψ矩阵条件数 cond(Ψ) = 1.60e+01
Loss=-15.918916 | E0=-4.00492811-0.04852326j | E1=-3.99303532+0.00313163j|E2=-3.98723459-0.00192393j|E3=-3.93371582+0.01269865j
#-----------------------------------------#
【Step 181 告警】梯度异常！nan=False, raw_grad_norm=60713.49
[Step 181] logΨ: mean=0.337-0.560j | min=-5.870-2.149j | max=3.744+0.813j
梯度监控 | raw=60713.4927 | natural=0.0062 | clipped=0.0062(上限20.0)
Ψ矩阵条件数 cond(Ψ) = 1.60e+01
Loss=-15.920694 | E0=-4.00238991-0.00060180j | E1=-3.98763919-0.00182929j|E2=-3.97730589-0.02471405j|E3=-3.95336151-0.00880265j
#-----------------------------------------#
【Step 182 告警】梯度异常！nan=False, raw_grad_norm=45851.79
[Step 182] logΨ: mean=0.344-0.544j | min=-5.869-2.108j | max=3.744+0.813j
梯度监控 | raw=45851.7863 | natural=0.0057 | clipped=0.0057(上限20.0)
Ψ矩阵条件数 cond(Ψ) = 1.60e+01
Loss=-15.944345 | E0=-4.00371361-0.00218217j | E1=-3.99482036-0.02573168j|E2=-3.98785019-0.00144371j|E3=-3.95796299-0.00664425j
#-----------------------------------------#
【Step 183 告警】梯度异常！nan=False, raw_grad_norm=73239.60
[Step 183] logΨ: mean=0.332-0.572j | min=-5.949-2.114j | max=3.744+0.813j
梯度监控 | raw=73239.6032 | natural=0.0055 | clipped=0.0055(上限20.0)
Ψ矩阵条件数 cond(Ψ) = 1.60e+01
Loss=-15.895359 | E0=-3.99691749+0.00311537j | E1=-3.99341154-0.01369967j|E2=-3.98171043-0.00222320j|E3=-3.92331982+0.01196265j
#-----------------------------------------#
【Step 184 告警】梯度异常！nan=False, raw_grad_norm=48797.23
[Step 184] logΨ: mean=0.346-0.528j | min=-5.932-2.077j | max=3.744+0.814j
梯度监控 | raw=48797.2326 | natural=0.0064 | clipped=0.0064(上限20.0)
Ψ矩阵条件数 cond(Ψ) = 1.60e+01
Loss=-15.972653 | E0=-4.02719212+0.00044119j | E1=-3.99450207-0.02280303j|E2=-3.99002433-0.00132748j|E3=-3.96093512-0.01039509j
#-----------------------------------------#
【Step 185 告警】梯度异常！nan=False, raw_grad_norm=137140.01
[Step 185] logΨ: mean=0.339-0.576j | min=-5.905-1.951j | max=3.744+0.814j
梯度监控 | raw=137140.0083 | natural=0.0050 | clipped=0.0050(上限20.0)
Ψ矩阵条件数 cond(Ψ) = 1.60e+01
Loss=-15.934005 | E0=-4.00394344-0.10441303j | E1=-3.99515533+0.00283641j|E2=-3.99023843-0.00179697j|E3=-3.94467378+0.00215580j
#-----------------------------------------#
【Step 186 告警】梯度异常！nan=False, raw_grad_norm=126139.75
[Step 186] logΨ: mean=0.315-0.567j | min=-5.837-1.851j | max=3.744+0.815j
梯度监控 | raw=126139.7508 | natural=0.0056 | clipped=0.0056(上限20.0)
Ψ矩阵条件数 cond(Ψ) = 1.60e+01
Loss=-15.982835 | E0=-4.02786779-0.07810807j | E1=-4.00417566+0.00132931j|E2=-3.98962784-0.00084872j|E3=-3.96116638+0.00275908j
#-----------------------------------------#
【Step 187 告警】梯度异常！nan=False, raw_grad_norm=9048.22
[Step 187] logΨ: mean=0.318-0.539j | min=-5.840-1.864j | max=3.744+0.814j
梯度监控 | raw=9048.2212 | natural=0.0054 | clipped=0.0054(上限20.0)
Ψ矩阵条件数 cond(Ψ) = 1.60e+01
Loss=-15.947078 | E0=-3.99517298-0.04063249j | E1=-3.98984408+0.00027886j|E2=-3.98145223+0.01196289j|E3=-3.98060489+0.04174770j
#-----------------------------------------#
【Step 188 告警】梯度异常！nan=False, raw_grad_norm=48475.13
[Step 188] logΨ: mean=0.330-0.550j | min=-5.864-1.910j | max=3.744+0.815j
梯度监控 | raw=48475.1274 | natural=0.0049 | clipped=0.0049(上限20.0)
Ψ矩阵条件数 cond(Ψ) = 1.60e+01
Loss=-15.950220 | E0=-4.01357889+0.06061006j | E1=-3.98746538-0.00462714j|E2=-3.98736596+0.00011535j|E3=-3.96181393-0.01678111j
#-----------------------------------------#
【Step 189 告警】梯度异常！nan=False, raw_grad_norm=124745.69
[Step 189] logΨ: mean=0.329-0.534j | min=-5.969-2.002j | max=3.745+0.814j
梯度监控 | raw=124745.6875 | natural=0.0053 | clipped=0.0053(上限20.0)
Ψ矩阵条件数 cond(Ψ) = 1.60e+01
Loss=-15.917310 | E0=-3.99005127-0.00623475j | E1=-3.98913455+0.00221889j|E2=-3.98383427+0.08298230j|E3=-3.95429087-0.00850345j
#-----------------------------------------#
【Step 190 告警】梯度异常！nan=False, raw_grad_norm=40796.64
[Step 190] logΨ: mean=0.319-0.568j | min=-5.977-1.972j | max=3.745+0.815j
梯度监控 | raw=40796.6435 | natural=0.0055 | clipped=0.0055(上限20.0)
Ψ矩阵条件数 cond(Ψ) = 1.60e+01
Loss=-15.941148 | E0=-3.99609947-0.04825568j | E1=-3.99572492+0.01184308j|E2=-3.98893380-0.00175285j|E3=-3.96039128+0.02582332j
#-----------------------------------------#
【Step 191 告警】梯度异常！nan=False, raw_grad_norm=108142.17
[Step 191] logΨ: mean=0.325-0.534j | min=-6.064-1.942j | max=3.745+0.814j
梯度监控 | raw=108142.1722 | natural=0.0056 | clipped=0.0056(上限20.0)
Ψ矩阵条件数 cond(Ψ) = 1.60e+01
Loss=-15.877415 | E0=-3.99035454+0.00418880j | E1=-3.98841858-0.00175152j|E2=-3.97521138-0.04757136j|E3=-3.92342901+0.04883909j
#-----------------------------------------#
【Step 192 告警】梯度异常！nan=False, raw_grad_norm=47077.63
[Step 192] logΨ: mean=0.309-0.538j | min=-6.090-1.923j | max=3.746+0.813j
梯度监控 | raw=47077.6334 | natural=0.0051 | clipped=0.0051(上限20.0)
Ψ矩阵条件数 cond(Ψ) = 1.60e+01
Loss=-15.919080 | E0=-3.99353266+0.00769849j | E1=-3.98920965-0.04628883j|E2=-3.98834777-0.00273044j|E3=-3.94799185+0.03696084j
#-----------------------------------------#
【Step 193 告警】梯度异常！nan=False, raw_grad_norm=136838.73
[Step 193] logΨ: mean=0.302-0.569j | min=-6.102-2.044j | max=3.746+0.813j
梯度监控 | raw=136838.7272 | natural=0.0047 | clipped=0.0047(上限20.0)
Ψ矩阵条件数 cond(Ψ) = 1.60e+01
Loss=-15.941897 | E0=-4.00170851-0.01811707j | E1=-3.98819876-0.00040596j|E2=-3.98029757+0.01281144j|E3=-3.97169161+0.08254457j
#-----------------------------------------#
【Step 194 告警】梯度异常！nan=False, raw_grad_norm=18287.14
[Step 194] logΨ: mean=0.316-0.545j | min=-6.106-2.057j | max=3.747+0.812j
梯度监控 | raw=18287.1357 | natural=0.0053 | clipped=0.0053(上限20.0)
Ψ矩阵条件数 cond(Ψ) = 1.60e+01
Loss=-15.938076 | E0=-4.00972033-0.03067861j | E1=-3.99657536+0.00985238j|E2=-3.98816824-0.00211101j|E3=-3.94361305+0.02831626j
#-----------------------------------------#
【Step 195 告警】梯度异常！nan=False, raw_grad_norm=32751.71
[Step 195] logΨ: mean=0.322-0.553j | min=-6.129-2.050j | max=3.747+0.812j
梯度监控 | raw=32751.7053 | natural=0.0050 | clipped=0.0050(上限20.0)
Ψ矩阵条件数 cond(Ψ) = 1.60e+01
Loss=-15.919778 | E0=-4.00901651-0.04230043j | E1=-3.99404454+0.00646704j|E2=-3.98872781-0.00179900j|E3=-3.92798710+0.02058077j
#-----------------------------------------#
【Step 196 告警】梯度异常！nan=False, raw_grad_norm=96455.58
[Step 196] logΨ: mean=0.303-0.567j | min=-6.145-1.979j | max=3.747+0.812j
梯度监控 | raw=96455.5804 | natural=0.0047 | clipped=0.0047(上限20.0)
Ψ矩阵条件数 cond(Ψ) = 1.60e+01
Loss=-15.927155 | E0=-4.00368023-0.06191325j | E1=-3.99746609+0.00489209j|E2=-3.98897409-0.00190314j|E3=-3.93703723+0.00975811j
#-----------------------------------------#
【Step 197 告警】梯度异常！nan=False, raw_grad_norm=24199.31
[Step 197] logΨ: mean=0.311-0.589j | min=-6.159-1.990j | max=3.746+0.812j
梯度监控 | raw=24199.3062 | natural=0.0050 | clipped=0.0050(上限20.0)
Ψ矩阵条件数 cond(Ψ) = 1.60e+01
Loss=-15.949613 | E0=-4.01719856+0.01038951j | E1=-4.00123453-0.00789028j|E2=-3.98565745+0.00027960j|E3=-3.94552231-0.00029504j
#-----------------------------------------#
【Step 198 告警】梯度异常！nan=False, raw_grad_norm=98359.99
[Step 198] logΨ: mean=0.300-0.549j | min=-6.112-2.061j | max=3.747+0.812j
梯度监控 | raw=98359.9902 | natural=0.0051 | clipped=0.0051(上限20.0)
Ψ矩阵条件数 cond(Ψ) = 1.60e+01
Loss=-16.007462 | E0=-4.05396318+0.07605767j | E1=-3.99270749-0.02195754j|E2=-3.98958492-0.00012302j|E3=-3.97120452-0.00620327j
#-----------------------------------------#
【Step 199 告警】梯度异常！nan=False, raw_grad_norm=141125.23
[Step 199] logΨ: mean=0.318-0.597j | min=-6.067-2.167j | max=3.747+0.811j
梯度监控 | raw=141125.2314 | natural=0.0049 | clipped=0.0049(上限20.0)
Ψ矩阵条件数 cond(Ψ) = 1.60e+01
Loss=-16.001942 | E0=-4.06383181+0.05342281j | E1=-3.99665737-0.00442756j|E2=-3.98959422+0.00149699j|E3=-3.95185876+0.00529971j
#-----------------------------------------#
