26-31-05-45 
============================================================
26-31-05-45 开始多链 NES-VMC 训练 | P8: 双侧一致列规范 + 周期性 gauge reset
26-31-05-45 ============================================================
26-31-05-45 精确CAS基准：基态=-7.86364558 Ha | 1激发=-7.72153670 Ha|2激发=-7.70823970 Ha|3激发=-7.68581513 Ha|
26-31-05-45 理论 Loss 上限：-30.97923710 
26-31-05-45 超参：clip_norm=20.0, lr=0.1, QGT diag_shift=0.1, RESET_PERIOD=10
26-31-05-45 检测到已有历史文件，上次保存 step=599，将从 step=600 继续
26-31-05-45 [Step   0] logΨ: mean=9.437+0.159j | min=2.061-0.595j | max=11.316+1.003j
26-31-05-45 梯度监控 | raw=18.8374 | natural=2.5138 | clipped=2.5138(上限20.0)
26-31-05-45 原始规范坐标 G(Re Σrow_mean) = +4.5425 | 累计|g| = 0.0000
26-31-05-45 Ψ矩阵条件数 cond(Ψ) = 1.16e+01
26-31-05-45 Loss=-21.911666 | E0=-5.89920687-0.00289441j | E1=-5.60829184+0.00877275j|E2=-5.27926615-0.00598902j|E3=-5.12490084-0.00504355j
26-31-05-45 #-----------------------------------------#
26-31-05-45 [Step   1] logΨ: mean=10.097-0.026j | min=5.807-2.122j | max=11.970+0.573j
26-31-05-45 梯度监控 | raw=19.3170 | natural=2.2473 | clipped=2.2473(上限20.0)
26-31-05-45 原始规范坐标 G(Re Σrow_mean) = +4.9510 | 累计|g| = 0.0000
26-31-05-45 Ψ矩阵条件数 cond(Ψ) = 2.14e+01
26-31-05-45 Loss=-22.890827 | E0=-6.19368190-0.00623941j | E1=-6.07188185+0.00787103j|E2=-5.50944591+0.00194868j|E3=-5.11581773-0.00452809j
26-31-05-45 #-----------------------------------------#
26-31-05-45 [Step   2] logΨ: mean=11.127-0.136j | min=5.042-1.157j | max=13.011+0.526j
26-31-05-45 梯度监控 | raw=17.0651 | natural=1.9330 | clipped=1.9330(上限20.0)
26-31-05-45 原始规范坐标 G(Re Σrow_mean) = +5.8173 | 累计|g| = 0.0000
26-31-05-45 Ψ矩阵条件数 cond(Ψ) = 2.07e+01
26-31-05-45 Loss=-23.780610 | E0=-6.58987353-0.01473452j | E1=-6.46327024+0.01215476j|E2=-5.62092272-0.00101425j|E3=-5.10654347+0.00181761j
26-31-05-45 #-----------------------------------------#
26-31-05-45 [Step   3] logΨ: mean=12.404-0.032j | min=5.841+1.720j | max=14.150+0.426j
26-31-05-45 梯度监控 | raw=24.7403 | natural=1.5958 | clipped=1.5958(上限20.0)
26-31-05-45 原始规范坐标 G(Re Σrow_mean) = +6.9402 | 累计|g| = 0.0000
26-31-05-45 Ψ矩阵条件数 cond(Ψ) = 8.50e+00
26-31-05-45 Loss=-24.590427 | E0=-6.92670419-0.01902277j | E1=-6.79944119+0.02142392j|E2=-5.74574796+0.00300446j|E3=-5.11853416-0.00069336j
26-31-05-45 #-----------------------------------------#
26-31-05-45 [Step   4] logΨ: mean=13.317-0.154j | min=8.615-0.644j | max=14.893+0.524j
26-31-05-45 梯度监控 | raw=31.9098 | natural=1.3251 | clipped=1.3251(上限20.0)
26-31-05-45 原始规范坐标 G(Re Σrow_mean) = +7.6566 | 累计|g| = 0.0000
26-31-05-45 Ψ矩阵条件数 cond(Ψ) = 1.96e+01
26-31-05-45 Loss=-25.082471 | E0=-7.12977234+0.00835137j | E1=-6.97942451-0.00895256j|E2=-5.84464966-0.00212131j|E3=-5.12862441+0.00637342j
26-31-05-45 #-----------------------------------------#
26-31-05-45 [Step   5] logΨ: mean=14.516-0.118j | min=6.600-2.393j | max=16.148+0.512j
26-31-05-45 梯度监控 | raw=42.6008 | natural=1.2521 | clipped=1.2521(上限20.0)
26-31-05-45 原始规范坐标 G(Re Σrow_mean) = +8.8492 | 累计|g| = 0.0000
26-31-05-45 Ψ矩阵条件数 cond(Ψ) = 8.92e+00
26-31-05-45 Loss=-25.498094 | E0=-7.26606704-0.00121433j | E1=-7.10078558+0.00226788j|E2=-5.94193291-0.00477909j|E3=-5.18930895+0.00224170j
26-31-05-45 #-----------------------------------------#
26-31-05-45 [Step   6] logΨ: mean=15.691-0.257j | min=9.936-1.764j | max=17.184+2.724j
26-31-05-45 梯度监控 | raw=47.9871 | natural=1.0827 | clipped=1.0827(上限20.0)
26-31-05-45 原始规范坐标 G(Re Σrow_mean) = +9.9114 | 累计|g| = 0.0000
26-31-05-45 Ψ矩阵条件数 cond(Ψ) = 1.53e+01
26-31-05-45 Loss=-25.931910 | E0=-7.36598201-0.00979918j | E1=-7.18592875+0.00590681j|E2=-6.16030714+0.00482787j|E3=-5.21969224+0.00178972j
26-31-05-45 #-----------------------------------------#
26-31-05-46 [Step   7] logΨ: mean=16.711-0.147j | min=8.763-0.297j | max=18.133+2.703j
26-31-05-46 梯度监控 | raw=57.8091 | natural=0.9458 | clipped=0.9458(上限20.0)
26-31-05-46 原始规范坐标 G(Re Σrow_mean) = +10.8292 | 累计|g| = 0.0000
26-31-05-46 Ψ矩阵条件数 cond(Ψ) = 3.59e+01
26-31-05-46 Loss=-26.324608 | E0=-7.47488878+0.00146759j | E1=-7.26990229-0.00114624j|E2=-6.29605071+0.00234816j|E3=-5.28376618+0.00071914j
26-31-05-46 #-----------------------------------------#
26-31-05-46 [Step   8] logΨ: mean=17.783-0.184j | min=10.668-0.239j | max=19.167+0.005j
26-31-05-46 梯度监控 | raw=86.4927 | natural=0.8373 | clipped=0.8373(上限20.0)
26-31-05-46 原始规范坐标 G(Re Σrow_mean) = +11.8910 | 累计|g| = 0.0000
26-31-05-46 Ψ矩阵条件数 cond(Ψ) = 2.16e+01
26-31-05-46 Loss=-26.757065 | E0=-7.53601880+0.00172754j | E1=-7.31983759+0.00127547j|E2=-6.52265237+0.00371029j|E3=-5.37855620-0.00497751j
26-31-05-46 #-----------------------------------------#
26-31-05-46 [Step   9] logΨ: mean=18.449+0.053j | min=11.936+0.039j | max=19.773+3.081j
26-31-05-46 梯度监控 | raw=122.2919 | natural=0.7037 | clipped=0.7037(上限20.0)
26-31-05-46 原始规范坐标 G(Re Σrow_mean) = +12.5748 | 累计|g| = 0.0000
26-31-05-46 Ψ矩阵条件数 cond(Ψ) = 2.48e+01
26-31-05-46 Loss=-27.113978 | E0=-7.55919736-0.00484134j | E1=-7.34400158-0.00032140j|E2=-6.58623762+0.00669883j|E3=-5.62454142-0.00130572j
26-31-05-46 #-----------------------------------------#
26-31-05-46 [GaugeReset@10] 吸收 Δg = Σ Re(col_mean) = +12.5748 | 新|g| = 6.6585
26-31-05-46 [Step  10] logΨ: mean=6.278-0.065j | min=0.921+0.877j | max=7.481+2.864j
26-31-05-46 梯度监控 | raw=169.6546 | natural=0.5836 | clipped=0.5836(上限20.0)
26-31-05-46 原始规范坐标 G(Re Σrow_mean) = +13.2603 | 累计|g| = 6.6585
26-31-05-46 Ψ矩阵条件数 cond(Ψ) = 7.75e+00
26-31-05-46 Loss=-27.914611 | E0=-7.60021660+0.00233259j | E1=-7.39874519-0.00280320j|E2=-6.83084251+0.00208585j|E3=-6.08480718-0.00088767j
26-31-05-46 #-----------------------------------------#
26-31-05-46 [Step  11] logΨ: mean=7.097+0.103j | min=0.861+2.836j | max=8.396+2.901j
26-31-05-46 梯度监控 | raw=167.6885 | natural=0.5908 | clipped=0.5908(上限20.0)
26-31-05-46 原始规范坐标 G(Re Σrow_mean) = +14.1291 | 累计|g| = 6.6585
26-31-05-46 Ψ矩阵条件数 cond(Ψ) = 8.94e+00
26-31-05-46 Loss=-28.324013 | E0=-7.62933248-0.00133010j | E1=-7.41065906+0.00100714j|E2=-6.92732678+0.00620980j|E3=-6.35669434-0.00344765j
26-31-05-46 #-----------------------------------------#
26-31-05-46 [Step  12] logΨ: mean=7.754-0.057j | min=2.485+0.027j | max=9.078+2.989j
26-31-05-46 梯度监控 | raw=150.6038 | natural=0.4661 | clipped=0.4661(上限20.0)
26-31-05-46 原始规范坐标 G(Re Σrow_mean) = +14.7594 | 累计|g| = 6.6585
26-31-05-46 Ψ矩阵条件数 cond(Ψ) = 8.06e+00
26-31-05-46 Loss=-28.692957 | E0=-7.64228370+0.00642050j | E1=-7.43048140+0.00250420j|E2=-7.00438154-0.00844213j|E3=-6.61581051+0.00112195j
26-31-05-46 #-----------------------------------------#
26-31-05-46 [Step  13] logΨ: mean=8.864+0.236j | min=3.378+0.452j | max=10.076+2.937j
26-31-05-46 梯度监控 | raw=116.6406 | natural=0.4727 | clipped=0.4727(上限20.0)
26-31-05-46 原始规范坐标 G(Re Σrow_mean) = +15.8741 | 累计|g| = 6.6585
26-31-05-46 Ψ矩阵条件数 cond(Ψ) = 1.03e+01
26-31-05-46 Loss=-29.221780 | E0=-7.65407640+0.00926203j | E1=-7.46101998-0.00335886j|E2=-7.19890775+0.00076261j|E3=-6.90777551-0.01081291j
26-31-05-46 #-----------------------------------------#
26-31-05-46 [Step  14] logΨ: mean=9.446+0.068j | min=4.370-2.042j | max=10.637+3.023j
26-31-05-46 梯度监控 | raw=117.4882 | natural=0.3658 | clipped=0.3658(上限20.0)
26-31-05-46 原始规范坐标 G(Re Σrow_mean) = +16.2853 | 累计|g| = 6.6585
26-31-05-46 Ψ矩阵条件数 cond(Ψ) = 1.22e+01
26-31-05-46 Loss=-29.264456 | E0=-7.66358499+0.00108853j | E1=-7.46319273+0.00048802j|E2=-7.20896805-0.01886312j|E3=-6.92871064+0.01630149j
26-31-05-46 #-----------------------------------------#
26-31-05-46 [Step  15] logΨ: mean=10.124+0.138j | min=4.334-0.043j | max=11.237+0.140j
26-31-05-46 梯度监控 | raw=69.8635 | natural=0.3223 | clipped=0.3223(上限20.0)
26-31-05-46 原始规范坐标 G(Re Σrow_mean) = +17.0453 | 累计|g| = 6.6585
26-31-05-46 Ψ矩阵条件数 cond(Ψ) = 1.04e+01
26-31-05-46 Loss=-29.664221 | E0=-7.67597852+0.00318889j | E1=-7.51163980+0.00103635j|E2=-7.38880358-0.00214790j|E3=-7.08779951-0.00524056j
26-31-05-46 #-----------------------------------------#
26-31-05-46 [Step  16] logΨ: mean=10.790+0.111j | min=5.381+0.526j | max=11.774+0.081j
26-31-05-46 梯度监控 | raw=43.6638 | natural=0.2699 | clipped=0.2699(上限20.0)
26-31-05-46 原始规范坐标 G(Re Σrow_mean) = +17.6506 | 累计|g| = 6.6585
26-31-05-46 Ψ矩阵条件数 cond(Ψ) = 2.10e+01
26-31-05-46 Loss=-29.814455 | E0=-7.68084659+0.00270262j | E1=-7.54844058+0.00234496j|E2=-7.43873870+0.00306785j|E3=-7.14642940-0.00482727j
26-31-05-46 #-----------------------------------------#
26-31-05-46 [Step  17] logΨ: mean=11.642+0.053j | min=7.480-3.110j | max=12.435+0.182j
26-31-05-46 梯度监控 | raw=22.3452 | natural=0.2250 | clipped=0.2250(上限20.0)
26-31-05-46 原始规范坐标 G(Re Σrow_mean) = +18.2793 | 累计|g| = 6.6585
26-31-05-46 Ψ矩阵条件数 cond(Ψ) = 1.14e+01
26-31-05-46 Loss=-30.064859 | E0=-7.70746603+0.00056242j | E1=-7.61941022-0.00116187j|E2=-7.50861090+0.00241553j|E3=-7.22937203+0.00043740j
26-31-05-46 #-----------------------------------------#
26-31-05-46 [Step  18] logΨ: mean=12.219-0.393j | min=7.320-1.323j | max=12.968+0.231j
26-31-05-46 梯度监控 | raw=19.8423 | natural=0.2075 | clipped=0.2075(上限20.0)
26-31-05-46 原始规范坐标 G(Re Σrow_mean) = +18.7921 | 累计|g| = 6.6585
26-31-05-46 Ψ矩阵条件数 cond(Ψ) = 1.15e+01
26-31-05-46 Loss=-30.068992 | E0=-7.71281757-0.00251740j | E1=-7.64388665+0.00029604j|E2=-7.50349501-0.00112551j|E3=-7.20879293+0.00341159j
26-31-05-46 #-----------------------------------------#
26-31-05-46 [Step  19] logΨ: mean=12.608-0.290j | min=7.120+0.947j | max=13.412+0.274j
26-31-05-46 梯度监控 | raw=30.4349 | natural=0.1683 | clipped=0.1683(上限20.0)
26-31-05-46 原始规范坐标 G(Re Σrow_mean) = +19.1265 | 累计|g| = 6.6585
26-31-05-46 Ψ矩阵条件数 cond(Ψ) = 9.79e+00
26-31-05-46 Loss=-30.092844 | E0=-7.70647744+0.00044850j | E1=-7.59751393-0.00429559j|E2=-7.52395175+0.00322935j|E3=-7.26490041+0.00197459j
26-31-05-46 #-----------------------------------------#
26-31-05-46 [保存] Step 19 → pickle 文件已更新 (20 条记录)
26-31-05-46 [GaugeReset@20] 吸收 Δg = Σ Re(col_mean) = +19.1265 | 新|g| = 16.8913
26-31-05-46 [Step  20] logΨ: mean=-6.081+0.201j | min=-12.280-1.007j | max=-5.324+2.303j
26-31-05-46 梯度监控 | raw=25.8672 | natural=0.1545 | clipped=0.1545(上限20.0)
26-31-05-46 原始规范坐标 G(Re Σrow_mean) = +19.4629 | 累计|g| = 16.8913
26-31-05-46 Ψ矩阵条件数 cond(Ψ) = 1.11e+01
26-31-05-46 Loss=-30.194666 | E0=-7.72050639+0.00006917j | E1=-7.64947798+0.00210461j|E2=-7.54577060-0.00287845j|E3=-7.27891078+0.00109274j
26-31-05-46 #-----------------------------------------#
26-31-05-46 [Step  21] logΨ: mean=-5.381+0.479j | min=-12.276+1.151j | max=-4.639+2.340j
26-31-05-46 梯度监控 | raw=23.6159 | natural=0.1968 | clipped=0.1968(上限20.0)
26-31-05-46 原始规范坐标 G(Re Σrow_mean) = +19.9882 | 累计|g| = 16.8913
26-31-05-46 Ψ矩阵条件数 cond(Ψ) = 6.90e+00
26-31-05-46 Loss=-30.169628 | E0=-7.72354279-0.00050868j | E1=-7.65389512-0.00044962j|E2=-7.53404662+0.00255502j|E3=-7.25814358-0.00214065j
26-31-05-46 #-----------------------------------------#
26-31-05-46 [Step  22] logΨ: mean=-4.822+0.166j | min=-9.909-2.562j | max=-4.055+2.422j
26-31-05-46 梯度监控 | raw=33.4634 | natural=0.1594 | clipped=0.1594(上限20.0)
26-31-05-46 原始规范坐标 G(Re Σrow_mean) = +20.3243 | 累计|g| = 16.8913
26-31-05-46 Ψ矩阵条件数 cond(Ψ) = 8.53e+00
26-31-05-46 Loss=-30.268790 | E0=-7.72762602+0.00212407j | E1=-7.64814433-0.00102038j|E2=-7.57112203+0.00228715j|E3=-7.32189734-0.00350853j
26-31-05-46 #-----------------------------------------#
26-31-05-46 [Step  23] logΨ: mean=-4.397+0.201j | min=-8.733+0.180j | max=-3.678+2.487j
26-31-05-46 梯度监控 | raw=35.0152 | natural=0.0885 | clipped=0.0885(上限20.0)
26-31-05-46 原始规范坐标 G(Re Σrow_mean) = +20.5675 | 累计|g| = 16.8913
26-31-05-46 Ψ矩阵条件数 cond(Ψ) = 8.50e+00
26-31-05-46 Loss=-30.241152 | E0=-7.73161156+0.00039293j | E1=-7.64595695-0.00003801j|E2=-7.55201479+0.00031567j|E3=-7.31156904+0.00459589j
26-31-05-46 #-----------------------------------------#
26-31-05-46 [Step  24] logΨ: mean=-3.954+0.359j | min=-9.460-0.863j | max=-3.241+2.693j
26-31-05-46 梯度监控 | raw=35.0711 | natural=0.1109 | clipped=0.1109(上限20.0)
26-31-05-46 原始规范坐标 G(Re Σrow_mean) = +20.9193 | 累计|g| = 16.8913
26-31-05-46 Ψ矩阵条件数 cond(Ψ) = 1.55e+01
26-31-05-46 Loss=-30.304941 | E0=-7.73272560+0.00096099j | E1=-7.66102785+0.00063419j|E2=-7.58625881-0.00032211j|E3=-7.32492827+0.00006877j
26-31-05-46 #-----------------------------------------#
26-31-05-46 [Step  25] logΨ: mean=-3.355+0.492j | min=-7.443-1.803j | max=-2.687+3.040j
26-31-05-46 梯度监控 | raw=43.3977 | natural=0.1029 | clipped=0.1029(上限20.0)
26-31-05-46 原始规范坐标 G(Re Σrow_mean) = +21.3504 | 累计|g| = 16.8913
26-31-05-46 Ψ矩阵条件数 cond(Ψ) = 1.03e+01
26-31-05-46 Loss=-30.324948 | E0=-7.72914108-0.00274254j | E1=-7.66158982-0.00160224j|E2=-7.59195258-0.00298691j|E3=-7.34226456+0.00297329j
26-31-05-46 #-----------------------------------------#
26-31-05-46 [Step  26] logΨ: mean=-2.972-0.066j | min=-8.083+2.304j | max=-2.256+0.275j
26-31-05-46 梯度监控 | raw=47.7526 | natural=0.0941 | clipped=0.0941(上限20.0)
26-31-05-46 原始规范坐标 G(Re Σrow_mean) = +21.6574 | 累计|g| = 16.8913
26-31-05-46 Ψ矩阵条件数 cond(Ψ) = 6.62e+00
26-31-05-46 Loss=-30.352521 | E0=-7.74065703-0.00175757j | E1=-7.66310920-0.00168124j|E2=-7.59312530+0.00001381j|E3=-7.35562897+0.00120891j
26-31-05-46 #-----------------------------------------#
26-31-05-46 [Step  27] logΨ: mean=-2.597-0.326j | min=-7.742+3.062j | max=-1.953+0.580j
26-31-05-46 梯度监控 | raw=60.1481 | natural=0.1263 | clipped=0.1263(上限20.0)
26-31-05-46 原始规范坐标 G(Re Σrow_mean) = +21.9539 | 累计|g| = 16.8913
26-31-05-46 Ψ矩阵条件数 cond(Ψ) = 1.38e+01
26-31-05-46 Loss=-30.391759 | E0=-7.73985130+0.00208770j | E1=-7.66211851+0.00146026j|E2=-7.59969736-0.00065056j|E3=-7.39009193-0.00291467j
26-31-05-46 #-----------------------------------------#
26-31-05-46 [Step  28] logΨ: mean=-2.809-0.114j | min=-6.354-2.279j | max=-2.196+0.720j
26-31-05-46 梯度监控 | raw=58.1422 | natural=0.0475 | clipped=0.0475(上限20.0)
26-31-05-46 原始规范坐标 G(Re Σrow_mean) = +21.8715 | 累计|g| = 16.8913
26-31-05-46 Ψ矩阵条件数 cond(Ψ) = 2.87e+01
26-31-05-46 Loss=-30.368749 | E0=-7.74411599+0.00063032j | E1=-7.66108490-0.00155442j|E2=-7.59864572+0.00071594j|E3=-7.36490204+0.00637201j
26-31-05-46 #-----------------------------------------#
26-31-05-46 [Step  29] logΨ: mean=-3.355-0.365j | min=-7.991+0.790j | max=-2.801+1.334j
26-31-05-46 梯度监控 | raw=63.7530 | natural=0.0761 | clipped=0.0761(上限20.0)
26-31-05-46 原始规范坐标 G(Re Σrow_mean) = +21.6093 | 累计|g| = 16.8913
26-31-05-46 Ψ矩阵条件数 cond(Ψ) = 1.64e+01
26-31-05-46 Loss=-30.445351 | E0=-7.74951518+0.00045324j | E1=-7.66510543+0.00067353j|E2=-7.61411765-0.00280961j|E3=-7.41661271+0.00328842j
26-31-05-46 #-----------------------------------------#
26-31-05-46 [GaugeReset@30] 吸收 Δg = Σ Re(col_mean) = +21.6093 | 新|g| = 28.4327
26-31-05-46 [Step  30] logΨ: mean=-23.807+0.195j | min=-29.520+1.409j | max=-23.261+2.371j
26-31-05-46 梯度监控 | raw=66.3020 | natural=0.1681 | clipped=0.1681(上限20.0)
26-31-05-46 原始规范坐标 G(Re Σrow_mean) = +22.4919 | 累计|g| = 28.4327
26-31-05-46 Ψ矩阵条件数 cond(Ψ) = 1.09e+01
26-31-05-46 Loss=-30.421703 | E0=-7.74211874+0.00136408j | E1=-7.66414645+0.00147179j|E2=-7.61108916-0.00246090j|E3=-7.40434889+0.00303708j
26-31-05-46 #-----------------------------------------#
26-31-05-46 [Step  31] logΨ: mean=-23.767+0.346j | min=-27.951-2.542j | max=-23.279+3.004j
26-31-05-46 梯度监控 | raw=64.4278 | natural=0.0674 | clipped=0.0674(上限20.0)
26-31-05-46 原始规范坐标 G(Re Σrow_mean) = +22.5338 | 累计|g| = 28.4327
26-31-05-46 Ψ矩阵条件数 cond(Ψ) = 7.04e+00
26-31-05-46 Loss=-30.524733 | E0=-7.76403156+0.00011762j | E1=-7.66568101+0.00016327j|E2=-7.63479774+0.00304174j|E3=-7.46022243-0.00381678j
26-31-05-46 #-----------------------------------------#
26-31-05-46 [Step  32] logΨ: mean=-23.241+0.024j | min=-28.008+1.360j | max=-22.682+2.730j
26-31-05-46 梯度监控 | raw=74.3051 | natural=0.0938 | clipped=0.0938(上限20.0)
26-31-05-46 原始规范坐标 G(Re Σrow_mean) = +23.1205 | 累计|g| = 28.4327
26-31-05-46 Ψ矩阵条件数 cond(Ψ) = 1.18e+01
26-31-05-46 Loss=-30.490145 | E0=-7.75404606-0.00111880j | E1=-7.66481845+0.00012114j|E2=-7.62089553+0.00179105j|E3=-7.45038510-0.00069790j
26-31-05-46 #-----------------------------------------#
26-31-05-46 [Step  33] logΨ: mean=-23.488-0.294j | min=-27.986-0.781j | max=-22.935+2.297j
26-31-05-46 梯度监控 | raw=66.3403 | natural=0.0990 | clipped=0.0990(上限20.0)
26-31-05-46 原始规范坐标 G(Re Σrow_mean) = +22.8494 | 累计|g| = 28.4327
26-31-05-46 Ψ矩阵条件数 cond(Ψ) = 3.48e+01
26-31-05-46 Loss=-30.514744 | E0=-7.76600488-0.00022717j | E1=-7.66587340+0.00189825j|E2=-7.63044748-0.00156593j|E3=-7.45241806+0.00118603j
26-31-05-46 #-----------------------------------------#
26-31-05-46 [Step  34] logΨ: mean=-22.540+0.100j | min=-29.175-0.724j | max=-21.990+2.650j
26-31-05-46 梯度监控 | raw=66.9415 | natural=0.1431 | clipped=0.1431(上限20.0)
26-31-05-46 原始规范坐标 G(Re Σrow_mean) = +23.6091 | 累计|g| = 28.4327
26-31-05-46 Ψ矩阵条件数 cond(Ψ) = 1.63e+01
26-31-05-46 Loss=-30.574891 | E0=-7.76284813-0.00132875j | E1=-7.66725058-0.00222257j|E2=-7.62967766+0.00357930j|E3=-7.51511433+0.00364950j
26-31-05-46 #-----------------------------------------#
26-31-05-46 [Step  35] logΨ: mean=-22.486-0.402j | min=-25.902-1.855j | max=-21.942+2.243j
26-31-05-46 梯度监控 | raw=75.5044 | natural=0.0603 | clipped=0.0603(上限20.0)
26-31-05-46 原始规范坐标 G(Re Σrow_mean) = +23.6744 | 累计|g| = 28.4327
26-31-05-46 Ψ矩阵条件数 cond(Ψ) = 4.18e+01
26-31-05-46 Loss=-30.556492 | E0=-7.76107878+0.00309772j | E1=-7.66819477-0.00208551j|E2=-7.64347340-0.00038707j|E3=-7.48374519-0.00114919j
26-31-05-46 #-----------------------------------------#
26-31-05-46 [Step  36] logΨ: mean=-21.739-0.185j | min=-27.001+1.283j | max=-21.165+2.458j
26-31-05-46 梯度监控 | raw=66.8061 | natural=0.1097 | clipped=0.1097(上限20.0)
26-31-05-46 原始规范坐标 G(Re Σrow_mean) = +24.1405 | 累计|g| = 28.4327
26-31-05-46 Ψ矩阵条件数 cond(Ψ) = 1.80e+01
26-31-05-46 Loss=-30.601511 | E0=-7.77566582+0.00123197j | E1=-7.66886356+0.00178847j|E2=-7.64762753+0.00269938j|E3=-7.50935411+0.00110883j
26-31-05-46 #-----------------------------------------#
26-31-05-46 [Step  37] logΨ: mean=-21.164+0.090j | min=-26.678-0.816j | max=-20.538+1.515j
26-31-05-46 梯度监控 | raw=76.7253 | natural=0.0556 | clipped=0.0556(上限20.0)
26-31-05-46 原始规范坐标 G(Re Σrow_mean) = +24.5634 | 累计|g| = 28.4327
26-31-05-46 Ψ矩阵条件数 cond(Ψ) = 3.43e+01
26-31-05-46 Loss=-30.603426 | E0=-7.77493932-0.00170074j | E1=-7.66673174+0.00095580j|E2=-7.64001516+0.00698571j|E3=-7.52173935-0.00239259j
26-31-05-46 #-----------------------------------------#
26-31-05-46 [Step  38] logΨ: mean=-20.551+0.311j | min=-26.212+1.387j | max=-20.018+1.375j
26-31-05-46 梯度监控 | raw=67.7355 | natural=0.0832 | clipped=0.0832(上限20.0)
26-31-05-46 原始规范坐标 G(Re Σrow_mean) = +24.8075 | 累计|g| = 28.4327
26-31-05-46 Ψ矩阵条件数 cond(Ψ) = 6.89e+00
26-31-05-46 Loss=-30.689272 | E0=-7.78899738-0.00090868j | E1=-7.67235283+0.00090751j|E2=-7.64975956+0.00204546j|E3=-7.57816214-0.00508660j
26-31-05-46 #-----------------------------------------#
26-31-05-46 [Step  39] logΨ: mean=-20.747+0.032j | min=-24.380-2.421j | max=-20.229+1.251j
26-31-05-46 梯度监控 | raw=66.9361 | natural=0.0238 | clipped=0.0238(上限20.0)
26-31-05-46 原始规范坐标 G(Re Σrow_mean) = +24.7571 | 累计|g| = 28.4327
26-31-05-46 Ψ矩阵条件数 cond(Ψ) = 6.74e+00
26-31-05-46 Loss=-30.693151 | E0=-7.79039850+0.00076976j | E1=-7.67373543-0.00021978j|E2=-7.65486530-0.00267117j|E3=-7.57415192+0.00021130j
26-31-05-46 #-----------------------------------------#
26-31-05-46 [保存] Step 39 → pickle 文件已更新 (40 条记录)
26-31-05-46 [GaugeReset@40] 吸收 Δg = Σ Re(col_mean) = +24.7571 | 新|g| = 41.4929
26-31-05-46 [Step  40] logΨ: mean=-45.609+0.538j | min=-49.623+2.296j | max=-45.026+0.801j
26-31-05-46 梯度监控 | raw=66.7260 | natural=0.0796 | clipped=0.0796(上限20.0)
26-31-05-46 原始规范坐标 G(Re Σrow_mean) = +24.6978 | 累计|g| = 41.4929
26-31-05-46 Ψ矩阵条件数 cond(Ψ) = 2.40e+01
26-31-05-46 Loss=-30.685360 | E0=-7.79336112+0.00129904j | E1=-7.67268611+0.00130863j|E2=-7.64839152+0.00098020j|E3=-7.57092120-0.00263817j
26-31-05-46 #-----------------------------------------#
26-31-05-46 [Step  41] logΨ: mean=-44.973+0.175j | min=-50.006+3.089j | max=-44.335+0.725j
26-31-05-46 梯度监控 | raw=69.2902 | natural=0.0853 | clipped=0.0853(上限20.0)
26-31-05-46 原始规范坐标 G(Re Σrow_mean) = +25.1337 | 累计|g| = 41.4929
26-31-05-46 Ψ矩阵条件数 cond(Ψ) = 2.26e+01
26-31-05-46 Loss=-30.658120 | E0=-7.78769993+0.00091212j | E1=-7.67221436-0.00113605j|E2=-7.64928871+0.00049158j|E3=-7.54891721+0.00031480j
26-31-05-46 #-----------------------------------------#
26-31-05-46 [Step  42] logΨ: mean=-44.979+0.164j | min=-47.881+2.417j | max=-44.420+0.727j
26-31-05-46 梯度监控 | raw=60.4045 | natural=0.0191 | clipped=0.0191(上限20.0)
26-31-05-46 原始规范坐标 G(Re Σrow_mean) = +25.0832 | 累计|g| = 41.4929
26-31-05-46 Ψ矩阵条件数 cond(Ψ) = 2.56e+01
26-31-05-46 Loss=-30.727199 | E0=-7.79456092+0.00017830j | E1=-7.67982689+0.00085004j|E2=-7.65913668-0.00045439j|E3=-7.59367470-0.00317086j
26-31-05-46 #-----------------------------------------#
26-31-05-46 [Step  43] logΨ: mean=-45.032-0.336j | min=-50.795+2.467j | max=-44.373+1.559j
26-31-05-46 梯度监控 | raw=74.2617 | natural=0.2857 | clipped=0.2857(上限20.0)
26-31-05-46 原始规范坐标 G(Re Σrow_mean) = +25.1189 | 累计|g| = 41.4929
26-31-05-46 Ψ矩阵条件数 cond(Ψ) = 2.32e+01
26-31-05-46 Loss=-30.688086 | E0=-7.79265220-0.00060707j | E1=-7.67354780+0.00014120j|E2=-7.65056708+0.00225277j|E3=-7.57131889+0.00106266j
26-31-05-46 #-----------------------------------------#
26-31-05-46 [Step  44] logΨ: mean=-44.059-0.506j | min=-50.720+2.375j | max=-43.468+1.848j
26-31-05-46 梯度监控 | raw=62.7220 | natural=0.1179 | clipped=0.1179(上限20.0)
26-31-05-46 原始规范坐标 G(Re Σrow_mean) = +25.7134 | 累计|g| = 41.4929
26-31-05-46 Ψ矩阵条件数 cond(Ψ) = 3.29e+01
26-31-05-46 Loss=-30.714106 | E0=-7.80243651+0.00071579j | E1=-7.67622756-0.00143528j|E2=-7.65356347+0.00198322j|E3=-7.58187860-0.00191838j
26-31-05-46 #-----------------------------------------#
26-31-05-46 [Step  45] logΨ: mean=-44.077-0.556j | min=-49.372+1.100j | max=-43.496+1.860j
26-31-05-46 梯度监控 | raw=64.1972 | natural=0.0468 | clipped=0.0468(上限20.0)
26-31-05-46 原始规范坐标 G(Re Σrow_mean) = +25.5439 | 累计|g| = 41.4929
26-31-05-46 Ψ矩阵条件数 cond(Ψ) = 1.89e+01
26-31-05-46 Loss=-30.747504 | E0=-7.80238861-0.00101647j | E1=-7.67983175+0.00295525j|E2=-7.65837835+0.00112722j|E3=-7.60690563-0.00439355j
26-31-05-46 #-----------------------------------------#
26-31-05-46 [Step  46] logΨ: mean=-45.118-0.038j | min=-52.077+0.972j | max=-44.638+1.711j
26-31-05-46 梯度监控 | raw=54.7159 | natural=0.1205 | clipped=0.1205(上限20.0)
26-31-05-46 原始规范坐标 G(Re Σrow_mean) = +24.9604 | 累计|g| = 41.4929
26-31-05-46 Ψ矩阵条件数 cond(Ψ) = 2.02e+01
26-31-05-46 Loss=-30.782624 | E0=-7.80906529+0.00072106j | E1=-7.69069628+0.00177708j|E2=-7.66302665-0.00063554j|E3=-7.61983540-0.00114799j
26-31-05-46 #-----------------------------------------#
26-31-05-46 [Step  47] logΨ: mean=-43.851+0.245j | min=-49.973+0.574j | max=-43.374+2.807j
26-31-05-46 梯度监控 | raw=40.8926 | natural=0.1830 | clipped=0.1830(上限20.0)
26-31-05-46 原始规范坐标 G(Re Σrow_mean) = +25.7366 | 累计|g| = 41.4929
26-31-05-46 Ψ矩阵条件数 cond(Ψ) = 3.35e+01
26-31-05-46 Loss=-30.770525 | E0=-7.80841425-0.00148639j | E1=-7.68554596-0.00158330j|E2=-7.65261432+0.00269791j|E3=-7.62395095-0.00145670j
26-31-05-46 #-----------------------------------------#
26-31-05-46 [Step  48] logΨ: mean=-43.936+0.295j | min=-47.789-1.202j | max=-43.456+2.766j
26-31-05-46 梯度监控 | raw=90.0213 | natural=0.0164 | clipped=0.0164(上限20.0)
26-31-05-46 原始规范坐标 G(Re Σrow_mean) = +25.7584 | 累计|g| = 41.4929
26-31-05-46 Ψ矩阵条件数 cond(Ψ) = 5.22e+01
26-31-05-46 Loss=-30.769792 | E0=-7.80270276+0.00220754j | E1=-7.68688859+0.00121298j|E2=-7.66108921-0.00045647j|E3=-7.61911172-0.00154589j
26-31-05-46 #-----------------------------------------#
26-31-05-46 [Step  49] logΨ: mean=-43.953+0.121j | min=-48.134-1.113j | max=-43.513+2.713j
26-31-05-46 梯度监控 | raw=70.3463 | natural=0.0174 | clipped=0.0174(上限20.0)
26-31-05-46 原始规范坐标 G(Re Σrow_mean) = +25.6608 | 累计|g| = 41.4929
26-31-05-46 Ψ矩阵条件数 cond(Ψ) = 5.07e+01
26-31-05-46 Loss=-30.794714 | E0=-7.80624040-0.00029782j | E1=-7.68912370-0.00111121j|E2=-7.66230115+0.00030715j|E3=-7.63704903+0.00001237j
26-31-05-46 #-----------------------------------------#
26-31-05-46 [GaugeReset@50] 吸收 Δg = Σ Re(col_mean) = +25.6608 | 新|g| = 55.2249
26-31-05-46 [Step  50] logΨ: mean=-70.610+0.109j | min=-76.317+1.160j | max=-70.132+0.442j
26-31-05-46 梯度监控 | raw=85.2307 | natural=0.1353 | clipped=0.1353(上限20.0)
26-31-05-46 原始规范坐标 G(Re Σrow_mean) = +25.2155 | 累计|g| = 55.2249
26-31-05-46 Ψ矩阵条件数 cond(Ψ) = 1.35e+01
26-31-05-46 Loss=-30.766535 | E0=-7.80120570-0.00147554j | E1=-7.68478481+0.00121654j|E2=-7.66208059+0.00032830j|E3=-7.61846347-0.00055417j
26-31-05-46 #-----------------------------------------#
26-31-05-46 [Step  51] logΨ: mean=-70.937+0.286j | min=-77.254+0.391j | max=-70.495+0.729j
26-31-05-46 梯度监控 | raw=66.7765 | natural=0.1968 | clipped=0.1968(上限20.0)
26-31-05-46 原始规范坐标 G(Re Σrow_mean) = +24.8206 | 累计|g| = 55.2249
26-31-05-46 Ψ矩阵条件数 cond(Ψ) = 5.84e+01
26-31-05-46 Loss=-30.777481 | E0=-7.79977888+0.00044696j | E1=-7.69128154-0.00235067j|E2=-7.66700445-0.00063103j|E3=-7.61941596+0.00336424j
26-31-05-46 #-----------------------------------------#
26-31-05-46 [Step  52] logΨ: mean=-70.728-0.155j | min=-75.869+0.880j | max=-70.304+0.306j
26-31-05-46 梯度监控 | raw=47.2366 | natural=0.1098 | clipped=0.1098(上限20.0)
26-31-05-46 原始规范坐标 G(Re Σrow_mean) = +24.9714 | 累计|g| = 55.2249
26-31-05-46 Ψ矩阵条件数 cond(Ψ) = 1.37e+01
26-31-05-46 Loss=-30.793457 | E0=-7.79904118-0.00123807j | E1=-7.69220367-0.00163783j|E2=-7.66219847+0.00000703j|E3=-7.64001417+0.00111480j
26-31-05-46 #-----------------------------------------#
26-31-05-46 [Step  53] logΨ: mean=-70.306-0.030j | min=-75.833-2.929j | max=-69.856+0.614j
26-31-05-46 梯度监控 | raw=51.2513 | natural=0.1007 | clipped=0.1007(上限20.0)
26-31-05-46 原始规范坐标 G(Re Σrow_mean) = +25.2142 | 累计|g| = 55.2249
26-31-05-46 Ψ矩阵条件数 cond(Ψ) = 5.90e+01
26-31-05-46 Loss=-30.797451 | E0=-7.79958716+0.00051744j | E1=-7.69161967-0.00045966j|E2=-7.66700023+0.00008076j|E3=-7.63924349+0.00086941j
26-31-05-46 #-----------------------------------------#
26-31-05-46 [Step  54] logΨ: mean=-70.219+0.368j | min=-77.138+3.004j | max=-69.781+1.072j
26-31-05-46 梯度监控 | raw=56.4203 | natural=0.2597 | clipped=0.2597(上限20.0)
26-31-05-46 原始规范坐标 G(Re Σrow_mean) = +25.1553 | 累计|g| = 55.2249
26-31-05-46 Ψ矩阵条件数 cond(Ψ) = 3.02e+01
26-31-05-46 Loss=-30.805215 | E0=-7.80426654-0.00086279j | E1=-7.69462404+0.00257546j|E2=-7.66696356-0.00645732j|E3=-7.63936058+0.00235782j
26-31-05-46 #-----------------------------------------#
26-31-05-46 [Step  55] logΨ: mean=-70.250+0.443j | min=-73.583-2.385j | max=-69.896+1.047j
26-31-05-46 梯度监控 | raw=37.5457 | natural=0.0153 | clipped=0.0153(上限20.0)
26-31-05-46 原始规范坐标 G(Re Σrow_mean) = +25.0952 | 累计|g| = 55.2249
26-31-05-46 Ψ矩阵条件数 cond(Ψ) = 2.96e+01
26-31-05-46 Loss=-30.836194 | E0=-7.81606636-0.00002198j | E1=-7.69955938-0.00052333j|E2=-7.66977377+0.00137384j|E3=-7.65079491-0.00036803j
26-31-05-46 #-----------------------------------------#
26-31-05-46 [Step  56] logΨ: mean=-70.404+0.331j | min=-74.683+2.240j | max=-70.041+1.004j
26-31-05-46 梯度监控 | raw=39.0223 | natural=0.0170 | clipped=0.0170(上限20.0)
26-31-05-46 原始规范坐标 G(Re Σrow_mean) = +25.0357 | 累计|g| = 55.2249
26-31-05-46 Ψ矩阵条件数 cond(Ψ) = 2.98e+01
26-31-05-46 Loss=-30.837510 | E0=-7.81675044-0.00007376j | E1=-7.69966798+0.00115059j|E2=-7.67183149+0.00048378j|E3=-7.64926040-0.00141602j
26-31-05-46 #-----------------------------------------#
26-31-05-46 [Step  57] logΨ: mean=-70.428+0.574j | min=-74.420-3.051j | max=-70.099+0.954j
26-31-05-46 梯度监控 | raw=34.5390 | natural=0.0164 | clipped=0.0164(上限20.0)
26-31-05-46 原始规范坐标 G(Re Σrow_mean) = +25.0206 | 累计|g| = 55.2249
26-31-05-46 Ψ矩阵条件数 cond(Ψ) = 2.83e+01
26-31-05-46 Loss=-30.848421 | E0=-7.81857416+0.00029729j | E1=-7.70186677-0.00061294j|E2=-7.67375066-0.00096668j|E3=-7.65422990+0.00017313j
26-31-05-46 #-----------------------------------------#
26-31-05-46 [Step  58] logΨ: mean=-70.710-0.588j | min=-77.298-1.518j | max=-70.090+1.988j
26-31-05-46 梯度监控 | raw=56.8991 | natural=0.0973 | clipped=0.0973(上限20.0)
26-31-05-46 原始规范坐标 G(Re Σrow_mean) = +24.9324 | 累计|g| = 55.2249
26-31-05-46 Ψ矩阵条件数 cond(Ψ) = 2.89e+01
26-31-05-46 Loss=-30.782178 | E0=-7.80294656+0.00237701j | E1=-7.68582254-0.00096862j|E2=-7.66079730-0.00067768j|E3=-7.63261110+0.00411596j
26-31-05-46 #-----------------------------------------#
26-31-05-46 [Step  59] logΨ: mean=-70.663-0.395j | min=-75.230-2.240j | max=-70.240+1.890j
26-31-05-46 梯度监控 | raw=51.3544 | natural=0.1232 | clipped=0.1232(上限20.0)
26-31-05-46 原始规范坐标 G(Re Σrow_mean) = +24.9776 | 累计|g| = 55.2249
26-31-05-46 Ψ矩阵条件数 cond(Ψ) = 6.02e+01
26-31-05-46 Loss=-30.838345 | E0=-7.82504504+0.00103298j | E1=-7.69696738-0.00234568j|E2=-7.67342476+0.00132153j|E3=-7.64290806+0.00009281j
26-31-05-46 #-----------------------------------------#
26-31-05-46 [保存] Step 59 → pickle 文件已更新 (60 条记录)
26-31-05-46 [GaugeReset@60] 吸收 Δg = Σ Re(col_mean) = +24.9776 | 新|g| = 68.6005
26-31-05-46 [Step  60] logΨ: mean=-95.619+0.737j | min=-99.361+0.876j | max=-95.247+3.036j
26-31-05-46 梯度监控 | raw=37.7944 | natural=0.0173 | clipped=0.0173(上限20.0)
26-31-05-46 原始规范坐标 G(Re Σrow_mean) = +24.9886 | 累计|g| = 68.6005
26-31-05-46 Ψ矩阵条件数 cond(Ψ) = 7.67e+01
26-31-05-46 Loss=-30.864936 | E0=-7.82864008-0.00040164j | E1=-7.70378716+0.00034899j|E2=-7.67694293+0.00089061j|E3=-7.65556543+0.00104907j
26-31-05-46 #-----------------------------------------#
26-31-05-46 [Step  61] logΨ: mean=-94.801+0.098j | min=-101.260+0.751j | max=-94.392+2.538j
26-31-05-46 梯度监控 | raw=47.1587 | natural=0.1972 | clipped=0.1972(上限20.0)
26-31-05-46 原始规范坐标 G(Re Σrow_mean) = +25.7909 | 累计|g| = 68.6005
26-31-05-46 Ψ矩阵条件数 cond(Ψ) = 3.27e+01
26-31-05-46 Loss=-30.842277 | E0=-7.82445539+0.00097649j | E1=-7.70185917+0.00090566j|E2=-7.67383074-0.00254187j|E3=-7.64213130+0.00173319j
26-31-05-46 #-----------------------------------------#
26-31-05-46 [Step  62] logΨ: mean=-94.813+0.167j | min=-99.389+0.545j | max=-94.438+2.500j
26-31-05-46 梯度监控 | raw=38.3584 | natural=0.0242 | clipped=0.0242(上限20.0)
26-31-05-46 原始规范坐标 G(Re Σrow_mean) = +25.7034 | 累计|g| = 68.6005
26-31-05-46 Ψ矩阵条件数 cond(Ψ) = 3.28e+01
26-31-05-46 Loss=-30.868098 | E0=-7.83031113+0.00056756j | E1=-7.70275838-0.00020093j|E2=-7.67757927-0.00118164j|E3=-7.65744897+0.00007461j
26-31-05-46 #-----------------------------------------#
26-31-05-46 [Step  63] logΨ: mean=-94.671-0.344j | min=-99.974+2.030j | max=-94.281+2.050j
26-31-05-46 梯度监控 | raw=27.9776 | natural=0.1386 | clipped=0.1386(上限20.0)
26-31-05-46 原始规范坐标 G(Re Σrow_mean) = +25.7160 | 累计|g| = 68.6005
26-31-05-46 Ψ矩阵条件数 cond(Ψ) = 3.39e+01
26-31-05-46 Loss=-30.868575 | E0=-7.83594463+0.00065258j | E1=-7.70052686-0.00239438j|E2=-7.67773306+0.00320958j|E3=-7.65437006-0.00082849j
26-31-05-46 #-----------------------------------------#
26-31-05-46 [Step  64] logΨ: mean=-91.971+0.016j | min=-96.581+1.100j | max=-91.726+2.412j
26-31-05-46 梯度监控 | raw=23.6671 | natural=0.0770 | clipped=0.0770(上限20.0)
26-31-05-46 原始规范坐标 G(Re Σrow_mean) = +27.4322 | 累计|g| = 68.6005
26-31-05-46 Ψ矩阵条件数 cond(Ψ) = 3.30e+01
26-31-05-46 Loss=-30.884579 | E0=-7.83848790+0.00042729j | E1=-7.70710362-0.00200506j|E2=-7.68163888-0.00047123j|E3=-7.65734822-0.00029649j
26-31-05-46 #-----------------------------------------#
26-31-05-46 [Step  65] logΨ: mean=-92.448+0.086j | min=-97.582-1.988j | max=-92.080+1.334j
26-31-05-46 梯度监控 | raw=36.5463 | natural=0.1292 | clipped=0.1292(上限20.0)
26-31-05-46 原始规范坐标 G(Re Σrow_mean) = +27.2501 | 累计|g| = 68.6005
26-31-05-46 Ψ矩阵条件数 cond(Ψ) = 1.06e+02
26-31-05-46 Loss=-30.843140 | E0=-7.81211173+0.00073843j | E1=-7.69974325+0.00044601j|E2=-7.67417961-0.00156909j|E3=-7.65710556+0.00181151j
26-31-05-46 #-----------------------------------------#
26-31-05-46 [Step  66] logΨ: mean=-95.494+0.183j | min=-101.762-0.679j | max=-94.988+2.307j
26-31-05-46 梯度监控 | raw=33.8783 | natural=0.1815 | clipped=0.1815(上限20.0)
26-31-05-46 原始规范坐标 G(Re Σrow_mean) = +25.4891 | 累计|g| = 68.6005
26-31-05-46 Ψ矩阵条件数 cond(Ψ) = 3.80e+01
26-31-05-46 Loss=-30.848931 | E0=-7.81673057+0.00084917j | E1=-7.70378181-0.00083311j|E2=-7.67860846-0.00181899j|E3=-7.64980990+0.00233964j
26-31-05-46 #-----------------------------------------#
26-31-05-47 [Step  67] logΨ: mean=-95.466-0.307j | min=-98.269+0.795j | max=-95.022+2.232j
26-31-05-47 梯度监控 | raw=15.6361 | natural=0.0167 | clipped=0.0167(上限20.0)
26-31-05-47 原始规范坐标 G(Re Σrow_mean) = +25.5532 | 累计|g| = 68.6005
26-31-05-47 Ψ矩阵条件数 cond(Ψ) = 3.85e+01
26-31-05-47 Loss=-30.842914 | E0=-7.79725878-0.00050869j | E1=-7.70720004-0.00141905j|E2=-7.68076812+0.00160582j|E3=-7.65768699-0.00341845j
26-31-05-47 #-----------------------------------------#
26-31-05-47 [Step  68] logΨ: mean=-95.841+0.322j | min=-102.013-0.015j | max=-95.388+2.375j
26-31-05-47 梯度监控 | raw=19.3231 | natural=0.0818 | clipped=0.0818(上限20.0)
26-31-05-47 原始规范坐标 G(Re Σrow_mean) = +25.4605 | 累计|g| = 68.6005
26-31-05-47 Ψ矩阵条件数 cond(Ψ) = 3.76e+01
26-31-05-47 Loss=-30.829499 | E0=-7.78774418+0.00185120j | E1=-7.70495360-0.00144447j|E2=-7.68155591+0.00038307j|E3=-7.65524512-0.00009078j
26-31-05-47 #-----------------------------------------#
26-31-05-47 [Step  69] logΨ: mean=-95.551-0.317j | min=-100.000+1.988j | max=-95.141+1.546j
26-31-05-47 梯度监控 | raw=16.8013 | natural=0.0990 | clipped=0.0990(上限20.0)
26-31-05-47 原始规范坐标 G(Re Σrow_mean) = +25.4489 | 累计|g| = 68.6005
26-31-05-47 Ψ矩阵条件数 cond(Ψ) = 3.89e+01
26-31-05-47 Loss=-30.817844 | E0=-7.77968678+0.00332530j | E1=-7.70369694-0.00073841j|E2=-7.67899895+0.00068442j|E3=-7.65546118+0.00036804j
26-31-05-47 #-----------------------------------------#
26-31-05-47 [GaugeReset@70] 吸收 Δg = Σ Re(col_mean) = +25.4489 | 新|g| = 82.0920
26-31-05-47 [Step  70] logΨ: mean=-121.072-0.044j | min=-126.308+1.107j | max=-120.725+0.811j
26-31-05-47 梯度监控 | raw=10.9799 | natural=0.1476 | clipped=0.1476(上限20.0)
26-31-05-47 原始规范坐标 G(Re Σrow_mean) = +25.4288 | 累计|g| = 82.0920
26-31-05-47 Ψ矩阵条件数 cond(Ψ) = 4.75e+01
26-31-05-47 Loss=-30.847815 | E0=-7.79888334+0.00165000j | E1=-7.71146501+0.00044239j|E2=-7.68307470-0.00336100j|E3=-7.65439168+0.00099842j
26-31-05-47 #-----------------------------------------#
26-31-05-47 [Step  71] logΨ: mean=-121.297-0.402j | min=-125.998-1.990j | max=-120.946+1.038j
26-31-05-47 梯度监控 | raw=13.8853 | natural=0.1507 | clipped=0.1507(上限20.0)
26-31-05-47 原始规范坐标 G(Re Σrow_mean) = +25.4909 | 累计|g| = 82.0920
26-31-05-47 Ψ矩阵条件数 cond(Ψ) = 4.95e+01
26-31-05-47 Loss=-30.844689 | E0=-7.79819971-0.00642951j | E1=-7.70947101+0.00315843j|E2=-7.68234327-0.00234781j|E3=-7.65467489+0.00103759j
26-31-05-47 #-----------------------------------------#
26-31-05-47 [Step  72] logΨ: mean=-121.206-0.454j | min=-124.898-0.165j | max=-120.918+1.007j
26-31-05-47 梯度监控 | raw=8.4435 | natural=0.0275 | clipped=0.0275(上限20.0)
26-31-05-47 原始规范坐标 G(Re Σrow_mean) = +25.5500 | 累计|g| = 82.0920
26-31-05-47 Ψ矩阵条件数 cond(Ψ) = 3.41e+01
26-31-05-47 Loss=-30.858398 | E0=-7.80311433+0.00097471j | E1=-7.71179085-0.00027055j|E2=-7.68605763+0.00044481j|E3=-7.65743501-0.00071386j
26-31-05-47 #-----------------------------------------#
26-31-05-47 [Step  73] logΨ: mean=-121.173+0.107j | min=-125.908+1.255j | max=-120.888+0.715j
26-31-05-47 梯度监控 | raw=9.1650 | natural=0.0392 | clipped=0.0392(上限20.0)
26-31-05-47 原始规范坐标 G(Re Σrow_mean) = +25.4940 | 累计|g| = 82.0920
26-31-05-47 Ψ矩阵条件数 cond(Ψ) = 4.60e+01
26-31-05-47 Loss=-30.853291 | E0=-7.80135138+0.00149132j | E1=-7.71122457-0.00162336j|E2=-7.68486147+0.00209652j|E3=-7.65585332-0.00074625j
26-31-05-47 #-----------------------------------------#
26-31-05-47 [Step  74] logΨ: mean=-120.971-0.008j | min=-126.994-0.176j | max=-120.652+0.703j
26-31-05-47 梯度监控 | raw=8.3501 | natural=0.2100 | clipped=0.2100(上限20.0)
26-31-05-47 原始规范坐标 G(Re Σrow_mean) = +25.7474 | 累计|g| = 82.0920
26-31-05-47 Ψ矩阵条件数 cond(Ψ) = 4.61e+01
26-31-05-47 Loss=-30.851834 | E0=-7.80495867+0.00133890j | E1=-7.71253387+0.00007490j|E2=-7.68131321-0.00083339j|E3=-7.65302837+0.00039655j
26-31-05-47 #-----------------------------------------#
26-31-05-47 [Step  75] logΨ: mean=-120.795+0.219j | min=-125.186-0.124j | max=-120.530+0.666j
26-31-05-47 梯度监控 | raw=9.2859 | natural=0.1095 | clipped=0.1095(上限20.0)
26-31-05-47 原始规范坐标 G(Re Σrow_mean) = +25.8621 | 累计|g| = 82.0920
26-31-05-47 Ψ矩阵条件数 cond(Ψ) = 4.58e+01
26-31-05-47 Loss=-30.860924 | E0=-7.80536224+0.00084249j | E1=-7.71394533-0.00269567j|E2=-7.68331188+0.00047129j|E3=-7.65830443+0.00049424j
26-31-05-47 #-----------------------------------------#
26-31-05-47 [Step  76] logΨ: mean=-120.677+0.020j | min=-125.598+1.949j | max=-120.402+0.616j
26-31-05-47 梯度监控 | raw=9.0672 | natural=0.0655 | clipped=0.0655(上限20.0)
26-31-05-47 原始规范坐标 G(Re Σrow_mean) = +25.8588 | 累计|g| = 82.0920
26-31-05-47 Ψ矩阵条件数 cond(Ψ) = 4.50e+01
26-31-05-47 Loss=-30.858927 | E0=-7.80549011+0.00017229j | E1=-7.71206622-0.00021318j|E2=-7.68255228-0.00008019j|E3=-7.65881805-0.00012628j
26-31-05-47 #-----------------------------------------#
26-31-05-47 [Step  77] logΨ: mean=-120.657-0.043j | min=-125.355+0.748j | max=-120.373+0.576j
26-31-05-47 梯度监控 | raw=9.1612 | natural=0.0153 | clipped=0.0153(上限20.0)
26-31-05-47 原始规范坐标 G(Re Σrow_mean) = +25.8378 | 累计|g| = 82.0920
26-31-05-47 Ψ矩阵条件数 cond(Ψ) = 4.46e+01
26-31-05-47 Loss=-30.863047 | E0=-7.80692011-0.00148079j | E1=-7.71173916+0.00030495j|E2=-7.68526980-0.00003088j|E3=-7.65911746+0.00009731j
26-31-05-47 #-----------------------------------------#
26-31-05-47 [Step  78] logΨ: mean=-120.576-0.195j | min=-123.946+2.175j | max=-120.330+0.540j
26-31-05-47 梯度监控 | raw=9.4505 | natural=0.0165 | clipped=0.0165(上限20.0)
26-31-05-47 原始规范坐标 G(Re Σrow_mean) = +25.8672 | 累计|g| = 82.0920
26-31-05-47 Ψ矩阵条件数 cond(Ψ) = 3.25e+02
26-31-05-47 Loss=-30.866135 | E0=-7.80807040-0.00065461j | E1=-7.71364919-0.00019403j|E2=-7.68485809-0.00141320j|E3=-7.65955714+0.00118870j
26-31-05-47 #-----------------------------------------#
26-31-05-47 [Step  79] logΨ: mean=-120.048-0.195j | min=-126.055-1.915j | max=-119.727+0.265j
26-31-05-47 梯度监控 | raw=8.7700 | natural=0.2193 | clipped=0.2193(上限20.0)
26-31-05-47 原始规范坐标 G(Re Σrow_mean) = +26.2202 | 累计|g| = 82.0920
26-31-05-47 Ψ矩阵条件数 cond(Ψ) = 4.89e+01
26-31-05-47 Loss=-30.847148 | E0=-7.81395951+0.00269841j | E1=-7.70962664-0.00139735j|E2=-7.68210969+0.00261553j|E3=-7.64145226-0.00191508j
26-31-05-47 #-----------------------------------------#
26-31-05-47 [保存] Step 79 → pickle 文件已更新 (80 条记录)
26-31-05-47 [GaugeReset@80] 吸收 Δg = Σ Re(col_mean) = +26.2202 | 新|g| = 95.7901
26-31-05-47 [Step  80] logΨ: mean=-145.939+0.557j | min=-151.488+0.637j | max=-145.659+2.651j
26-31-05-47 梯度监控 | raw=12.3831 | natural=0.1281 | clipped=0.1281(上限20.0)
26-31-05-47 原始规范坐标 G(Re Σrow_mean) = +26.3742 | 累计|g| = 95.7901
26-31-05-47 Ψ矩阵条件数 cond(Ψ) = 5.84e+01
26-31-05-47 Loss=-30.861541 | E0=-7.80925984+0.00281329j | E1=-7.71139108-0.00239262j|E2=-7.68447848+0.00075548j|E3=-7.65641190-0.00210501j
26-31-05-47 #-----------------------------------------#
26-31-05-47 [Step  81] logΨ: mean=-145.899+0.490j | min=-150.862+0.057j | max=-145.649+2.625j
26-31-05-47 梯度监控 | raw=12.1455 | natural=0.0126 | clipped=0.0126(上限20.0)
26-31-05-47 原始规范坐标 G(Re Σrow_mean) = +26.3543 | 累计|g| = 95.7901
26-31-05-47 Ψ矩阵条件数 cond(Ψ) = 5.35e+01
26-31-05-47 Loss=-30.872887 | E0=-7.81093459+0.00016905j | E1=-7.71232706-0.00016279j|E2=-7.68753308+0.00018937j|E3=-7.66209193+0.00000584j
26-31-05-47 #-----------------------------------------#
26-31-05-47 [Step  82] logΨ: mean=-145.892+0.273j | min=-150.913+1.709j | max=-145.612+2.598j
26-31-05-47 梯度监控 | raw=10.8977 | natural=0.0126 | clipped=0.0126(上限20.0)
26-31-05-47 原始规范坐标 G(Re Σrow_mean) = +26.2901 | 累计|g| = 95.7901
26-31-05-47 Ψ矩阵条件数 cond(Ψ) = 2.41e+02
26-31-05-47 Loss=-30.877613 | E0=-7.81918279-0.00152095j | E1=-7.71062945+0.00154869j|E2=-7.68634356-0.00076856j|E3=-7.66145690+0.00069560j
26-31-05-47 #-----------------------------------------#
26-31-05-47 [Step  83] logΨ: mean=-145.828+0.353j | min=-150.647+2.614j | max=-145.572+2.569j
26-31-05-47 梯度监控 | raw=11.8437 | natural=0.0122 | clipped=0.0122(上限20.0)
26-31-05-47 原始规范坐标 G(Re Σrow_mean) = +26.3097 | 累计|g| = 95.7901
26-31-05-47 Ψ矩阵条件数 cond(Ψ) = 3.98e+01
26-31-05-47 Loss=-30.880062 | E0=-7.81729323+0.00074680j | E1=-7.71478890+0.00059056j|E2=-7.68653440-0.00043253j|E3=-7.66144592-0.00083164j
26-31-05-47 #-----------------------------------------#
26-31-05-47 [Step  84] logΨ: mean=-145.318-0.549j | min=-152.627+2.353j | max=-145.096+0.165j
26-31-05-47 梯度监控 | raw=14.6518 | natural=0.1635 | clipped=0.1635(上限20.0)
26-31-05-47 原始规范坐标 G(Re Σrow_mean) = +26.4248 | 累计|g| = 95.7901
26-31-05-47 Ψ矩阵条件数 cond(Ψ) = 3.42e+01
26-31-05-47 Loss=-30.866840 | E0=-7.81224252-0.00012812j | E1=-7.71267740-0.00287378j|E2=-7.68461337+0.00101756j|E3=-7.65730661-0.00089735j
26-31-05-47 #-----------------------------------------#
26-31-05-47 [Step  85] logΨ: mean=-145.138-0.535j | min=-150.973-0.218j | max=-144.900+0.141j
26-31-05-47 梯度监控 | raw=13.2993 | natural=0.0632 | clipped=0.0632(上限20.0)
26-31-05-47 原始规范坐标 G(Re Σrow_mean) = +26.4606 | 累计|g| = 95.7901
26-31-05-47 Ψ矩阵条件数 cond(Ψ) = 4.13e+01
26-31-05-47 Loss=-30.881608 | E0=-7.81893893+0.00009691j | E1=-7.71357501+0.00041952j|E2=-7.68779420-0.00126488j|E3=-7.66130011-0.00059127j
26-31-05-47 #-----------------------------------------#
26-31-05-47 [Step  86] logΨ: mean=-145.087-0.502j | min=-150.866-1.128j | max=-144.856+0.109j
26-31-05-47 梯度监控 | raw=13.1354 | natural=0.0126 | clipped=0.0126(上限20.0)
26-31-05-47 原始规范坐标 G(Re Σrow_mean) = +26.4262 | 累计|g| = 95.7901
26-31-05-47 Ψ矩阵条件数 cond(Ψ) = 4.29e+02
26-31-05-47 Loss=-30.883830 | E0=-7.82109971-0.00039899j | E1=-7.71374223-0.00025133j|E2=-7.68817053-0.00111381j|E3=-7.66081757+0.00052863j
26-31-05-47 #-----------------------------------------#
26-31-05-47 [Step  87] logΨ: mean=-144.793-0.440j | min=-150.156+1.411j | max=-144.606+0.246j
26-31-05-47 梯度监控 | raw=13.8595 | natural=0.0504 | clipped=0.0504(上限20.0)
26-31-05-47 原始规范坐标 G(Re Σrow_mean) = +26.6436 | 累计|g| = 95.7901
26-31-05-47 Ψ矩阵条件数 cond(Ψ) = 4.78e+02
26-31-05-47 Loss=-30.884072 | E0=-7.81954808-0.00063054j | E1=-7.71550360-0.00019460j|E2=-7.68787743+0.00014672j|E3=-7.66114312+0.00061294j
26-31-05-47 #-----------------------------------------#
26-31-05-47 [Step  88] logΨ: mean=-144.733-0.455j | min=-150.363-1.452j | max=-144.557+0.220j
26-31-05-47 梯度监控 | raw=14.3091 | natural=0.0261 | clipped=0.0261(上限20.0)
26-31-05-47 原始规范坐标 G(Re Σrow_mean) = +26.6328 | 累计|g| = 95.7901
26-31-05-47 Ψ矩阵条件数 cond(Ψ) = 4.46e+02
26-31-05-47 Loss=-30.888727 | E0=-7.82451038-0.00048555j | E1=-7.71560734+0.00000090j|E2=-7.68691003-0.00035214j|E3=-7.66169919+0.00036579j
26-31-05-47 #-----------------------------------------#
26-31-05-47 [Step  89] logΨ: mean=-144.727-0.583j | min=-148.470+2.199j | max=-144.519+2.339j
26-31-05-47 梯度监控 | raw=14.6568 | natural=0.0112 | clipped=0.0112(上限20.0)
26-31-05-47 原始规范坐标 G(Re Σrow_mean) = +26.5938 | 累计|g| = 95.7901
26-31-05-47 Ψ矩阵条件数 cond(Ψ) = 3.05e+01
26-31-05-47 Loss=-30.889129 | E0=-7.82220353-0.00013293j | E1=-7.71498905+0.00046758j|E2=-7.68755374-0.00057610j|E3=-7.66438260+0.00060215j
26-31-05-47 #-----------------------------------------#
26-31-05-47 [GaugeReset@90] 吸收 Δg = Σ Re(col_mean) = +26.5938 | 新|g| = 109.6162
26-31-05-47 [Step  90] logΨ: mean=-171.186+0.319j | min=-174.474-0.862j | max=-171.061+1.636j
26-31-05-47 梯度监控 | raw=15.1651 | natural=0.0080 | clipped=0.0080(上限20.0)
26-31-05-47 原始规范坐标 G(Re Σrow_mean) = +26.6580 | 累计|g| = 109.6162
26-31-05-47 Ψ矩阵条件数 cond(Ψ) = 7.36e+02
26-31-05-47 Loss=-30.888580 | E0=-7.82423965+0.00011197j | E1=-7.71602496-0.00002589j|E2=-7.68775351+0.00088481j|E3=-7.66056197-0.00179959j
26-31-05-47 #-----------------------------------------#
26-31-05-47 [Step  91] logΨ: mean=-170.951-0.095j | min=-176.127+2.581j | max=-170.779+1.745j
26-31-05-47 梯度监控 | raw=13.2458 | natural=0.0463 | clipped=0.0463(上限20.0)
26-31-05-47 原始规范坐标 G(Re Σrow_mean) = +26.7341 | 累计|g| = 109.6162
26-31-05-47 Ψ矩阵条件数 cond(Ψ) = 5.11e+02
26-31-05-47 Loss=-30.891459 | E0=-7.82739454-0.00045138j | E1=-7.71566178+0.00057590j|E2=-7.68665043-0.00053813j|E3=-7.66175228+0.00091838j
26-31-05-47 #-----------------------------------------#
26-31-05-47 [Step  92] logΨ: mean=-170.934+0.381j | min=-175.926+2.717j | max=-170.734+1.700j
26-31-05-47 梯度监控 | raw=16.2248 | natural=0.0110 | clipped=0.0110(上限20.0)
26-31-05-47 原始规范坐标 G(Re Σrow_mean) = +26.7418 | 累计|g| = 109.6162
26-31-05-47 Ψ矩阵条件数 cond(Ψ) = 6.75e+01
26-31-05-47 Loss=-30.889518 | E0=-7.82244276-0.00054755j | E1=-7.71437997+0.00055661j|E2=-7.68778070+0.00035673j|E3=-7.66491411-0.00008318j
26-31-05-47 #-----------------------------------------#
26-31-05-47 [Step  93] logΨ: mean=-170.875+0.378j | min=-175.338-0.712j | max=-170.688+1.662j
26-31-05-47 梯度监控 | raw=15.7404 | natural=0.0094 | clipped=0.0094(上限20.0)
26-31-05-47 原始规范坐标 G(Re Σrow_mean) = +26.7228 | 累计|g| = 109.6162
26-31-05-47 Ψ矩阵条件数 cond(Ψ) = 5.31e+02
26-31-05-47 Loss=-30.892286 | E0=-7.82519755-0.00005948j | E1=-7.71544698+0.00068598j|E2=-7.68847945+0.00048445j|E3=-7.66316240-0.00090130j
26-31-05-47 #-----------------------------------------#
26-31-05-47 [Step  94] logΨ: mean=-170.804+0.181j | min=-176.005+2.776j | max=-170.605+1.617j
26-31-05-47 梯度监控 | raw=15.5549 | natural=0.0106 | clipped=0.0106(上限20.0)
26-31-05-47 原始规范坐标 G(Re Σrow_mean) = +26.7321 | 累计|g| = 109.6162
26-31-05-47 Ψ矩阵条件数 cond(Ψ) = 6.72e+01
26-31-05-47 Loss=-30.894221 | E0=-7.82610823+0.00021257j | E1=-7.71543933+0.00030510j|E2=-7.68839503-0.00038571j|E3=-7.66427874+0.00047412j
26-31-05-47 #-----------------------------------------#
26-31-05-47 [Step  95] logΨ: mean=-170.732+0.261j | min=-174.830-1.267j | max=-170.536+1.563j
26-31-05-47 梯度监控 | raw=14.4842 | natural=0.0088 | clipped=0.0088(上限20.0)
26-31-05-47 原始规范坐标 G(Re Σrow_mean) = +26.7414 | 累计|g| = 109.6162
26-31-05-47 Ψ矩阵条件数 cond(Ψ) = 8.43e+02
26-31-05-47 Loss=-30.897550 | E0=-7.83106841+0.00004202j | E1=-7.71490309-0.00113248j|E2=-7.68823024+0.00010486j|E3=-7.66334862+0.00022110j
26-31-05-47 #-----------------------------------------#
26-31-05-47 [Step  96] logΨ: mean=-170.685+0.263j | min=-174.796+1.935j | max=-170.447+1.511j
26-31-05-47 梯度监控 | raw=16.2022 | natural=0.0089 | clipped=0.0089(上限20.0)
26-31-05-47 原始规范坐标 G(Re Σrow_mean) = +26.7622 | 累计|g| = 109.6162
26-31-05-47 Ψ矩阵条件数 cond(Ψ) = 3.39e+01
26-31-05-47 Loss=-30.893956 | E0=-7.82770478+0.00049670j | E1=-7.71488400-0.00053256j|E2=-7.68730427+0.00059655j|E3=-7.66406265-0.00017982j
26-31-05-47 #-----------------------------------------#
26-31-05-47 [Step  97] logΨ: mean=-170.315-0.370j | min=-176.546+2.700j | max=-170.123+2.348j
26-31-05-47 梯度监控 | raw=18.9366 | natural=0.1500 | clipped=0.1500(上限20.0)
26-31-05-47 原始规范坐标 G(Re Σrow_mean) = +26.9469 | 累计|g| = 109.6162
26-31-05-47 Ψ矩阵条件数 cond(Ψ) = 4.97e+01
26-31-05-47 Loss=-30.892797 | E0=-7.82822719-0.00026265j | E1=-7.71549218-0.00017806j|E2=-7.68913669+0.00116623j|E3=-7.65994054+0.00104122j
26-31-05-47 #-----------------------------------------#
26-31-05-47 [Step  98] logΨ: mean=-169.851-0.313j | min=-176.614+2.646j | max=-169.662+2.354j
26-31-05-47 梯度监控 | raw=11.2939 | natural=0.0723 | clipped=0.0723(上限20.0)
26-31-05-47 原始规范坐标 G(Re Σrow_mean) = +27.0829 | 累计|g| = 109.6162
26-31-05-47 Ψ矩阵条件数 cond(Ψ) = 3.42e+01
26-31-05-47 Loss=-30.893620 | E0=-7.83300629+0.00005014j | E1=-7.71530227-0.00053858j|E2=-7.68572164-0.00188246j|E3=-7.65958944+0.00096754j
26-31-05-47 #-----------------------------------------#
26-31-05-47 [Step  99] logΨ: mean=-169.394+0.383j | min=-175.873+0.594j | max=-169.213+1.665j
26-31-05-47 梯度监控 | raw=13.7888 | natural=0.1558 | clipped=0.1558(上限20.0)
26-31-05-47 原始规范坐标 G(Re Σrow_mean) = +27.0558 | 累计|g| = 109.6162
26-31-05-47 Ψ矩阵条件数 cond(Ψ) = 6.28e+01
26-31-05-47 Loss=-30.899321 | E0=-7.83522142-0.00003226j | E1=-7.71685393-0.00166728j|E2=-7.68693170-0.00098798j|E3=-7.66031399-0.00068161j
26-31-05-47 #-----------------------------------------#
26-31-05-47 [保存] Step 99 → pickle 文件已更新 (100 条记录)
26-31-05-47 [GaugeReset@100] 吸收 Δg = Σ Re(col_mean) = +27.0558 | 新|g| = 123.6269
26-31-05-47 [Step 100] logΨ: mean=-196.529+0.474j | min=-200.746+1.118j | max=-196.284+1.088j
26-31-05-47 梯度监控 | raw=15.9126 | natural=0.0093 | clipped=0.0093(上限20.0)
26-31-05-47 原始规范坐标 G(Re Σrow_mean) = +27.0309 | 累计|g| = 123.6269
26-31-05-47 Ψ矩阵条件数 cond(Ψ) = 3.44e+02
26-31-05-47 Loss=-30.902666 | E0=-7.83453696+0.00022304j | E1=-7.71570260+0.00010267j|E2=-7.68836991+0.00067494j|E3=-7.66405671-0.00112524j
26-31-05-47 #-----------------------------------------#
26-31-05-47 [Step 101] logΨ: mean=-196.525+0.545j | min=-200.488+0.204j | max=-196.257+1.049j
26-31-05-47 梯度监控 | raw=17.1046 | natural=0.0096 | clipped=0.0096(上限20.0)
26-31-05-47 原始规范坐标 G(Re Σrow_mean) = +26.9981 | 累计|g| = 123.6269
26-31-05-47 Ψ矩阵条件数 cond(Ψ) = 6.95e+01
26-31-05-47 Loss=-30.901367 | E0=-7.83188697+0.00130893j | E1=-7.71509020+0.00049758j|E2=-7.68962222+0.00032479j|E3=-7.66476779-0.00078113j
26-31-05-47 #-----------------------------------------#
26-31-05-47 [Step 102] logΨ: mean=-196.494+0.185j | min=-200.385+2.919j | max=-196.240+1.026j
26-31-05-47 梯度监控 | raw=15.1175 | natural=0.0083 | clipped=0.0083(上限20.0)
26-31-05-47 原始规范坐标 G(Re Σrow_mean) = +27.0043 | 累计|g| = 123.6269
26-31-05-47 Ψ矩阵条件数 cond(Ψ) = 6.95e+01
26-31-05-47 Loss=-30.907129 | E0=-7.83711783-0.00013902j | E1=-7.71554214-0.00043213j|E2=-7.69004845+0.00019343j|E3=-7.66442035+0.00080463j
26-31-05-47 #-----------------------------------------#
26-31-05-47 [Step 103] logΨ: mean=-196.535-0.110j | min=-202.193-1.685j | max=-196.295+1.232j
26-31-05-47 梯度监控 | raw=14.7596 | natural=0.0823 | clipped=0.0823(上限20.0)
26-31-05-47 原始规范坐标 G(Re Σrow_mean) = +27.0081 | 累计|g| = 123.6269
26-31-05-47 Ψ矩阵条件数 cond(Ψ) = 3.66e+01
26-31-05-47 Loss=-30.911652 | E0=-7.83907615-0.00031317j | E1=-7.71618654+0.00099440j|E2=-7.68987224-0.00052046j|E3=-7.66651705+0.00031852j
26-31-05-47 #-----------------------------------------#
26-31-05-47 [Step 104] logΨ: mean=-196.530-0.301j | min=-199.780+0.955j | max=-196.254+1.230j
26-31-05-47 梯度监控 | raw=137.0239 | natural=0.0080 | clipped=0.0080(上限20.0)
26-31-05-47 原始规范坐标 G(Re Σrow_mean) = +27.1293 | 累计|g| = 123.6269
26-31-05-47 Ψ矩阵条件数 cond(Ψ) = 7.09e+02
26-31-05-47 Loss=-30.859888 | E0=-7.78987996+0.00160136j | E1=-7.71654440+0.00007018j|E2=-7.68799376+0.00063606j|E3=-7.66546962+0.00041114j
26-31-05-47 #-----------------------------------------#
26-31-05-47 [Step 105] logΨ: mean=-196.461-0.084j | min=-200.860-0.080j | max=-196.211+1.210j
26-31-05-47 梯度监控 | raw=98.0090 | natural=0.0085 | clipped=0.0085(上限20.0)
26-31-05-47 原始规范坐标 G(Re Σrow_mean) = +27.0765 | 累计|g| = 123.6269
26-31-05-47 Ψ矩阵条件数 cond(Ψ) = 3.60e+01
26-31-05-47 Loss=-30.881465 | E0=-7.81071953+0.00217698j | E1=-7.71570732+0.00094255j|E2=-7.68945514+0.00158810j|E3=-7.66558273-0.00160133j
26-31-05-47 #-----------------------------------------#
26-31-05-47 [Step 106] logΨ: mean=-196.117-0.065j | min=-201.723-0.065j | max=-195.797+1.247j
26-31-05-47 梯度监控 | raw=181.7994 | natural=0.0429 | clipped=0.0429(上限20.0)
26-31-05-47 原始规范坐标 G(Re Σrow_mean) = +27.2671 | 累计|g| = 123.6269
26-31-05-47 Ψ矩阵条件数 cond(Ψ) = 3.59e+01
26-31-05-47 Loss=-30.830062 | E0=-7.76128251+0.00044014j | E1=-7.71758408+0.00015397j|E2=-7.68833636+0.00151480j|E3=-7.66285866-0.00209791j
26-31-05-47 #-----------------------------------------#
26-31-05-47 [Step 107] logΨ: mean=-196.084-0.144j | min=-200.292+2.337j | max=-195.770+1.237j
26-31-05-47 梯度监控 | raw=162.9210 | natural=0.0075 | clipped=0.0075(上限20.0)
26-31-05-47 原始规范坐标 G(Re Σrow_mean) = +27.3304 | 累计|g| = 123.6269
26-31-05-47 Ψ矩阵条件数 cond(Ψ) = 4.30e+01
26-31-05-47 Loss=-30.844225 | E0=-7.77295325-0.00034518j | E1=-7.71614876-0.00062912j|E2=-7.68898006+0.00007696j|E3=-7.66614272+0.00032196j
26-31-05-47 #-----------------------------------------#
26-31-05-47 [Step 108] logΨ: mean=-196.065-0.045j | min=-199.913-0.062j | max=-195.741+0.104j
26-31-05-47 梯度监控 | raw=139.1310 | natural=0.0082 | clipped=0.0082(上限20.0)
26-31-05-47 原始规范坐标 G(Re Σrow_mean) = +27.2893 | 累计|g| = 123.6269
26-31-05-47 Ψ矩阵条件数 cond(Ψ) = 1.64e+03
26-31-05-47 Loss=-30.858848 | E0=-7.78922906-0.00028037j | E1=-7.71541862-0.00035433j|E2=-7.68860641+0.00043896j|E3=-7.66559441+0.00051172j
26-31-05-47 #-----------------------------------------#
26-31-05-47 [Step 109] logΨ: mean=-196.052-0.139j | min=-201.454+0.317j | max=-195.698+0.092j
26-31-05-47 梯度监控 | raw=155.7210 | natural=0.0076 | clipped=0.0076(上限20.0)
26-31-05-47 原始规范坐标 G(Re Σrow_mean) = +27.2507 | 累计|g| = 123.6269
26-31-05-47 Ψ矩阵条件数 cond(Ψ) = 3.08e+02
26-31-05-47 Loss=-30.852572 | E0=-7.78194877-0.00126120j | E1=-7.71560302-0.00040374j|E2=-7.68864263-0.00035167j|E3=-7.66637718+0.00141560j
26-31-05-47 #-----------------------------------------#
26-31-05-47 [GaugeReset@110] 吸收 Δg = Σ Re(col_mean) = +27.2507 | 新|g| = 137.7521
26-31-05-47 [Step 110] logΨ: mean=-223.213+0.044j | min=-226.866+0.172j | max=-222.913+2.543j
26-31-05-47 梯度监控 | raw=104.5613 | natural=0.0059 | clipped=0.0059(上限20.0)
26-31-05-47 原始规范坐标 G(Re Σrow_mean) = +27.3076 | 累计|g| = 137.7521
26-31-05-47 Ψ矩阵条件数 cond(Ψ) = 2.29e+03
26-31-05-47 Loss=-30.874815 | E0=-7.80339081+0.00030936j | E1=-7.71630457-0.00050274j|E2=-7.68940889-0.00002049j|E3=-7.66571060+0.00005710j
26-31-05-47 #-----------------------------------------#
26-31-05-47 [Step 111] logΨ: mean=-223.239-0.256j | min=-227.553-1.652j | max=-222.863+2.529j
26-31-05-47 梯度监控 | raw=156.8557 | natural=0.0068 | clipped=0.0068(上限20.0)
26-31-05-47 原始规范坐标 G(Re Σrow_mean) = +27.2968 | 累计|g| = 137.7521
26-31-05-47 Ψ矩阵条件数 cond(Ψ) = 3.78e+01
26-31-05-47 Loss=-30.850938 | E0=-7.77967580-0.00253326j | E1=-7.71528348-0.00062906j|E2=-7.68884846-0.00109243j|E3=-7.66713045+0.00194594j
26-31-05-47 #-----------------------------------------#
26-31-05-47 [Step 112] logΨ: mean=-223.106-0.125j | min=-226.945+0.150j | max=-222.834+2.514j
26-31-05-47 梯度监控 | raw=83.1742 | natural=0.0058 | clipped=0.0058(上限20.0)
26-31-05-47 原始规范坐标 G(Re Σrow_mean) = +27.2683 | 累计|g| = 137.7521
26-31-05-47 Ψ矩阵条件数 cond(Ψ) = 3.27e+01
26-31-05-47 Loss=-30.885129 | E0=-7.81102429+0.00052987j | E1=-7.71646255+0.00025235j|E2=-7.69003797+0.00001975j|E3=-7.66760428+0.00021787j
26-31-05-47 #-----------------------------------------#
26-31-05-47 [Step 113] logΨ: mean=-223.141-0.224j | min=-227.016+2.747j | max=-222.773+2.492j
26-31-05-47 梯度监控 | raw=106.4375 | natural=0.0064 | clipped=0.0064(上限20.0)
26-31-05-47 原始规范坐标 G(Re Σrow_mean) = +27.2564 | 累计|g| = 137.7521
26-31-05-47 Ψ矩阵条件数 cond(Ψ) = 4.58e+01
26-31-05-47 Loss=-30.875286 | E0=-7.80316308-0.00135131j | E1=-7.71626440-0.00082499j|E2=-7.68916102+0.00019636j|E3=-7.66669736+0.00153633j
26-31-05-47 #-----------------------------------------#
26-31-05-47 [Step 114] logΨ: mean=-222.980-0.286j | min=-227.765-0.415j | max=-222.730+2.478j
26-31-05-47 梯度监控 | raw=29.6345 | natural=0.0053 | clipped=0.0053(上限20.0)
26-31-05-47 原始规范坐标 G(Re Σrow_mean) = +27.3075 | 累计|g| = 137.7521
26-31-05-47 Ψ矩阵条件数 cond(Ψ) = 3.72e+01
26-31-05-47 Loss=-30.910288 | E0=-7.83733860+0.00212204j | E1=-7.71631196-0.00079797j|E2=-7.68939312-0.00060814j|E3=-7.66724436+0.00143375j
26-31-05-47 #-----------------------------------------#
26-31-05-47 [Step 115] logΨ: mean=-222.971-0.116j | min=-226.438+2.039j | max=-222.666+2.456j
26-31-05-47 梯度监控 | raw=88.0464 | natural=0.0054 | clipped=0.0054(上限20.0)
26-31-05-47 原始规范坐标 G(Re Σrow_mean) = +27.2648 | 累计|g| = 137.7521
26-31-05-47 Ψ矩阵条件数 cond(Ψ) = 1.02e+03
26-31-05-47 Loss=-30.887979 | E0=-7.81347335-0.00094768j | E1=-7.71620625+0.00029131j|E2=-7.69038899+0.00052981j|E3=-7.66791048-0.00086107j
26-31-05-47 #-----------------------------------------#
26-31-05-47 [Step 116] logΨ: mean=-222.869-0.240j | min=-226.397+2.045j | max=-222.600+2.461j
26-31-05-47 梯度监控 | raw=32.9888 | natural=0.0045 | clipped=0.0045(上限20.0)
26-31-05-47 原始规范坐标 G(Re Σrow_mean) = +27.2797 | 累计|g| = 137.7521
26-31-05-47 Ψ矩阵条件数 cond(Ψ) = 8.82e+02
26-31-05-47 Loss=-30.912702 | E0=-7.83890241+0.00135687j | E1=-7.71635340-0.00029357j|E2=-7.69032660-0.00001492j|E3=-7.66711986+0.00018552j
26-31-05-47 #-----------------------------------------#
26-31-05-47 [Step 117] logΨ: mean=-222.713+0.016j | min=-229.044+1.258j | max=-222.413+2.505j
26-31-05-47 梯度监控 | raw=54.0571 | natural=0.0329 | clipped=0.0329(上限20.0)
26-31-05-47 原始规范坐标 G(Re Σrow_mean) = +27.3011 | 累计|g| = 137.7521
26-31-05-47 Ψ矩阵条件数 cond(Ψ) = 3.67e+01
26-31-05-47 Loss=-30.901265 | E0=-7.83120700+0.00066066j | E1=-7.71665189+0.00101520j|E2=-7.68887210+0.00196389j|E3=-7.66453374-0.00286798j
26-31-05-47 #-----------------------------------------#
26-31-05-47 [Step 118] logΨ: mean=-222.668-0.303j | min=-227.219+0.358j | max=-222.358+2.476j
26-31-05-47 梯度监控 | raw=46.9409 | natural=0.0064 | clipped=0.0064(上限20.0)
26-31-05-47 原始规范坐标 G(Re Σrow_mean) = +27.3266 | 累计|g| = 137.7521
26-31-05-47 Ψ矩阵条件数 cond(Ψ) = 4.49e+01
26-31-05-47 Loss=-30.907174 | E0=-7.83319273+0.00011957j | E1=-7.71627673+0.00012860j|E2=-7.68997124-0.00053822j|E3=-7.66773303+0.00166331j
26-31-05-47 #-----------------------------------------#
26-31-05-47 [Step 119] logΨ: mean=-222.626-0.134j | min=-227.260-1.556j | max=-222.292+2.458j
26-31-05-47 梯度监控 | raw=53.3205 | natural=0.0054 | clipped=0.0054(上限20.0)
26-31-05-47 原始规范坐标 G(Re Σrow_mean) = +27.3062 | 累计|g| = 137.7521
26-31-05-47 Ψ矩阵条件数 cond(Ψ) = 7.71e+01
26-31-05-47 Loss=-30.904390 | E0=-7.82966626-0.00042170j | E1=-7.71630730+0.00102294j|E2=-7.69056367+0.00022812j|E3=-7.66785272-0.00061873j
26-31-05-47 #-----------------------------------------#
26-31-05-47 [保存] Step 119 → pickle 文件已更新 (120 条记录)
26-31-05-47 [GaugeReset@120] 吸收 Δg = Σ Re(col_mean) = +27.3062 | 新|g| = 151.9037
26-31-05-47 [Step 120] logΨ: mean=-249.804+0.365j | min=-253.858-1.110j | max=-249.576+1.783j
26-31-05-47 梯度监控 | raw=16.7900 | natural=0.0043 | clipped=0.0043(上限20.0)
26-31-05-47 原始规范坐标 G(Re Σrow_mean) = +27.3489 | 累计|g| = 151.9037
26-31-05-47 Ψ矩阵条件数 cond(Ψ) = 2.89e+02
26-31-05-47 Loss=-30.925202 | E0=-7.85076520+0.00156975j | E1=-7.71647990+0.00044945j|E2=-7.69049739+0.00059334j|E3=-7.66745968-0.00155034j
26-31-05-47 #-----------------------------------------#
26-31-05-47 [Step 121] logΨ: mean=-249.901+0.546j | min=-254.079-1.555j | max=-249.531+1.755j
26-31-05-47 梯度监控 | raw=74.6783 | natural=0.0050 | clipped=0.0050(上限20.0)
26-31-05-47 原始规范坐标 G(Re Σrow_mean) = +27.4568 | 累计|g| = 151.9037
26-31-05-47 Ψ矩阵条件数 cond(Ψ) = 3.88e+01
26-31-05-47 Loss=-30.892010 | E0=-7.81947202-0.00250573j | E1=-7.71624377-0.00161890j|E2=-7.68958229-0.00049221j|E3=-7.66671240+0.00195311j
26-31-05-47 #-----------------------------------------#
26-31-05-47 [Step 122] logΨ: mean=-249.559+0.520j | min=-255.060-2.596j | max=-249.262+1.948j
26-31-05-47 梯度监控 | raw=37.1124 | natural=0.0457 | clipped=0.0457(上限20.0)
26-31-05-47 原始规范坐标 G(Re Σrow_mean) = +27.4763 | 累计|g| = 151.9037
26-31-05-47 Ψ矩阵条件数 cond(Ψ) = 3.91e+01
26-31-05-47 Loss=-30.910661 | E0=-7.83612459-0.00002067j | E1=-7.71669631+0.00095536j|E2=-7.68993051-0.00011028j|E3=-7.66790924-0.00091800j
26-31-05-47 #-----------------------------------------#
26-31-05-47 [Step 123] logΨ: mean=-249.504+0.422j | min=-252.798-2.440j | max=-249.226+1.945j
26-31-05-47 梯度监控 | raw=27.3553 | natural=0.0046 | clipped=0.0046(上限20.0)
26-31-05-47 原始规范坐标 G(Re Σrow_mean) = +27.4922 | 累计|g| = 151.9037
26-31-05-47 Ψ矩阵条件数 cond(Ψ) = 8.37e+01
26-31-05-47 Loss=-30.917063 | E0=-7.84375618+0.00029913j | E1=-7.71649174+0.00083069j|E2=-7.69025274+0.00043783j|E3=-7.66656207-0.00160953j
26-31-05-47 #-----------------------------------------#
26-31-05-47 [Step 124] logΨ: mean=-249.496+0.570j | min=-253.936-0.980j | max=-249.179+1.929j
26-31-05-47 梯度监控 | raw=49.7676 | natural=0.0057 | clipped=0.0057(上限20.0)
26-31-05-47 原始规范坐标 G(Re Σrow_mean) = +27.5945 | 累计|g| = 151.9037
26-31-05-47 Ψ矩阵条件数 cond(Ψ) = 8.37e+01
26-31-05-47 Loss=-30.907041 | E0=-7.83447668-0.00164453j | E1=-7.71644711-0.00071496j|E2=-7.68935234+0.00084584j|E3=-7.66676509-0.00178951j
26-31-05-47 #-----------------------------------------#
26-31-05-47 [Step 125] logΨ: mean=-249.152-0.162j | min=-255.136-2.818j | max=-248.804+2.162j
26-31-05-47 梯度监控 | raw=45.9735 | natural=0.0179 | clipped=0.0179(上限20.0)
26-31-05-47 原始规范坐标 G(Re Σrow_mean) = +27.7615 | 累计|g| = 151.9037
26-31-05-47 Ψ矩阵条件数 cond(Ψ) = 3.68e+02
26-31-05-47 Loss=-30.908887 | E0=-7.83548994-0.00164680j | E1=-7.71637227-0.00089824j|E2=-7.68975673+0.00014461j|E3=-7.66726775+0.00061675j
26-31-05-47 #-----------------------------------------#
26-31-05-47 [Step 126] logΨ: mean=-249.048-0.316j | min=-256.263+0.102j | max=-248.713+2.408j
26-31-05-47 梯度监控 | raw=22.7183 | natural=0.0517 | clipped=0.0517(上限20.0)
26-31-05-47 原始规范坐标 G(Re Σrow_mean) = +27.7781 | 累计|g| = 151.9037
26-31-05-47 Ψ矩阵条件数 cond(Ψ) = 2.56e+02
26-31-05-47 Loss=-30.918774 | E0=-7.84709082+0.00040436j | E1=-7.71638712-0.00059466j|E2=-7.68891350+0.00192766j|E3=-7.66638264+0.00068765j
26-31-05-47 #-----------------------------------------#
26-31-05-47 [Step 127] logΨ: mean=-250.353-0.081j | min=-256.631-2.295j | max=-250.043+2.203j
26-31-05-47 梯度监控 | raw=18.5315 | natural=0.0719 | clipped=0.0719(上限20.0)
26-31-05-47 原始规范坐标 G(Re Σrow_mean) = +27.1152 | 累计|g| = 151.9037
26-31-05-47 Ψ矩阵条件数 cond(Ψ) = 5.37e+01
26-31-05-47 Loss=-30.918544 | E0=-7.84700406+0.00112226j | E1=-7.71734338+0.00085131j|E2=-7.68813103-0.00234536j|E3=-7.66606505+0.00013799j
26-31-05-47 #-----------------------------------------#
26-31-05-47 [Step 128] logΨ: mean=-250.342-0.008j | min=-255.157-0.299j | max=-250.034+2.171j
26-31-05-47 梯度监控 | raw=15.8464 | natural=0.0068 | clipped=0.0068(上限20.0)
26-31-05-47 原始规范坐标 G(Re Σrow_mean) = +27.1096 | 累计|g| = 151.9037
26-31-05-47 Ψ矩阵条件数 cond(Ψ) = 8.72e+01
26-31-05-47 Loss=-30.923365 | E0=-7.84762819+0.00084397j | E1=-7.71645326-0.00074345j|E2=-7.69001520-0.00008458j|E3=-7.66926808+0.00091734j
26-31-05-47 #-----------------------------------------#
26-31-05-47 [Step 129] logΨ: mean=-250.300+0.047j | min=-254.393-1.633j | max=-250.011+2.141j
26-31-05-47 梯度监控 | raw=21.2566 | natural=0.0065 | clipped=0.0065(上限20.0)
26-31-05-47 原始规范坐标 G(Re Σrow_mean) = +27.1079 | 累计|g| = 151.9037
26-31-05-47 Ψ矩阵条件数 cond(Ψ) = 2.54e+02
26-31-05-47 Loss=-30.922576 | E0=-7.84485289-0.00008915j | E1=-7.71671732+0.00000541j|E2=-7.69047484+0.00005800j|E3=-7.67053144-0.00044451j
26-31-05-47 #-----------------------------------------#
26-31-05-47 [GaugeReset@130] 吸收 Δg = Σ Re(col_mean) = +27.1079 | 新|g| = 165.9400
26-31-05-47 [Step 130] logΨ: mean=-277.399-0.010j | min=-280.640+1.629j | max=-277.117+1.392j
26-31-05-47 梯度监控 | raw=15.9098 | natural=0.0049 | clipped=0.0049(上限20.0)
26-31-05-47 原始规范坐标 G(Re Σrow_mean) = +27.1027 | 累计|g| = 165.9400
26-31-05-47 Ψ矩阵条件数 cond(Ψ) = 5.68e+01
26-31-05-47 Loss=-30.923916 | E0=-7.84782208+0.00011310j | E1=-7.71655740-0.00030778j|E2=-7.68968004-0.00126302j|E3=-7.66985677+0.00265424j
26-31-05-47 #-----------------------------------------#
26-31-05-47 [Step 131] logΨ: mean=-277.314+0.070j | min=-280.109-0.607j | max=-277.085+1.396j
26-31-05-47 梯度监控 | raw=13.6666 | natural=0.0018 | clipped=0.0018(上限20.0)
26-31-05-47 原始规范坐标 G(Re Σrow_mean) = +27.1106 | 累计|g| = 165.9400
26-31-05-47 Ψ矩阵条件数 cond(Ψ) = 4.29e+01
26-31-05-47 Loss=-30.931305 | E0=-7.85452227+0.00115078j | E1=-7.71671063+0.00013237j|E2=-7.69081728+0.00013301j|E3=-7.66925465-0.00046049j
26-31-05-47 #-----------------------------------------#
26-31-05-47 [Step 132] logΨ: mean=-277.352-0.114j | min=-280.150-2.528j | max=-277.071+1.379j
26-31-05-47 梯度监控 | raw=15.2884 | natural=0.0043 | clipped=0.0043(上限20.0)
26-31-05-47 原始规范坐标 G(Re Σrow_mean) = +27.0975 | 累计|g| = 165.9400
26-31-05-47 Ψ矩阵条件数 cond(Ψ) = 4.27e+01
26-31-05-47 Loss=-30.927665 | E0=-7.85079337+0.00082715j | E1=-7.71667607-0.00007949j|E2=-7.69102273+0.00024506j|E3=-7.66917302-0.00065141j
26-31-05-47 #-----------------------------------------#
26-31-05-47 [Step 133] logΨ: mean=-277.324-0.210j | min=-283.305+1.525j | max=-277.031+1.349j
26-31-05-47 梯度监控 | raw=17.0359 | natural=0.0058 | clipped=0.0058(上限20.0)
26-31-05-47 原始规范坐标 G(Re Σrow_mean) = +27.0720 | 累计|g| = 165.9400
26-31-05-47 Ψ矩阵条件数 cond(Ψ) = 9.33e+01
26-31-05-47 Loss=-30.928316 | E0=-7.85117459+0.00032986j | E1=-7.71689592+0.00137227j|E2=-7.69181834+0.00111473j|E3=-7.66842678-0.00373346j
26-31-05-47 #-----------------------------------------#
26-31-05-47 [Step 134] logΨ: mean=-278.456+0.467j | min=-285.140-2.274j | max=-278.198+1.904j
26-31-05-47 梯度监控 | raw=14.1693 | natural=0.0609 | clipped=0.0609(上限20.0)
26-31-05-47 原始规范坐标 G(Re Σrow_mean) = +26.4481 | 累计|g| = 165.9400
26-31-05-47 Ψ矩阵条件数 cond(Ψ) = 9.24e+01
26-31-05-47 Loss=-30.936066 | E0=-7.85466432+0.00082587j | E1=-7.71685578+0.00070240j|E2=-7.69258168+0.00089727j|E3=-7.67196390-0.00181069j
26-31-05-47 #-----------------------------------------#
26-31-05-47 [Step 135] logΨ: mean=-278.458+0.554j | min=-281.884+1.715j | max=-278.157+1.896j
26-31-05-47 梯度监控 | raw=11.9415 | natural=0.0041 | clipped=0.0041(上限20.0)
26-31-05-47 原始规范坐标 G(Re Σrow_mean) = +26.4568 | 累计|g| = 165.9400
26-31-05-47 Ψ矩阵条件数 cond(Ψ) = 3.08e+02
26-31-05-47 Loss=-30.931012 | E0=-7.85240210+0.00039036j | E1=-7.71669182-0.00076767j|E2=-7.69069536-0.00047190j|E3=-7.67122311+0.00138267j
26-31-05-47 #-----------------------------------------#
26-31-05-48 [Step 136] logΨ: mean=-278.441+0.530j | min=-282.210-2.322j | max=-278.099+1.871j
26-31-05-48 梯度监控 | raw=19.7861 | natural=0.0045 | clipped=0.0045(上限20.0)
26-31-05-48 原始规范坐标 G(Re Σrow_mean) = +26.4508 | 累计|g| = 165.9400
26-31-05-48 Ψ矩阵条件数 cond(Ψ) = 2.30e+02
26-31-05-48 Loss=-30.926211 | E0=-7.84681452-0.00213388j | E1=-7.71643160+0.00054256j|E2=-7.69133388-0.00019289j|E3=-7.67163051+0.00010158j
26-31-05-48 #-----------------------------------------#
26-31-05-48 [Step 137] logΨ: mean=-278.362+0.563j | min=-282.637+0.836j | max=-278.044+1.846j
26-31-05-48 梯度监控 | raw=13.5922 | natural=0.0049 | clipped=0.0049(上限20.0)
26-31-05-48 原始规范坐标 G(Re Σrow_mean) = +26.4927 | 累计|g| = 165.9400
26-31-05-48 Ψ矩阵条件数 cond(Ψ) = 4.32e+01
26-31-05-48 Loss=-30.929835 | E0=-7.85195891-0.00021099j | E1=-7.71670616-0.00051533j|E2=-7.69072966-0.00031599j|E3=-7.67044038+0.00105824j
26-31-05-48 #-----------------------------------------#
26-31-05-48 [Step 138] logΨ: mean=-278.337+0.487j | min=-282.652-2.332j | max=-278.061+1.829j
26-31-05-48 梯度监控 | raw=12.3154 | natural=0.0053 | clipped=0.0053(上限20.0)
26-31-05-48 原始规范坐标 G(Re Σrow_mean) = +26.5010 | 累计|g| = 165.9400
26-31-05-48 Ψ矩阵条件数 cond(Ψ) = 1.10e+02
26-31-05-48 Loss=-30.932306 | E0=-7.85545613+0.00047747j | E1=-7.71670221-0.00002978j|E2=-7.69039761-0.00004899j|E3=-7.66974973-0.00005660j
26-31-05-48 #-----------------------------------------#
26-31-05-48 [Step 139] logΨ: mean=-278.368+0.497j | min=-282.524+2.426j | max=-278.061+1.811j
26-31-05-48 梯度监控 | raw=11.9489 | natural=0.0066 | clipped=0.0066(上限20.0)
26-31-05-48 原始规范坐标 G(Re Σrow_mean) = +26.4693 | 累计|g| = 165.9400
26-31-05-48 Ψ矩阵条件数 cond(Ψ) = 2.77e+02
26-31-05-48 Loss=-30.933914 | E0=-7.85574147+0.00027051j | E1=-7.71672628-0.00032279j|E2=-7.69086089+0.00020339j|E3=-7.67058537-0.00019203j
26-31-05-48 #-----------------------------------------#
26-31-05-48 [保存] Step 139 → pickle 文件已更新 (140 条记录)
26-31-05-48 [GaugeReset@140] 吸收 Δg = Σ Re(col_mean) = +26.4693 | 新|g| = 179.7013
26-31-05-48 [Step 140] logΨ: mean=-304.762-0.307j | min=-309.771-0.438j | max=-304.490+0.725j
26-31-05-48 梯度监控 | raw=13.9174 | natural=0.0032 | clipped=0.0032(上限20.0)
26-31-05-48 原始规范坐标 G(Re Σrow_mean) = +26.4955 | 累计|g| = 179.7013
26-31-05-48 Ψ矩阵条件数 cond(Ψ) = 2.83e+02
26-31-05-48 Loss=-30.933673 | E0=-7.85428942+0.00057065j | E1=-7.71687335+0.00019936j|E2=-7.69150018+0.00041093j|E3=-7.67101055-0.00100439j
26-31-05-48 #-----------------------------------------#
26-31-05-48 [Step 141] logΨ: mean=-304.646+0.071j | min=-309.583-1.880j | max=-304.354+0.664j
26-31-05-48 梯度监控 | raw=11.6476 | natural=0.0815 | clipped=0.0815(上限20.0)
26-31-05-48 原始规范坐标 G(Re Σrow_mean) = +26.5753 | 累计|g| = 179.7013
26-31-05-48 Ψ矩阵条件数 cond(Ψ) = 2.61e+02
26-31-05-48 Loss=-30.933719 | E0=-7.85530832+0.00032131j | E1=-7.71625624-0.00066341j|E2=-7.69050795-0.00047626j|E3=-7.67164647+0.00044464j
26-31-05-48 #-----------------------------------------#
26-31-05-48 [Step 142] logΨ: mean=-304.617-0.268j | min=-308.616+0.759j | max=-304.302+0.635j
26-31-05-48 梯度监控 | raw=13.7768 | natural=0.0054 | clipped=0.0054(上限20.0)
26-31-05-48 原始规范坐标 G(Re Σrow_mean) = +26.5917 | 累计|g| = 179.7013
26-31-05-48 Ψ矩阵条件数 cond(Ψ) = 9.61e+01
26-31-05-48 Loss=-30.934880 | E0=-7.85483595-0.00033347j | E1=-7.71678068-0.00021718j|E2=-7.69188389+0.00042431j|E3=-7.67137960-0.00078316j
26-31-05-48 #-----------------------------------------#
26-31-05-48 [Step 143] logΨ: mean=-304.574+0.111j | min=-309.868+1.105j | max=-304.255+0.627j
26-31-05-48 梯度监控 | raw=11.8302 | natural=0.0041 | clipped=0.0041(上限20.0)
26-31-05-48 原始规范坐标 G(Re Σrow_mean) = +26.5832 | 累计|g| = 179.7013
26-31-05-48 Ψ矩阵条件数 cond(Ψ) = 2.51e+02
26-31-05-48 Loss=-30.934552 | E0=-7.85609481-0.00028603j | E1=-7.71671385-0.00015946j|E2=-7.69051669-0.00011111j|E3=-7.67122696+0.00050165j
26-31-05-48 #-----------------------------------------#
26-31-05-48 [Step 144] logΨ: mean=-304.579+0.144j | min=-308.042+0.844j | max=-304.254+0.619j
26-31-05-48 梯度监控 | raw=11.9430 | natural=0.0045 | clipped=0.0045(上限20.0)
26-31-05-48 原始规范坐标 G(Re Σrow_mean) = +26.5886 | 累计|g| = 179.7013
26-31-05-48 Ψ矩阵条件数 cond(Ψ) = 9.55e+01
26-31-05-48 Loss=-30.933956 | E0=-7.85508513-0.00036683j | E1=-7.71676885-0.00131499j|E2=-7.69068342-0.00082738j|E3=-7.67141834+0.00272120j
26-31-05-48 #-----------------------------------------#
26-31-05-48 [Step 145] logΨ: mean=-304.565+0.221j | min=-309.464+0.074j | max=-304.238+0.626j
26-31-05-48 梯度监控 | raw=12.3134 | natural=0.0031 | clipped=0.0031(上限20.0)
26-31-05-48 原始规范坐标 G(Re Σrow_mean) = +26.5219 | 累计|g| = 179.7013
26-31-05-48 Ψ矩阵条件数 cond(Ψ) = 9.53e+01
26-31-05-48 Loss=-30.936082 | E0=-7.85578872-0.00061687j | E1=-7.71675843+0.00058437j|E2=-7.69127204-0.00076644j|E3=-7.67226293+0.00117999j
26-31-05-48 #-----------------------------------------#
26-31-05-48 [Step 146] logΨ: mean=-304.453-0.230j | min=-307.826-2.616j | max=-304.189+0.606j
26-31-05-48 梯度监控 | raw=15.0175 | natural=0.0033 | clipped=0.0033(上限20.0)
26-31-05-48 原始规范坐标 G(Re Σrow_mean) = +26.5889 | 累计|g| = 179.7013
26-31-05-48 Ψ矩阵条件数 cond(Ψ) = 2.37e+02
26-31-05-48 Loss=-30.936857 | E0=-7.85542172+0.00032898j | E1=-7.71714799+0.00165081j|E2=-7.69275899+0.00057838j|E3=-7.67152861-0.00279385j
26-31-05-48 #-----------------------------------------#
26-31-05-48 [Step 147] logΨ: mean=-304.515-0.158j | min=-309.527+0.719j | max=-304.168+0.585j
26-31-05-48 梯度监控 | raw=12.5729 | natural=0.0053 | clipped=0.0053(上限20.0)
26-31-05-48 原始规范坐标 G(Re Σrow_mean) = +26.5751 | 累计|g| = 179.7013
26-31-05-48 Ψ矩阵条件数 cond(Ψ) = 4.52e+01
26-31-05-48 Loss=-30.935663 | E0=-7.85625279+0.00010023j | E1=-7.71691803+0.00018308j|E2=-7.69123431+0.00010429j|E3=-7.67125784-0.00023056j
26-31-05-48 #-----------------------------------------#
26-31-05-48 [Step 148] logΨ: mean=-304.426+0.047j | min=-307.663-2.366j | max=-304.115+0.582j
26-31-05-48 梯度监控 | raw=11.7739 | natural=0.0035 | clipped=0.0035(上限20.0)
26-31-05-48 原始规范坐标 G(Re Σrow_mean) = +26.6128 | 累计|g| = 179.7013
26-31-05-48 Ψ矩阵条件数 cond(Ψ) = 4.50e+01
26-31-05-48 Loss=-30.935883 | E0=-7.85713653-0.00002809j | E1=-7.71686084-0.00070892j|E2=-7.69044659-0.00027480j|E3=-7.67143884+0.00120254j
26-31-05-48 #-----------------------------------------#
26-31-05-48 [Step 149] logΨ: mean=-304.406+0.038j | min=-309.294-1.802j | max=-304.089+0.564j
26-31-05-48 梯度监控 | raw=13.5367 | natural=0.0053 | clipped=0.0053(上限20.0)
26-31-05-48 原始规范坐标 G(Re Σrow_mean) = +26.5708 | 累计|g| = 179.7013
26-31-05-48 Ψ矩阵条件数 cond(Ψ) = 9.48e+01
26-31-05-48 Loss=-30.939908 | E0=-7.85725661+0.00034118j | E1=-7.71704471+0.00077099j|E2=-7.69241766-0.00011185j|E3=-7.67318932-0.00020193j
26-31-05-48 #-----------------------------------------#
26-31-05-48 [GaugeReset@150] 吸收 Δg = Σ Re(col_mean) = +26.5708 | 新|g| = 193.5021
26-31-05-48 [Step 150] logΨ: mean=-330.971-0.025j | min=-335.158+0.673j | max=-330.625+2.672j
26-31-05-48 梯度监控 | raw=12.9232 | natural=0.0055 | clipped=0.0055(上限20.0)
26-31-05-48 原始规范坐标 G(Re Σrow_mean) = +26.5753 | 累计|g| = 193.5021
26-31-05-48 Ψ矩阵条件数 cond(Ψ) = 1.01e+02
26-31-05-48 Loss=-30.939645 | E0=-7.85798331+0.00009634j | E1=-7.71691215+0.00054862j|E2=-7.69267703+0.00094486j|E3=-7.67207224-0.00207985j
26-31-05-48 #-----------------------------------------#
26-31-05-48 [Step 151] logΨ: mean=-330.863-0.342j | min=-334.192+2.607j | max=-330.573+2.663j
26-31-05-48 梯度监控 | raw=10.7174 | natural=0.0017 | clipped=0.0017(上限20.0)
26-31-05-48 原始规范坐标 G(Re Σrow_mean) = +26.6370 | 累计|g| = 193.5021
26-31-05-48 Ψ矩阵条件数 cond(Ψ) = 4.74e+01
26-31-05-48 Loss=-30.938761 | E0=-7.85753740+0.00015142j | E1=-7.71699110-0.00168530j|E2=-7.69097886-0.00160688j|E3=-7.67325378+0.00428654j
26-31-05-48 #-----------------------------------------#
26-31-05-48 [Step 152] logΨ: mean=-330.868-0.041j | min=-334.142-3.125j | max=-330.563+2.662j
26-31-05-48 梯度监控 | raw=12.2672 | natural=0.0023 | clipped=0.0023(上限20.0)
26-31-05-48 原始规范坐标 G(Re Σrow_mean) = +26.5866 | 累计|g| = 193.5021
26-31-05-48 Ψ矩阵条件数 cond(Ψ) = 2.11e+02
26-31-05-48 Loss=-30.939521 | E0=-7.85799631+0.00023854j | E1=-7.71700694+0.00030447j|E2=-7.69150249-0.00045831j|E3=-7.67301492+0.00083375j
26-31-05-48 #-----------------------------------------#
26-31-05-48 [Step 153] logΨ: mean=-331.145-0.122j | min=-336.241-1.962j | max=-330.840+2.547j
26-31-05-48 梯度监控 | raw=11.1224 | natural=0.0861 | clipped=0.0861(上限20.0)
26-31-05-48 原始规范坐标 G(Re Σrow_mean) = +26.5685 | 累计|g| = 193.5021
26-31-05-48 Ψ矩阵条件数 cond(Ψ) = 2.60e+02
26-31-05-48 Loss=-30.942013 | E0=-7.85851910+0.00018518j | E1=-7.71764189+0.00157488j|E2=-7.69168977-0.00145606j|E3=-7.67416257-0.00013887j
26-31-05-48 #-----------------------------------------#
26-31-05-48 [Step 154] logΨ: mean=-331.117+0.170j | min=-335.386+2.397j | max=-330.823+2.548j
26-31-05-48 梯度监控 | raw=11.9582 | natural=0.0024 | clipped=0.0024(上限20.0)
26-31-05-48 原始规范坐标 G(Re Σrow_mean) = +26.6079 | 累计|g| = 193.5021
26-31-05-48 Ψ矩阵条件数 cond(Ψ) = 4.82e+01
26-31-05-48 Loss=-30.942159 | E0=-7.85894911+0.00031945j | E1=-7.71710147+0.00050524j|E2=-7.69295961+0.00068687j|E3=-7.67314833-0.00188579j
26-31-05-48 #-----------------------------------------#
26-31-05-48 [Step 155] logΨ: mean=-331.155+0.071j | min=-335.313-3.103j | max=-330.784+2.534j
26-31-05-48 梯度监控 | raw=11.4986 | natural=0.0110 | clipped=0.0110(上限20.0)
26-31-05-48 原始规范坐标 G(Re Σrow_mean) = +26.5443 | 累计|g| = 193.5021
26-31-05-48 Ψ矩阵条件数 cond(Ψ) = 9.88e+01
26-31-05-48 Loss=-30.940223 | E0=-7.85825031+0.00022562j | E1=-7.71697032+0.00107819j|E2=-7.69200472+0.00040854j|E3=-7.67299775-0.00119305j
26-31-05-48 #-----------------------------------------#
26-31-05-48 [Step 156] logΨ: mean=-331.082+0.133j | min=-335.293+0.032j | max=-330.811+2.527j
26-31-05-48 梯度监控 | raw=11.2065 | natural=0.0044 | clipped=0.0044(上限20.0)
26-31-05-48 原始规范坐标 G(Re Σrow_mean) = +26.5671 | 累计|g| = 193.5021
26-31-05-48 Ψ矩阵条件数 cond(Ψ) = 4.79e+01
26-31-05-48 Loss=-30.944392 | E0=-7.85903625+0.00018524j | E1=-7.71725053+0.00112542j|E2=-7.69341014-0.00009411j|E3=-7.67469545-0.00097481j
26-31-05-48 #-----------------------------------------#
26-31-05-48 [Step 157] logΨ: mean=-331.049-0.104j | min=-334.549+1.864j | max=-330.794+2.526j
26-31-05-48 梯度监控 | raw=11.8991 | natural=0.0017 | clipped=0.0017(上限20.0)
26-31-05-48 原始规范坐标 G(Re Σrow_mean) = +26.6238 | 累计|g| = 193.5021
26-31-05-48 Ψ矩阵条件数 cond(Ψ) = 2.45e+02
26-31-05-48 Loss=-30.945324 | E0=-7.85997464+0.00034898j | E1=-7.71730508+0.00000777j|E2=-7.69416487+0.00110944j|E3=-7.67387962-0.00254557j
26-31-05-48 #-----------------------------------------#
26-31-05-48 [Step 158] logΨ: mean=-331.089+0.131j | min=-334.526-1.299j | max=-330.771+2.508j
26-31-05-48 梯度监控 | raw=12.0329 | natural=0.0034 | clipped=0.0034(上限20.0)
26-31-05-48 原始规范坐标 G(Re Σrow_mean) = +26.5953 | 累计|g| = 193.5021
26-31-05-48 Ψ矩阵条件数 cond(Ψ) = 9.79e+01
26-31-05-48 Loss=-30.943083 | E0=-7.85884552+0.00007858j | E1=-7.71713710+0.00054322j|E2=-7.69348329+0.00090781j|E3=-7.67361741-0.00235061j
26-31-05-48 #-----------------------------------------#
26-31-05-48 [Step 159] logΨ: mean=-331.067+0.108j | min=-335.066-0.380j | max=-330.711+2.482j
26-31-05-48 梯度监控 | raw=12.5129 | natural=0.0094 | clipped=0.0094(上限20.0)
26-31-05-48 原始规范坐标 G(Re Σrow_mean) = +26.5928 | 累计|g| = 193.5021
26-31-05-48 Ψ矩阵条件数 cond(Ψ) = 9.79e+01
26-31-05-48 Loss=-30.940644 | E0=-7.85661876-0.00036880j | E1=-7.71702339+0.00041475j|E2=-7.69314776+0.00061525j|E3=-7.67385402-0.00093502j
26-31-05-48 #-----------------------------------------#
26-31-05-48 [保存] Step 159 → pickle 文件已更新 (160 条记录)
26-31-05-48 [GaugeReset@160] 吸收 Δg = Σ Re(col_mean) = +26.5928 | 新|g| = 207.2937
26-31-05-48 [Step 160] logΨ: mean=-357.543+0.037j | min=-362.307-0.442j | max=-357.235+1.648j
26-31-05-48 梯度监控 | raw=11.8567 | natural=0.0032 | clipped=0.0032(上限20.0)
26-31-05-48 原始规范坐标 G(Re Σrow_mean) = +26.6364 | 累计|g| = 207.2937
26-31-05-48 Ψ矩阵条件数 cond(Ψ) = 1.04e+02
26-31-05-48 Loss=-30.942967 | E0=-7.85858442+0.00004802j | E1=-7.71715326+0.00001550j|E2=-7.69317927+0.00057506j|E3=-7.67405003-0.00114654j
26-31-05-48 #-----------------------------------------#
26-31-05-48 [Step 161] logΨ: mean=-357.352+0.354j | min=-362.181-1.017j | max=-357.065+1.714j
26-31-05-48 梯度监控 | raw=11.4487 | natural=0.0639 | clipped=0.0639(上限20.0)
26-31-05-48 原始规范坐标 G(Re Σrow_mean) = +26.7513 | 累计|g| = 207.2937
26-31-05-48 Ψ矩阵条件数 cond(Ψ) = 2.26e+02
26-31-05-48 Loss=-30.943398 | E0=-7.85887538+0.00020810j | E1=-7.71708348-0.00001720j|E2=-7.69299362+0.00040700j|E3=-7.67444526-0.00089020j
26-31-05-48 #-----------------------------------------#
26-31-05-48 [Step 162] logΨ: mean=-357.306+0.219j | min=-361.296+1.818j | max=-357.007+1.686j
26-31-05-48 梯度监控 | raw=10.9351 | natural=0.0042 | clipped=0.0042(上限20.0)
26-31-05-48 原始规范坐标 G(Re Σrow_mean) = +26.7384 | 累计|g| = 207.2937
26-31-05-48 Ψ矩阵条件数 cond(Ψ) = 2.47e+02
26-31-05-48 Loss=-30.943265 | E0=-7.86009368-0.00004186j | E1=-7.71708534+0.00051077j|E2=-7.69200692-0.00024834j|E3=-7.67407874-0.00005092j
26-31-05-48 #-----------------------------------------#
26-31-05-48 [Step 163] logΨ: mean=-357.014+0.141j | min=-362.752-0.972j | max=-356.723+1.658j
26-31-05-48 梯度监控 | raw=9.8655 | natural=0.0372 | clipped=0.0372(上限20.0)
26-31-05-48 原始规范坐标 G(Re Σrow_mean) = +26.8883 | 累计|g| = 207.2937
26-31-05-48 Ψ矩阵条件数 cond(Ψ) = 9.98e+01
26-31-05-48 Loss=-30.940801 | E0=-7.86046349+0.00005461j | E1=-7.71641143+0.00127871j|E2=-7.69133261+0.00027061j|E3=-7.67259339-0.00255958j
26-31-05-48 #-----------------------------------------#
26-31-05-48 [Step 164] logΨ: mean=-356.993+0.537j | min=-359.458+2.560j | max=-356.720+1.653j
26-31-05-48 梯度监控 | raw=11.9311 | natural=0.0020 | clipped=0.0020(上限20.0)
26-31-05-48 原始规范坐标 G(Re Σrow_mean) = +26.9005 | 累计|g| = 207.2937
26-31-05-48 Ψ矩阵条件数 cond(Ψ) = 9.97e+01
26-31-05-48 Loss=-30.947330 | E0=-7.85991118+0.00022395j | E1=-7.71746610+0.00036837j|E2=-7.69515429+0.00070363j|E3=-7.67479842-0.00218005j
26-31-05-48 #-----------------------------------------#
26-31-05-48 [Step 165] logΨ: mean=-357.031+0.068j | min=-360.272-2.668j | max=-356.712+1.650j
26-31-05-48 梯度监控 | raw=11.8566 | natural=0.0023 | clipped=0.0023(上限20.0)
26-31-05-48 原始规范坐标 G(Re Σrow_mean) = +26.8736 | 累计|g| = 207.2937
26-31-05-48 Ψ矩阵条件数 cond(Ψ) = 9.95e+01
26-31-05-48 Loss=-30.944495 | E0=-7.86057119+0.00027951j | E1=-7.71723684+0.00087111j|E2=-7.69331170+0.00080774j|E3=-7.67337529-0.00250708j
26-31-05-48 #-----------------------------------------#
26-31-05-48 [Step 166] logΨ: mean=-357.000+0.734j | min=-361.699+0.533j | max=-356.678+1.631j
26-31-05-48 梯度监控 | raw=10.8506 | natural=0.0070 | clipped=0.0070(上限20.0)
26-31-05-48 原始规范坐标 G(Re Σrow_mean) = +26.8625 | 累计|g| = 207.2937
26-31-05-48 Ψ矩阵条件数 cond(Ψ) = 9.94e+01
26-31-05-48 Loss=-30.947427 | E0=-7.85936017-0.00036743j | E1=-7.71722000-0.00014052j|E2=-7.69456629-0.00013496j|E3=-7.67628071+0.00033620j
26-31-05-48 #-----------------------------------------#
26-31-05-48 [Step 167] logΨ: mean=-356.964+0.198j | min=-362.367-1.133j | max=-356.660+1.621j
26-31-05-48 梯度监控 | raw=11.3982 | natural=0.0144 | clipped=0.0144(上限20.0)
26-31-05-48 原始规范坐标 G(Re Σrow_mean) = +26.8667 | 累计|g| = 207.2937
26-31-05-48 Ψ矩阵条件数 cond(Ψ) = 9.94e+01
26-31-05-48 Loss=-30.947404 | E0=-7.86017798+0.00010570j | E1=-7.71741348+0.00080748j|E2=-7.69438501+0.00034940j|E3=-7.67542758-0.00145463j
26-31-05-48 #-----------------------------------------#
26-31-05-48 [Step 168] logΨ: mean=-356.978+0.202j | min=-361.004-1.509j | max=-356.674+1.615j
26-31-05-48 梯度监控 | raw=11.9502 | natural=0.0058 | clipped=0.0058(上限20.0)
26-31-05-48 原始规范坐标 G(Re Σrow_mean) = +26.8831 | 累计|g| = 207.2937
26-31-05-48 Ψ矩阵条件数 cond(Ψ) = 9.90e+01
26-31-05-48 Loss=-30.945354 | E0=-7.86010922-0.00036337j | E1=-7.71729999+0.00024973j|E2=-7.69356888+0.00076341j|E3=-7.67437551-0.00158215j
26-31-05-48 #-----------------------------------------#
26-31-05-48 [Step 169] logΨ: mean=-356.994+0.429j | min=-361.185-1.689j | max=-356.650+1.595j
26-31-05-48 梯度监控 | raw=10.9158 | natural=0.0067 | clipped=0.0067(上限20.0)
26-31-05-48 原始规范坐标 G(Re Σrow_mean) = +26.8612 | 累计|g| = 207.2937
26-31-05-48 Ψ矩阵条件数 cond(Ψ) = 9.89e+01
26-31-05-48 Loss=-30.943080 | E0=-7.86057677-0.00003488j | E1=-7.71705529+0.00007246j|E2=-7.69178799+0.00017471j|E3=-7.67366000-0.00019918j
26-31-05-48 #-----------------------------------------#
26-31-05-48 [GaugeReset@170] 吸收 Δg = Σ Re(col_mean) = +26.8612 | 新|g| = 221.2352
26-31-05-48 [Step 170] logΨ: mean=-383.806-0.351j | min=-386.933+3.072j | max=-383.495+0.786j
26-31-05-48 梯度监控 | raw=11.2704 | natural=0.0020 | clipped=0.0020(上限20.0)
26-31-05-48 原始规范坐标 G(Re Σrow_mean) = +26.8410 | 累计|g| = 221.2352
26-31-05-48 Ψ矩阵条件数 cond(Ψ) = 5.18e+01
26-31-05-48 Loss=-30.946828 | E0=-7.86154082+0.00017589j | E1=-7.71737241+0.00087668j|E2=-7.69360279+0.00062108j|E3=-7.67431237-0.00222317j
26-31-05-48 #-----------------------------------------#
26-31-05-48 [Step 171] logΨ: mean=-383.839-0.487j | min=-387.350+0.079j | max=-383.475+0.780j
26-31-05-48 梯度监控 | raw=11.5953 | natural=0.0017 | clipped=0.0017(上限20.0)
26-31-05-48 原始规范坐标 G(Re Σrow_mean) = +26.8164 | 累计|g| = 221.2352
26-31-05-48 Ψ矩阵条件数 cond(Ψ) = 5.96e+01
26-31-05-48 Loss=-30.945604 | E0=-7.85897317+0.00001800j | E1=-7.71731799+0.00061623j|E2=-7.69355469-0.00029819j|E3=-7.67575858+0.00010778j
26-31-05-48 #-----------------------------------------#
26-31-05-48 [Step 172] logΨ: mean=-383.723-0.267j | min=-387.243-2.071j | max=-383.430+0.756j
26-31-05-48 梯度监控 | raw=10.5743 | natural=0.0046 | clipped=0.0046(上限20.0)
26-31-05-48 原始规范坐标 G(Re Σrow_mean) = +26.8486 | 累计|g| = 221.2352
26-31-05-48 Ψ矩阵条件数 cond(Ψ) = 2.14e+02
26-31-05-48 Loss=-30.948927 | E0=-7.86152918-0.00001171j | E1=-7.71734980+0.00058453j|E2=-7.69417319-0.00007872j|E3=-7.67587522-0.00073053j
26-31-05-48 #-----------------------------------------#
26-31-05-48 [Step 173] logΨ: mean=-383.785-0.353j | min=-387.947-2.545j | max=-383.375+0.742j
26-31-05-48 梯度监控 | raw=10.4373 | natural=0.0022 | clipped=0.0022(上限20.0)
26-31-05-48 原始规范坐标 G(Re Σrow_mean) = +26.7930 | 累计|g| = 221.2352
26-31-05-48 Ψ矩阵条件数 cond(Ψ) = 1.04e+02
26-31-05-48 Loss=-30.945854 | E0=-7.86034215+0.00005275j | E1=-7.71731896-0.00023491j|E2=-7.69254780-0.00063423j|E3=-7.67564476+0.00180809j
26-31-05-48 #-----------------------------------------#
26-31-05-48 [Step 174] logΨ: mean=-383.664+0.160j | min=-388.411+1.718j | max=-383.351+0.738j
26-31-05-48 梯度监控 | raw=11.4491 | natural=0.0040 | clipped=0.0040(上限20.0)
26-31-05-48 原始规范坐标 G(Re Σrow_mean) = +26.8739 | 累计|g| = 221.2352
26-31-05-48 Ψ矩阵条件数 cond(Ψ) = 1.04e+02
26-31-05-48 Loss=-30.947685 | E0=-7.86039745+0.00007456j | E1=-7.71738657+0.00045909j|E2=-7.69426972+0.00040647j|E3=-7.67563127-0.00136095j
26-31-05-48 #-----------------------------------------#
26-31-05-48 [Step 175] logΨ: mean=-383.443-0.692j | min=-390.594+0.805j | max=-383.109+0.932j
26-31-05-48 梯度监控 | raw=11.1081 | natural=0.0840 | clipped=0.0840(上限20.0)
26-31-05-48 原始规范坐标 G(Re Σrow_mean) = +27.0154 | 累计|g| = 221.2352
26-31-05-48 Ψ矩阵条件数 cond(Ψ) = 1.04e+02
26-31-05-48 Loss=-30.946649 | E0=-7.86113691-0.00026119j | E1=-7.71658003+0.00203897j|E2=-7.69397118-0.00020380j|E3=-7.67496075-0.00259274j
26-31-05-48 #-----------------------------------------#
26-31-05-48 [Step 176] logΨ: mean=-383.425-0.487j | min=-386.833+2.677j | max=-383.086+0.931j
26-31-05-48 梯度监控 | raw=11.4498 | natural=0.0021 | clipped=0.0021(上限20.0)
26-31-05-48 原始规范坐标 G(Re Σrow_mean) = +27.0179 | 累计|g| = 221.2352
26-31-05-48 Ψ矩阵条件数 cond(Ψ) = 1.97e+02
26-31-05-48 Loss=-30.947253 | E0=-7.86098800+0.00017058j | E1=-7.71741595+0.00135255j|E2=-7.69372202+0.00018814j|E3=-7.67512694-0.00160238j
26-31-05-48 #-----------------------------------------#
26-31-05-48 [Step 177] logΨ: mean=-382.523+0.017j | min=-389.114+2.966j | max=-382.134+0.470j
26-31-05-48 梯度监控 | raw=8.5537 | natural=0.1138 | clipped=0.1138(上限20.0)
26-31-05-48 原始规范坐标 G(Re Σrow_mean) = +27.3554 | 累计|g| = 221.2352
26-31-05-48 Ψ矩阵条件数 cond(Ψ) = 9.95e+01
26-31-05-48 Loss=-30.943746 | E0=-7.86121997+0.00002463j | E1=-7.71834623+0.00183278j|E2=-7.68987670-0.00506610j|E3=-7.67430315+0.00315344j
26-31-05-48 #-----------------------------------------#
26-31-05-48 [Step 178] logΨ: mean=-382.469-0.352j | min=-386.658+0.295j | max=-382.120+0.465j
26-31-05-48 梯度监控 | raw=9.0722 | natural=0.0019 | clipped=0.0019(上限20.0)
26-31-05-48 原始规范坐标 G(Re Σrow_mean) = +27.4006 | 累计|g| = 221.2352
26-31-05-48 Ψ矩阵条件数 cond(Ψ) = 1.80e+02
26-31-05-48 Loss=-30.948538 | E0=-7.86091635-0.00001516j | E1=-7.71732810-0.00222202j|E2=-7.69344080-0.00078270j|E3=-7.67685315+0.00358532j
26-31-05-48 #-----------------------------------------#
26-31-05-48 [Step 179] logΨ: mean=-381.947-0.667j | min=-388.727+1.928j | max=-381.579+0.328j
26-31-05-48 梯度监控 | raw=9.6597 | natural=0.1557 | clipped=0.1557(上限20.0)
26-31-05-48 原始规范坐标 G(Re Σrow_mean) = +27.6165 | 累计|g| = 221.2352
26-31-05-48 Ψ矩阵条件数 cond(Ψ) = 1.76e+02
26-31-05-48 Loss=-30.948024 | E0=-7.86131125-0.00003029j | E1=-7.71734492-0.00136917j|E2=-7.69362641+0.00011400j|E3=-7.67574108+0.00070564j
26-31-05-48 #-----------------------------------------#
26-31-05-48 [保存] Step 179 → pickle 文件已更新 (180 条记录)
26-31-05-48 [GaugeReset@180] 吸收 Δg = Σ Re(col_mean) = +27.6165 | 新|g| = 235.4846
26-31-05-48 [Step 180] logΨ: mean=-409.543+0.433j | min=-413.709+0.168j | max=-409.170+2.854j
26-31-05-48 梯度监控 | raw=10.5360 | natural=0.0047 | clipped=0.0047(上限20.0)
26-31-05-48 原始规范坐标 G(Re Σrow_mean) = +27.6472 | 累计|g| = 235.4846
26-31-05-48 Ψ矩阵条件数 cond(Ψ) = 1.05e+02
26-31-05-48 Loss=-30.946845 | E0=-7.86146327-0.00007622j | E1=-7.71720426-0.00025549j|E2=-7.69383765+0.00079987j|E3=-7.67433994-0.00148172j
26-31-05-48 #-----------------------------------------#
26-31-05-48 [Step 181] logΨ: mean=-409.610+0.369j | min=-412.994-1.739j | max=-409.233+2.866j
26-31-05-48 梯度监控 | raw=8.2616 | natural=0.0113 | clipped=0.0113(上限20.0)
26-31-05-48 原始规范坐标 G(Re Σrow_mean) = +27.5438 | 累计|g| = 235.4846
26-31-05-48 Ψ矩阵条件数 cond(Ψ) = 1.83e+02
26-31-05-48 Loss=-30.947573 | E0=-7.86112464+0.00002783j | E1=-7.71724931-0.00193865j|E2=-7.69256637-0.00206835j|E3=-7.67663283+0.00540940j
26-31-05-48 #-----------------------------------------#
26-31-05-48 [Step 182] logΨ: mean=-409.589-0.020j | min=-413.207+2.076j | max=-409.209+2.829j
26-31-05-48 梯度监控 | raw=8.9215 | natural=0.0056 | clipped=0.0056(上限20.0)
26-31-05-48 原始规范坐标 G(Re Σrow_mean) = +27.5024 | 累计|g| = 235.4846
26-31-05-48 Ψ矩阵条件数 cond(Ψ) = 1.04e+02
26-31-05-48 Loss=-30.949282 | E0=-7.86159060+0.00001512j | E1=-7.71739397-0.00024402j|E2=-7.69339234-0.00144186j|E3=-7.67690497+0.00331476j
26-31-05-48 #-----------------------------------------#
26-31-05-48 [Step 183] logΨ: mean=-409.622+0.401j | min=-415.256-2.349j | max=-409.243+2.810j
26-31-05-48 梯度监控 | raw=28.6037 | natural=0.0133 | clipped=0.0133(上限20.0)
26-31-05-48 原始规范坐标 G(Re Σrow_mean) = +27.5471 | 累计|g| = 235.4846
26-31-05-48 Ψ矩阵条件数 cond(Ψ) = 1.77e+02
26-31-05-48 Loss=-30.953017 | E0=-7.86201774+0.00526242j | E1=-7.71769227+0.00008118j|E2=-7.69575790-0.00104719j|E3=-7.67754948+0.00153147j
26-31-05-48 #-----------------------------------------#
26-31-05-48 [Step 184] logΨ: mean=-409.616+0.491j | min=-413.227-0.283j | max=-409.226+2.796j
26-31-05-48 梯度监控 | raw=10.9011 | natural=0.0044 | clipped=0.0044(上限20.0)
26-31-05-48 原始规范坐标 G(Re Σrow_mean) = +27.5865 | 累计|g| = 235.4846
26-31-05-48 Ψ矩阵条件数 cond(Ψ) = 1.04e+02
26-31-05-48 Loss=-30.948377 | E0=-7.86120383+0.00008754j | E1=-7.71751883+0.00040940j|E2=-7.69465768+0.00092885j|E3=-7.67499675-0.00178873j
26-31-05-48 #-----------------------------------------#
26-31-05-48 [Step 185] logΨ: mean=-409.568+0.188j | min=-413.756-0.124j | max=-409.196+2.763j
26-31-05-48 梯度监控 | raw=10.2631 | natural=0.0046 | clipped=0.0046(上限20.0)
26-31-05-48 原始规范坐标 G(Re Σrow_mean) = +27.5583 | 累计|g| = 235.4846
26-31-05-48 Ψ矩阵条件数 cond(Ψ) = 5.04e+01
26-31-05-48 Loss=-30.948100 | E0=-7.86089310+0.00004506j | E1=-7.71732191-0.00002236j|E2=-7.69338902-0.00043923j|E3=-7.67649638+0.00132314j
26-31-05-48 #-----------------------------------------#
26-31-05-48 [Step 186] logΨ: mean=-409.618+0.087j | min=-413.744+0.155j | max=-409.277+2.767j
26-31-05-48 梯度监控 | raw=10.6674 | natural=0.0089 | clipped=0.0089(上限20.0)
26-31-05-48 原始规范坐标 G(Re Σrow_mean) = +27.5854 | 累计|g| = 235.4846
26-31-05-48 Ψ矩阵条件数 cond(Ψ) = 1.03e+02
26-31-05-48 Loss=-30.951685 | E0=-7.86054085+0.00011685j | E1=-7.71774790-0.00014707j|E2=-7.69659071+0.00086196j|E3=-7.67680584-0.00134872j
26-31-05-48 #-----------------------------------------#
26-31-05-48 [Step 187] logΨ: mean=-409.559+0.321j | min=-414.042+1.341j | max=-409.226+2.744j
26-31-05-48 梯度监控 | raw=10.0407 | natural=0.0014 | clipped=0.0014(上限20.0)
26-31-05-48 原始规范坐标 G(Re Σrow_mean) = +27.6215 | 累计|g| = 235.4846
26-31-05-48 Ψ矩阵条件数 cond(Ψ) = 1.03e+02
26-31-05-48 Loss=-30.953658 | E0=-7.86114703-0.00006588j | E1=-7.71782388+0.00051528j|E2=-7.69765965+0.00057389j|E3=-7.67702710-0.00190532j
26-31-05-48 #-----------------------------------------#
26-31-05-48 [Step 188] logΨ: mean=-409.545+0.671j | min=-415.135+1.226j | max=-409.199+2.756j
26-31-05-48 梯度监控 | raw=10.8270 | natural=0.0017 | clipped=0.0017(上限20.0)
26-31-05-48 原始规范坐标 G(Re Σrow_mean) = +27.5881 | 累计|g| = 235.4846
26-31-05-48 Ψ矩阵条件数 cond(Ψ) = 5.01e+01
26-31-05-48 Loss=-30.950590 | E0=-7.86095246+0.00017961j | E1=-7.71764045+0.00153906j|E2=-7.69544264-0.00010774j|E3=-7.67655454-0.00140773j
26-31-05-48 #-----------------------------------------#
26-31-05-48 [Step 189] logΨ: mean=-409.542+0.558j | min=-413.970-1.136j | max=-409.175+2.748j
26-31-05-48 梯度监控 | raw=9.7525 | natural=0.0019 | clipped=0.0019(上限20.0)
26-31-05-48 原始规范坐标 G(Re Σrow_mean) = +27.5478 | 累计|g| = 235.4846
26-31-05-48 Ψ矩阵条件数 cond(Ψ) = 1.03e+02
26-31-05-48 Loss=-30.952405 | E0=-7.86156574+0.00000317j | E1=-7.71768964+0.00052996j|E2=-7.69564373-0.00035157j|E3=-7.67750566+0.00047235j
26-31-05-48 #-----------------------------------------#
26-31-05-48 [GaugeReset@190] 吸收 Δg = Σ Re(col_mean) = +27.5478 | 新|g| = 249.7106
26-31-05-48 [Step 190] logΨ: mean=-437.122+0.332j | min=-441.496-1.727j | max=-436.690+2.156j
26-31-05-48 梯度监控 | raw=9.2789 | natural=0.0048 | clipped=0.0048(上限20.0)
26-31-05-48 原始规范坐标 G(Re Σrow_mean) = +27.5184 | 累计|g| = 249.7106
26-31-05-48 Ψ矩阵条件数 cond(Ψ) = 5.24e+01
26-31-05-48 Loss=-30.949609 | E0=-7.86061748+0.00004027j | E1=-7.71741436+0.00008440j|E2=-7.69380123-0.00131851j|E3=-7.67777607+0.00283903j
26-31-05-48 #-----------------------------------------#
26-31-05-48 [Step 191] logΨ: mean=-436.960-0.045j | min=-442.797-2.952j | max=-436.629+2.104j
26-31-05-48 梯度监控 | raw=10.9229 | natural=0.0042 | clipped=0.0042(上限20.0)
26-31-05-48 原始规范坐标 G(Re Σrow_mean) = +27.6835 | 累计|g| = 249.7106
26-31-05-48 Ψ矩阵条件数 cond(Ψ) = 1.07e+02
26-31-05-48 Loss=-30.950420 | E0=-7.86135482+0.00005209j | E1=-7.71754557-0.00072389j|E2=-7.69562738+0.00131286j|E3=-7.67589234-0.00191408j
26-31-05-48 #-----------------------------------------#
26-31-05-48 [Step 192] logΨ: mean=-436.953+0.047j | min=-440.471-2.510j | max=-436.608+2.111j
26-31-05-48 梯度监控 | raw=9.4041 | natural=0.0016 | clipped=0.0016(上限20.0)
26-31-05-48 原始规范坐标 G(Re Σrow_mean) = +27.6254 | 累计|g| = 249.7106
26-31-05-48 Ψ矩阵条件数 cond(Ψ) = 1.71e+02
26-31-05-48 Loss=-30.949455 | E0=-7.86168660+0.00008020j | E1=-7.71742525-0.00024673j|E2=-7.69343932-0.00071572j|E3=-7.67690381+0.00091498j
26-31-05-48 #-----------------------------------------#
26-31-05-48 [Step 193] logΨ: mean=-436.842+0.154j | min=-440.681+0.934j | max=-436.560+2.092j
26-31-05-48 梯度监控 | raw=10.5202 | natural=0.0014 | clipped=0.0014(上限20.0)
26-31-05-48 原始规范坐标 G(Re Σrow_mean) = +27.7568 | 累计|g| = 249.7106
26-31-05-48 Ψ矩阵条件数 cond(Ψ) = 1.86e+02
26-31-05-48 Loss=-30.954717 | E0=-7.86160259+0.00009537j | E1=-7.71812564+0.00152767j|E2=-7.69904511+0.00052837j|E3=-7.67594337-0.00485221j
26-31-05-48 #-----------------------------------------#
26-31-05-48 [Step 194] logΨ: mean=-436.857+0.089j | min=-441.334+0.078j | max=-436.537+2.085j
26-31-05-48 梯度监控 | raw=9.4771 | natural=0.0014 | clipped=0.0014(上限20.0)
26-31-05-48 原始规范坐标 G(Re Σrow_mean) = +27.6221 | 累计|g| = 249.7106
26-31-05-48 Ψ矩阵条件数 cond(Ψ) = 1.06e+02
26-31-05-48 Loss=-30.953431 | E0=-7.86174247+0.00003362j | E1=-7.71769272+0.00041109j|E2=-7.69588217-0.00050596j|E3=-7.67811342+0.00052934j
26-31-05-48 #-----------------------------------------#
26-31-05-48 [Step 195] logΨ: mean=-436.949-0.014j | min=-441.413+0.072j | max=-436.609+2.079j
26-31-05-48 梯度监控 | raw=9.1399 | natural=0.0154 | clipped=0.0154(上限20.0)
26-31-05-48 原始规范坐标 G(Re Σrow_mean) = +27.6193 | 累计|g| = 249.7106
26-31-05-48 Ψ矩阵条件数 cond(Ψ) = 1.06e+02
26-31-05-48 Loss=-30.952835 | E0=-7.86215339+0.00002161j | E1=-7.71761087-0.00036419j|E2=-7.69559894+0.00023934j|E3=-7.67747217+0.00002202j
26-31-05-48 #-----------------------------------------#
26-31-05-48 [Step 196] logΨ: mean=-436.906+0.144j | min=-441.410+0.075j | max=-436.598+2.082j
26-31-05-48 梯度监控 | raw=9.8025 | natural=0.0019 | clipped=0.0019(上限20.0)
26-31-05-48 原始规范坐标 G(Re Σrow_mean) = +27.6130 | 累计|g| = 249.7106
26-31-05-48 Ψ矩阵条件数 cond(Ψ) = 1.84e+02
26-31-05-48 Loss=-30.955599 | E0=-7.86154660+0.00005657j | E1=-7.71820752+0.00155032j|E2=-7.69800640-0.00015351j|E3=-7.67783843-0.00167517j
26-31-05-48 #-----------------------------------------#
26-31-05-48 [Step 197] logΨ: mean=-436.903+0.463j | min=-440.844-2.203j | max=-436.573+2.089j
26-31-05-48 梯度监控 | raw=10.7880 | natural=0.0023 | clipped=0.0023(上限20.0)
26-31-05-48 原始规范坐标 G(Re Σrow_mean) = +27.7149 | 累计|g| = 249.7106
26-31-05-48 Ψ矩阵条件数 cond(Ψ) = 1.06e+02
26-31-05-48 Loss=-30.954097 | E0=-7.86157695+0.00019944j | E1=-7.71822878+0.00163598j|E2=-7.69822988+0.00092242j|E3=-7.67606092-0.00453338j
26-31-05-48 #-----------------------------------------#
26-31-05-48 [Step 198] logΨ: mean=-436.840+0.233j | min=-441.227+2.337j | max=-436.526+2.094j
26-31-05-48 梯度监控 | raw=10.1920 | natural=0.0021 | clipped=0.0021(上限20.0)
26-31-05-48 原始规范坐标 G(Re Σrow_mean) = +27.6879 | 累计|g| = 249.7106
26-31-05-48 Ψ矩阵条件数 cond(Ψ) = 1.06e+02
26-31-05-48 Loss=-30.953475 | E0=-7.86214479+0.00003072j | E1=-7.71782441+0.00102236j|E2=-7.69719127+0.00078304j|E3=-7.67631415-0.00317504j
26-31-05-48 #-----------------------------------------#
26-31-05-48 [Step 199] logΨ: mean=-436.807+0.216j | min=-442.083+2.144j | max=-436.482+2.079j
26-31-05-48 梯度监控 | raw=9.7816 | natural=0.0014 | clipped=0.0014(上限20.0)
26-31-05-48 原始规范坐标 G(Re Σrow_mean) = +27.6833 | 累计|g| = 249.7106
26-31-05-48 Ψ矩阵条件数 cond(Ψ) = 1.06e+02
26-31-05-48 Loss=-30.953439 | E0=-7.86175605+0.00002205j | E1=-7.71781485+0.00038531j|E2=-7.69647419+0.00038326j|E3=-7.67739365-0.00155068j
26-31-05-48 #-----------------------------------------#
26-31-05-48 [保存] Step 199 → pickle 文件已更新 (200 条记录)
26-31-05-48 [GaugeReset@200] 吸收 Δg = Σ Re(col_mean) = +27.6833 | 新|g| = 263.9877
26-31-05-48 训练耗时：192.85 秒
26-31-05-48 
============================================================
26-31-05-48 训练完成!
26-31-05-48 ============================================================
26-31-05-48 [保存] 训练结束，pickle 最终写入 200 条记录 → ./data/history_natural_gradient_LiH_molecule_K4.pkl
26-31-05-48 Loss 曲线已保存: ./日志/26-31-05-45_loss_curve_gauge_reset_min120.png
26-31-05-48 logΨ mean 曲线已保存: ./日志/26-31-05-45_logPsi_mean_curve_gauge_reset_min120.png
26-31-05-48 Loss 曲线已保存: ./日志/26-31-05-45_loss_curve_gauge_reset_min120.png
26-31-05-48 logΨ mean 曲线已保存: ./日志/26-31-05-45_logPsi_mean_curve_gauge_reset_min120.png
