26-31-06-27 
============================================================
26-31-06-27 开始多链 NES-VMC 训练 | 对照组：完全不进行列规范
26-31-06-27 ============================================================
26-31-06-27 精确CAS基准：基态=-7.86364558 Ha | 1激发=-7.72153670 Ha|2激发=-7.70823970 Ha|3激发=-7.68581513 Ha|
26-31-06-27 理论 Loss 上限：-30.97923710 
26-31-06-27 超参：clip_norm=20.0, lr=0.1, QGT diag_shift=0.1
26-31-06-27 [Step   0] logΨ: mean=7.096+0.012j | min=-0.280-1.320j | max=8.975+0.277j
26-31-06-27 梯度监控 | raw=18.8374 | natural=2.5138 | clipped=2.5138(上限20.0)
26-31-06-27 Ψ矩阵条件数 cond(Ψ) = 9.55e+00
26-31-06-27 Loss=-21.911666 | E0=-5.89920694-0.00289440j | E1=-5.60829185+0.00877276j|E2=-5.27926616-0.00598899j|E3=-5.12490097-0.00504339j
26-31-06-27 #-----------------------------------------#
26-31-06-27 [Step   1] logΨ: mean=7.598-0.255j | min=3.405+0.390j | max=9.475+0.201j
26-31-06-27 梯度监控 | raw=18.1943 | natural=2.2706 | clipped=2.2706(上限20.0)
26-31-06-27 Ψ矩阵条件数 cond(Ψ) = 2.09e+01
26-31-06-27 Loss=-22.917469 | E0=-6.21428019-0.00870654j | E1=-6.08288063-0.00091786j|E2=-5.50960195+0.01128672j|E3=-5.11070620-0.00215714j
26-31-06-27 #-----------------------------------------#
26-31-06-27 [Step   2] logΨ: mean=8.055-0.125j | min=2.594+0.041j | max=9.909+0.139j
26-31-06-27 梯度监控 | raw=18.5238 | natural=1.9012 | clipped=1.9012(上限20.0)
26-31-06-27 Ψ矩阵条件数 cond(Ψ) = 2.17e+01
26-31-06-27 Loss=-23.808899 | E0=-6.58306480+0.00364717j | E1=-6.50038477+0.00942513j|E2=-5.61699530-0.01236153j|E3=-5.10845457-0.00079910j
26-31-06-27 #-----------------------------------------#
26-31-06-27 [Step   3] logΨ: mean=8.540-0.307j | min=3.193+1.188j | max=10.325+0.123j
26-31-06-27 梯度监控 | raw=22.9036 | natural=1.6190 | clipped=1.6190(上限20.0)
26-31-06-27 Ψ矩阵条件数 cond(Ψ) = 1.02e+01
26-31-06-27 Loss=-24.477728 | E0=-6.91359694-0.00571587j | E1=-6.70447296-0.00554449j|E2=-5.75505496+0.01345853j|E3=-5.10460323+0.00123645j
26-31-06-27 #-----------------------------------------#
26-31-06-27 [Step   4] logΨ: mean=9.172-0.174j | min=3.573-1.787j | max=10.826+0.033j
26-31-06-27 梯度监控 | raw=35.1626 | natural=1.4031 | clipped=1.4031(上限20.0)
26-31-06-27 Ψ矩阵条件数 cond(Ψ) = 1.40e+01
26-31-06-27 Loss=-25.149429 | E0=-7.16468331-0.00230914j | E1=-6.98819092-0.01099544j|E2=-5.83411493+0.00618942j|E3=-5.16243969+0.00145821j
26-31-06-27 #-----------------------------------------#
26-31-06-27 [Step   5] logΨ: mean=9.520-0.165j | min=3.750+2.069j | max=11.018+0.032j
26-31-06-27 梯度监控 | raw=34.5446 | natural=1.1364 | clipped=1.1364(上限20.0)
26-31-06-27 Ψ矩阵条件数 cond(Ψ) = 9.78e+00
26-31-06-27 Loss=-25.465672 | E0=-7.33299373-0.00377100j | E1=-7.05716555-0.00190111j|E2=-5.96332180+0.00301882j|E3=-5.11219051+0.00059098j
26-31-06-27 #-----------------------------------------#
26-31-06-27 [Step   6] logΨ: mean=9.952+0.190j | min=1.917+0.338j | max=11.375+2.276j
26-31-06-27 梯度监控 | raw=44.8898 | natural=0.9740 | clipped=0.9740(上限20.0)
26-31-06-27 Ψ矩阵条件数 cond(Ψ) = 1.39e+01
26-31-06-27 Loss=-25.966331 | E0=-7.41389741+0.01037627j | E1=-7.21429846+0.00123279j|E2=-6.12705319-0.00389542j|E3=-5.21108231-0.00320423j
26-31-06-27 #-----------------------------------------#
26-31-06-27 [Step   7] logΨ: mean=10.410+0.224j | min=3.866-1.825j | max=11.946+2.197j
26-31-06-27 梯度监控 | raw=72.1585 | natural=1.0279 | clipped=1.0279(上限20.0)
26-31-06-27 Ψ矩阵条件数 cond(Ψ) = 1.98e+01
26-31-06-27 Loss=-26.372326 | E0=-7.46737045+0.00491531j | E1=-7.24761007+0.00768096j|E2=-6.30539587-0.01553781j|E3=-5.35194970+0.00710166j
26-31-06-27 #-----------------------------------------#
26-31-06-27 [Step   8] logΨ: mean=11.128+0.345j | min=4.180-0.222j | max=12.429+2.118j
26-31-06-27 梯度监控 | raw=79.4189 | natural=0.8124 | clipped=0.8124(上限20.0)
26-31-06-27 Ψ矩阵条件数 cond(Ψ) = 9.84e+00
26-31-06-27 Loss=-26.802511 | E0=-7.54502045-0.00228502j | E1=-7.31960274-0.00208790j|E2=-6.51976374+0.00044378j|E3=-5.41812441+0.00211254j
26-31-06-27 #-----------------------------------------#
26-31-06-27 [Step   9] logΨ: mean=11.509+0.087j | min=6.141+0.723j | max=12.865+2.038j
26-31-06-27 梯度监控 | raw=106.5104 | natural=0.6858 | clipped=0.6858(上限20.0)
26-31-06-27 Ψ矩阵条件数 cond(Ψ) = 7.38e+00
26-31-06-27 Loss=-27.052889 | E0=-7.56231255-0.00371905j | E1=-7.34298245-0.00295342j|E2=-6.55994065+0.00237252j|E3=-5.58765289+0.00491523j
26-31-06-27 #-----------------------------------------#
26-31-06-27 [Step  10] logΨ: mean=12.055+0.091j | min=5.380-0.896j | max=13.355+1.941j
26-31-06-27 梯度监控 | raw=91.5745 | natural=0.7332 | clipped=0.7332(上限20.0)
26-31-06-27 Ψ矩阵条件数 cond(Ψ) = 1.04e+01
26-31-06-27 Loss=-27.362075 | E0=-7.60209269-0.00011543j | E1=-7.36419471+0.00332557j|E2=-6.73556891+0.00104584j|E3=-5.66021897-0.00407844j
26-31-06-27 #-----------------------------------------#
26-31-06-27 [Step  11] logΨ: mean=12.748-0.159j | min=6.803+0.458j | max=14.020+0.497j
26-31-06-27 梯度监控 | raw=144.0995 | natural=0.5250 | clipped=0.5250(上限20.0)
26-31-06-27 Ψ矩阵条件数 cond(Ψ) = 9.16e+00
26-31-06-27 Loss=-28.068841 | E0=-7.63822646+0.00295282j | E1=-7.42021560-0.00316443j|E2=-6.85969134-0.00519047j|E3=-6.15070802+0.00295792j
26-31-06-27 #-----------------------------------------#
26-31-06-27 [Step  12] logΨ: mean=13.348-0.171j | min=5.568+2.185j | max=14.642+0.438j
26-31-06-27 梯度监控 | raw=136.3429 | natural=0.4450 | clipped=0.4450(上限20.0)
26-31-06-27 Ψ矩阵条件数 cond(Ψ) = 1.08e+01
26-31-06-27 Loss=-28.449207 | E0=-7.62953015-0.00183167j | E1=-7.43556485-0.00404853j|E2=-6.97667015-0.00413716j|E3=-6.40744217+0.00807713j
26-31-06-27 #-----------------------------------------#
26-31-06-27 [Step  13] logΨ: mean=14.108-0.322j | min=8.262-2.825j | max=15.332+0.385j
26-31-06-27 梯度监控 | raw=104.9335 | natural=0.4524 | clipped=0.4524(上限20.0)
26-31-06-27 Ψ矩阵条件数 cond(Ψ) = 1.06e+01
26-31-06-27 Loss=-29.089223 | E0=-7.64770146+0.00008763j | E1=-7.46408466+0.00363502j|E2=-7.15323822-0.01236632j|E3=-6.82419893+0.00553840j
26-31-06-27 #-----------------------------------------#
26-31-06-27 [Step  14] logΨ: mean=14.709-0.361j | min=4.829+2.692j | max=15.897+0.332j
26-31-06-27 梯度监控 | raw=95.8550 | natural=0.3532 | clipped=0.3532(上限20.0)
26-31-06-27 Ψ矩阵条件数 cond(Ψ) = 8.91e+00
26-31-06-27 Loss=-29.346553 | E0=-7.66587499+0.00596792j | E1=-7.49258849-0.00457640j|E2=-7.20138778+0.00136039j|E3=-6.98670198+0.00024543j
26-31-06-27 #-----------------------------------------#
26-31-06-27 [Step  15] logΨ: mean=15.469-0.259j | min=10.481-2.009j | max=16.565+0.468j
26-31-06-27 梯度监控 | raw=67.9398 | natural=0.3313 | clipped=0.3313(上限20.0)
26-31-06-27 Ψ矩阵条件数 cond(Ψ) = 1.74e+01
26-31-06-27 Loss=-29.580567 | E0=-7.68358195+0.00313467j | E1=-7.50220066-0.00141285j|E2=-7.31893041-0.00166032j|E3=-7.07585349+0.00063347j
26-31-06-27 #-----------------------------------------#
26-31-06-27 [Step  16] logΨ: mean=16.197-0.113j | min=10.550-0.940j | max=17.256+0.429j
26-31-06-27 梯度监控 | raw=46.8977 | natural=0.2995 | clipped=0.2995(上限20.0)
26-31-06-27 Ψ矩阵条件数 cond(Ψ) = 5.34e+01
26-31-06-27 Loss=-29.800165 | E0=-7.68733026+0.00312966j | E1=-7.53296948+0.00314523j|E2=-7.42190356+0.00079441j|E3=-7.15796212-0.00364390j
26-31-06-27 #-----------------------------------------#
26-31-06-27 [Step  17] logΨ: mean=16.930-0.301j | min=11.897+2.448j | max=17.694+0.436j
26-31-06-27 梯度监控 | raw=20.0322 | natural=0.1870 | clipped=0.1870(上限20.0)
26-31-06-27 Ψ矩阵条件数 cond(Ψ) = 1.02e+01
26-31-06-27 Loss=-30.049324 | E0=-7.70349412+0.00219425j | E1=-7.61552057-0.00038800j|E2=-7.50889846-0.00309126j|E3=-7.22141096+0.00042616j
26-31-06-27 #-----------------------------------------#
26-31-06-27 [Step  18] logΨ: mean=17.552-0.552j | min=12.590-2.942j | max=18.393+0.343j
26-31-06-27 梯度监控 | raw=24.2732 | natural=0.2540 | clipped=0.2540(上限20.0)
26-31-06-27 Ψ矩阵条件数 cond(Ψ) = 1.03e+01
26-31-06-27 Loss=-30.039706 | E0=-7.70550000-0.00057973j | E1=-7.61041494-0.00199551j|E2=-7.48158722+0.00320685j|E3=-7.24220403-0.00123301j
26-31-06-27 #-----------------------------------------#
26-31-06-27 [Step  19] logΨ: mean=18.189-0.258j | min=13.209-0.065j | max=18.943+0.325j
26-31-06-27 梯度监控 | raw=21.9281 | natural=0.1907 | clipped=0.1907(上限20.0)
26-31-06-27 Ψ矩阵条件数 cond(Ψ) = 2.01e+01
26-31-06-27 Loss=-30.160378 | E0=-7.71770106+0.00504198j | E1=-7.64815902-0.00373804j|E2=-7.52584887-0.00141875j|E3=-7.26866905+0.00043652j
26-31-06-27 #-----------------------------------------#
26-31-06-27 [保存] Step 19 → pickle 文件已更新 (20 条记录)
26-31-06-27 [Step  20] logΨ: mean=18.658-0.128j | min=13.767-1.345j | max=19.418+0.279j
26-31-06-27 梯度监控 | raw=25.9270 | natural=0.1700 | clipped=0.1700(上限20.0)
26-31-06-27 Ψ矩阵条件数 cond(Ψ) = 9.58e+00
26-31-06-27 Loss=-30.220135 | E0=-7.71928896-0.00161267j | E1=-7.65290354-0.00072219j|E2=-7.54735085-0.00026636j|E3=-7.30059182+0.00089549j
26-31-06-27 #-----------------------------------------#
26-31-06-27 [Step  21] logΨ: mean=19.073-0.269j | min=12.401+1.265j | max=19.818+0.283j
26-31-06-27 梯度监控 | raw=28.9163 | natural=0.1608 | clipped=0.1608(上限20.0)
26-31-06-27 Ψ矩阵条件数 cond(Ψ) = 9.12e+00
26-31-06-27 Loss=-30.215891 | E0=-7.72353990+0.00038083j | E1=-7.65577837+0.00083528j|E2=-7.52990733-0.00201954j|E3=-7.30666581+0.00730684j
26-31-06-27 #-----------------------------------------#
26-31-06-27 [Step  22] logΨ: mean=19.526-0.284j | min=15.298-2.883j | max=20.167+0.281j
26-31-06-27 梯度监控 | raw=27.7111 | natural=0.1193 | clipped=0.1193(上限20.0)
26-31-06-27 Ψ矩阵条件数 cond(Ψ) = 6.41e+00
26-31-06-27 Loss=-30.254081 | E0=-7.72191200+0.00146590j | E1=-7.65550776-0.00060384j|E2=-7.57049001-0.00235585j|E3=-7.30617153+0.00046488j
26-31-06-27 #-----------------------------------------#
26-31-06-27 [Step  23] logΨ: mean=20.071-0.145j | min=12.998-1.482j | max=20.800+0.178j
26-31-06-27 梯度监控 | raw=32.3000 | natural=0.1452 | clipped=0.1452(上限20.0)
26-31-06-27 Ψ矩阵条件数 cond(Ψ) = 6.54e+00
26-31-06-27 Loss=-30.266340 | E0=-7.73624528-0.00178675j | E1=-7.65682728-0.00116079j|E2=-7.54677591-0.00116622j|E3=-7.32649109+0.00536554j
26-31-06-27 #-----------------------------------------#
26-31-06-27 [Step  24] logΨ: mean=20.633-0.187j | min=16.338-1.409j | max=21.321+0.331j
26-31-06-27 梯度监控 | raw=38.9474 | natural=0.0913 | clipped=0.0913(上限20.0)
26-31-06-27 Ψ矩阵条件数 cond(Ψ) = 9.25e+00
26-31-06-27 Loss=-30.342235 | E0=-7.73448093+0.00167679j | E1=-7.66378366+0.00010345j|E2=-7.57637794-0.00059479j|E3=-7.36759276-0.00001582j
26-31-06-27 #-----------------------------------------#
26-31-06-27 [Step  25] logΨ: mean=20.964+0.129j | min=16.114-2.045j | max=21.594+0.193j
26-31-06-27 梯度监控 | raw=38.9010 | natural=0.1053 | clipped=0.1053(上限20.0)
26-31-06-27 Ψ矩阵条件数 cond(Ψ) = 5.55e+00
26-31-06-27 Loss=-30.374398 | E0=-7.74163891+0.00014883j | E1=-7.66293202+0.00109836j|E2=-7.59109853-0.00151523j|E3=-7.37872880-0.00011078j
26-31-06-27 #-----------------------------------------#
26-31-06-27 [Step  26] logΨ: mean=21.280+0.022j | min=16.941-0.399j | max=21.923+0.423j
26-31-06-27 梯度监控 | raw=40.5402 | natural=0.1060 | clipped=0.1060(上限20.0)
26-31-06-27 Ψ矩阵条件数 cond(Ψ) = 1.38e+01
26-31-06-27 Loss=-30.374849 | E0=-7.73753097+0.00174248j | E1=-7.66663647-0.00092177j|E2=-7.59077704-0.00066100j|E3=-7.37990404+0.00146901j
26-31-06-27 #-----------------------------------------#
26-31-06-27 [Step  27] logΨ: mean=21.786-0.146j | min=16.803+0.956j | max=22.412+0.267j
26-31-06-27 梯度监控 | raw=50.1881 | natural=0.1263 | clipped=0.1263(上限20.0)
26-31-06-27 Ψ矩阵条件数 cond(Ψ) = 6.89e+00
26-31-06-27 Loss=-30.397189 | E0=-7.74621363-0.00190408j | E1=-7.66323913+0.00037380j|E2=-7.59343489-0.00188527j|E3=-7.39430089+0.00141924j
26-31-06-27 #-----------------------------------------#
26-31-06-27 [Step  28] logΨ: mean=21.919-0.083j | min=17.798+1.544j | max=22.459+0.404j
26-31-06-27 梯度监控 | raw=48.4550 | natural=0.0257 | clipped=0.0257(上限20.0)
26-31-06-27 Ψ矩阵条件数 cond(Ψ) = 1.82e+01
26-31-06-27 Loss=-30.418342 | E0=-7.74481917+0.00072565j | E1=-7.66512913-0.00086638j|E2=-7.61236782+0.00152857j|E3=-7.39602583+0.00329148j
26-31-06-27 #-----------------------------------------#
26-31-06-27 [Step  29] logΨ: mean=21.964-0.146j | min=19.211-1.173j | max=22.536+2.985j
26-31-06-27 梯度监控 | raw=53.3997 | natural=0.0248 | clipped=0.0248(上限20.0)
26-31-06-27 Ψ矩阵条件数 cond(Ψ) = 6.84e+00
26-31-06-27 Loss=-30.468608 | E0=-7.75118100-0.00019944j | E1=-7.66589664+0.00158683j|E2=-7.61285297+0.00405155j|E3=-7.43867703-0.00556601j
26-31-06-27 #-----------------------------------------#
26-31-06-27 [Step  30] logΨ: mean=22.411+0.122j | min=15.213+1.863j | max=22.993+2.977j
26-31-06-27 梯度监控 | raw=57.0846 | natural=0.0849 | clipped=0.0849(上限20.0)
26-31-06-27 Ψ矩阵条件数 cond(Ψ) = 4.34e+00
26-31-06-27 Loss=-30.499190 | E0=-7.75623803+0.00065155j | E1=-7.66768206-0.00149427j|E2=-7.62012269+0.00047832j|E3=-7.45514691-0.00786588j
26-31-06-27 #-----------------------------------------#
26-31-06-27 [Step  31] logΨ: mean=22.467+0.194j | min=17.246+1.991j | max=23.030+2.844j
26-31-06-27 梯度监控 | raw=52.3229 | natural=0.0780 | clipped=0.0780(上限20.0)
26-31-06-27 Ψ矩阵条件数 cond(Ψ) = 3.09e+01
26-31-06-27 Loss=-30.506006 | E0=-7.75805234-0.00111075j | E1=-7.66641802-0.00245678j|E2=-7.63310576-0.00248013j|E3=-7.44843022+0.00088090j
26-31-06-27 #-----------------------------------------#
26-31-06-27 [Step  32] logΨ: mean=22.451+0.297j | min=18.953+2.193j | max=22.993+2.971j
26-31-06-27 梯度监控 | raw=59.8392 | natural=0.0222 | clipped=0.0222(上限20.0)
26-31-06-27 Ψ矩阵条件数 cond(Ψ) = 7.96e+00
26-31-06-27 Loss=-30.571867 | E0=-7.76070596-0.00202902j | E1=-7.66872679+0.00124860j|E2=-7.63649669+0.00136074j|E3=-7.50593732-0.00146335j
26-31-06-27 #-----------------------------------------#
26-31-06-27 [Step  33] logΨ: mean=22.258+0.052j | min=17.691+2.450j | max=22.799+3.141j
26-31-06-27 梯度监控 | raw=60.4803 | natural=0.0628 | clipped=0.0628(上限20.0)
26-31-06-27 Ψ矩阵条件数 cond(Ψ) = 3.69e+00
26-31-06-27 Loss=-30.580797 | E0=-7.76391611-0.00099627j | E1=-7.66949438+0.00051139j|E2=-7.63766324-0.00540831j|E3=-7.50972307+0.00325765j
26-31-06-27 #-----------------------------------------#
26-31-06-27 [Step  34] logΨ: mean=22.719-0.052j | min=17.123-2.150j | max=23.310+3.111j
26-31-06-27 梯度监控 | raw=55.5360 | natural=0.1506 | clipped=0.1506(上限20.0)
26-31-06-27 Ψ矩阵条件数 cond(Ψ) = 1.22e+01
26-31-06-27 Loss=-30.570977 | E0=-7.76499590+0.00065744j | E1=-7.66624666+0.00216936j|E2=-7.64063472-0.00341895j|E3=-7.49909999-0.00041817j
26-31-06-27 #-----------------------------------------#
26-31-06-27 [Step  35] logΨ: mean=22.615-0.632j | min=18.567-1.304j | max=23.231+0.037j
26-31-06-27 梯度监控 | raw=55.1999 | natural=0.0330 | clipped=0.0330(上限20.0)
26-31-06-27 Ψ矩阵条件数 cond(Ψ) = 3.40e+01
26-31-06-27 Loss=-30.583249 | E0=-7.76177400+0.00192552j | E1=-7.67123469-0.00187153j|E2=-7.64083526+0.00255378j|E3=-7.50940476-0.00328745j
26-31-06-27 #-----------------------------------------#
26-31-06-27 [Step  36] logΨ: mean=23.381-0.589j | min=17.942+2.544j | max=24.015+0.050j
26-31-06-27 梯度监控 | raw=51.8012 | natural=0.1435 | clipped=0.1435(上限20.0)
26-31-06-27 Ψ矩阵条件数 cond(Ψ) = 1.65e+01
26-31-06-27 Loss=-30.559222 | E0=-7.76797275+0.00169471j | E1=-7.66477171-0.00143748j|E2=-7.63724442+0.00089380j|E3=-7.48923336+0.00528058j
26-31-06-27 #-----------------------------------------#
26-31-06-27 [Step  37] logΨ: mean=23.683-0.160j | min=18.250-2.285j | max=24.258+3.057j
26-31-06-27 梯度监控 | raw=58.7615 | natural=0.0383 | clipped=0.0383(上限20.0)
26-31-06-27 Ψ矩阵条件数 cond(Ψ) = 3.44e+01
26-31-06-27 Loss=-30.629591 | E0=-7.77398903-0.00076348j | E1=-7.67142402-0.00210926j|E2=-7.64717161-0.00012943j|E3=-7.53700627+0.00231225j
26-31-06-27 #-----------------------------------------#
26-31-06-27 [Step  38] logΨ: mean=23.565-0.295j | min=20.463+2.931j | max=24.152+3.061j
26-31-06-27 梯度监控 | raw=55.9894 | natural=0.0275 | clipped=0.0275(上限20.0)
26-31-06-27 Ψ矩阵条件数 cond(Ψ) = 2.64e+01
26-31-06-27 Loss=-30.629318 | E0=-7.78168627+0.00119433j | E1=-7.67173783-0.00050786j|E2=-7.64734373-0.00134195j|E3=-7.52854996+0.00191682j
26-31-06-27 #-----------------------------------------#
26-31-06-27 [Step  39] logΨ: mean=23.547-0.054j | min=19.488-2.025j | max=24.096+3.078j
26-31-06-27 梯度监控 | raw=47.7598 | natural=0.0322 | clipped=0.0322(上限20.0)
26-31-06-27 Ψ矩阵条件数 cond(Ψ) = 2.60e+01
26-31-06-27 Loss=-30.680612 | E0=-7.78308677-0.00029220j | E1=-7.67441759+0.00117142j|E2=-7.65210933+0.00098662j|E3=-7.57099786-0.00036138j
26-31-06-27 #-----------------------------------------#
26-31-06-27 [保存] Step 39 → pickle 文件已更新 (40 条记录)
26-31-06-27 [Step  40] logΨ: mean=23.383+0.199j | min=20.144-1.200j | max=23.965+2.994j
26-31-06-27 梯度监控 | raw=50.6853 | natural=0.0254 | clipped=0.0254(上限20.0)
26-31-06-27 Ψ矩阵条件数 cond(Ψ) = 4.28e+00
26-31-06-27 Loss=-30.652537 | E0=-7.78336322+0.00098675j | E1=-7.67433898+0.00106373j|E2=-7.65186407-0.00385697j|E3=-7.54297086+0.00188930j
26-31-06-27 #-----------------------------------------#
26-31-06-27 [Step  41] logΨ: mean=23.377+0.282j | min=19.767+2.361j | max=23.903+2.999j
26-31-06-27 梯度监控 | raw=46.4976 | natural=0.0341 | clipped=0.0341(上限20.0)
26-31-06-27 Ψ矩阵条件数 cond(Ψ) = 2.38e+01
26-31-06-27 Loss=-30.703224 | E0=-7.78757379+0.00133581j | E1=-7.67437473-0.00044943j|E2=-7.65648200+0.00201152j|E3=-7.58479398-0.00236701j
26-31-06-27 #-----------------------------------------#
26-31-06-27 [Step  42] logΨ: mean=23.799+0.336j | min=18.416+0.580j | max=24.371+2.917j
26-31-06-27 梯度监控 | raw=50.3710 | natural=0.0956 | clipped=0.0956(上限20.0)
26-31-06-27 Ψ矩阵条件数 cond(Ψ) = 9.42e+00
26-31-06-27 Loss=-30.696764 | E0=-7.78124271-0.00074319j | E1=-7.67350117-0.00014867j|E2=-7.65222480-0.00118175j|E3=-7.58979502+0.00293416j
26-31-06-27 #-----------------------------------------#
26-31-06-27 [Step  43] logΨ: mean=23.682+0.337j | min=17.737+3.068j | max=24.196+2.712j
26-31-06-27 梯度监控 | raw=48.0029 | natural=0.1091 | clipped=0.1091(上限20.0)
26-31-06-27 Ψ矩阵条件数 cond(Ψ) = 2.11e+01
26-31-06-27 Loss=-30.711149 | E0=-7.78466306-0.00007741j | E1=-7.67967957+0.00045938j|E2=-7.65650722+0.00039118j|E3=-7.59029921-0.00055687j
26-31-06-27 #-----------------------------------------#
26-31-06-27 [Step  44] logΨ: mean=24.418+0.521j | min=19.204+0.471j | max=25.107+2.542j
26-31-06-27 梯度监控 | raw=43.3050 | natural=0.2562 | clipped=0.2562(上限20.0)
26-31-06-27 Ψ矩阵条件数 cond(Ψ) = 4.46e+00
26-31-06-27 Loss=-30.720087 | E0=-7.79048199+0.00080757j | E1=-7.67740025-0.00175102j|E2=-7.65244354+0.00152525j|E3=-7.59976077+0.00301080j
26-31-06-27 #-----------------------------------------#
26-31-06-27 [Step  45] logΨ: mean=24.439+0.682j | min=20.827-1.336j | max=25.005+2.537j
26-31-06-27 梯度监控 | raw=37.0815 | natural=0.0452 | clipped=0.0452(上限20.0)
26-31-06-27 Ψ矩阵条件数 cond(Ψ) = 5.83e+00
26-31-06-27 Loss=-30.739131 | E0=-7.79166556+0.00159568j | E1=-7.68016187-0.00237524j|E2=-7.65764322+0.00038906j|E3=-7.60966003+0.00104970j
26-31-06-27 #-----------------------------------------#
26-31-06-27 [Step  46] logΨ: mean=24.337+0.474j | min=19.702-0.905j | max=24.879+2.446j
26-31-06-27 梯度监控 | raw=33.6762 | natural=0.0981 | clipped=0.0981(上限20.0)
26-31-06-27 Ψ矩阵条件数 cond(Ψ) = 1.01e+02
26-31-06-27 Loss=-30.751660 | E0=-7.79134804+0.00162822j | E1=-7.68583093-0.00235659j|E2=-7.65617411-0.00173659j|E3=-7.61830731+0.00387470j
26-31-06-27 #-----------------------------------------#
26-31-06-27 [Step  47] logΨ: mean=24.442+0.450j | min=18.165+2.738j | max=24.886+2.296j
26-31-06-27 梯度监控 | raw=23.4840 | natural=0.2217 | clipped=0.2217(上限20.0)
26-31-06-27 Ψ矩阵条件数 cond(Ψ) = 4.42e+01
26-31-06-27 Loss=-30.765459 | E0=-7.80177669+0.00229023j | E1=-7.69163664-0.00452156j|E2=-7.65720329+0.00328250j|E3=-7.61484284-0.00167601j
26-31-06-27 #-----------------------------------------#
26-31-06-27 [Step  48] logΨ: mean=24.459+0.239j | min=19.790+2.225j | max=24.875+2.372j
26-31-06-27 梯度监控 | raw=25.8017 | natural=0.0279 | clipped=0.0279(上限20.0)
26-31-06-27 Ψ矩阵条件数 cond(Ψ) = 3.89e+01
26-31-06-27 Loss=-30.789561 | E0=-7.79944153+0.00046204j | E1=-7.68980065-0.00114829j|E2=-7.66119885+0.00091154j|E3=-7.63911972+0.00026370j
26-31-06-27 #-----------------------------------------#
26-31-06-27 [Step  49] logΨ: mean=24.676+0.238j | min=20.125+0.746j | max=25.144+2.315j
26-31-06-27 梯度监控 | raw=29.6754 | natural=0.0991 | clipped=0.0991(上限20.0)
26-31-06-27 Ψ矩阵条件数 cond(Ψ) = 2.67e+01
26-31-06-27 Loss=-30.770345 | E0=-7.79350841+0.00114497j | E1=-7.68750276-0.00223690j|E2=-7.65852784-0.00014730j|E3=-7.63080606+0.00325184j
26-31-06-27 #-----------------------------------------#
26-31-06-27 [Step  50] logΨ: mean=24.941+0.506j | min=20.085+1.529j | max=25.343+2.391j
26-31-06-27 梯度监控 | raw=22.8935 | natural=0.1016 | clipped=0.1016(上限20.0)
26-31-06-27 Ψ矩阵条件数 cond(Ψ) = 1.68e+01
26-31-06-27 Loss=-30.804232 | E0=-7.80270546-0.00101318j | E1=-7.69536840-0.00369841j|E2=-7.66337993+0.00132140j|E3=-7.64277773+0.00388688j
26-31-06-27 #-----------------------------------------#
26-31-06-27 [Step  51] logΨ: mean=24.824+0.543j | min=19.053-2.169j | max=25.230+2.417j
26-31-06-27 梯度监控 | raw=26.9294 | natural=0.0457 | clipped=0.0457(上限20.0)
26-31-06-27 Ψ矩阵条件数 cond(Ψ) = 8.07e+00
26-31-06-27 Loss=-30.796658 | E0=-7.80418997-0.00109071j | E1=-7.69060845+0.00218651j|E2=-7.66136262-0.00063543j|E3=-7.64049693-0.00194939j
26-31-06-27 #-----------------------------------------#
26-31-06-27 [Step  52] logΨ: mean=24.963+0.219j | min=20.285+3.075j | max=25.311+2.300j
26-31-06-27 梯度监控 | raw=22.2107 | natural=0.0864 | clipped=0.0864(上限20.0)
26-31-06-27 Ψ矩阵条件数 cond(Ψ) = 9.58e+00
26-31-06-27 Loss=-30.817169 | E0=-7.80545336+0.00030334j | E1=-7.69743512+0.00171754j|E2=-7.66517436-0.00062436j|E3=-7.64910581+0.00021204j
26-31-06-27 #-----------------------------------------#
26-31-06-27 [Step  53] logΨ: mean=25.762+0.121j | min=20.553-1.168j | max=26.126+2.267j
26-31-06-27 梯度监控 | raw=17.8737 | natural=0.1453 | clipped=0.1453(上限20.0)
26-31-06-27 Ψ矩阵条件数 cond(Ψ) = 5.58e+00
26-31-06-27 Loss=-30.834018 | E0=-7.81243631+0.00104316j | E1=-7.69932675-0.00108483j|E2=-7.66999492-0.00123055j|E3=-7.65225975-0.00019876j
26-31-06-27 #-----------------------------------------#
26-31-06-27 [Step  54] logΨ: mean=26.438+0.036j | min=19.036+1.294j | max=26.941+1.935j
26-31-06-27 梯度监控 | raw=27.1290 | natural=0.2110 | clipped=0.2110(上限20.0)
26-31-06-27 Ψ矩阵条件数 cond(Ψ) = 5.44e+00
26-31-06-27 Loss=-30.797172 | E0=-7.81123298-0.00637517j | E1=-7.69293719+0.00091296j|E2=-7.65297120-0.00148110j|E3=-7.64003020+0.00326245j
26-31-06-27 #-----------------------------------------#
26-31-06-27 [Step  55] logΨ: mean=26.515-0.162j | min=23.445-0.090j | max=26.868+1.938j
26-31-06-27 梯度监控 | raw=22.4340 | natural=0.0360 | clipped=0.0360(上限20.0)
26-31-06-27 Ψ矩阵条件数 cond(Ψ) = 5.79e+00
26-31-06-27 Loss=-30.846655 | E0=-7.81725220+0.00046508j | E1=-7.70038055-0.00276753j|E2=-7.67369887+0.00224081j|E3=-7.65532379-0.00059469j
26-31-06-27 #-----------------------------------------#
26-31-06-27 [Step  56] logΨ: mean=26.911+0.564j | min=21.045+0.119j | max=27.315+2.878j
26-31-06-27 梯度监控 | raw=23.9219 | natural=0.0882 | clipped=0.0882(上限20.0)
26-31-06-27 Ψ矩阵条件数 cond(Ψ) = 5.40e+00
26-31-06-27 Loss=-30.842002 | E0=-7.81395377-0.00196576j | E1=-7.70515817+0.00341332j|E2=-7.67100239+0.00104672j|E3=-7.65188750-0.00235641j
26-31-06-27 #-----------------------------------------#
26-31-06-27 [Step  57] logΨ: mean=26.853-0.370j | min=21.528-1.517j | max=27.211+0.750j
26-31-06-27 梯度监控 | raw=24.5418 | natural=0.0864 | clipped=0.0864(上限20.0)
26-31-06-27 Ψ矩阵条件数 cond(Ψ) = 5.95e+00
26-31-06-27 Loss=-30.847146 | E0=-7.81850743+0.00095925j | E1=-7.70059431-0.00104095j|E2=-7.67469242+0.00203032j|E3=-7.65335169-0.00108463j
26-31-06-27 #-----------------------------------------#
26-31-06-27 [Step  58] logΨ: mean=26.881-0.379j | min=21.434-1.773j | max=27.370+0.732j
26-31-06-27 梯度监控 | raw=22.2927 | natural=0.0863 | clipped=0.0863(上限20.0)
26-31-06-27 Ψ矩阵条件数 cond(Ψ) = 2.02e+01
26-31-06-27 Loss=-30.838264 | E0=-7.82091855+0.00062406j | E1=-7.69678882-0.00107386j|E2=-7.66642394+0.00030306j|E3=-7.65413222+0.00203986j
26-31-06-27 #-----------------------------------------#
26-31-06-27 [Step  59] logΨ: mean=26.715-0.681j | min=22.217-0.379j | max=27.056+0.407j
26-31-06-27 梯度监控 | raw=19.5288 | natural=0.0291 | clipped=0.0291(上限20.0)
26-31-06-27 Ψ矩阵条件数 cond(Ψ) = 6.61e+00
26-31-06-27 Loss=-30.857029 | E0=-7.82534200-0.00059573j | E1=-7.70423329-0.00081424j|E2=-7.67416460+0.00106399j|E3=-7.65328911+0.00025755j
26-31-06-27 #-----------------------------------------#
26-31-06-27 [保存] Step 59 → pickle 文件已更新 (60 条记录)
26-31-06-28 [Step  60] logΨ: mean=26.620-0.518j | min=22.323+0.371j | max=27.022+0.400j
26-31-06-28 梯度监控 | raw=23.5977 | natural=0.0347 | clipped=0.0347(上限20.0)
26-31-06-28 Ψ矩阵条件数 cond(Ψ) = 6.05e+00
26-31-06-28 Loss=-30.846847 | E0=-7.82089797+0.00146165j | E1=-7.70046769-0.00004486j|E2=-7.67103577-0.00003104j|E3=-7.65444600-0.00056307j
26-31-06-28 #-----------------------------------------#
26-31-06-28 [Step  61] logΨ: mean=27.751-0.098j | min=21.067+1.024j | max=28.111+1.994j
26-31-06-28 梯度监控 | raw=25.8866 | natural=0.1965 | clipped=0.1965(上限20.0)
26-31-06-28 Ψ矩阵条件数 cond(Ψ) = 6.22e+00
26-31-06-28 Loss=-30.827827 | E0=-7.82034998+0.00244018j | E1=-7.69140463-0.00401393j|E2=-7.66689698+0.00587855j|E3=-7.64917534-0.00331028j
26-31-06-28 #-----------------------------------------#
26-31-06-28 [Step  62] logΨ: mean=27.680-0.206j | min=23.485-1.546j | max=28.030+1.952j
26-31-06-28 梯度监控 | raw=22.4050 | natural=0.0331 | clipped=0.0331(上限20.0)
26-31-06-28 Ψ矩阵条件数 cond(Ψ) = 8.18e+00
26-31-06-28 Loss=-30.861180 | E0=-7.82907211-0.00156944j | E1=-7.70510833+0.00014300j|E2=-7.67080743-0.00106188j|E3=-7.65619174+0.00156113j
26-31-06-28 #-----------------------------------------#
26-31-06-28 [Step  63] logΨ: mean=27.654-0.153j | min=23.377-1.604j | max=27.957+1.892j
26-31-06-28 梯度监控 | raw=19.2899 | natural=0.0287 | clipped=0.0287(上限20.0)
26-31-06-28 Ψ矩阵条件数 cond(Ψ) = 6.68e+00
26-31-06-28 Loss=-30.869462 | E0=-7.82961758-0.00041374j | E1=-7.70649151-0.00114992j|E2=-7.67570834-0.00032778j|E3=-7.65764495+0.00089971j
26-31-06-28 #-----------------------------------------#
26-31-06-28 [Step  64] logΨ: mean=27.578-0.219j | min=23.080+1.653j | max=27.903+1.800j
26-31-06-28 梯度监控 | raw=19.1154 | natural=0.0351 | clipped=0.0351(上限20.0)
26-31-06-28 Ψ矩阵条件数 cond(Ψ) = 7.01e+00
26-31-06-28 Loss=-30.866936 | E0=-7.83032112+0.00041618j | E1=-7.70207009-0.00254578j|E2=-7.67656745+0.00198549j|E3=-7.65797749+0.00016925j
26-31-06-28 #-----------------------------------------#
26-31-06-28 [Step  65] logΨ: mean=27.973+0.278j | min=23.032+2.647j | max=28.279+1.234j
26-31-06-28 梯度监控 | raw=20.7827 | natural=0.0892 | clipped=0.0892(上限20.0)
26-31-06-28 Ψ矩阵条件数 cond(Ψ) = 6.95e+00
26-31-06-28 Loss=-30.869653 | E0=-7.82950931-0.00017039j | E1=-7.70873756+0.00084993j|E2=-7.67554677-0.00268246j|E3=-7.65585972+0.00071752j
26-31-06-28 #-----------------------------------------#
26-31-06-28 [Step  66] logΨ: mean=28.330+0.203j | min=23.744-2.626j | max=28.662+0.992j
26-31-06-28 梯度监控 | raw=24.8147 | natural=0.0682 | clipped=0.0682(上限20.0)
26-31-06-28 Ψ矩阵条件数 cond(Ψ) = 1.85e+01
26-31-06-28 Loss=-30.864783 | E0=-7.83132477+0.00201095j | E1=-7.70250299-0.00222713j|E2=-7.67418466+0.00233262j|E3=-7.65677053+0.00032817j
26-31-06-28 #-----------------------------------------#
26-31-06-28 [Step  67] logΨ: mean=28.467-0.561j | min=23.689+2.075j | max=28.752+0.312j
26-31-06-28 梯度监控 | raw=22.0994 | natural=0.0326 | clipped=0.0326(上限20.0)
26-31-06-28 Ψ矩阵条件数 cond(Ψ) = 2.10e+01
26-31-06-28 Loss=-30.880340 | E0=-7.83521647-0.00101289j | E1=-7.70732619-0.00122923j|E2=-7.67864263-0.00074600j|E3=-7.65915495+0.00166888j
26-31-06-28 #-----------------------------------------#
26-31-06-28 [Step  68] logΨ: mean=28.266+0.491j | min=23.269+2.825j | max=28.594+2.866j
26-31-06-28 梯度监控 | raw=19.0764 | natural=0.1061 | clipped=0.1061(上限20.0)
26-31-06-28 Ψ矩阵条件数 cond(Ψ) = 2.40e+01
26-31-06-28 Loss=-30.879798 | E0=-7.83620355-0.00062287j | E1=-7.70899275+0.00082462j|E2=-7.67766265-0.00111310j|E3=-7.65693920+0.00198240j
26-31-06-28 #-----------------------------------------#
26-31-06-28 [Step  69] logΨ: mean=27.478+0.636j | min=22.217+2.031j | max=27.833+2.831j
26-31-06-28 梯度监控 | raw=30.5168 | natural=0.0983 | clipped=0.0983(上限20.0)
26-31-06-28 Ψ矩阵条件数 cond(Ψ) = 8.47e+00
26-31-06-28 Loss=-30.874209 | E0=-7.83424413-0.00048419j | E1=-7.70313900-0.00321244j|E2=-7.67849977+0.00024308j|E3=-7.65832659+0.00262468j
26-31-06-28 #-----------------------------------------#
26-31-06-28 [Step  70] logΨ: mean=26.717+0.514j | min=21.939+1.434j | max=27.009+1.469j
26-31-06-28 梯度监控 | raw=16.5252 | natural=0.0495 | clipped=0.0495(上限20.0)
26-31-06-28 Ψ矩阵条件数 cond(Ψ) = 7.15e+00
26-31-06-28 Loss=-30.881877 | E0=-7.84246554-0.00031779j | E1=-7.70386334-0.00216342j|E2=-7.67601500-0.00008957j|E3=-7.65953332+0.00075081j
26-31-06-28 #-----------------------------------------#
26-31-06-28 [Step  71] logΨ: mean=26.932+0.410j | min=21.246-1.255j | max=27.228+1.490j
26-31-06-28 梯度监控 | raw=12.4208 | natural=0.0966 | clipped=0.0966(上限20.0)
26-31-06-28 Ψ矩阵条件数 cond(Ψ) = 3.57e+01
26-31-06-28 Loss=-30.884481 | E0=-7.84040445-0.00019870j | E1=-7.70704013-0.00158534j|E2=-7.67938544-0.00024273j|E3=-7.65765084+0.00171468j
26-31-06-28 #-----------------------------------------#
26-31-06-28 [Step  72] logΨ: mean=26.508+0.418j | min=22.367-1.352j | max=26.836+1.514j
26-31-06-28 梯度监控 | raw=11.0839 | natural=0.0483 | clipped=0.0483(上限20.0)
26-31-06-28 Ψ矩阵条件数 cond(Ψ) = 8.12e+00
26-31-06-28 Loss=-30.890224 | E0=-7.84027839-0.00043815j | E1=-7.70766172-0.00018825j|E2=-7.68147564-0.00199616j|E3=-7.66080826+0.00157854j
26-31-06-28 #-----------------------------------------#
26-31-06-28 [Step  73] logΨ: mean=26.473-0.105j | min=21.093+2.349j | max=26.802+1.815j
26-31-06-28 梯度监控 | raw=11.7125 | natural=0.1583 | clipped=0.1583(上限20.0)
26-31-06-28 Ψ矩阵条件数 cond(Ψ) = 4.83e+01
26-31-06-28 Loss=-30.888069 | E0=-7.83730401-0.00022395j | E1=-7.70854397+0.00113912j|E2=-7.68391222+0.00093562j|E3=-7.65830839-0.00112493j
26-31-06-28 #-----------------------------------------#
26-31-06-28 [Step  74] logΨ: mean=26.348-0.031j | min=22.939-0.267j | max=26.639+1.795j
26-31-06-28 梯度监控 | raw=10.2787 | natural=0.0337 | clipped=0.0337(上限20.0)
26-31-06-28 Ψ矩阵条件数 cond(Ψ) = 5.95e+00
26-31-06-28 Loss=-30.896684 | E0=-7.84137914-0.00043649j | E1=-7.71278828+0.00066392j|E2=-7.68217007+0.00015557j|E3=-7.66034614+0.00033721j
26-31-06-28 #-----------------------------------------#
26-31-06-28 [Step  75] logΨ: mean=26.142-0.195j | min=22.494-2.150j | max=26.440+1.788j
26-31-06-28 梯度监控 | raw=9.4392 | natural=0.0345 | clipped=0.0345(上限20.0)
26-31-06-28 Ψ矩阵条件数 cond(Ψ) = 4.83e+01
26-31-06-28 Loss=-30.890949 | E0=-7.83985321+0.00006816j | E1=-7.70775260-0.00110625j|E2=-7.68352755-0.00185610j|E3=-7.65981527+0.00098074j
26-31-06-28 #-----------------------------------------#
26-31-06-28 [Step  76] logΨ: mean=26.103-0.226j | min=21.854-2.100j | max=26.374+1.844j
26-31-06-28 梯度监控 | raw=9.5190 | natural=0.0644 | clipped=0.0644(上限20.0)
26-31-06-28 Ψ矩阵条件数 cond(Ψ) = 6.07e+00
26-31-06-28 Loss=-30.895643 | E0=-7.84187930-0.00037548j | E1=-7.71209526-0.00059364j|E2=-7.68353634+0.00036295j|E3=-7.65813249-0.00069866j
26-31-06-28 #-----------------------------------------#
26-31-06-28 [Step  77] logΨ: mean=26.006-0.055j | min=21.391+1.762j | max=26.356+2.188j
26-31-06-28 梯度监控 | raw=9.2478 | natural=0.0674 | clipped=0.0674(上限20.0)
26-31-06-28 Ψ矩阵条件数 cond(Ψ) = 6.83e+00
26-31-06-28 Loss=-30.894879 | E0=-7.84370387-0.00036995j | E1=-7.71165960+0.00092946j|E2=-7.68264789-0.00025038j|E3=-7.65686752-0.00080072j
26-31-06-28 #-----------------------------------------#
26-31-06-28 [Step  78] logΨ: mean=25.858-0.208j | min=18.623+2.870j | max=26.300+2.034j
26-31-06-28 梯度监控 | raw=22.9123 | natural=0.2142 | clipped=0.2142(上限20.0)
26-31-06-28 Ψ矩阵条件数 cond(Ψ) = 6.03e+00
26-31-06-28 Loss=-30.857193 | E0=-7.84362148-0.00180852j | E1=-7.70042156-0.00588474j|E2=-7.67806683-0.00408342j|E3=-7.63508351+0.00978168j
26-31-06-28 #-----------------------------------------#
26-31-06-28 [Step  79] logΨ: mean=25.717-0.121j | min=20.342+0.081j | max=26.127+2.197j
26-31-06-28 梯度监控 | raw=10.9636 | natural=0.0748 | clipped=0.0748(上限20.0)
26-31-06-28 Ψ矩阵条件数 cond(Ψ) = 9.78e+00
26-31-06-28 Loss=-30.894736 | E0=-7.83988948-0.00004736j | E1=-7.71176019+0.00042311j|E2=-7.68437867-0.00040883j|E3=-7.65870718+0.00110446j
26-31-06-28 #-----------------------------------------#
26-31-06-28 [保存] Step 79 → pickle 文件已更新 (80 条记录)
26-31-06-28 [Step  80] logΨ: mean=25.941+0.157j | min=21.745-2.943j | max=26.297+2.150j
26-31-06-28 梯度监控 | raw=9.6190 | natural=0.0379 | clipped=0.0379(上限20.0)
26-31-06-28 Ψ矩阵条件数 cond(Ψ) = 6.94e+00
26-31-06-28 Loss=-30.894211 | E0=-7.84290628-0.00042495j | E1=-7.71192480-0.00014497j|E2=-7.68206766-0.00007994j|E3=-7.65731206+0.00011278j
26-31-06-28 #-----------------------------------------#
26-31-06-28 [Step  81] logΨ: mean=26.142-0.062j | min=21.112-1.220j | max=26.579+2.126j
26-31-06-28 梯度监控 | raw=13.0952 | natural=0.1070 | clipped=0.1070(上限20.0)
26-31-06-28 Ψ矩阵条件数 cond(Ψ) = 6.83e+00
26-31-06-28 Loss=-30.887272 | E0=-7.84518364-0.00037201j | E1=-7.70687320-0.00167157j|E2=-7.68291643+0.00037552j|E3=-7.65229852-0.00029570j
26-31-06-28 #-----------------------------------------#
26-31-06-28 [Step  82] logΨ: mean=25.981+0.194j | min=20.903-1.377j | max=26.440+2.242j
26-31-06-28 梯度监控 | raw=11.2124 | natural=0.0427 | clipped=0.0427(上限20.0)
26-31-06-28 Ψ矩阵条件数 cond(Ψ) = 5.51e+00
26-31-06-28 Loss=-30.894491 | E0=-7.84414320+0.00019970j | E1=-7.71163491+0.00043741j|E2=-7.68046806-0.00062603j|E3=-7.65824531+0.00054704j
26-31-06-28 #-----------------------------------------#
26-31-06-28 [Step  83] logΨ: mean=26.868+0.174j | min=22.469-0.102j | max=27.323+2.309j
26-31-06-28 梯度监控 | raw=10.3532 | natural=0.0567 | clipped=0.0567(上限20.0)
26-31-06-28 Ψ矩阵条件数 cond(Ψ) = 5.07e+00
26-31-06-28 Loss=-30.899531 | E0=-7.84480144+0.00030294j | E1=-7.71195917+0.00026226j|E2=-7.68483459-0.00089215j|E3=-7.65793612+0.00087294j
26-31-06-28 #-----------------------------------------#
26-31-06-28 [Step  84] logΨ: mean=26.844+0.184j | min=23.306-1.383j | max=27.256+2.369j
26-31-06-28 梯度监控 | raw=11.3065 | natural=0.0322 | clipped=0.0322(上限20.0)
26-31-06-28 Ψ矩阵条件数 cond(Ψ) = 1.72e+01
26-31-06-28 Loss=-30.897971 | E0=-7.84091979-0.00009991j | E1=-7.71491128-0.00050207j|E2=-7.68469164+0.00073660j|E3=-7.65744807-0.00154046j
26-31-06-28 #-----------------------------------------#
26-31-06-28 [Step  85] logΨ: mean=26.321+0.197j | min=21.344+0.158j | max=26.741+2.216j
26-31-06-28 梯度监控 | raw=8.5737 | natural=0.0733 | clipped=0.0733(上限20.0)
26-31-06-28 Ψ矩阵条件数 cond(Ψ) = 1.71e+01
26-31-06-28 Loss=-30.895856 | E0=-7.84394674-0.00006083j | E1=-7.71213754-0.00128144j|E2=-7.68429974+0.00048557j|E3=-7.65547178+0.00169494j
26-31-06-28 #-----------------------------------------#
26-31-06-28 [Step  86] logΨ: mean=26.220-0.314j | min=18.718+0.560j | max=26.747+1.881j
26-31-06-28 梯度监控 | raw=16.3929 | natural=0.2598 | clipped=0.2598(上限20.0)
26-31-06-28 Ψ矩阵条件数 cond(Ψ) = 9.91e+00
26-31-06-28 Loss=-30.868900 | E0=-7.84194285+0.00038317j | E1=-7.70288995+0.00359843j|E2=-7.68124921+0.00148091j|E3=-7.64281787-0.00338682j
26-31-06-28 #-----------------------------------------#
26-31-06-28 [Step  87] logΨ: mean=26.161-0.094j | min=20.783-1.655j | max=26.668+1.971j
26-31-06-28 梯度监控 | raw=10.3110 | natural=0.0359 | clipped=0.0359(上限20.0)
26-31-06-28 Ψ矩阵条件数 cond(Ψ) = 5.70e+00
26-31-06-28 Loss=-30.893838 | E0=-7.84273412+0.00131703j | E1=-7.71037143-0.00081145j|E2=-7.68285455-0.00040024j|E3=-7.65787790+0.00214920j
26-31-06-28 #-----------------------------------------#
26-31-06-28 [Step  88] logΨ: mean=26.153-0.071j | min=17.689+0.081j | max=26.583+2.060j
26-31-06-28 梯度监控 | raw=10.5662 | natural=0.0753 | clipped=0.0753(上限20.0)
26-31-06-28 Ψ矩阵条件数 cond(Ψ) = 7.03e+00
26-31-06-28 Loss=-30.894861 | E0=-7.84409361-0.00028904j | E1=-7.71448150+0.00007883j|E2=-7.68329026+0.00000573j|E3=-7.65299539-0.00038963j
26-31-06-28 #-----------------------------------------#
26-31-06-28 [Step  89] logΨ: mean=26.242-0.031j | min=22.707+2.999j | max=26.614+2.091j
26-31-06-28 梯度监控 | raw=8.4065 | natural=0.0198 | clipped=0.0198(上限20.0)
26-31-06-28 Ψ矩阵条件数 cond(Ψ) = 3.16e+01
26-31-06-28 Loss=-30.904372 | E0=-7.84904452-0.00029621j | E1=-7.71488701+0.00056882j|E2=-7.68411218+0.00014461j|E3=-7.65632859-0.00139260j
26-31-06-28 #-----------------------------------------#
26-31-06-28 [Step  90] logΨ: mean=26.224+0.037j | min=23.062-2.190j | max=26.635+2.117j
26-31-06-28 梯度监控 | raw=7.6410 | natural=0.0366 | clipped=0.0366(上限20.0)
26-31-06-28 Ψ矩阵条件数 cond(Ψ) = 6.03e+00
26-31-06-28 Loss=-30.903592 | E0=-7.84832442-0.00031269j | E1=-7.71303471+0.00017791j|E2=-7.68457836-0.00161319j|E3=-7.65765404+0.00068398j
26-31-06-28 #-----------------------------------------#
26-31-06-28 [Step  91] logΨ: mean=26.244+0.036j | min=22.976-1.463j | max=26.575+2.089j
26-31-06-28 梯度监控 | raw=8.2619 | natural=0.0120 | clipped=0.0120(上限20.0)
26-31-06-28 Ψ矩阵条件数 cond(Ψ) = 6.05e+00
26-31-06-28 Loss=-30.902505 | E0=-7.84717460-0.00033649j | E1=-7.71493118+0.00039472j|E2=-7.68491354+0.00054692j|E3=-7.65548603-0.00151397j
26-31-06-28 #-----------------------------------------#
26-31-06-28 [Step  92] logΨ: mean=26.283+0.015j | min=21.772-2.046j | max=26.686+2.154j
26-31-06-28 梯度监控 | raw=9.9861 | natural=0.0607 | clipped=0.0607(上限20.0)
26-31-06-28 Ψ矩阵条件数 cond(Ψ) = 6.07e+00
26-31-06-28 Loss=-30.902998 | E0=-7.84460386-0.00009799j | E1=-7.71481342+0.00014226j|E2=-7.68530282+0.00070332j|E3=-7.65827824-0.00080109j
26-31-06-28 #-----------------------------------------#
26-31-06-28 [Step  93] logΨ: mean=26.334+0.346j | min=22.753+0.043j | max=26.760+2.206j
26-31-06-28 梯度监控 | raw=10.0047 | natural=0.0103 | clipped=0.0103(上限20.0)
26-31-06-28 Ψ矩阵条件数 cond(Ψ) = 6.05e+00
26-31-06-28 Loss=-30.904298 | E0=-7.84694369-0.00011731j | E1=-7.71426860-0.00035014j|E2=-7.68578208+0.00080093j|E3=-7.65730376-0.00060841j
26-31-06-28 #-----------------------------------------#
26-31-06-28 [Step  94] logΨ: mean=26.336+0.265j | min=19.477+0.357j | max=26.747+2.546j
26-31-06-28 梯度监控 | raw=11.5809 | natural=0.0783 | clipped=0.0783(上限20.0)
26-31-06-28 Ψ矩阵条件数 cond(Ψ) = 6.09e+00
26-31-06-28 Loss=-30.898861 | E0=-7.85026570+0.00007097j | E1=-7.71491293+0.00193505j|E2=-7.68311169+0.00192640j|E3=-7.65057044-0.00277478j
26-31-06-28 #-----------------------------------------#
26-31-06-28 [Step  95] logΨ: mean=26.770+0.139j | min=21.074-2.694j | max=27.151+2.601j
26-31-06-28 梯度监控 | raw=7.2652 | natural=0.0692 | clipped=0.0692(上限20.0)
26-31-06-28 Ψ矩阵条件数 cond(Ψ) = 7.05e+00
26-31-06-28 Loss=-30.899302 | E0=-7.85104153-0.00082409j | E1=-7.71431970-0.00195499j|E2=-7.68090960-0.00093851j|E3=-7.65303129+0.00345564j
26-31-06-28 #-----------------------------------------#
26-31-06-28 [Step  96] logΨ: mean=26.772+0.495j | min=22.450-1.002j | max=27.182+2.680j
26-31-06-28 梯度监控 | raw=9.9874 | natural=0.0341 | clipped=0.0341(上限20.0)
26-31-06-28 Ψ矩阵条件数 cond(Ψ) = 5.94e+00
26-31-06-28 Loss=-30.902828 | E0=-7.84872335-0.00042117j | E1=-7.71264706-0.00017966j|E2=-7.68368890-0.00034125j|E3=-7.65776919-0.00006393j
26-31-06-28 #-----------------------------------------#
26-31-06-28 [Step  97] logΨ: mean=27.178-0.327j | min=21.926-1.481j | max=27.586+0.733j
26-31-06-28 梯度监控 | raw=8.1398 | natural=0.0587 | clipped=0.0587(上限20.0)
26-31-06-28 Ψ矩阵条件数 cond(Ψ) = 9.35e+00
26-31-06-28 Loss=-30.902746 | E0=-7.84962921-0.00022304j | E1=-7.71361425-0.00032444j|E2=-7.68519924-0.00012145j|E3=-7.65430323+0.00039544j
26-31-06-28 #-----------------------------------------#
26-31-06-28 [Step  98] logΨ: mean=27.137-0.078j | min=21.363-2.697j | max=27.574+0.711j
26-31-06-28 梯度监控 | raw=17.9537 | natural=0.0253 | clipped=0.0253(上限20.0)
26-31-06-28 Ψ矩阵条件数 cond(Ψ) = 9.36e+00
26-31-06-28 Loss=-30.905092 | E0=-7.84828365+0.00012809j | E1=-7.71378427+0.00025483j|E2=-7.68379649+0.00030441j|E3=-7.65922739+0.00129211j
26-31-06-28 #-----------------------------------------#
26-31-06-28 [Step  99] logΨ: mean=27.171-0.544j | min=22.445+0.385j | max=27.558+0.481j
26-31-06-28 梯度监控 | raw=16.4772 | natural=0.0246 | clipped=0.0246(上限20.0)
26-31-06-28 Ψ矩阵条件数 cond(Ψ) = 5.18e+00
26-31-06-28 Loss=-30.904714 | E0=-7.85121374-0.00037092j | E1=-7.71302201-0.00024101j|E2=-7.68499202-0.00061511j|E3=-7.65548592+0.00160386j
26-31-06-28 #-----------------------------------------#
26-31-06-28 [保存] Step 99 → pickle 文件已更新 (100 条记录)
26-31-06-28 [Step 100] logΨ: mean=27.144-0.624j | min=23.779+3.136j | max=27.555+0.484j
26-31-06-28 梯度监控 | raw=17.2833 | natural=0.0233 | clipped=0.0233(上限20.0)
26-31-06-28 Ψ矩阵条件数 cond(Ψ) = 5.13e+00
26-31-06-28 Loss=-30.905507 | E0=-7.85122441+0.00005797j | E1=-7.71308371-0.00010062j|E2=-7.68383121+0.00046531j|E3=-7.65736788-0.00007898j
26-31-06-28 #-----------------------------------------#
26-31-06-28 [Step 101] logΨ: mean=27.211-0.701j | min=22.149-0.826j | max=27.675+0.607j
26-31-06-28 梯度监控 | raw=15.9806 | natural=0.0231 | clipped=0.0231(上限20.0)
26-31-06-28 Ψ矩阵条件数 cond(Ψ) = 5.12e+00
26-31-06-28 Loss=-30.903966 | E0=-7.85025920-0.00004103j | E1=-7.71395577+0.00057845j|E2=-7.68386767+0.00081588j|E3=-7.65588385-0.00183151j
26-31-06-28 #-----------------------------------------#
26-31-06-28 [Step 102] logΨ: mean=27.371-0.271j | min=22.503+0.552j | max=27.822+0.678j
26-31-06-28 梯度监控 | raw=24.9423 | natural=0.0329 | clipped=0.0329(上限20.0)
26-31-06-28 Ψ矩阵条件数 cond(Ψ) = 5.10e+00
26-31-06-28 Loss=-30.903529 | E0=-7.85218425-0.00018739j | E1=-7.71066193-0.00000597j|E2=-7.68439422-0.00060918j|E3=-7.65628828+0.00097479j
26-31-06-28 #-----------------------------------------#
26-31-06-28 [Step 103] logΨ: mean=27.349+0.123j | min=21.282-0.707j | max=27.831+1.075j
26-31-06-28 梯度监控 | raw=11.1789 | natural=0.1971 | clipped=0.1971(上限20.0)
26-31-06-28 Ψ矩阵条件数 cond(Ψ) = 9.54e+00
26-31-06-28 Loss=-30.897505 | E0=-7.85158635-0.00016332j | E1=-7.71113734+0.00315089j|E2=-7.68256558+0.00191738j|E3=-7.65221564-0.00360453j
26-31-06-28 #-----------------------------------------#
26-31-06-28 [Step 104] logΨ: mean=27.476+0.108j | min=24.622+0.707j | max=27.869+1.082j
26-31-06-28 梯度监控 | raw=20.1207 | natural=0.0038 | clipped=0.0038(上限20.0)
26-31-06-28 Ψ矩阵条件数 cond(Ψ) = 6.67e+00
26-31-06-28 Loss=-30.908490 | E0=-7.84990251-0.00005245j | E1=-7.71441699+0.00020201j|E2=-7.68470285+0.00003304j|E3=-7.65946757+0.00166321j
26-31-06-28 #-----------------------------------------#
26-31-06-28 [Step 105] logΨ: mean=27.481-0.167j | min=23.527-2.038j | max=27.937+1.044j
26-31-06-28 梯度监控 | raw=19.3598 | natural=0.0266 | clipped=0.0266(上限20.0)
26-31-06-28 Ψ矩阵条件数 cond(Ψ) = 6.95e+00
26-31-06-28 Loss=-30.907748 | E0=-7.85245477-0.00024949j | E1=-7.71364632+0.00127324j|E2=-7.68409708+0.00082756j|E3=-7.65754958-0.00139938j
26-31-06-28 #-----------------------------------------#
26-31-06-28 [Step 106] logΨ: mean=27.643+0.054j | min=22.465+0.813j | max=28.130+1.109j
26-31-06-28 梯度监控 | raw=18.4789 | natural=0.0273 | clipped=0.0273(上限20.0)
26-31-06-28 Ψ矩阵条件数 cond(Ψ) = 7.07e+00
26-31-06-28 Loss=-30.909943 | E0=-7.85137943-0.00005431j | E1=-7.71335026-0.00009767j|E2=-7.68534468-0.00054544j|E3=-7.65986828+0.00105904j
26-31-06-28 #-----------------------------------------#
26-31-06-28 [Step 107] logΨ: mean=27.785+0.135j | min=23.733+2.773j | max=28.242+1.132j
26-31-06-28 梯度监控 | raw=19.8776 | natural=0.0212 | clipped=0.0212(上限20.0)
26-31-06-28 Ψ矩阵条件数 cond(Ψ) = 7.05e+00
26-31-06-28 Loss=-30.912237 | E0=-7.85308493-0.00013393j | E1=-7.71441356+0.00012118j|E2=-7.68476824+0.00004537j|E3=-7.65997070+0.00004678j
26-31-06-28 #-----------------------------------------#
26-31-06-28 [Step 108] logΨ: mean=27.745+0.105j | min=21.722+0.723j | max=28.234+0.971j
26-31-06-28 梯度监控 | raw=15.7361 | natural=0.1389 | clipped=0.1389(上限20.0)
26-31-06-28 Ψ矩阵条件数 cond(Ψ) = 4.95e+00
26-31-06-28 Loss=-30.904474 | E0=-7.84992714+0.00054289j | E1=-7.71247718+0.00041732j|E2=-7.68520266+0.00046281j|E3=-7.65686666-0.00039144j
26-31-06-28 #-----------------------------------------#
26-31-06-28 [Step 109] logΨ: mean=27.584-0.272j | min=21.185-2.359j | max=28.109+0.689j
26-31-06-28 梯度监控 | raw=25.1517 | natural=0.1080 | clipped=0.1080(上限20.0)
26-31-06-28 Ψ矩阵条件数 cond(Ψ) = 5.17e+00
26-31-06-28 Loss=-30.899879 | E0=-7.85192661-0.00032843j | E1=-7.71430461-0.00007757j|E2=-7.68617068-0.00191096j|E3=-7.64747740+0.00149727j
26-31-06-28 #-----------------------------------------#
26-31-06-28 [Step 110] logΨ: mean=27.773-0.276j | min=23.557-1.270j | max=28.141+0.661j
26-31-06-28 梯度监控 | raw=22.1086 | natural=0.0040 | clipped=0.0040(上限20.0)
26-31-06-28 Ψ矩阵条件数 cond(Ψ) = 5.22e+00
26-31-06-28 Loss=-30.911204 | E0=-7.85394287-0.00007197j | E1=-7.71472491+0.00017349j|E2=-7.68529337+0.00049027j|E3=-7.65724329-0.00041248j
26-31-06-28 #-----------------------------------------#
26-31-06-28 [Step 111] logΨ: mean=27.664-0.643j | min=23.514+1.780j | max=28.105+0.616j
26-31-06-28 梯度监控 | raw=26.4620 | natural=0.0222 | clipped=0.0222(上限20.0)
26-31-06-28 Ψ矩阵条件数 cond(Ψ) = 5.24e+00
26-31-06-28 Loss=-30.914884 | E0=-7.85313074+0.00002265j | E1=-7.71426712-0.00045987j|E2=-7.68693502+0.00067304j|E3=-7.66055155-0.00053171j
26-31-06-28 #-----------------------------------------#
26-31-06-28 [Step 112] logΨ: mean=27.960-0.115j | min=23.024+2.600j | max=28.418+1.709j
26-31-06-28 梯度监控 | raw=25.6398 | natural=0.0871 | clipped=0.0871(上限20.0)
26-31-06-28 Ψ矩阵条件数 cond(Ψ) = 5.16e+00
26-31-06-28 Loss=-30.905638 | E0=-7.85283013-0.00007504j | E1=-7.71082064-0.00225098j|E2=-7.68497861+0.00120826j|E3=-7.65700846+0.00007645j
26-31-06-28 #-----------------------------------------#
26-31-06-28 [Step 113] logΨ: mean=27.966+0.002j | min=23.065+0.090j | max=28.426+1.710j
26-31-06-28 梯度监控 | raw=33.9363 | natural=0.0262 | clipped=0.0262(上限20.0)
26-31-06-28 Ψ矩阵条件数 cond(Ψ) = 9.84e+00
26-31-06-28 Loss=-30.915408 | E0=-7.85549960-0.00008842j | E1=-7.71356518+0.00011290j|E2=-7.68735037-0.00132446j|E3=-7.65899321+0.00008527j
26-31-06-28 #-----------------------------------------#
26-31-06-28 [Step 114] logΨ: mean=28.554+0.160j | min=22.237+1.522j | max=29.059+1.415j
26-31-06-28 梯度监控 | raw=48.5237 | natural=0.1716 | clipped=0.1716(上限20.0)
26-31-06-28 Ψ矩阵条件数 cond(Ψ) = 9.93e+00
26-31-06-28 Loss=-30.901911 | E0=-7.85278152-0.00010173j | E1=-7.70893832+0.00043487j|E2=-7.68617092-0.00100572j|E3=-7.65402032-0.00102590j
26-31-06-28 #-----------------------------------------#
26-31-06-28 [Step 115] logΨ: mean=30.053+0.265j | min=23.923+1.514j | max=30.551+1.294j
26-31-06-28 梯度监控 | raw=34.5231 | natural=0.1290 | clipped=0.1290(上限20.0)
26-31-06-28 Ψ矩阵条件数 cond(Ψ) = 4.78e+00
26-31-06-28 Loss=-30.907406 | E0=-7.85481847+0.00017499j | E1=-7.71164219-0.00121769j|E2=-7.68656300+0.00100507j|E3=-7.65438263+0.00014195j
26-31-06-28 #-----------------------------------------#
26-31-06-28 [Step 116] logΨ: mean=29.755-0.194j | min=24.465-2.206j | max=30.234+1.912j
26-31-06-28 梯度监控 | raw=25.0314 | natural=0.0845 | clipped=0.0845(上限20.0)
26-31-06-28 Ψ矩阵条件数 cond(Ψ) = 4.78e+00
26-31-06-28 Loss=-30.907985 | E0=-7.85353945-0.00010023j | E1=-7.71290892-0.00021595j|E2=-7.68393399+0.00050845j|E3=-7.65760281+0.00141311j
26-31-06-28 #-----------------------------------------#
26-31-06-28 [Step 117] logΨ: mean=30.032-0.263j | min=22.995+1.615j | max=30.529+1.560j
26-31-06-28 梯度监控 | raw=26.2183 | natural=0.3802 | clipped=0.3802(上限20.0)
26-31-06-28 Ψ矩阵条件数 cond(Ψ) = 6.57e+00
26-31-06-28 Loss=-30.886684 | E0=-7.85444961-0.00002048j | E1=-7.70806633+0.00118495j|E2=-7.68719442-0.00025883j|E3=-7.63697404+0.00144334j
26-31-06-28 #-----------------------------------------#
26-31-06-28 [Step 118] logΨ: mean=30.158-0.199j | min=25.703+2.123j | max=30.538+1.567j
26-31-06-28 梯度监控 | raw=34.8945 | natural=0.0050 | clipped=0.0050(上限20.0)
26-31-06-28 Ψ矩阵条件数 cond(Ψ) = 9.02e+00
26-31-06-28 Loss=-30.913205 | E0=-7.85601573-0.00012442j | E1=-7.71511945+0.00127361j|E2=-7.68457574+0.00094844j|E3=-7.65749445-0.00134294j
26-31-06-28 #-----------------------------------------#
26-31-06-28 [Step 119] logΨ: mean=30.327-0.352j | min=26.291+2.145j | max=30.720+1.535j
26-31-06-28 梯度监控 | raw=29.0924 | natural=0.0083 | clipped=0.0083(上限20.0)
26-31-06-28 Ψ矩阵条件数 cond(Ψ) = 1.16e+01
26-31-06-28 Loss=-30.912992 | E0=-7.85625421+0.00008498j | E1=-7.71329856+0.00029461j|E2=-7.68541443+0.00000784j|E3=-7.65802488-0.00080340j
26-31-06-28 #-----------------------------------------#
26-31-06-28 [保存] Step 119 → pickle 文件已更新 (120 条记录)
26-31-06-28 [Step 120] logΨ: mean=30.276-0.084j | min=26.054-1.354j | max=30.697+1.523j
26-31-06-28 梯度监控 | raw=33.2776 | natural=0.0140 | clipped=0.0140(上限20.0)
26-31-06-28 Ψ矩阵条件数 cond(Ψ) = 5.66e+00
26-31-06-28 Loss=-30.911863 | E0=-7.85459659-0.00001364j | E1=-7.71392360+0.00070310j|E2=-7.68597188-0.00027289j|E3=-7.65737044-0.00060308j
26-31-06-28 #-----------------------------------------#
26-31-06-28 [Step 121] logΨ: mean=30.163-0.166j | min=25.022+1.210j | max=30.704+1.494j
26-31-06-28 梯度监控 | raw=33.1876 | natural=0.0138 | clipped=0.0138(上限20.0)
26-31-06-28 Ψ矩阵条件数 cond(Ψ) = 4.94e+00
26-31-06-28 Loss=-30.914027 | E0=-7.85380673+0.00000331j | E1=-7.71380068-0.00124674j|E2=-7.68596941-0.00079711j|E3=-7.66045060+0.00207837j
26-31-06-28 #-----------------------------------------#
26-31-06-28 [Step 122] logΨ: mean=30.199-0.295j | min=24.894+1.652j | max=30.693+1.495j
26-31-06-28 梯度监控 | raw=33.1125 | natural=0.0115 | clipped=0.0115(上限20.0)
26-31-06-28 Ψ矩阵条件数 cond(Ψ) = 4.92e+00
26-31-06-28 Loss=-30.911788 | E0=-7.85297783-0.00007111j | E1=-7.71299134-0.00125967j|E2=-7.68601396+0.00028476j|E3=-7.65980526-0.00007860j
26-31-06-28 #-----------------------------------------#
26-31-06-28 [Step 123] logΨ: mean=28.147+0.092j | min=22.707-1.342j | max=28.617+1.022j
26-31-06-28 梯度监控 | raw=44.3267 | natural=0.1127 | clipped=0.1127(上限20.0)
26-31-06-28 Ψ矩阵条件数 cond(Ψ) = 6.58e+00
26-31-06-28 Loss=-30.908486 | E0=-7.85529708-0.00002040j | E1=-7.70886881-0.00041685j|E2=-7.68519559+0.00035314j|E3=-7.65912417-0.00078054j
26-31-06-28 #-----------------------------------------#
26-31-06-28 [Step 124] logΨ: mean=28.360-0.102j | min=23.938-0.858j | max=28.695+1.028j
26-31-06-28 梯度监控 | raw=14.2561 | natural=0.0069 | clipped=0.0069(上限20.0)
26-31-06-28 Ψ矩阵条件数 cond(Ψ) = 5.07e+00
26-31-06-28 Loss=-30.912507 | E0=-7.85735336-0.00006234j | E1=-7.71700591+0.00108764j|E2=-7.68394451+0.00057698j|E3=-7.65420365-0.00091214j
26-31-06-28 #-----------------------------------------#
26-31-06-28 [Step 125] logΨ: mean=28.324-0.514j | min=24.274-1.359j | max=28.729+1.013j
26-31-06-28 梯度监控 | raw=12.9865 | natural=0.0109 | clipped=0.0109(上限20.0)
26-31-06-28 Ψ矩阵条件数 cond(Ψ) = 5.12e+00
26-31-06-28 Loss=-30.912000 | E0=-7.85643569+0.00009798j | E1=-7.71636411+0.00052751j|E2=-7.68418605-0.00150629j|E3=-7.65501372+0.00092747j
26-31-06-28 #-----------------------------------------#
26-31-06-28 [Step 126] logΨ: mean=28.945+0.152j | min=21.179-2.880j | max=29.495+1.571j
26-31-06-28 梯度监控 | raw=13.3938 | natural=0.4359 | clipped=0.4359(上限20.0)
26-31-06-28 Ψ矩阵条件数 cond(Ψ) = 5.69e+00
26-31-06-28 Loss=-30.897403 | E0=-7.85777083-0.00003921j | E1=-7.70514653+0.00166841j|E2=-7.68633003+0.00051395j|E3=-7.64815600-0.00320440j
26-31-06-28 #-----------------------------------------#
26-31-06-28 [Step 127] logΨ: mean=29.085+0.236j | min=25.118+2.812j | max=29.512+1.554j
26-31-06-28 梯度监控 | raw=23.4935 | natural=0.0094 | clipped=0.0094(上限20.0)
26-31-06-28 Ψ矩阵条件数 cond(Ψ) = 5.30e+00
26-31-06-28 Loss=-30.906085 | E0=-7.85433372+0.00029123j | E1=-7.71448400+0.00077330j|E2=-7.68477336+0.00097225j|E3=-7.65249349-0.00042872j
26-31-06-28 #-----------------------------------------#
26-31-06-28 [Step 128] logΨ: mean=29.823+0.151j | min=22.869-2.848j | max=30.232+1.121j
26-31-06-28 梯度监控 | raw=19.8245 | natural=0.2212 | clipped=0.2212(上限20.0)
26-31-06-28 Ψ矩阵条件数 cond(Ψ) = 5.05e+00
26-31-06-28 Loss=-30.894624 | E0=-7.85645212+0.00013518j | E1=-7.70560286+0.00129473j|E2=-7.68333269-0.00208938j|E3=-7.64923638-0.00403914j
26-31-06-28 #-----------------------------------------#
26-31-06-28 [Step 129] logΨ: mean=29.853-0.436j | min=23.509+1.977j | max=30.161+0.595j
26-31-06-28 梯度监控 | raw=12.9933 | natural=0.0301 | clipped=0.0301(上限20.0)
26-31-06-28 Ψ矩阵条件数 cond(Ψ) = 5.26e+00
26-31-06-28 Loss=-30.909476 | E0=-7.85644188-0.00018108j | E1=-7.71646134+0.00113742j|E2=-7.68376857+0.00105305j|E3=-7.65280452-0.00226850j
26-31-06-28 #-----------------------------------------#
26-31-06-29 [Step 130] logΨ: mean=29.764-0.364j | min=25.807+1.969j | max=30.214+0.576j
26-31-06-29 梯度监控 | raw=13.1294 | natural=0.0088 | clipped=0.0088(上限20.0)
26-31-06-29 Ψ矩阵条件数 cond(Ψ) = 1.07e+01
26-31-06-29 Loss=-30.913635 | E0=-7.85503431+0.00027311j | E1=-7.71517548-0.00015824j|E2=-7.68469719+0.00135340j|E3=-7.65872827-0.00131960j
26-31-06-29 #-----------------------------------------#
26-31-06-29 [Step 131] logΨ: mean=29.841-0.209j | min=26.108+0.808j | max=30.342+0.448j
26-31-06-29 梯度监控 | raw=23.3456 | natural=0.0092 | clipped=0.0092(上限20.0)
26-31-06-29 Ψ矩阵条件数 cond(Ψ) = 1.06e+01
26-31-06-29 Loss=-30.910310 | E0=-7.85598201-0.00015788j | E1=-7.71345308-0.00083105j|E2=-7.68394326-0.00167573j|E3=-7.65693136+0.00107706j
26-31-06-29 #-----------------------------------------#
26-31-06-29 [Step 132] logΨ: mean=29.935-0.554j | min=25.378+0.822j | max=30.358+0.438j
26-31-06-29 梯度监控 | raw=22.6957 | natural=0.0034 | clipped=0.0034(上限20.0)
26-31-06-29 Ψ矩阵条件数 cond(Ψ) = 5.29e+00
26-31-06-29 Loss=-30.920470 | E0=-7.85585028-0.00021405j | E1=-7.71624601-0.00058327j|E2=-7.68561501+0.00017162j|E3=-7.66275900-0.00201493j
26-31-06-29 #-----------------------------------------#
26-31-06-29 [Step 133] logΨ: mean=29.976-0.690j | min=26.106-2.805j | max=30.384+0.426j
26-31-06-29 梯度监控 | raw=14.5929 | natural=0.0097 | clipped=0.0097(上限20.0)
26-31-06-29 Ψ矩阵条件数 cond(Ψ) = 5.29e+00
26-31-06-29 Loss=-30.915259 | E0=-7.85814102-0.00012834j | E1=-7.71486202+0.00031537j|E2=-7.68490203-0.00036941j|E3=-7.65735348-0.00017166j
26-31-06-29 #-----------------------------------------#
26-31-06-29 [Step 134] logΨ: mean=29.944-0.657j | min=26.015-1.103j | max=30.400+0.408j
26-31-06-29 梯度监控 | raw=14.4375 | natural=0.0061 | clipped=0.0061(上限20.0)
26-31-06-29 Ψ矩阵条件数 cond(Ψ) = 5.34e+00
26-31-06-29 Loss=-30.916707 | E0=-7.85672486-0.00013456j | E1=-7.71643863-0.00082876j|E2=-7.68444971-0.00026884j|E3=-7.65909338+0.00191909j
26-31-06-29 #-----------------------------------------#
26-31-06-29 [Step 135] logΨ: mean=29.996-0.263j | min=25.808+0.597j | max=30.430+0.364j
26-31-06-29 梯度监控 | raw=17.9089 | natural=0.0039 | clipped=0.0039(上限20.0)
26-31-06-29 Ψ矩阵条件数 cond(Ψ) = 5.41e+00
26-31-06-29 Loss=-30.919285 | E0=-7.85628378-0.00018322j | E1=-7.71603423+0.00000874j|E2=-7.68459923+0.00046078j|E3=-7.66236780-0.00112024j
26-31-06-29 #-----------------------------------------#
26-31-06-29 [Step 136] logΨ: mean=30.028-0.935j | min=25.875+0.751j | max=30.452+0.325j
26-31-06-29 梯度监控 | raw=19.4984 | natural=0.0022 | clipped=0.0022(上限20.0)
26-31-06-29 Ψ矩阵条件数 cond(Ψ) = 5.24e+00
26-31-06-29 Loss=-30.919706 | E0=-7.85613394-0.00015841j | E1=-7.71589427+0.00016628j|E2=-7.68471459+0.00066606j|E3=-7.66296321-0.00142969j
26-31-06-29 #-----------------------------------------#
26-31-06-29 [Step 137] logΨ: mean=29.978-0.836j | min=25.378-1.262j | max=30.428+0.288j
26-31-06-29 梯度监控 | raw=16.4969 | natural=0.0191 | clipped=0.0191(上限20.0)
26-31-06-29 Ψ矩阵条件数 cond(Ψ) = 5.49e+00
26-31-06-29 Loss=-30.920036 | E0=-7.85739342-0.00009875j | E1=-7.71508500-0.00013670j|E2=-7.68700470+0.00026809j|E3=-7.66055328+0.00066495j
26-31-06-29 #-----------------------------------------#
26-31-06-29 [Step 138] logΨ: mean=30.018-0.539j | min=26.007-0.332j | max=30.466+0.285j
26-31-06-29 梯度监控 | raw=20.7361 | natural=0.0090 | clipped=0.0090(上限20.0)
26-31-06-29 Ψ矩阵条件数 cond(Ψ) = 5.47e+00
26-31-06-29 Loss=-30.911854 | E0=-7.85668864-0.00011399j | E1=-7.71405117-0.00009463j|E2=-7.68423311-0.00177034j|E3=-7.65688129+0.00188572j
26-31-06-29 #-----------------------------------------#
26-31-06-29 [Step 139] logΨ: mean=30.165-0.544j | min=25.321+2.645j | max=30.575+0.166j
26-31-06-29 梯度监控 | raw=13.7835 | natural=0.0252 | clipped=0.0252(上限20.0)
26-31-06-29 Ψ矩阵条件数 cond(Ψ) = 5.46e+00
26-31-06-29 Loss=-30.920310 | E0=-7.85744678-0.00002208j | E1=-7.71445729+0.00009404j|E2=-7.68571927+0.00014223j|E3=-7.66268656-0.00058913j
26-31-06-29 #-----------------------------------------#
26-31-06-29 [保存] Step 139 → pickle 文件已更新 (140 条记录)
26-31-06-29 [Step 140] logΨ: mean=30.203-0.887j | min=26.238+1.192j | max=30.659+0.120j
26-31-06-29 梯度监控 | raw=18.7077 | natural=0.0056 | clipped=0.0056(上限20.0)
26-31-06-29 Ψ矩阵条件数 cond(Ψ) = 5.45e+00
26-31-06-29 Loss=-30.920698 | E0=-7.85760907-0.00014903j | E1=-7.71618855-0.00053062j|E2=-7.68492794-0.00076910j|E3=-7.66197219+0.00102914j
26-31-06-29 #-----------------------------------------#
26-31-06-29 [Step 141] logΨ: mean=30.197-1.041j | min=22.922+0.262j | max=30.673+0.113j
26-31-06-29 梯度监控 | raw=30.2803 | natural=0.0060 | clipped=0.0060(上限20.0)
26-31-06-29 Ψ矩阵条件数 cond(Ψ) = 5.42e+00
26-31-06-29 Loss=-30.909450 | E0=-7.85778892-0.00007142j | E1=-7.71460424+0.00121897j|E2=-7.68398495-0.00131248j|E3=-7.65307159+0.00377568j
26-31-06-29 #-----------------------------------------#
26-31-06-29 [Step 142] logΨ: mean=30.316-0.964j | min=26.123-2.586j | max=30.679+0.089j
26-31-06-29 梯度监控 | raw=24.7920 | natural=0.0044 | clipped=0.0044(上限20.0)
26-31-06-29 Ψ矩阵条件数 cond(Ψ) = 5.54e+00
26-31-06-29 Loss=-30.920692 | E0=-7.85745227-0.00001729j | E1=-7.71616620+0.00120474j|E2=-7.68519109+0.00073641j|E3=-7.66188221-0.00201819j
26-31-06-29 #-----------------------------------------#
26-31-06-29 [Step 143] logΨ: mean=30.252-0.959j | min=26.214-2.827j | max=30.676+0.094j
26-31-06-29 梯度监控 | raw=21.1968 | natural=0.0058 | clipped=0.0058(上限20.0)
26-31-06-29 Ψ矩阵条件数 cond(Ψ) = 1.06e+01
26-31-06-29 Loss=-30.920497 | E0=-7.85653789+0.00011515j | E1=-7.71676832-0.00024871j|E2=-7.68502261+0.00062001j|E3=-7.66216807+0.00045227j
26-31-06-29 #-----------------------------------------#
26-31-06-29 [Step 144] logΨ: mean=30.261-1.086j | min=24.003+2.131j | max=30.672+0.037j
26-31-06-29 梯度监控 | raw=20.6760 | natural=0.0057 | clipped=0.0057(上限20.0)
26-31-06-29 Ψ矩阵条件数 cond(Ψ) = 5.43e+00
26-31-06-29 Loss=-30.923194 | E0=-7.85940901-0.00010143j | E1=-7.71607695+0.00063077j|E2=-7.68553003+0.00073733j|E3=-7.66217799-0.00021593j
26-31-06-29 #-----------------------------------------#
26-31-06-29 [Step 145] logΨ: mean=30.351+0.632j | min=26.333-3.062j | max=30.819+3.091j
26-31-06-29 梯度监控 | raw=19.0574 | natural=0.0088 | clipped=0.0088(上限20.0)
26-31-06-29 Ψ矩阵条件数 cond(Ψ) = 1.08e+01
26-31-06-29 Loss=-30.922858 | E0=-7.85890933+0.00020987j | E1=-7.71727214-0.00178083j|E2=-7.68478372-0.00150685j|E3=-7.66189243+0.00169947j
26-31-06-29 #-----------------------------------------#
26-31-06-29 [Step 146] logΨ: mean=30.405+0.909j | min=27.235-1.229j | max=30.821+3.087j
26-31-06-29 梯度监控 | raw=24.8934 | natural=0.0036 | clipped=0.0036(上限20.0)
26-31-06-29 Ψ矩阵条件数 cond(Ψ) = 6.53e+00
26-31-06-29 Loss=-30.925803 | E0=-7.85856055-0.00005413j | E1=-7.71669798-0.00046202j|E2=-7.68590795-0.00023647j|E3=-7.66463660+0.00002847j
26-31-06-29 #-----------------------------------------#
26-31-06-29 [Step 147] logΨ: mean=30.373+0.582j | min=26.995+0.182j | max=30.861+3.060j
26-31-06-29 梯度监控 | raw=18.6343 | natural=0.0083 | clipped=0.0083(上限20.0)
26-31-06-29 Ψ矩阵条件数 cond(Ψ) = 5.37e+00
26-31-06-29 Loss=-30.925408 | E0=-7.85834144-0.00008493j | E1=-7.71622590-0.00146783j|E2=-7.68639393-0.00069586j|E3=-7.66444633+0.00207803j
26-31-06-29 #-----------------------------------------#
26-31-06-29 [Step 148] logΨ: mean=30.470+0.718j | min=24.954-0.415j | max=30.878+3.045j
26-31-06-29 梯度监控 | raw=26.5966 | natural=0.0107 | clipped=0.0107(上限20.0)
26-31-06-29 Ψ矩阵条件数 cond(Ψ) = 5.62e+00
26-31-06-29 Loss=-30.925571 | E0=-7.85887688+0.00021363j | E1=-7.71593807+0.00068971j|E2=-7.68541860+0.00018524j|E3=-7.66533748-0.00156569j
26-31-06-29 #-----------------------------------------#
26-31-06-29 [Step 149] logΨ: mean=31.008-0.746j | min=25.317-0.205j | max=31.538+0.357j
26-31-06-29 梯度监控 | raw=21.7206 | natural=0.0812 | clipped=0.0812(上限20.0)
26-31-06-29 Ψ矩阵条件数 cond(Ψ) = 1.75e+01
26-31-06-29 Loss=-30.920360 | E0=-7.85780290-0.00010113j | E1=-7.71330334-0.00007481j|E2=-7.68539581-0.00050158j|E3=-7.66385787+0.00148645j
26-31-06-29 #-----------------------------------------#
26-31-06-29 [Step 150] logΨ: mean=31.071-0.897j | min=27.838+0.309j | max=31.556+0.330j
26-31-06-29 梯度监控 | raw=20.6166 | natural=0.0029 | clipped=0.0029(上限20.0)
26-31-06-29 Ψ矩阵条件数 cond(Ψ) = 5.67e+00
26-31-06-29 Loss=-30.922112 | E0=-7.85896542-0.00014661j | E1=-7.71570217-0.00120364j|E2=-7.68518813-0.00084886j|E3=-7.66225658+0.00183978j
26-31-06-29 #-----------------------------------------#
26-31-06-29 [Step 151] logΨ: mean=31.140-0.204j | min=27.666-2.505j | max=31.594+0.314j
26-31-06-29 梯度监控 | raw=27.3014 | natural=0.0034 | clipped=0.0034(上限20.0)
26-31-06-29 Ψ矩阵条件数 cond(Ψ) = 5.63e+00
26-31-06-29 Loss=-30.928694 | E0=-7.86038822-0.00012040j | E1=-7.71625358-0.00151863j|E2=-7.68588188-0.00017601j|E3=-7.66617072+0.00113297j
26-31-06-29 #-----------------------------------------#
26-31-06-29 [Step 152] logΨ: mean=31.223-0.745j | min=27.860-2.853j | max=31.597+0.308j
26-31-06-29 梯度监控 | raw=27.7953 | natural=0.0031 | clipped=0.0031(上限20.0)
26-31-06-29 Ψ矩阵条件数 cond(Ψ) = 5.64e+00
26-31-06-29 Loss=-30.924542 | E0=-7.85996112-0.00007112j | E1=-7.71614995+0.00018118j|E2=-7.68568173-0.00037311j|E3=-7.66274885+0.00025924j
26-31-06-29 #-----------------------------------------#
26-31-06-29 [Step 153] logΨ: mean=31.964+0.532j | min=24.820-2.735j | max=32.432+2.688j
26-31-06-29 梯度监控 | raw=41.9192 | natural=0.2681 | clipped=0.2681(上限20.0)
26-31-06-29 Ψ矩阵条件数 cond(Ψ) = 5.01e+00
26-31-06-29 Loss=-30.902124 | E0=-7.85928388-0.00009322j | E1=-7.69650726-0.00372593j|E2=-7.68614731+0.00047101j|E3=-7.66018535+0.00372740j
26-31-06-29 #-----------------------------------------#
26-31-06-29 [Step 154] logΨ: mean=32.032+0.407j | min=27.619-0.462j | max=32.553+2.559j
26-31-06-29 梯度监控 | raw=27.5375 | natural=0.0102 | clipped=0.0102(上限20.0)
26-31-06-29 Ψ矩阵条件数 cond(Ψ) = 5.11e+00
26-31-06-29 Loss=-30.925620 | E0=-7.85912030+0.00034063j | E1=-7.71475628-0.00114037j|E2=-7.68676833-0.00060209j|E3=-7.66497529+0.00035212j
26-31-06-29 #-----------------------------------------#
26-31-06-29 [Step 155] logΨ: mean=32.197+0.369j | min=27.481-2.763j | max=32.648+2.398j
26-31-06-29 梯度监控 | raw=29.1833 | natural=0.0092 | clipped=0.0092(上限20.0)
26-31-06-29 Ψ矩阵条件数 cond(Ψ) = 5.21e+00
26-31-06-29 Loss=-30.926705 | E0=-7.86088227+0.00023689j | E1=-7.71545436-0.00059434j|E2=-7.68668206+0.00004684j|E3=-7.66368647+0.00018797j
26-31-06-29 #-----------------------------------------#
26-31-06-29 [Step 156] logΨ: mean=32.246-0.143j | min=28.848-0.709j | max=32.656+2.371j
26-31-06-29 梯度监控 | raw=36.4941 | natural=0.0014 | clipped=0.0014(上限20.0)
26-31-06-29 Ψ矩阵条件数 cond(Ψ) = 5.20e+00
26-31-06-29 Loss=-30.927655 | E0=-7.85995723-0.00023539j | E1=-7.71562177+0.00031998j|E2=-7.68595830+0.00045973j|E3=-7.66611805-0.00107971j
26-31-06-29 #-----------------------------------------#
26-31-06-29 [Step 157] logΨ: mean=32.239+0.531j | min=28.522-2.241j | max=32.602+2.365j
26-31-06-29 梯度监控 | raw=31.8214 | natural=0.0040 | clipped=0.0040(上限20.0)
26-31-06-29 Ψ矩阵条件数 cond(Ψ) = 5.31e+00
26-31-06-29 Loss=-30.925819 | E0=-7.86124361+0.00080208j | E1=-7.71589666+0.00080437j|E2=-7.68609834+0.00041908j|E3=-7.66258030-0.00104987j
26-31-06-29 #-----------------------------------------#
26-31-06-29 [Step 158] logΨ: mean=32.240+0.105j | min=27.907-3.015j | max=32.609+2.344j
26-31-06-29 梯度监控 | raw=29.8535 | natural=0.0013 | clipped=0.0013(上限20.0)
26-31-06-29 Ψ矩阵条件数 cond(Ψ) = 5.34e+00
26-31-06-29 Loss=-30.924318 | E0=-7.86125146-0.00032401j | E1=-7.71546892+0.00101179j|E2=-7.68530601+0.00053442j|E3=-7.66229149-0.00076278j
26-31-06-29 #-----------------------------------------#
26-31-06-29 [Step 159] logΨ: mean=32.243+0.030j | min=28.397-0.506j | max=32.655+2.278j
26-31-06-29 梯度监控 | raw=30.5785 | natural=0.0027 | clipped=0.0027(上限20.0)
26-31-06-29 Ψ矩阵条件数 cond(Ψ) = 5.32e+00
26-31-06-29 Loss=-30.925002 | E0=-7.86033448-0.00021379j | E1=-7.71557118-0.00010217j|E2=-7.68545866+0.00047088j|E3=-7.66363731-0.00064352j
26-31-06-29 #-----------------------------------------#
26-31-06-29 [保存] Step 159 → pickle 文件已更新 (160 条记录)
26-31-06-29 [Step 160] logΨ: mean=32.282+0.253j | min=28.882-0.926j | max=32.672+2.261j
26-31-06-29 梯度监控 | raw=35.5831 | natural=0.0016 | clipped=0.0016(上限20.0)
26-31-06-29 Ψ矩阵条件数 cond(Ψ) = 5.75e+00
26-31-06-29 Loss=-30.927683 | E0=-7.86015231-0.00023046j | E1=-7.71574373+0.00036650j|E2=-7.68612271+0.00045794j|E3=-7.66566388-0.00115361j
26-31-06-29 #-----------------------------------------#
26-31-06-29 [Step 161] logΨ: mean=32.264+0.015j | min=27.966-3.116j | max=32.685+2.244j
26-31-06-29 梯度监控 | raw=28.5145 | natural=0.0021 | clipped=0.0021(上限20.0)
26-31-06-29 Ψ矩阵条件数 cond(Ψ) = 1.00e+01
26-31-06-29 Loss=-30.929184 | E0=-7.86144439-0.00025002j | E1=-7.71592902-0.00063532j|E2=-7.68681218-0.00022603j|E3=-7.66499884+0.00069141j
26-31-06-29 #-----------------------------------------#
26-31-06-29 [Step 162] logΨ: mean=32.288+0.090j | min=28.322-2.057j | max=32.685+2.220j
26-31-06-29 梯度监控 | raw=33.0710 | natural=0.0015 | clipped=0.0015(上限20.0)
26-31-06-29 Ψ矩阵条件数 cond(Ψ) = 5.78e+00
26-31-06-29 Loss=-30.930721 | E0=-7.86152320-0.00021044j | E1=-7.71549475+0.00017580j|E2=-7.68596025+0.00028685j|E3=-7.66774277-0.00053759j
26-31-06-29 #-----------------------------------------#
26-31-06-29 [Step 163] logΨ: mean=32.272+0.127j | min=28.180-2.968j | max=32.699+2.205j
26-31-06-29 梯度监控 | raw=30.6098 | natural=0.0019 | clipped=0.0019(上限20.0)
26-31-06-29 Ψ矩阵条件数 cond(Ψ) = 5.45e+00
26-31-06-29 Loss=-30.928167 | E0=-7.86083749-0.00022245j | E1=-7.71600613-0.00031275j|E2=-7.68640019+0.00022117j|E3=-7.66492290+0.00017646j
26-31-06-29 #-----------------------------------------#
26-31-06-29 [Step 164] logΨ: mean=32.314+0.282j | min=28.308-0.519j | max=32.700+2.183j
26-31-06-29 梯度监控 | raw=28.7801 | natural=0.0014 | clipped=0.0014(上限20.0)
26-31-06-29 Ψ矩阵条件数 cond(Ψ) = 1.01e+01
26-31-06-29 Loss=-30.928974 | E0=-7.86125566-0.00022834j | E1=-7.71555709+0.00084084j|E2=-7.68634049+0.00001458j|E3=-7.66582118-0.00001866j
26-31-06-29 #-----------------------------------------#
26-31-06-29 [Step 165] logΨ: mean=32.299+0.485j | min=28.863+1.729j | max=32.702+2.162j
26-31-06-29 梯度监控 | raw=28.1520 | natural=0.0012 | clipped=0.0012(上限20.0)
26-31-06-29 Ψ矩阵条件数 cond(Ψ) = 5.30e+00
26-31-06-29 Loss=-30.931850 | E0=-7.86216277-0.00021626j | E1=-7.71586184-0.00044545j|E2=-7.68688646-0.00049437j|E3=-7.66693892+0.00112891j
26-31-06-29 #-----------------------------------------#
26-31-06-29 [Step 166] logΨ: mean=32.339+0.199j | min=26.548+1.299j | max=32.734+2.158j
26-31-06-29 梯度监控 | raw=27.2058 | natural=0.0048 | clipped=0.0048(上限20.0)
26-31-06-29 Ψ矩阵条件数 cond(Ψ) = 5.53e+00
26-31-06-29 Loss=-30.924960 | E0=-7.85900572+0.00007100j | E1=-7.71538653+0.00029388j|E2=-7.68621590+0.00006045j|E3=-7.66435185-0.00020997j
26-31-06-29 #-----------------------------------------#
26-31-06-29 [Step 167] logΨ: mean=32.314+0.297j | min=27.720-2.983j | max=32.724+2.070j
26-31-06-29 梯度监控 | raw=35.6832 | natural=0.0080 | clipped=0.0080(上限20.0)
26-31-06-29 Ψ矩阵条件数 cond(Ψ) = 5.68e+00
26-31-06-29 Loss=-30.932277 | E0=-7.86204449+0.00047434j | E1=-7.71609747+0.00031671j|E2=-7.68601244+0.00072556j|E3=-7.66812214-0.00121415j
26-31-06-29 #-----------------------------------------#
26-31-06-29 [Step 168] logΨ: mean=32.365-0.305j | min=26.411+3.088j | max=32.766+2.017j
26-31-06-29 梯度监控 | raw=26.4072 | natural=0.0040 | clipped=0.0040(上限20.0)
26-31-06-29 Ψ矩阵条件数 cond(Ψ) = 5.93e+00
26-31-06-29 Loss=-30.929291 | E0=-7.86063894+0.00000959j | E1=-7.71593499-0.00079878j|E2=-7.68654316-0.00049895j|E3=-7.66617362+0.00085918j
26-31-06-29 #-----------------------------------------#
26-31-06-29 [Step 169] logΨ: mean=32.390-0.183j | min=28.626-0.755j | max=32.795+1.972j
26-31-06-29 梯度监控 | raw=28.0989 | natural=0.0041 | clipped=0.0041(上限20.0)
26-31-06-29 Ψ矩阵条件数 cond(Ψ) = 8.37e+00
26-31-06-29 Loss=-30.929796 | E0=-7.86099183-0.00003787j | E1=-7.71591486-0.00031255j|E2=-7.68664274-0.00035029j|E3=-7.66624677+0.00036864j
26-31-06-29 #-----------------------------------------#
26-31-06-29 [Step 170] logΨ: mean=32.385-0.281j | min=28.841+0.442j | max=32.788+1.970j
26-31-06-29 梯度监控 | raw=28.0058 | natural=0.0017 | clipped=0.0017(上限20.0)
26-31-06-29 Ψ矩阵条件数 cond(Ψ) = 5.95e+00
26-31-06-29 Loss=-30.929366 | E0=-7.86117405-0.00007653j | E1=-7.71593981-0.00048445j|E2=-7.68648150-0.00013200j|E3=-7.66577056+0.00051430j
26-31-06-29 #-----------------------------------------#
26-31-06-29 [Step 171] logΨ: mean=32.368-0.069j | min=26.712-0.583j | max=32.746+1.972j
26-31-06-29 梯度监控 | raw=29.3421 | natural=0.0028 | clipped=0.0028(上限20.0)
26-31-06-29 Ψ矩阵条件数 cond(Ψ) = 5.71e+00
26-31-06-29 Loss=-30.928594 | E0=-7.86159010+0.00003514j | E1=-7.71584840+0.00041413j|E2=-7.68626514+0.00017509j|E3=-7.66489051-0.00031368j
26-31-06-29 #-----------------------------------------#
26-31-06-29 [Step 172] logΨ: mean=32.427+0.299j | min=28.081+2.841j | max=32.747+1.959j
26-31-06-29 梯度监控 | raw=32.0979 | natural=0.0006 | clipped=0.0006(上限20.0)
26-31-06-29 Ψ矩阵条件数 cond(Ψ) = 1.01e+01
26-31-06-29 Loss=-30.927803 | E0=-7.86131560-0.00010284j | E1=-7.71576988+0.00104971j|E2=-7.68594773+0.00039987j|E3=-7.66477016-0.00107448j
26-31-06-29 #-----------------------------------------#
26-31-06-29 [Step 173] logΨ: mean=32.417+0.076j | min=28.825-1.685j | max=32.748+1.944j
26-31-06-29 梯度监控 | raw=34.1166 | natural=0.0010 | clipped=0.0010(上限20.0)
26-31-06-29 Ψ矩阵条件数 cond(Ψ) = 5.75e+00
26-31-06-29 Loss=-30.928168 | E0=-7.86202672-0.00011590j | E1=-7.71582501+0.00089564j|E2=-7.68569529+0.00088089j|E3=-7.66462078-0.00170609j
26-31-06-29 #-----------------------------------------#
26-31-06-29 [Step 174] logΨ: mean=32.143-0.007j | min=25.928+0.148j | max=32.678+1.875j
26-31-06-29 梯度监控 | raw=23.6788 | natural=0.0195 | clipped=0.0195(上限20.0)
26-31-06-29 Ψ矩阵条件数 cond(Ψ) = 5.39e+00
26-31-06-29 Loss=-30.932290 | E0=-7.86087289+0.00131985j | E1=-7.71609911-0.00108287j|E2=-7.68710093-0.00056063j|E3=-7.66821728+0.00134743j
26-31-06-29 #-----------------------------------------#
26-31-06-29 [Step 175] logΨ: mean=32.234-0.161j | min=29.293-1.329j | max=32.680+1.859j
26-31-06-29 梯度监控 | raw=27.6147 | natural=0.0006 | clipped=0.0006(上限20.0)
26-31-06-29 Ψ矩阵条件数 cond(Ψ) = 5.77e+00
26-31-06-29 Loss=-30.934226 | E0=-7.86057061-0.00011234j | E1=-7.71623724-0.00151491j|E2=-7.68715595-0.00040253j|E3=-7.67026232+0.00151739j
26-31-06-29 #-----------------------------------------#
26-31-06-29 [Step 176] logΨ: mean=32.250-0.245j | min=28.196-0.118j | max=32.666+1.842j
26-31-06-29 梯度监控 | raw=29.5628 | natural=0.0131 | clipped=0.0131(上限20.0)
26-31-06-29 Ψ矩阵条件数 cond(Ψ) = 5.73e+00
26-31-06-29 Loss=-30.929948 | E0=-7.86056800+0.00006329j | E1=-7.71607587+0.00004672j|E2=-7.68588916-0.00014361j|E3=-7.66741480-0.00047474j
26-31-06-29 #-----------------------------------------#
26-31-06-29 [Step 177] logΨ: mean=32.269-0.344j | min=26.869+2.320j | max=32.682+1.834j
26-31-06-29 梯度监控 | raw=27.4474 | natural=0.0016 | clipped=0.0016(上限20.0)
26-31-06-29 Ψ矩阵条件数 cond(Ψ) = 1.01e+01
26-31-06-29 Loss=-30.932327 | E0=-7.86100143-0.00011397j | E1=-7.71630535-0.00093198j|E2=-7.68641579-0.00031202j|E3=-7.66860447+0.00102395j
26-31-06-29 #-----------------------------------------#
26-31-06-29 [Step 178] logΨ: mean=32.295-0.306j | min=28.652-1.251j | max=32.694+1.830j
26-31-06-29 梯度监控 | raw=29.8329 | natural=0.0010 | clipped=0.0010(上限20.0)
26-31-06-29 Ψ矩阵条件数 cond(Ψ) = 1.02e+01
26-31-06-29 Loss=-30.935615 | E0=-7.86217602-0.00011862j | E1=-7.71628770-0.00091170j|E2=-7.68695839-0.00013262j|E3=-7.67019317+0.00086405j
26-31-06-29 #-----------------------------------------#
26-31-06-29 [Step 179] logΨ: mean=32.166+0.369j | min=26.155+1.753j | max=32.606+1.627j
26-31-06-29 梯度监控 | raw=28.7742 | natural=0.0074 | clipped=0.0074(上限20.0)
26-31-06-29 Ψ矩阵条件数 cond(Ψ) = 6.29e+00
26-31-06-29 Loss=-30.933150 | E0=-7.86193190+0.00006681j | E1=-7.71629296-0.00101455j|E2=-7.68663556+0.00009968j|E3=-7.66829005+0.00009541j
26-31-06-29 #-----------------------------------------#
26-31-06-29 [保存] Step 179 → pickle 文件已更新 (180 条记录)
26-31-06-29 [Step 180] logΨ: mean=32.969+0.217j | min=25.801+1.822j | max=33.388+0.721j
26-31-06-29 梯度监控 | raw=32.9596 | natural=0.1045 | clipped=0.1045(上限20.0)
26-31-06-29 Ψ矩阵条件数 cond(Ψ) = 8.95e+00
26-31-06-29 Loss=-30.928748 | E0=-7.86038646+0.00025851j | E1=-7.71493277-0.00176491j|E2=-7.68540424-0.00035092j|E3=-7.66802423+0.00044404j
26-31-06-29 #-----------------------------------------#
26-31-06-29 [Step 181] logΨ: mean=33.082-0.265j | min=29.943-2.499j | max=33.382+0.686j
26-31-06-29 梯度监控 | raw=21.9707 | natural=0.0010 | clipped=0.0010(上限20.0)
26-31-06-29 Ψ矩阵条件数 cond(Ψ) = 8.91e+00
26-31-06-29 Loss=-30.932992 | E0=-7.86214854-0.00024722j | E1=-7.71640707-0.00049021j|E2=-7.68632663-0.00047371j|E3=-7.66810983+0.00055844j
26-31-06-29 #-----------------------------------------#
26-31-06-29 [Step 182] logΨ: mean=33.005-0.174j | min=28.244-2.055j | max=33.386+0.668j
26-31-06-29 梯度监控 | raw=20.2948 | natural=0.0035 | clipped=0.0035(上限20.0)
26-31-06-29 Ψ矩阵条件数 cond(Ψ) = 5.00e+00
26-31-06-29 Loss=-30.939810 | E0=-7.86188379+0.00041582j | E1=-7.71697911-0.00269752j|E2=-7.68760985-0.00073181j|E3=-7.67333725+0.00162218j
26-31-06-29 #-----------------------------------------#
26-31-06-29 [Step 183] logΨ: mean=33.038-0.334j | min=29.423-3.000j | max=33.367+0.649j
26-31-06-29 梯度监控 | raw=26.0129 | natural=0.0018 | clipped=0.0018(上限20.0)
26-31-06-29 Ψ矩阵条件数 cond(Ψ) = 8.84e+00
26-31-06-29 Loss=-30.935654 | E0=-7.86139466-0.00010425j | E1=-7.71659681+0.00039239j|E2=-7.68572705+0.00076317j|E3=-7.67193564-0.00093284j
26-31-06-29 #-----------------------------------------#
26-31-06-29 [Step 184] logΨ: mean=32.849-0.516j | min=28.489+1.940j | max=33.204+0.598j
26-31-06-29 梯度监控 | raw=24.0572 | natural=0.0054 | clipped=0.0054(上限20.0)
26-31-06-29 Ψ矩阵条件数 cond(Ψ) = 4.73e+00
26-31-06-29 Loss=-30.935297 | E0=-7.86136057-0.00013656j | E1=-7.71592240-0.00021848j|E2=-7.68618772+0.00009490j|E3=-7.67182595+0.00033435j
26-31-06-29 #-----------------------------------------#
26-31-06-29 [Step 185] logΨ: mean=32.827-0.140j | min=29.734-0.566j | max=33.198+0.570j
26-31-06-29 梯度监控 | raw=22.3834 | natural=0.0009 | clipped=0.0009(上限20.0)
26-31-06-29 Ψ矩阵条件数 cond(Ψ) = 4.72e+00
26-31-06-29 Loss=-30.938658 | E0=-7.86194468-0.00016043j | E1=-7.71665109-0.00125475j|E2=-7.68672709-0.00006973j|E3=-7.67333465+0.00089786j
26-31-06-29 #-----------------------------------------#
26-31-06-29 [Step 186] logΨ: mean=32.903-0.570j | min=29.906+1.328j | max=33.193+0.544j
26-31-06-29 梯度监控 | raw=28.1426 | natural=0.0008 | clipped=0.0008(上限20.0)
26-31-06-29 Ψ矩阵条件数 cond(Ψ) = 5.07e+00
26-31-06-29 Loss=-30.935862 | E0=-7.86188684-0.00014479j | E1=-7.71631605+0.00149375j|E2=-7.68568307+0.00061534j|E3=-7.67197648-0.00157466j
26-31-06-29 #-----------------------------------------#
26-31-06-29 [Step 187] logΨ: mean=32.873-0.161j | min=29.261-1.340j | max=33.188+0.519j
26-31-06-29 梯度监控 | raw=23.9966 | natural=0.0008 | clipped=0.0008(上限20.0)
26-31-06-29 Ψ矩阵条件数 cond(Ψ) = 4.71e+00
26-31-06-29 Loss=-30.938139 | E0=-7.86256407-0.00018512j | E1=-7.71628548+0.00016063j|E2=-7.68649607-0.00008219j|E3=-7.67279319+0.00017056j
26-31-06-29 #-----------------------------------------#
26-31-06-29 [Step 188] logΨ: mean=32.811+0.135j | min=29.197-0.019j | max=33.184+0.495j
26-31-06-29 梯度监控 | raw=19.7378 | natural=0.0008 | clipped=0.0008(上限20.0)
26-31-06-29 Ψ矩阵条件数 cond(Ψ) = 6.11e+00
26-31-06-29 Loss=-30.937782 | E0=-7.86177423-0.00013594j | E1=-7.71689367-0.00151757j|E2=-7.68712181-0.00041968j|E3=-7.67199260+0.00173685j
26-31-06-29 #-----------------------------------------#
26-31-06-29 [Step 189] logΨ: mean=32.830-0.500j | min=26.835-0.997j | max=33.140+0.477j
26-31-06-29 梯度监控 | raw=24.1562 | natural=0.0039 | clipped=0.0039(上限20.0)
26-31-06-29 Ψ矩阵条件数 cond(Ψ) = 4.71e+00
26-31-06-29 Loss=-30.936930 | E0=-7.86321078+0.00087361j | E1=-7.71636065-0.00015091j|E2=-7.68614753+0.00003553j|E3=-7.67121076-0.00018544j
26-31-06-29 #-----------------------------------------#
26-31-06-29 [Step 190] logΨ: mean=32.837-0.419j | min=29.038-2.469j | max=33.155+0.465j
26-31-06-29 梯度监控 | raw=23.0383 | natural=0.0013 | clipped=0.0013(上限20.0)
26-31-06-29 Ψ矩阵条件数 cond(Ψ) = 8.50e+00
26-31-06-29 Loss=-30.938525 | E0=-7.86233134-0.00014648j | E1=-7.71629399+0.00018378j|E2=-7.68703382-0.00055065j|E3=-7.67286629+0.00036328j
26-31-06-29 #-----------------------------------------#
26-31-06-29 [Step 191] logΨ: mean=32.833-0.435j | min=28.273-1.179j | max=33.153+0.443j
26-31-06-29 梯度监控 | raw=26.0193 | natural=0.0006 | clipped=0.0006(上限20.0)
26-31-06-29 Ψ矩阵条件数 cond(Ψ) = 6.18e+00
26-31-06-29 Loss=-30.935684 | E0=-7.86205456-0.00013058j | E1=-7.71648632+0.00095851j|E2=-7.68548891+0.00099658j|E3=-7.67165438-0.00129293j
26-31-06-29 #-----------------------------------------#
26-31-06-29 [Step 192] logΨ: mean=32.875-0.528j | min=28.995+0.645j | max=33.140+0.441j
26-31-06-29 梯度监控 | raw=28.1425 | natural=0.0023 | clipped=0.0023(上限20.0)
26-31-06-29 Ψ矩阵条件数 cond(Ψ) = 4.74e+00
26-31-06-29 Loss=-30.936417 | E0=-7.86276256+0.00010661j | E1=-7.71630964+0.00129997j|E2=-7.68550873+0.00096246j|E3=-7.67183586-0.00195327j
26-31-06-29 #-----------------------------------------#
26-31-06-29 [Step 193] logΨ: mean=32.701-0.771j | min=28.454+1.783j | max=33.006+0.405j
26-31-06-29 梯度监控 | raw=24.7144 | natural=0.0052 | clipped=0.0052(上限20.0)
26-31-06-29 Ψ矩阵条件数 cond(Ψ) = 4.84e+00
26-31-06-29 Loss=-30.936623 | E0=-7.86234548+0.00034811j | E1=-7.71613378+0.00085966j|E2=-7.68585161+0.00024606j|E3=-7.67229257-0.00087179j
26-31-06-29 #-----------------------------------------#
26-31-06-29 [Step 194] logΨ: mean=32.649-0.466j | min=28.638+0.994j | max=33.004+0.388j
26-31-06-29 梯度监控 | raw=18.6982 | natural=0.0007 | clipped=0.0007(上限20.0)
26-31-06-29 Ψ矩阵条件数 cond(Ψ) = 4.85e+00
26-31-06-29 Loss=-30.938493 | E0=-7.86238174-0.00017247j | E1=-7.71679036-0.00192229j|E2=-7.68712298-0.00043898j|E3=-7.67219789+0.00184186j
26-31-06-29 #-----------------------------------------#
26-31-06-29 [Step 195] logΨ: mean=32.702-0.473j | min=27.806-2.764j | max=33.000+0.390j
26-31-06-29 梯度监控 | raw=23.3158 | natural=0.0042 | clipped=0.0042(上限20.0)
26-31-06-29 Ψ矩阵条件数 cond(Ψ) = 4.86e+00
26-31-06-29 Loss=-30.939181 | E0=-7.86260136+0.00000124j | E1=-7.71648658-0.00069562j|E2=-7.68664374-0.00018304j|E3=-7.67344926+0.00050436j
26-31-06-29 #-----------------------------------------#
26-31-06-29 [Step 196] logΨ: mean=32.677-0.090j | min=27.362-2.056j | max=33.011+0.385j
26-31-06-29 梯度监控 | raw=20.5754 | natural=0.0019 | clipped=0.0019(上限20.0)
26-31-06-29 Ψ矩阵条件数 cond(Ψ) = 8.58e+00
26-31-06-29 Loss=-30.939835 | E0=-7.86177516-0.00017593j | E1=-7.71678389-0.00186539j|E2=-7.68719873-0.00045558j|E3=-7.67407734+0.00137221j
26-31-06-29 #-----------------------------------------#
26-31-06-30 [Step 197] logΨ: mean=32.654-0.040j | min=28.594+0.327j | max=33.010+0.371j
26-31-06-30 梯度监控 | raw=21.1970 | natural=0.0006 | clipped=0.0006(上限20.0)
26-31-06-30 Ψ矩阵条件数 cond(Ψ) = 4.89e+00
26-31-06-30 Loss=-30.939805 | E0=-7.86202628-0.00007133j | E1=-7.71669580-0.00060643j|E2=-7.68715393-0.00042148j|E3=-7.67392852+0.00085430j
26-31-06-30 #-----------------------------------------#
26-31-06-30 [Step 198] logΨ: mean=32.526-0.536j | min=26.118+0.509j | max=32.888+0.351j
26-31-06-30 梯度监控 | raw=25.3245 | natural=0.0048 | clipped=0.0048(上限20.0)
26-31-06-30 Ψ矩阵条件数 cond(Ψ) = 6.34e+00
26-31-06-30 Loss=-30.940571 | E0=-7.86304280+0.00056621j | E1=-7.71627342+0.00098130j|E2=-7.68603814+0.00025588j|E3=-7.67521614-0.00106070j
26-31-06-30 #-----------------------------------------#
26-31-06-30 [Step 199] logΨ: mean=32.620-0.692j | min=29.774-1.893j | max=32.889+0.339j
26-31-06-30 梯度监控 | raw=24.7551 | natural=0.0005 | clipped=0.0005(上限20.0)
26-31-06-30 Ψ矩阵条件数 cond(Ψ) = 5.00e+00
26-31-06-30 Loss=-30.939479 | E0=-7.86263705-0.00008555j | E1=-7.71655162+0.00039471j|E2=-7.68613499+0.00032235j|E3=-7.67415571-0.00054652j
26-31-06-30 #-----------------------------------------#
26-31-06-30 [保存] Step 199 → pickle 文件已更新 (200 条记录)
26-31-06-30 训练耗时：177.75 秒
26-31-06-30 
============================================================
26-31-06-30 训练完成!
26-31-06-30 ============================================================
26-31-06-30 [保存] 训练结束，pickle 最终写入 200 条记录 → ./data/history_natural_gradient_LiH_molecule_K4_no_gauge_control.pkl
26-31-06-30 Loss 曲线已保存: ./日志/26-31-06-27_loss_curve_no_gauge_control_min120.png
26-31-06-30 logΨ mean 曲线已保存: ./日志/26-31-06-27_logPsi_mean_curve_no_gauge_control_min120.png
