26-31-06-02 
============================================================
26-31-06-02 开始多链 NES-VMC 训练 | P8: 双侧一致列规范 + 周期性 gauge reset
26-31-06-02 ============================================================
26-31-06-02 精确CAS基准：基态=-7.86364558 Ha | 1激发=-7.72153670 Ha|2激发=-7.70823970 Ha|3激发=-7.68581513 Ha|
26-31-06-02 理论 Loss 上限：-30.97923710 
26-31-06-02 超参：clip_norm=20.0, lr=0.1, QGT diag_shift=0.1, RESET_PERIOD=10
26-31-06-02 检测到已有历史文件，上次保存 step=199，将从 step=200 继续
26-31-06-02 [Step   0] logΨ: mean=9.437+0.159j | min=2.061-0.595j | max=11.316+1.003j
26-31-06-02 梯度监控 | raw=18.8374 | natural=2.5138 | clipped=2.5138(上限20.0)
26-31-06-02 原始规范坐标 G(Re Σrow_mean) = +4.5425 | 累计|g| = 0.0000
26-31-06-02 Ψ矩阵条件数 cond(Ψ) = 1.16e+01
26-31-06-02 Loss=-21.911666 | E0=-5.89920687-0.00289441j | E1=-5.60829184+0.00877275j|E2=-5.27926615-0.00598902j|E3=-5.12490084-0.00504355j
26-31-06-02 #-----------------------------------------#
26-31-06-02 [Step   1] logΨ: mean=10.097-0.026j | min=5.807-2.122j | max=11.970+0.573j
26-31-06-02 梯度监控 | raw=19.3170 | natural=2.2473 | clipped=2.2473(上限20.0)
26-31-06-02 原始规范坐标 G(Re Σrow_mean) = +4.9510 | 累计|g| = 0.0000
26-31-06-02 Ψ矩阵条件数 cond(Ψ) = 2.14e+01
26-31-06-02 Loss=-22.890827 | E0=-6.19368190-0.00623941j | E1=-6.07188185+0.00787103j|E2=-5.50944591+0.00194868j|E3=-5.11581773-0.00452809j
26-31-06-02 #-----------------------------------------#
26-31-06-02 [Step   2] logΨ: mean=11.127-0.136j | min=5.042-1.157j | max=13.011+0.526j
26-31-06-02 梯度监控 | raw=17.0651 | natural=1.9330 | clipped=1.9330(上限20.0)
26-31-06-02 原始规范坐标 G(Re Σrow_mean) = +5.8173 | 累计|g| = 0.0000
26-31-06-02 Ψ矩阵条件数 cond(Ψ) = 2.07e+01
26-31-06-02 Loss=-23.780610 | E0=-6.58987353-0.01473452j | E1=-6.46327024+0.01215476j|E2=-5.62092272-0.00101425j|E3=-5.10654347+0.00181761j
26-31-06-02 #-----------------------------------------#
26-31-06-02 [Step   3] logΨ: mean=12.404-0.032j | min=5.841+1.720j | max=14.150+0.426j
26-31-06-02 梯度监控 | raw=24.7403 | natural=1.5958 | clipped=1.5958(上限20.0)
26-31-06-02 原始规范坐标 G(Re Σrow_mean) = +6.9402 | 累计|g| = 0.0000
26-31-06-02 Ψ矩阵条件数 cond(Ψ) = 8.50e+00
26-31-06-02 Loss=-24.590427 | E0=-6.92670419-0.01902277j | E1=-6.79944119+0.02142392j|E2=-5.74574796+0.00300446j|E3=-5.11853416-0.00069336j
26-31-06-02 #-----------------------------------------#
26-31-06-02 [Step   4] logΨ: mean=13.317-0.154j | min=8.615-0.644j | max=14.893+0.524j
26-31-06-02 梯度监控 | raw=31.9098 | natural=1.3251 | clipped=1.3251(上限20.0)
26-31-06-02 原始规范坐标 G(Re Σrow_mean) = +7.6566 | 累计|g| = 0.0000
26-31-06-02 Ψ矩阵条件数 cond(Ψ) = 1.96e+01
26-31-06-02 Loss=-25.082471 | E0=-7.12977234+0.00835137j | E1=-6.97942451-0.00895256j|E2=-5.84464966-0.00212131j|E3=-5.12862441+0.00637342j
26-31-06-02 #-----------------------------------------#
26-31-06-02 [Step   5] logΨ: mean=14.516-0.118j | min=6.600-2.393j | max=16.148+0.512j
26-31-06-02 梯度监控 | raw=42.6008 | natural=1.2521 | clipped=1.2521(上限20.0)
26-31-06-02 原始规范坐标 G(Re Σrow_mean) = +8.8492 | 累计|g| = 0.0000
26-31-06-02 Ψ矩阵条件数 cond(Ψ) = 8.92e+00
26-31-06-02 Loss=-25.498094 | E0=-7.26606704-0.00121433j | E1=-7.10078558+0.00226788j|E2=-5.94193291-0.00477909j|E3=-5.18930895+0.00224170j
26-31-06-02 #-----------------------------------------#
26-31-06-02 [Step   6] logΨ: mean=15.691-0.257j | min=9.936-1.764j | max=17.184+2.724j
26-31-06-02 梯度监控 | raw=47.9871 | natural=1.0827 | clipped=1.0827(上限20.0)
26-31-06-02 原始规范坐标 G(Re Σrow_mean) = +9.9114 | 累计|g| = 0.0000
26-31-06-02 Ψ矩阵条件数 cond(Ψ) = 1.53e+01
26-31-06-02 Loss=-25.931910 | E0=-7.36598201-0.00979918j | E1=-7.18592875+0.00590681j|E2=-6.16030714+0.00482787j|E3=-5.21969224+0.00178972j
26-31-06-02 #-----------------------------------------#
26-31-06-02 [Step   7] logΨ: mean=16.711-0.147j | min=8.763-0.297j | max=18.133+2.703j
26-31-06-02 梯度监控 | raw=57.8091 | natural=0.9458 | clipped=0.9458(上限20.0)
26-31-06-02 原始规范坐标 G(Re Σrow_mean) = +10.8292 | 累计|g| = 0.0000
26-31-06-02 Ψ矩阵条件数 cond(Ψ) = 3.59e+01
26-31-06-02 Loss=-26.324608 | E0=-7.47488878+0.00146759j | E1=-7.26990229-0.00114624j|E2=-6.29605071+0.00234816j|E3=-5.28376618+0.00071914j
26-31-06-02 #-----------------------------------------#
26-31-06-02 [Step   8] logΨ: mean=17.783-0.184j | min=10.668-0.239j | max=19.167+0.005j
26-31-06-02 梯度监控 | raw=86.4927 | natural=0.8373 | clipped=0.8373(上限20.0)
26-31-06-02 原始规范坐标 G(Re Σrow_mean) = +11.8910 | 累计|g| = 0.0000
26-31-06-02 Ψ矩阵条件数 cond(Ψ) = 2.16e+01
26-31-06-02 Loss=-26.757065 | E0=-7.53601880+0.00172754j | E1=-7.31983759+0.00127547j|E2=-6.52265237+0.00371029j|E3=-5.37855620-0.00497751j
26-31-06-02 #-----------------------------------------#
26-31-06-02 [Step   9] logΨ: mean=18.449+0.053j | min=11.936+0.039j | max=19.773+3.081j
26-31-06-02 梯度监控 | raw=122.2919 | natural=0.7037 | clipped=0.7037(上限20.0)
26-31-06-02 原始规范坐标 G(Re Σrow_mean) = +12.5748 | 累计|g| = 0.0000
26-31-06-02 Ψ矩阵条件数 cond(Ψ) = 2.48e+01
26-31-06-02 Loss=-27.113978 | E0=-7.55919736-0.00484134j | E1=-7.34400158-0.00032140j|E2=-6.58623762+0.00669883j|E3=-5.62454142-0.00130572j
26-31-06-02 #-----------------------------------------#
26-31-06-02 [GaugeReset@10] 吸收 Δg = Σ Re(col_mean) = +12.5748 | 新|g| = 6.6585
26-31-06-02 [Step  10] logΨ: mean=6.278-0.065j | min=0.921+0.877j | max=7.481+2.864j
26-31-06-02 梯度监控 | raw=169.6546 | natural=0.5836 | clipped=0.5836(上限20.0)
26-31-06-02 原始规范坐标 G(Re Σrow_mean) = +13.2603 | 累计|g| = 6.6585
26-31-06-02 Ψ矩阵条件数 cond(Ψ) = 7.75e+00
26-31-06-02 Loss=-27.914611 | E0=-7.60021660+0.00233259j | E1=-7.39874519-0.00280320j|E2=-6.83084251+0.00208585j|E3=-6.08480718-0.00088767j
26-31-06-02 #-----------------------------------------#
26-31-06-02 [Step  11] logΨ: mean=7.097+0.103j | min=0.861+2.836j | max=8.396+2.901j
26-31-06-02 梯度监控 | raw=167.6885 | natural=0.5908 | clipped=0.5908(上限20.0)
26-31-06-02 原始规范坐标 G(Re Σrow_mean) = +14.1291 | 累计|g| = 6.6585
26-31-06-02 Ψ矩阵条件数 cond(Ψ) = 8.94e+00
26-31-06-02 Loss=-28.324013 | E0=-7.62933248-0.00133010j | E1=-7.41065906+0.00100714j|E2=-6.92732678+0.00620980j|E3=-6.35669434-0.00344765j
26-31-06-02 #-----------------------------------------#
26-31-06-02 [Step  12] logΨ: mean=7.754-0.057j | min=2.485+0.027j | max=9.078+2.989j
26-31-06-02 梯度监控 | raw=150.6038 | natural=0.4661 | clipped=0.4661(上限20.0)
26-31-06-02 原始规范坐标 G(Re Σrow_mean) = +14.7594 | 累计|g| = 6.6585
26-31-06-02 Ψ矩阵条件数 cond(Ψ) = 8.06e+00
26-31-06-02 Loss=-28.692957 | E0=-7.64228370+0.00642050j | E1=-7.43048140+0.00250420j|E2=-7.00438154-0.00844213j|E3=-6.61581051+0.00112195j
26-31-06-02 #-----------------------------------------#
26-31-06-02 [Step  13] logΨ: mean=8.864+0.236j | min=3.378+0.452j | max=10.076+2.937j
26-31-06-02 梯度监控 | raw=116.6406 | natural=0.4727 | clipped=0.4727(上限20.0)
26-31-06-02 原始规范坐标 G(Re Σrow_mean) = +15.8741 | 累计|g| = 6.6585
26-31-06-02 Ψ矩阵条件数 cond(Ψ) = 1.03e+01
26-31-06-02 Loss=-29.221780 | E0=-7.65407640+0.00926203j | E1=-7.46101998-0.00335886j|E2=-7.19890775+0.00076261j|E3=-6.90777551-0.01081291j
26-31-06-02 #-----------------------------------------#
26-31-06-02 [Step  14] logΨ: mean=9.446+0.068j | min=4.370-2.042j | max=10.637+3.023j
26-31-06-02 梯度监控 | raw=117.4882 | natural=0.3658 | clipped=0.3658(上限20.0)
26-31-06-02 原始规范坐标 G(Re Σrow_mean) = +16.2853 | 累计|g| = 6.6585
26-31-06-02 Ψ矩阵条件数 cond(Ψ) = 1.22e+01
26-31-06-02 Loss=-29.264456 | E0=-7.66358499+0.00108853j | E1=-7.46319273+0.00048802j|E2=-7.20896805-0.01886312j|E3=-6.92871064+0.01630149j
26-31-06-02 #-----------------------------------------#
26-31-06-02 [Step  15] logΨ: mean=10.124+0.138j | min=4.334-0.043j | max=11.237+0.140j
26-31-06-02 梯度监控 | raw=69.8635 | natural=0.3223 | clipped=0.3223(上限20.0)
26-31-06-02 原始规范坐标 G(Re Σrow_mean) = +17.0453 | 累计|g| = 6.6585
26-31-06-02 Ψ矩阵条件数 cond(Ψ) = 1.04e+01
26-31-06-02 Loss=-29.664221 | E0=-7.67597852+0.00318889j | E1=-7.51163980+0.00103635j|E2=-7.38880358-0.00214790j|E3=-7.08779951-0.00524056j
26-31-06-02 #-----------------------------------------#
26-31-06-02 [Step  16] logΨ: mean=10.790+0.111j | min=5.381+0.526j | max=11.774+0.081j
26-31-06-02 梯度监控 | raw=43.6638 | natural=0.2699 | clipped=0.2699(上限20.0)
26-31-06-02 原始规范坐标 G(Re Σrow_mean) = +17.6506 | 累计|g| = 6.6585
26-31-06-02 Ψ矩阵条件数 cond(Ψ) = 2.10e+01
26-31-06-02 Loss=-29.814455 | E0=-7.68084659+0.00270262j | E1=-7.54844058+0.00234496j|E2=-7.43873870+0.00306785j|E3=-7.14642940-0.00482727j
26-31-06-02 #-----------------------------------------#
26-31-06-02 [Step  17] logΨ: mean=11.642+0.053j | min=7.480-3.110j | max=12.435+0.182j
26-31-06-02 梯度监控 | raw=22.3452 | natural=0.2250 | clipped=0.2250(上限20.0)
26-31-06-02 原始规范坐标 G(Re Σrow_mean) = +18.2793 | 累计|g| = 6.6585
26-31-06-02 Ψ矩阵条件数 cond(Ψ) = 1.14e+01
26-31-06-02 Loss=-30.064859 | E0=-7.70746603+0.00056242j | E1=-7.61941022-0.00116187j|E2=-7.50861090+0.00241553j|E3=-7.22937203+0.00043740j
26-31-06-02 #-----------------------------------------#
26-31-06-02 [Step  18] logΨ: mean=12.219-0.393j | min=7.320-1.323j | max=12.968+0.231j
26-31-06-02 梯度监控 | raw=19.8423 | natural=0.2075 | clipped=0.2075(上限20.0)
26-31-06-02 原始规范坐标 G(Re Σrow_mean) = +18.7921 | 累计|g| = 6.6585
26-31-06-02 Ψ矩阵条件数 cond(Ψ) = 1.15e+01
26-31-06-02 Loss=-30.068992 | E0=-7.71281757-0.00251740j | E1=-7.64388665+0.00029604j|E2=-7.50349501-0.00112551j|E3=-7.20879293+0.00341159j
26-31-06-02 #-----------------------------------------#
26-31-06-02 [Step  19] logΨ: mean=12.608-0.290j | min=7.120+0.947j | max=13.412+0.274j
26-31-06-02 梯度监控 | raw=30.4349 | natural=0.1683 | clipped=0.1683(上限20.0)
26-31-06-02 原始规范坐标 G(Re Σrow_mean) = +19.1265 | 累计|g| = 6.6585
26-31-06-02 Ψ矩阵条件数 cond(Ψ) = 9.79e+00
26-31-06-02 Loss=-30.092844 | E0=-7.70647744+0.00044850j | E1=-7.59751393-0.00429559j|E2=-7.52395175+0.00322935j|E3=-7.26490041+0.00197459j
26-31-06-02 #-----------------------------------------#
26-31-06-02 [保存] Step 19 → pickle 文件已更新 (20 条记录)
26-31-06-02 [GaugeReset@20] 吸收 Δg = Σ Re(col_mean) = +19.1265 | 新|g| = 10.2717
26-31-06-02 [Step  20] logΨ: mean=6.494-0.282j | min=0.295+1.229j | max=7.251+1.398j
26-31-06-02 梯度监控 | raw=25.8672 | natural=0.1545 | clipped=0.1545(上限20.0)
26-31-06-02 原始规范坐标 G(Re Σrow_mean) = +19.4629 | 累计|g| = 10.2717
26-31-06-02 Ψ矩阵条件数 cond(Ψ) = 1.02e+01
26-31-06-02 Loss=-30.194665 | E0=-7.72050628+0.00006901j | E1=-7.64947774+0.00210448j|E2=-7.54577072-0.00287838j|E3=-7.27891073+0.00109265j
26-31-06-02 #-----------------------------------------#
26-31-06-02 [Step  21] logΨ: mean=7.194-0.395j | min=0.298-2.896j | max=7.936+1.435j
26-31-06-02 梯度监控 | raw=23.6159 | natural=0.1968 | clipped=0.1968(上限20.0)
26-31-06-02 原始规范坐标 G(Re Σrow_mean) = +19.9882 | 累计|g| = 10.2717
26-31-06-02 Ψ矩阵条件数 cond(Ψ) = 6.78e+00
26-31-06-02 Loss=-30.169628 | E0=-7.72354261-0.00050866j | E1=-7.65389508-0.00044944j|E2=-7.53404673+0.00255507j|E3=-7.25814359-0.00214068j
26-31-06-02 #-----------------------------------------#
26-31-06-02 [Step  22] logΨ: mean=7.752-0.138j | min=2.666-0.326j | max=8.520+1.517j
26-31-06-02 梯度监控 | raw=33.4634 | natural=0.1594 | clipped=0.1594(上限20.0)
26-31-06-02 原始规范坐标 G(Re Σrow_mean) = +20.3243 | 累计|g| = 10.2717
26-31-06-02 Ψ矩阵条件数 cond(Ψ) = 7.57e+00
26-31-06-02 Loss=-30.268790 | E0=-7.72762596+0.00212407j | E1=-7.64814428-0.00102019j|E2=-7.57112193+0.00228714j|E3=-7.32189753-0.00350847j
26-31-06-02 #-----------------------------------------#
26-31-06-02 [Step  23] logΨ: mean=8.178-0.070j | min=3.841+2.416j | max=8.897+1.582j
26-31-06-02 梯度监控 | raw=35.0152 | natural=0.0885 | clipped=0.0885(上限20.0)
26-31-06-02 原始规范坐标 G(Re Σrow_mean) = +20.5675 | 累计|g| = 10.2717
26-31-06-02 Ψ矩阵条件数 cond(Ψ) = 7.52e+00
26-31-06-02 Loss=-30.241153 | E0=-7.73161157+0.00039294j | E1=-7.64595718-0.00003784j|E2=-7.55201482+0.00031569j|E3=-7.31156914+0.00459576j
26-31-06-02 #-----------------------------------------#
26-31-06-02 [Step  24] logΨ: mean=8.621+0.031j | min=3.115+1.373j | max=9.334+1.787j
26-31-06-02 梯度监控 | raw=35.0711 | natural=0.1109 | clipped=0.1109(上限20.0)
26-31-06-02 原始规范坐标 G(Re Σrow_mean) = +20.9193 | 累计|g| = 10.2717
26-31-06-02 Ψ矩阵条件数 cond(Ψ) = 1.24e+01
26-31-06-02 Loss=-30.304940 | E0=-7.73272564+0.00096095j | E1=-7.66102760+0.00063408j|E2=-7.58625886-0.00032212j|E3=-7.32492816+0.00006865j
26-31-06-02 #-----------------------------------------#
26-31-06-02 [Step  25] logΨ: mean=9.220+0.241j | min=5.132+0.434j | max=9.888+2.135j
26-31-06-02 梯度监控 | raw=43.3977 | natural=0.1029 | clipped=0.1029(上限20.0)
26-31-06-02 原始规范坐标 G(Re Σrow_mean) = +21.3504 | 累计|g| = 10.2717
26-31-06-02 Ψ矩阵条件数 cond(Ψ) = 9.45e+00
26-31-06-02 Loss=-30.324948 | E0=-7.72914120-0.00274247j | E1=-7.66159011-0.00160232j|E2=-7.59195252-0.00298697j|E3=-7.34226450+0.00297329j
26-31-06-02 #-----------------------------------------#
26-31-06-02 [Step  26] logΨ: mean=9.602+0.066j | min=4.492-1.742j | max=10.318+2.511j
26-31-06-02 梯度监控 | raw=47.7526 | natural=0.0941 | clipped=0.0941(上限20.0)
26-31-06-02 原始规范坐标 G(Re Σrow_mean) = +21.6574 | 累计|g| = 10.2717
26-31-06-02 Ψ矩阵条件数 cond(Ψ) = 5.92e+00
26-31-06-02 Loss=-30.352521 | E0=-7.74065701-0.00175751j | E1=-7.66310905-0.00168109j|E2=-7.59312534+0.00001384j|E3=-7.35562917+0.00120886j
26-31-06-02 #-----------------------------------------#
26-31-06-02 [Step  27] logΨ: mean=9.978+0.507j | min=4.833-0.985j | max=10.622+2.816j
26-31-06-02 梯度监控 | raw=60.1481 | natural=0.1263 | clipped=0.1263(上限20.0)
26-31-06-02 原始规范坐标 G(Re Σrow_mean) = +21.9539 | 累计|g| = 10.2717
26-31-06-02 Ψ矩阵条件数 cond(Ψ) = 1.07e+01
26-31-06-02 Loss=-30.391759 | E0=-7.73985146+0.00208773j | E1=-7.66211854+0.00146026j|E2=-7.59969737-0.00065048j|E3=-7.39009196-0.00291458j
26-31-06-02 #-----------------------------------------#
26-31-06-02 [Step  28] logΨ: mean=9.765+0.473j | min=6.220-0.043j | max=10.379+2.956j
26-31-06-02 梯度监控 | raw=58.1422 | natural=0.0475 | clipped=0.0475(上限20.0)
26-31-06-02 原始规范坐标 G(Re Σrow_mean) = +21.8715 | 累计|g| = 10.2717
26-31-06-02 Ψ矩阵条件数 cond(Ψ) = 2.56e+01
26-31-06-02 Loss=-30.368749 | E0=-7.74411582+0.00063028j | E1=-7.66108528-0.00155425j|E2=-7.59864569+0.00071599j|E3=-7.36490212+0.00637192j
26-31-06-02 #-----------------------------------------#
26-31-06-02 [Step  29] logΨ: mean=9.220+0.124j | min=4.583+3.027j | max=9.774+0.428j
26-31-06-02 梯度监控 | raw=63.7530 | natural=0.0761 | clipped=0.0761(上限20.0)
26-31-06-02 原始规范坐标 G(Re Σrow_mean) = +21.6093 | 累计|g| = 10.2717
26-31-06-02 Ψ矩阵条件数 cond(Ψ) = 1.31e+01
26-31-06-02 Loss=-30.445351 | E0=-7.74951497+0.00045324j | E1=-7.66510561+0.00067348j|E2=-7.61411754-0.00280954j|E3=-7.41661281+0.00328850j
26-31-06-02 #-----------------------------------------#
26-31-06-02 [GaugeReset@30] 吸收 Δg = Σ Re(col_mean) = +21.6093 | 新|g| = 11.5862
26-31-06-02 [Step  30] logΨ: mean=7.895+0.496j | min=2.182+1.746j | max=8.441+2.708j
26-31-06-02 梯度监控 | raw=66.3021 | natural=0.1681 | clipped=0.1681(上限20.0)
26-31-06-02 原始规范坐标 G(Re Σrow_mean) = +22.4919 | 累计|g| = 11.5862
26-31-06-02 Ψ矩阵条件数 cond(Ψ) = 6.43e+00
26-31-06-02 Loss=-30.421703 | E0=-7.74211897+0.00136404j | E1=-7.66414626+0.00147168j|E2=-7.61108920-0.00246097j|E3=-7.40434886+0.00303698j
26-31-06-02 #-----------------------------------------#
26-31-06-02 [Step  31] logΨ: mean=7.934+0.245j | min=3.751-2.206j | max=8.422+0.199j
26-31-06-02 梯度监控 | raw=64.4278 | natural=0.0674 | clipped=0.0674(上限20.0)
26-31-06-02 原始规范坐标 G(Re Σrow_mean) = +22.5338 | 累计|g| = 11.5862
26-31-06-02 Ψ矩阵条件数 cond(Ψ) = 4.54e+00
26-31-06-02 Loss=-30.524733 | E0=-7.76403148+0.00011767j | E1=-7.66568111+0.00016347j|E2=-7.63479774+0.00304183j|E3=-7.46022242-0.00381688j
26-31-06-02 #-----------------------------------------#
26-31-06-02 [Step  32] logΨ: mean=8.460+0.299j | min=3.694+1.696j | max=9.019+3.066j
26-31-06-02 梯度监控 | raw=74.3051 | natural=0.0938 | clipped=0.0938(上限20.0)
26-31-06-02 原始规范坐标 G(Re Σrow_mean) = +23.1205 | 累计|g| = 11.5862
26-31-06-02 Ψ矩阵条件数 cond(Ψ) = 6.37e+00
26-31-06-02 Loss=-30.490145 | E0=-7.75404593-0.00111874j | E1=-7.66481859+0.00012125j|E2=-7.62089558+0.00179100j|E3=-7.45038505-0.00069801j
26-31-06-02 #-----------------------------------------#
26-31-06-02 [Step  33] logΨ: mean=8.213+0.015j | min=3.716-0.444j | max=8.767+2.633j
26-31-06-02 梯度监控 | raw=66.3403 | natural=0.0990 | clipped=0.0990(上限20.0)
26-31-06-02 原始规范坐标 G(Re Σrow_mean) = +22.8494 | 累计|g| = 11.5862
26-31-06-02 Ψ矩阵条件数 cond(Ψ) = 1.37e+01
26-31-06-02 Loss=-30.514744 | E0=-7.76600483-0.00022710j | E1=-7.66587337+0.00189823j|E2=-7.63044740-0.00156603j|E3=-7.45241806+0.00118601j
26-31-06-02 #-----------------------------------------#
26-31-06-02 [Step  34] logΨ: mean=9.161+0.382j | min=2.527-0.388j | max=9.712+2.987j
26-31-06-02 梯度监控 | raw=66.9415 | natural=0.1431 | clipped=0.1431(上限20.0)
26-31-06-02 原始规范坐标 G(Re Σrow_mean) = +23.6091 | 累计|g| = 11.5862
26-31-06-02 Ψ矩阵条件数 cond(Ψ) = 6.34e+00
26-31-06-02 Loss=-30.574891 | E0=-7.76284842-0.00132881j | E1=-7.66725056-0.00222257j|E2=-7.62967762+0.00357924j|E3=-7.51511440+0.00364949j
26-31-06-02 #-----------------------------------------#
26-31-06-02 [Step  35] logΨ: mean=9.216-0.120j | min=5.799-1.519j | max=9.760+2.580j
26-31-06-02 梯度监控 | raw=75.5044 | natural=0.0603 | clipped=0.0603(上限20.0)
26-31-06-02 原始规范坐标 G(Re Σrow_mean) = +23.6744 | 累计|g| = 11.5862
26-31-06-02 Ψ矩阵条件数 cond(Ψ) = 1.45e+01
26-31-06-02 Loss=-30.556492 | E0=-7.76107900+0.00309776j | E1=-7.66819483-0.00208543j|E2=-7.64347341-0.00038706j|E3=-7.48374515-0.00114925j
26-31-06-02 #-----------------------------------------#
26-31-06-02 [Step  36] logΨ: mean=9.962+0.138j | min=4.701+1.620j | max=10.536+2.794j
26-31-06-02 梯度监控 | raw=66.8061 | natural=0.1097 | clipped=0.1097(上限20.0)
26-31-06-02 原始规范坐标 G(Re Σrow_mean) = +24.1405 | 累计|g| = 11.5862
26-31-06-02 Ψ矩阵条件数 cond(Ψ) = 1.86e+01
26-31-06-02 Loss=-30.601511 | E0=-7.77566564+0.00123186j | E1=-7.66886368+0.00178856j|E2=-7.64762756+0.00269949j|E3=-7.50935406+0.00110881j
26-31-06-02 #-----------------------------------------#
26-31-06-02 [Step  37] logΨ: mean=10.537-0.469j | min=5.024-0.480j | max=11.163+1.852j
26-31-06-02 梯度监控 | raw=76.7254 | natural=0.0556 | clipped=0.0556(上限20.0)
26-31-06-02 原始规范坐标 G(Re Σrow_mean) = +24.5634 | 累计|g| = 11.5862
26-31-06-02 Ψ矩阵条件数 cond(Ψ) = 2.09e+01
26-31-06-02 Loss=-30.603426 | E0=-7.77493938-0.00170081j | E1=-7.66673189+0.00095561j|E2=-7.64001536+0.00698568j|E3=-7.52173932-0.00239241j
26-31-06-02 #-----------------------------------------#
26-31-06-02 [Step  38] logΨ: mean=11.151-0.053j | min=5.489+1.723j | max=11.683+1.712j
26-31-06-02 梯度监控 | raw=67.7355 | natural=0.0832 | clipped=0.0832(上限20.0)
26-31-06-02 原始规范坐标 G(Re Σrow_mean) = +24.8075 | 累计|g| = 11.5862
26-31-06-02 Ψ矩阵条件数 cond(Ψ) = 4.10e+00
26-31-06-02 Loss=-30.689272 | E0=-7.78899721-0.00090867j | E1=-7.67235288+0.00090760j|E2=-7.64975959+0.00204545j|E3=-7.57816233-0.00508681j
26-31-06-02 #-----------------------------------------#
26-31-06-02 [Step  39] logΨ: mean=10.955-0.252j | min=7.322-2.085j | max=11.473+1.588j
26-31-06-02 梯度监控 | raw=66.9361 | natural=0.0238 | clipped=0.0238(上限20.0)
26-31-06-02 原始规范坐标 G(Re Σrow_mean) = +24.7571 | 累计|g| = 11.5862
26-31-06-02 Ψ矩阵条件数 cond(Ψ) = 4.09e+00
26-31-06-02 Loss=-30.693151 | E0=-7.79039847+0.00076977j | E1=-7.67373535-0.00021977j|E2=-7.65486534-0.00267117j|E3=-7.57415194+0.00021123j
26-31-06-02 #-----------------------------------------#
26-31-06-02 [保存] Step 39 → pickle 文件已更新 (40 条记录)
26-31-06-02 [GaugeReset@40] 吸收 Δg = Σ Re(col_mean) = +24.7571 | 新|g| = 13.2540
26-31-06-02 [Step  40] logΨ: mean=7.702+0.173j | min=3.688+1.740j | max=8.284+0.245j
26-31-06-02 梯度监控 | raw=66.7260 | natural=0.0796 | clipped=0.0796(上限20.0)
26-31-06-02 原始规范坐标 G(Re Σrow_mean) = +24.6978 | 累计|g| = 13.2540
26-31-06-02 Ψ矩阵条件数 cond(Ψ) = 8.32e+00
26-31-06-02 Loss=-30.685359 | E0=-7.79336097+0.00129911j | E1=-7.67268600+0.00130865j|E2=-7.64839129+0.00098030j|E3=-7.57092094-0.00263837j
26-31-06-02 #-----------------------------------------#
26-31-06-02 [Step  41] logΨ: mean=8.338-0.171j | min=3.304+2.534j | max=8.976+0.169j
26-31-06-02 梯度监控 | raw=69.2902 | natural=0.0853 | clipped=0.0853(上限20.0)
26-31-06-02 原始规范坐标 G(Re Σrow_mean) = +25.1337 | 累计|g| = 13.2540
26-31-06-02 Ψ矩阵条件数 cond(Ψ) = 7.72e+00
26-31-06-02 Loss=-30.658120 | E0=-7.78769993+0.00091202j | E1=-7.67221435-0.00113595j|E2=-7.64928868+0.00049172j|E3=-7.54891729+0.00031485j
26-31-06-02 #-----------------------------------------#
26-31-06-02 [Step  42] logΨ: mean=8.332-0.233j | min=5.430+1.861j | max=8.891+0.171j
26-31-06-02 梯度监控 | raw=60.4044 | natural=0.0191 | clipped=0.0191(上限20.0)
26-31-06-02 原始规范坐标 G(Re Σrow_mean) = +25.0832 | 累计|g| = 13.2540
26-31-06-02 Ψ矩阵条件数 cond(Ψ) = 7.61e+00
26-31-06-02 Loss=-30.727200 | E0=-7.79456088+0.00017848j | E1=-7.67982704+0.00085003j|E2=-7.65913675-0.00045434j|E3=-7.59367490-0.00317088j
26-31-06-02 #-----------------------------------------#
26-31-06-02 [Step  43] logΨ: mean=8.278+0.447j | min=2.516+1.911j | max=8.938+1.003j
26-31-06-02 梯度监控 | raw=74.2616 | natural=0.2857 | clipped=0.2857(上限20.0)
26-31-06-02 原始规范坐标 G(Re Σrow_mean) = +25.1189 | 累计|g| = 13.2540
26-31-06-02 Ψ矩阵条件数 cond(Ψ) = 6.31e+00
26-31-06-02 Loss=-30.688086 | E0=-7.79265221-0.00060697j | E1=-7.67354772+0.00014111j|E2=-7.65056717+0.00225278j|E3=-7.57131880+0.00106257j
26-31-06-02 #-----------------------------------------#
26-31-06-02 [Step  44] logΨ: mean=9.252+0.008j | min=2.591+1.819j | max=9.842+1.292j
26-31-06-02 梯度监控 | raw=62.7220 | natural=0.1179 | clipped=0.1179(上限20.0)
26-31-06-02 原始规范坐标 G(Re Σrow_mean) = +25.7134 | 累计|g| = 13.2540
26-31-06-02 Ψ矩阵条件数 cond(Ψ) = 7.55e+00
26-31-06-02 Loss=-30.714106 | E0=-7.80243661+0.00071591j | E1=-7.67622756-0.00143524j|E2=-7.65356337+0.00198303j|E3=-7.58187865-0.00191845j
26-31-06-02 #-----------------------------------------#
26-31-06-02 [Step  45] logΨ: mean=9.234+0.256j | min=3.938+0.544j | max=9.815+1.304j
26-31-06-02 梯度监控 | raw=64.1972 | natural=0.0468 | clipped=0.0468(上限20.0)
26-31-06-02 原始规范坐标 G(Re Σrow_mean) = +25.5439 | 累计|g| = 13.2540
26-31-06-02 Ψ矩阵条件数 cond(Ψ) = 6.25e+00
26-31-06-02 Loss=-30.747504 | E0=-7.80238858-0.00101655j | E1=-7.67983185+0.00295540j|E2=-7.65837826+0.00112720j|E3=-7.60690566-0.00439337j
26-31-06-02 #-----------------------------------------#
26-31-06-02 [Step  46] logΨ: mean=8.193+0.402j | min=1.234+0.416j | max=8.673+1.155j
26-31-06-02 梯度监控 | raw=54.7161 | natural=0.1205 | clipped=0.1205(上限20.0)
26-31-06-02 原始规范坐标 G(Re Σrow_mean) = +24.9604 | 累计|g| = 13.2540
26-31-06-02 Ψ矩阵条件数 cond(Ψ) = 6.89e+00
26-31-06-02 Loss=-30.782624 | E0=-7.80906552+0.00072115j | E1=-7.69069638+0.00177706j|E2=-7.66302660-0.00063572j|E3=-7.61983558-0.00114802j
26-31-06-02 #-----------------------------------------#
26-31-06-02 [Step  47] logΨ: mean=9.459-0.307j | min=3.338+0.018j | max=9.936+2.251j
26-31-06-02 梯度监控 | raw=40.8926 | natural=0.1830 | clipped=0.1830(上限20.0)
26-31-06-02 原始规范坐标 G(Re Σrow_mean) = +25.7366 | 累计|g| = 13.2540
26-31-06-02 Ψ矩阵条件数 cond(Ψ) = 1.49e+01
26-31-06-02 Loss=-30.770526 | E0=-7.80841402-0.00148639j | E1=-7.68554618-0.00158324j|E2=-7.65261460+0.00269785j|E3=-7.62395105-0.00145674j
26-31-06-02 #-----------------------------------------#
26-31-06-02 [Step  48] logΨ: mean=9.375-0.259j | min=5.522-1.758j | max=9.855+2.211j
26-31-06-02 梯度监控 | raw=90.0213 | natural=0.0164 | clipped=0.0164(上限20.0)
26-31-06-02 原始规范坐标 G(Re Σrow_mean) = +25.7584 | 累计|g| = 13.2540
26-31-06-02 Ψ矩阵条件数 cond(Ψ) = 8.89e+00
26-31-06-02 Loss=-30.769792 | E0=-7.80270258+0.00220782j | E1=-7.68688847+0.00121298j|E2=-7.66108947-0.00045646j|E3=-7.61911192-0.00154600j
26-31-06-02 #-----------------------------------------#
26-31-06-02 [Step  49] logΨ: mean=9.358-0.425j | min=5.177-1.669j | max=9.798+2.157j
26-31-06-02 梯度监控 | raw=70.3462 | natural=0.0174 | clipped=0.0174(上限20.0)
26-31-06-02 原始规范坐标 G(Re Σrow_mean) = +25.6608 | 累计|g| = 13.2540
26-31-06-02 Ψ矩阵条件数 cond(Ψ) = 9.03e+00
26-31-06-02 Loss=-30.794714 | E0=-7.80624041-0.00029779j | E1=-7.68912367-0.00111122j|E2=-7.66230125+0.00030712j|E3=-7.63704898+0.00001254j
26-31-06-02 #-----------------------------------------#
26-31-06-02 [GaugeReset@50] 吸收 Δg = Σ Re(col_mean) = +25.6608 | 新|g| = 13.8120
26-31-06-02 [Step  50] logΨ: mean=7.458+0.059j | min=1.751-1.876j | max=7.936+0.547j
26-31-06-02 梯度监控 | raw=85.2308 | natural=0.1353 | clipped=0.1353(上限20.0)
26-31-06-02 原始规范坐标 G(Re Σrow_mean) = +25.2155 | 累计|g| = 13.8120
26-31-06-02 Ψ矩阵条件数 cond(Ψ) = 4.74e+00
26-31-06-02 Loss=-30.766535 | E0=-7.80120579-0.00147558j | E1=-7.68478486+0.00121651j|E2=-7.66208054+0.00032825j|E3=-7.61846363-0.00055421j
26-31-06-02 #-----------------------------------------#
26-31-06-03 [Step  51] logΨ: mean=7.131+0.295j | min=0.813-2.645j | max=7.572+0.835j
26-31-06-03 梯度监控 | raw=66.7766 | natural=0.1968 | clipped=0.1968(上限20.0)
26-31-06-03 原始规范坐标 G(Re Σrow_mean) = +24.8206 | 累计|g| = 13.8120
26-31-06-03 Ψ矩阵条件数 cond(Ψ) = 9.69e+00
26-31-06-03 Loss=-30.777481 | E0=-7.79977903+0.00044700j | E1=-7.69128155-0.00235065j|E2=-7.66700453-0.00063099j|E3=-7.61941593+0.00336434j
26-31-06-03 #-----------------------------------------#
26-31-06-03 [Step  52] logΨ: mean=7.340-0.057j | min=2.199-2.156j | max=7.764+0.412j
26-31-06-03 梯度监控 | raw=47.2367 | natural=0.1098 | clipped=0.1098(上限20.0)
26-31-06-03 原始规范坐标 G(Re Σrow_mean) = +24.9714 | 累计|g| = 13.8120
26-31-06-03 Ψ矩阵条件数 cond(Ψ) = 4.73e+00
26-31-06-03 Loss=-30.793458 | E0=-7.79904113-0.00123804j | E1=-7.69220374-0.00163779j|E2=-7.66219862+0.00000709j|E3=-7.64001434+0.00111474j
26-31-06-03 #-----------------------------------------#
26-31-06-03 [Step  53] logΨ: mean=7.761+0.350j | min=2.235+0.319j | max=8.212+0.720j
26-31-06-03 梯度监控 | raw=51.2513 | natural=0.1007 | clipped=0.1007(上限20.0)
26-31-06-03 原始规范坐标 G(Re Σrow_mean) = +25.2142 | 累计|g| = 13.8120
26-31-06-03 Ψ矩阵条件数 cond(Ψ) = 1.05e+01
26-31-06-03 Loss=-30.797451 | E0=-7.79958713+0.00051746j | E1=-7.69161981-0.00045960j|E2=-7.66700022+0.00008096j|E3=-7.63924360+0.00086923j
26-31-06-03 #-----------------------------------------#
26-31-06-03 [Step  54] logΨ: mean=7.849+0.326j | min=0.930-0.032j | max=8.286+1.177j
26-31-06-03 梯度监控 | raw=56.4204 | natural=0.2597 | clipped=0.2597(上限20.0)
26-31-06-03 原始规范坐标 G(Re Σrow_mean) = +25.1553 | 累计|g| = 13.8120
26-31-06-03 Ψ矩阵条件数 cond(Ψ) = 8.64e+00
26-31-06-03 Loss=-30.805215 | E0=-7.80426637-0.00086267j | E1=-7.69462392+0.00257543j|E2=-7.66696354-0.00645737j|E3=-7.63936077+0.00235781j
26-31-06-03 #-----------------------------------------#
26-31-06-03 [Step  55] logΨ: mean=7.817+0.513j | min=4.485+0.862j | max=8.172+1.152j
26-31-06-03 梯度监控 | raw=37.5457 | natural=0.0153 | clipped=0.0153(上限20.0)
26-31-06-03 原始规范坐标 G(Re Σrow_mean) = +25.0952 | 累计|g| = 13.8120
26-31-06-03 Ψ矩阵条件数 cond(Ψ) = 8.20e+00
26-31-06-03 Loss=-30.836194 | E0=-7.81606644-0.00002186j | E1=-7.69955933-0.00052336j|E2=-7.66977384+0.00137378j|E3=-7.65079476-0.00036795j
26-31-06-03 #-----------------------------------------#
26-31-06-03 [Step  56] logΨ: mean=7.664+0.536j | min=3.385-0.796j | max=8.027+1.110j
26-31-06-03 梯度监控 | raw=39.0223 | natural=0.0170 | clipped=0.0170(上限20.0)
26-31-06-03 原始规范坐标 G(Re Σrow_mean) = +25.0357 | 累计|g| = 13.8120
26-31-06-03 Ψ矩阵条件数 cond(Ψ) = 6.66e+00
26-31-06-03 Loss=-30.837511 | E0=-7.81675045-0.00007371j | E1=-7.69966800+0.00115058j|E2=-7.67183159+0.00048364j|E3=-7.64926059-0.00141601j
26-31-06-03 #-----------------------------------------#
26-31-06-03 [Step  57] logΨ: mean=7.640+0.292j | min=3.648+0.196j | max=7.969+1.060j
26-31-06-03 梯度监控 | raw=34.5391 | natural=0.0164 | clipped=0.0164(上限20.0)
26-31-06-03 原始规范坐标 G(Re Σrow_mean) = +25.0206 | 累计|g| = 13.8120
26-31-06-03 Ψ矩阵条件数 cond(Ψ) = 7.47e+00
26-31-06-03 Loss=-30.848422 | E0=-7.81857430+0.00029742j | E1=-7.70186657-0.00061296j|E2=-7.67375099-0.00096669j|E3=-7.65422994+0.00017301j
26-31-06-03 #-----------------------------------------#
26-31-06-03 [Step  58] logΨ: mean=7.358-0.462j | min=0.770+1.729j | max=7.978+2.093j
26-31-06-03 梯度监控 | raw=56.8992 | natural=0.0973 | clipped=0.0973(上限20.0)
26-31-06-03 原始规范坐标 G(Re Σrow_mean) = +24.9324 | 累计|g| = 13.8120
26-31-06-03 Ψ矩阵条件数 cond(Ψ) = 6.38e+00
26-31-06-03 Loss=-30.782178 | E0=-7.80294670+0.00237720j | E1=-7.68582255-0.00096857j|E2=-7.66079746-0.00067752j|E3=-7.63261102+0.00411587j
26-31-06-03 #-----------------------------------------#
26-31-06-03 [Step  59] logΨ: mean=7.405-0.556j | min=2.838+1.007j | max=7.828+1.996j
26-31-06-03 梯度监控 | raw=51.3546 | natural=0.1232 | clipped=0.1232(上限20.0)
26-31-06-03 原始规范坐标 G(Re Σrow_mean) = +24.9776 | 累计|g| = 13.8120
26-31-06-03 Ψ矩阵条件数 cond(Ψ) = 1.59e+01
26-31-06-03 Loss=-30.838346 | E0=-7.82504506+0.00103302j | E1=-7.69696730-0.00234574j|E2=-7.67342478+0.00132141j|E3=-7.64290843+0.00009297j
26-31-06-03 #-----------------------------------------#
26-31-06-03 [保存] Step 59 → pickle 文件已更新 (60 条记录)
26-31-06-03 [GaugeReset@60] 吸收 Δg = Σ Re(col_mean) = +24.9776 | 新|g| = 13.3936
26-31-06-03 [Step  60] logΨ: mean=8.109-0.854j | min=4.367+2.596j | max=8.482+1.615j
26-31-06-03 梯度监控 | raw=37.7945 | natural=0.0173 | clipped=0.0173(上限20.0)
26-31-06-03 原始规范坐标 G(Re Σrow_mean) = +24.9886 | 累计|g| = 13.3936
26-31-06-03 Ψ矩阵条件数 cond(Ψ) = 1.35e+01
26-31-06-03 Loss=-30.864936 | E0=-7.82863997-0.00040179j | E1=-7.70378739+0.00034901j|E2=-7.67694324+0.00089064j|E3=-7.65556541+0.00104905j
26-31-06-03 #-----------------------------------------#
26-31-06-03 [Step  61] logΨ: mean=8.928+0.279j | min=2.468+2.471j | max=9.336+1.116j
26-31-06-03 梯度监控 | raw=47.1587 | natural=0.1972 | clipped=0.1972(上限20.0)
26-31-06-03 原始规范坐标 G(Re Σrow_mean) = +25.7909 | 累计|g| = 13.3936
26-31-06-03 Ψ矩阵条件数 cond(Ψ) = 7.13e+00
26-31-06-03 Loss=-30.842277 | E0=-7.82445553+0.00097646j | E1=-7.70185931+0.00090567j|E2=-7.67383048-0.00254184j|E3=-7.64213128+0.00173323j
26-31-06-03 #-----------------------------------------#
26-31-06-03 [Step  62] logΨ: mean=8.916+0.591j | min=4.339+2.265j | max=9.291+1.079j
26-31-06-03 梯度监控 | raw=38.3583 | natural=0.0242 | clipped=0.0242(上限20.0)
26-31-06-03 原始规范坐标 G(Re Σrow_mean) = +25.7034 | 累计|g| = 13.3936
26-31-06-03 Ψ矩阵条件数 cond(Ψ) = 5.74e+00
26-31-06-03 Loss=-30.868098 | E0=-7.83031128+0.00056754j | E1=-7.70275846-0.00020093j|E2=-7.67757932-0.00118162j|E3=-7.65744909+0.00007473j
26-31-06-03 #-----------------------------------------#
26-31-06-03 [Step  63] logΨ: mean=9.057+0.059j | min=3.755-2.533j | max=9.448+0.628j
26-31-06-03 梯度监控 | raw=27.9776 | natural=0.1386 | clipped=0.1386(上限20.0)
26-31-06-03 原始规范坐标 G(Re Σrow_mean) = +25.7160 | 累计|g| = 13.3936
26-31-06-03 Ψ矩阵条件数 cond(Ψ) = 6.08e+00
26-31-06-03 Loss=-30.868575 | E0=-7.83594504+0.00065249j | E1=-7.70052725-0.00239433j|E2=-7.67773323+0.00320963j|E3=-7.65436989-0.00082861j
26-31-06-03 #-----------------------------------------#
26-31-06-03 [Step  64] logΨ: mean=11.758+0.423j | min=7.148+2.820j | max=12.002+0.991j
26-31-06-03 梯度监控 | raw=23.6671 | natural=0.0770 | clipped=0.0770(上限20.0)
26-31-06-03 原始规范坐标 G(Re Σrow_mean) = +27.4322 | 累计|g| = 13.3936
26-31-06-03 Ψ矩阵条件数 cond(Ψ) = 8.57e+00
26-31-06-03 Loss=-30.884579 | E0=-7.83848790+0.00042705j | E1=-7.70710392-0.00200497j|E2=-7.68163882-0.00047129j|E3=-7.65734846-0.00029655j
26-31-06-03 #-----------------------------------------#
26-31-06-03 [Step  65] logΨ: mean=11.281+0.514j | min=6.147-0.267j | max=11.649+3.055j
26-31-06-03 梯度监控 | raw=36.5464 | natural=0.1292 | clipped=0.1292(上限20.0)
26-31-06-03 原始规范坐标 G(Re Σrow_mean) = +27.2501 | 累计|g| = 13.3936
26-31-06-03 Ψ矩阵条件数 cond(Ψ) = 2.43e+01
26-31-06-03 Loss=-30.843140 | E0=-7.81211172+0.00073851j | E1=-7.69974329+0.00044605j|E2=-7.67417951-0.00156917j|E3=-7.65710561+0.00181156j
26-31-06-03 #-----------------------------------------#
26-31-06-03 [Step  66] logΨ: mean=8.235+0.289j | min=1.967+1.041j | max=8.741+0.885j
26-31-06-03 梯度监控 | raw=33.8785 | natural=0.1815 | clipped=0.1815(上限20.0)
26-31-06-03 原始规范坐标 G(Re Σrow_mean) = +25.4891 | 累计|g| = 13.3936
26-31-06-03 Ψ矩阵条件数 cond(Ψ) = 6.33e+00
26-31-06-03 Loss=-30.848931 | E0=-7.81673066+0.00084913j | E1=-7.70378162-0.00083315j|E2=-7.67860840-0.00181893j|E3=-7.64981010+0.00233956j
26-31-06-03 #-----------------------------------------#
26-31-06-03 [Step  67] logΨ: mean=8.262-0.112j | min=5.460+2.515j | max=8.707+0.810j
26-31-06-03 梯度监控 | raw=15.6361 | natural=0.0167 | clipped=0.0167(上限20.0)
26-31-06-03 原始规范坐标 G(Re Σrow_mean) = +25.5532 | 累计|g| = 13.3936
26-31-06-03 Ψ矩阵条件数 cond(Ψ) = 7.77e+00
26-31-06-03 Loss=-30.842913 | E0=-7.79725862-0.00050871j | E1=-7.70720005-0.00141905j|E2=-7.68076788+0.00160586j|E3=-7.65768679-0.00341852j
26-31-06-03 #-----------------------------------------#
26-31-06-03 [Step  68] logΨ: mean=7.888+0.121j | min=1.715+1.705j | max=8.341+0.954j
26-31-06-03 梯度监控 | raw=19.3231 | natural=0.0818 | clipped=0.0818(上限20.0)
26-31-06-03 原始规范坐标 G(Re Σrow_mean) = +25.4605 | 累计|g| = 13.3936
26-31-06-03 Ψ矩阵条件数 cond(Ψ) = 7.73e+00
26-31-06-03 Loss=-30.829499 | E0=-7.78774396+0.00185111j | E1=-7.70495386-0.00144445j|E2=-7.68155572+0.00038296j|E3=-7.65524500-0.00009067j
26-31-06-03 #-----------------------------------------#
26-31-06-03 [Step  69] logΨ: mean=8.177-0.580j | min=3.729-2.575j | max=8.588+0.125j
26-31-06-03 梯度监控 | raw=16.8013 | natural=0.0990 | clipped=0.0990(上限20.0)
26-31-06-03 原始规范坐标 G(Re Σrow_mean) = +25.4489 | 累计|g| = 13.3936
26-31-06-03 Ψ矩阵条件数 cond(Ψ) = 7.13e+00
26-31-06-03 Loss=-30.817844 | E0=-7.77968665+0.00332536j | E1=-7.70369695-0.00073840j|E2=-7.67899874+0.00068441j|E3=-7.65546136+0.00036806j
26-31-06-03 #-----------------------------------------#
26-31-06-03 [GaugeReset@70] 吸收 Δg = Σ Re(col_mean) = +25.4489 | 新|g| = 13.6012
26-31-06-03 [Step  70] logΨ: mean=7.635-0.154j | min=2.398+1.653j | max=7.982+1.357j
26-31-06-03 梯度监控 | raw=10.9799 | natural=0.1476 | clipped=0.1476(上限20.0)
26-31-06-03 原始规范坐标 G(Re Σrow_mean) = +25.4288 | 累计|g| = 13.6012
26-31-06-03 Ψ矩阵条件数 cond(Ψ) = 5.73e+00
26-31-06-03 Loss=-30.847816 | E0=-7.79888343+0.00164978j | E1=-7.71146523+0.00044240j|E2=-7.68307482-0.00336130j|E3=-7.65439217+0.00099856j
26-31-06-03 #-----------------------------------------#
26-31-06-03 [Step  71] logΨ: mean=7.410-0.078j | min=2.708-1.444j | max=7.760+1.584j
26-31-06-03 梯度监控 | raw=13.8852 | natural=0.1507 | clipped=0.1507(上限20.0)
26-31-06-03 原始规范坐标 G(Re Σrow_mean) = +25.4909 | 累计|g| = 13.6012
26-31-06-03 Ψ矩阵条件数 cond(Ψ) = 6.90e+00
26-31-06-03 Loss=-30.844689 | E0=-7.79819962-0.00642950j | E1=-7.70947093+0.00315838j|E2=-7.68234325-0.00234790j|E3=-7.65467474+0.00103758j
26-31-06-03 #-----------------------------------------#
26-31-06-03 [Step  72] logΨ: mean=7.501-0.110j | min=3.808-2.760j | max=7.788+1.553j
26-31-06-03 梯度监控 | raw=8.4434 | natural=0.0275 | clipped=0.0275(上限20.0)
26-31-06-03 原始规范坐标 G(Re Σrow_mean) = +25.5500 | 累计|g| = 13.6012
26-31-06-03 Ψ矩阵条件数 cond(Ψ) = 6.32e+00
26-31-06-03 Loss=-30.858397 | E0=-7.80311432+0.00097463j | E1=-7.71179064-0.00027058j|E2=-7.68605772+0.00044486j|E3=-7.65743470-0.00071395j
26-31-06-03 #-----------------------------------------#
26-31-06-03 [Step  73] logΨ: mean=7.534-0.470j | min=2.798+1.801j | max=7.819+1.261j
26-31-06-03 梯度监控 | raw=9.1649 | natural=0.0392 | clipped=0.0392(上限20.0)
26-31-06-03 原始规范坐标 G(Re Σrow_mean) = +25.4940 | 累计|g| = 13.6012
26-31-06-03 Ψ矩阵条件数 cond(Ψ) = 5.80e+00
26-31-06-03 Loss=-30.853291 | E0=-7.80135155+0.00149145j | E1=-7.71122488-0.00162337j|E2=-7.68486162+0.00209666j|E3=-7.65585325-0.00074637j
26-31-06-03 #-----------------------------------------#
26-31-06-03 [Step  74] logΨ: mean=7.736-0.253j | min=1.712+0.370j | max=8.055+1.248j
26-31-06-03 梯度监控 | raw=8.3501 | natural=0.2100 | clipped=0.2100(上限20.0)
26-31-06-03 原始规范坐标 G(Re Σrow_mean) = +25.7474 | 累计|g| = 13.6012
26-31-06-03 Ψ矩阵条件数 cond(Ψ) = 5.94e+00
26-31-06-03 Loss=-30.851834 | E0=-7.80495835+0.00133886j | E1=-7.71253381+0.00007491j|E2=-7.68131326-0.00083359j|E3=-7.65302838+0.00039654j
26-31-06-03 #-----------------------------------------#
26-31-06-03 [Step  75] logΨ: mean=7.911-0.507j | min=3.520+0.422j | max=8.176+1.212j
26-31-06-03 梯度监控 | raw=9.2859 | natural=0.1095 | clipped=0.1095(上限20.0)
26-31-06-03 原始规范坐标 G(Re Σrow_mean) = +25.8621 | 累计|g| = 13.6012
26-31-06-03 Ψ矩阵条件数 cond(Ψ) = 6.07e+00
26-31-06-03 Loss=-30.860924 | E0=-7.80536209+0.00084259j | E1=-7.71394553-0.00269567j|E2=-7.68331189+0.00047127j|E3=-7.65830446+0.00049406j
26-31-06-03 #-----------------------------------------#
26-31-06-03 [Step  76] logΨ: mean=8.030-0.145j | min=3.108+2.494j | max=8.304+1.162j
26-31-06-03 梯度监控 | raw=9.0672 | natural=0.0655 | clipped=0.0655(上限20.0)
26-31-06-03 原始规范坐标 G(Re Σrow_mean) = +25.8588 | 累计|g| = 13.6012
26-31-06-03 Ψ矩阵条件数 cond(Ψ) = 6.11e+00
26-31-06-03 Loss=-30.858927 | E0=-7.80549026+0.00017229j | E1=-7.71206631-0.00021320j|E2=-7.68255218-0.00008024j|E3=-7.65881791-0.00012613j
26-31-06-03 #-----------------------------------------#
26-31-06-03 [Step  77] logΨ: mean=8.049-0.435j | min=3.351+1.294j | max=8.334+1.122j
26-31-06-03 梯度监控 | raw=9.1612 | natural=0.0153 | clipped=0.0153(上限20.0)
26-31-06-03 原始规范坐标 G(Re Σrow_mean) = +25.8377 | 累计|g| = 13.6012
26-31-06-03 Ψ矩阵条件数 cond(Ψ) = 6.01e+00
26-31-06-03 Loss=-30.863046 | E0=-7.80691990-0.00148074j | E1=-7.71173907+0.00030496j|E2=-7.68526966-0.00003118j|E3=-7.65911745+0.00009757j
26-31-06-03 #-----------------------------------------#
26-31-06-03 [Step  78] logΨ: mean=8.131-0.415j | min=4.760+2.721j | max=8.377+1.085j
26-31-06-03 梯度监控 | raw=9.4505 | natural=0.0165 | clipped=0.0165(上限20.0)
26-31-06-03 原始规范坐标 G(Re Σrow_mean) = +25.8672 | 累计|g| = 13.6012
26-31-06-03 Ψ矩阵条件数 cond(Ψ) = 5.98e+01
26-31-06-03 Loss=-30.866134 | E0=-7.80807036-0.00065458j | E1=-7.71364909-0.00019403j|E2=-7.68485777-0.00141324j|E3=-7.65955692+0.00118883j
26-31-06-03 #-----------------------------------------#
26-31-06-03 [Step  79] logΨ: mean=8.658+0.331j | min=2.651-1.369j | max=8.979+0.810j
26-31-06-03 梯度监控 | raw=8.7699 | natural=0.2193 | clipped=0.2193(上限20.0)
26-31-06-03 原始规范坐标 G(Re Σrow_mean) = +26.2202 | 累计|g| = 13.6012
26-31-06-03 Ψ矩阵条件数 cond(Ψ) = 6.99e+00
26-31-06-03 Loss=-30.847148 | E0=-7.81395930+0.00269839j | E1=-7.70962691-0.00139740j|E2=-7.68210968+0.00261564j|E3=-7.64145211-0.00191513j
26-31-06-03 #-----------------------------------------#
26-31-06-03 [保存] Step 79 → pickle 文件已更新 (80 条记录)
26-31-06-03 [GaugeReset@80] 吸收 Δg = Σ Re(col_mean) = +26.2202 | 新|g| = 13.7602
26-31-06-03 [Step  80] logΨ: mean=8.216-0.022j | min=2.668-1.349j | max=8.496+0.665j
26-31-06-03 梯度监控 | raw=12.3831 | natural=0.1281 | clipped=0.1281(上限20.0)
26-31-06-03 原始规范坐标 G(Re Σrow_mean) = +26.3742 | 累计|g| = 13.7602
26-31-06-03 Ψ矩阵条件数 cond(Ψ) = 6.65e+00
26-31-06-03 Loss=-30.861541 | E0=-7.80925932+0.00281335j | E1=-7.71139107-0.00239265j|E2=-7.68447840+0.00075534j|E3=-7.65641204-0.00210472j
26-31-06-03 #-----------------------------------------#
26-31-06-03 [Step  81] logΨ: mean=8.256+0.006j | min=3.293-1.929j | max=8.506+0.639j
26-31-06-03 梯度监控 | raw=12.1455 | natural=0.0126 | clipped=0.0126(上限20.0)
26-31-06-03 原始规范坐标 G(Re Σrow_mean) = +26.3543 | 累计|g| = 13.7602
26-31-06-03 Ψ矩阵条件数 cond(Ψ) = 6.93e+00
26-31-06-03 Loss=-30.872886 | E0=-7.81093451+0.00016895j | E1=-7.71232660-0.00016277j|E2=-7.68753318+0.00018920j|E3=-7.66209197+0.00000581j
26-31-06-03 #-----------------------------------------#
26-31-06-03 [Step  82] logΨ: mean=8.264+0.044j | min=3.242-0.277j | max=8.543+0.611j
26-31-06-03 梯度监控 | raw=10.8977 | natural=0.0126 | clipped=0.0126(上限20.0)
26-31-06-03 原始规范坐标 G(Re Σrow_mean) = +26.2901 | 累计|g| = 13.7602
26-31-06-03 Ψ矩阵条件数 cond(Ψ) = 8.70e+00
26-31-06-03 Loss=-30.877612 | E0=-7.81918270-0.00152100j | E1=-7.71062957+0.00154867j|E2=-7.68634333-0.00076848j|E3=-7.66145668+0.00069551j
26-31-06-03 #-----------------------------------------#
26-31-06-03 [Step  83] logΨ: mean=8.327-0.092j | min=3.509+0.627j | max=8.583+0.583j
26-31-06-03 梯度监控 | raw=11.8437 | natural=0.0122 | clipped=0.0122(上限20.0)
26-31-06-03 原始规范坐标 G(Re Σrow_mean) = +26.3097 | 累计|g| = 13.7602
26-31-06-03 Ψ矩阵条件数 cond(Ψ) = 5.55e+00
26-31-06-03 Loss=-30.880062 | E0=-7.81729324+0.00074683j | E1=-7.71478882+0.00059055j|E2=-7.68653422-0.00043243j|E3=-7.66144573-0.00083164j
26-31-06-03 #-----------------------------------------#
26-31-06-03 [Step  84] logΨ: mean=8.838-0.148j | min=1.528+0.367j | max=9.059+1.321j
26-31-06-03 梯度监控 | raw=14.6519 | natural=0.1635 | clipped=0.1635(上限20.0)
26-31-06-03 原始规范坐标 G(Re Σrow_mean) = +26.4248 | 累计|g| = 13.7602
26-31-06-03 Ψ矩阵条件数 cond(Ψ) = 4.96e+00
26-31-06-03 Loss=-30.866840 | E0=-7.81224258-0.00012812j | E1=-7.71267761-0.00287387j|E2=-7.68461313+0.00101743j|E3=-7.65730664-0.00089722j
26-31-06-03 #-----------------------------------------#
26-31-06-03 [Step  85] logΨ: mean=9.017-0.363j | min=3.182-2.205j | max=9.255+1.297j
26-31-06-03 梯度监控 | raw=13.2993 | natural=0.0632 | clipped=0.0632(上限20.0)
26-31-06-03 原始规范坐标 G(Re Σrow_mean) = +26.4606 | 累计|g| = 13.7602
26-31-06-03 Ψ矩阵条件数 cond(Ψ) = 6.03e+00
26-31-06-03 Loss=-30.881608 | E0=-7.81893904+0.00009696j | E1=-7.71357479+0.00041955j|E2=-7.68779415-0.00126499j|E3=-7.66130032-0.00059131j
26-31-06-03 #-----------------------------------------#
26-31-06-03 [Step  86] logΨ: mean=9.068-0.317j | min=3.289-3.114j | max=9.299+1.265j
26-31-06-03 梯度监控 | raw=13.1354 | natural=0.0126 | clipped=0.0126(上限20.0)
26-31-06-03 原始规范坐标 G(Re Σrow_mean) = +26.4262 | 累计|g| = 13.7602
26-31-06-03 Ψ矩阵条件数 cond(Ψ) = 3.37e+01
26-31-06-03 Loss=-30.883830 | E0=-7.82109950-0.00039887j | E1=-7.71374226-0.00025123j|E2=-7.68817066-0.00111397j|E3=-7.66081791+0.00052884j
26-31-06-03 #-----------------------------------------#
26-31-06-03 [Step  87] logΨ: mean=9.362-0.129j | min=3.999-0.576j | max=9.549+1.402j
26-31-06-03 梯度监控 | raw=13.8595 | natural=0.0504 | clipped=0.0504(上限20.0)
26-31-06-03 原始规范坐标 G(Re Σrow_mean) = +26.6436 | 累计|g| = 13.7602
26-31-06-03 Ψ矩阵条件数 cond(Ψ) = 1.04e+01
26-31-06-03 Loss=-30.884072 | E0=-7.81954794-0.00063056j | E1=-7.71550362-0.00019464j|E2=-7.68787746+0.00014656j|E3=-7.66114326+0.00061317j
26-31-06-03 #-----------------------------------------#
26-31-06-03 [Step  88] logΨ: mean=9.422-0.060j | min=3.792+2.845j | max=9.598+1.375j
26-31-06-03 梯度监控 | raw=14.3092 | natural=0.0261 | clipped=0.0261(上限20.0)
26-31-06-03 原始规范坐标 G(Re Σrow_mean) = +26.6328 | 累计|g| = 13.7602
26-31-06-03 Ψ矩阵条件数 cond(Ψ) = 2.95e+01
26-31-06-03 Loss=-30.888727 | E0=-7.82451038-0.00048557j | E1=-7.71560747+0.00000089j|E2=-7.68691000-0.00035222j|E3=-7.66169934+0.00036583j
26-31-06-03 #-----------------------------------------#
26-31-06-03 [Step  89] logΨ: mean=9.429-0.266j | min=5.685+0.212j | max=9.637+0.353j
26-31-06-03 梯度监控 | raw=14.6568 | natural=0.0112 | clipped=0.0112(上限20.0)
26-31-06-03 原始规范坐标 G(Re Σrow_mean) = +26.5938 | 累计|g| = 13.7602
26-31-06-03 Ψ矩阵条件数 cond(Ψ) = 4.17e+00
26-31-06-03 Loss=-30.889128 | E0=-7.82220326-0.00013291j | E1=-7.71498872+0.00046755j|E2=-7.68755396-0.00057577j|E3=-7.66438237+0.00060192j
26-31-06-03 #-----------------------------------------#
26-31-06-03 [GaugeReset@90] 吸收 Δg = Σ Re(col_mean) = +26.5938 | 新|g| = 13.8687
26-31-06-03 [Step  90] logΨ: mean=9.190+0.284j | min=5.901+0.605j | max=9.314+3.102j
26-31-06-03 梯度监控 | raw=15.1651 | natural=0.0080 | clipped=0.0080(上限20.0)
26-31-06-03 原始规范坐标 G(Re Σrow_mean) = +26.6580 | 累计|g| = 13.8687
26-31-06-03 Ψ矩阵条件数 cond(Ψ) = 9.31e+00
26-31-06-03 Loss=-30.888580 | E0=-7.82423920+0.00011193j | E1=-7.71602533-0.00002584j|E2=-7.68775353+0.00088514j|E3=-7.66056156-0.00179967j
26-31-06-03 #-----------------------------------------#
26-31-06-03 [Step  91] logΨ: mean=9.424-0.404j | min=4.248-2.236j | max=9.597+0.070j
26-31-06-03 梯度监控 | raw=13.2458 | natural=0.0463 | clipped=0.0463(上限20.0)
26-31-06-03 原始规范坐标 G(Re Σrow_mean) = +26.7341 | 累计|g| = 13.8687
26-31-06-03 Ψ矩阵条件数 cond(Ψ) = 3.00e+01
26-31-06-03 Loss=-30.891459 | E0=-7.82739445-0.00045144j | E1=-7.71566195+0.00057591j|E2=-7.68665048-0.00053791j|E3=-7.66175206+0.00091812j
26-31-06-03 #-----------------------------------------#
26-31-06-03 [Step  92] logΨ: mean=9.441-0.283j | min=4.449-2.100j | max=9.641+0.024j
26-31-06-03 梯度监控 | raw=16.2248 | natural=0.0110 | clipped=0.0110(上限20.0)
26-31-06-03 原始规范坐标 G(Re Σrow_mean) = +26.7418 | 累计|g| = 13.8687
26-31-06-03 Ψ矩阵条件数 cond(Ψ) = 6.51e+00
26-31-06-03 Loss=-30.889517 | E0=-7.82244269-0.00054750j | E1=-7.71438000+0.00055662j|E2=-7.68778061+0.00035684j|E3=-7.66491409-0.00008314j
26-31-06-03 #-----------------------------------------#
26-31-06-03 [Step  93] logΨ: mean=9.500+0.342j | min=5.037+0.755j | max=9.687+3.129j
26-31-06-03 梯度监控 | raw=15.7404 | natural=0.0094 | clipped=0.0094(上限20.0)
26-31-06-03 原始规范坐标 G(Re Σrow_mean) = +26.7228 | 累计|g| = 13.8687
26-31-06-03 Ψ矩阵条件数 cond(Ψ) = 2.60e+01
26-31-06-03 Loss=-30.892286 | E0=-7.82519727-0.00005955j | E1=-7.71544690+0.00068596j|E2=-7.68847943+0.00048441j|E3=-7.66316246-0.00090123j
26-31-06-03 #-----------------------------------------#
26-31-06-03 [Step  94] logΨ: mean=9.571+0.301j | min=4.370-2.041j | max=9.771+3.083j
26-31-06-03 梯度监控 | raw=15.5549 | natural=0.0106 | clipped=0.0106(上限20.0)
26-31-06-03 原始规范坐标 G(Re Σrow_mean) = +26.7321 | 累计|g| = 13.8687
26-31-06-03 Ψ矩阵条件数 cond(Ψ) = 6.39e+00
26-31-06-03 Loss=-30.894221 | E0=-7.82610801+0.00021257j | E1=-7.71543914+0.00030511j|E2=-7.68839488-0.00038561j|E3=-7.66427849+0.00047403j
26-31-06-03 #-----------------------------------------#
26-31-06-03 [Step  95] logΨ: mean=9.643+0.312j | min=5.545+0.199j | max=9.839+3.029j
26-31-06-03 梯度监控 | raw=14.4843 | natural=0.0088 | clipped=0.0088(上限20.0)
26-31-06-03 原始规范坐标 G(Re Σrow_mean) = +26.7414 | 累计|g| = 13.8687
26-31-06-03 Ψ矩阵条件数 cond(Ψ) = 9.60e+00
26-31-06-03 Loss=-30.897551 | E0=-7.83106856+0.00004211j | E1=-7.71490297-0.00113244j|E2=-7.68823036+0.00010476j|E3=-7.66334869+0.00022098j
26-31-06-03 #-----------------------------------------#
26-31-06-03 [Step  96] logΨ: mean=9.690+0.237j | min=5.579-2.882j | max=9.929+2.977j
26-31-06-03 梯度监控 | raw=16.2022 | natural=0.0089 | clipped=0.0089(上限20.0)
26-31-06-03 原始规范坐标 G(Re Σrow_mean) = +26.7622 | 累计|g| = 13.8687
26-31-06-03 Ψ矩阵条件数 cond(Ψ) = 4.29e+00
26-31-06-03 Loss=-30.893955 | E0=-7.82770471+0.00049665j | E1=-7.71488406-0.00053258j|E2=-7.68730412+0.00059649j|E3=-7.66406255-0.00017993j
26-31-06-03 #-----------------------------------------#
26-31-06-03 [Step  97] logΨ: mean=10.061+0.072j | min=3.829-2.117j | max=10.252+0.673j
26-31-06-03 梯度监控 | raw=18.9366 | natural=0.1500 | clipped=0.1500(上限20.0)
26-31-06-03 原始规范坐标 G(Re Σrow_mean) = +26.9469 | 累计|g| = 13.8687
26-31-06-03 Ψ矩阵条件数 cond(Ψ) = 6.04e+00
26-31-06-03 Loss=-30.892797 | E0=-7.82822724-0.00026267j | E1=-7.71549208-0.00017805j|E2=-7.68913679+0.00116624j|E3=-7.65994065+0.00104116j
26-31-06-03 #-----------------------------------------#
26-31-06-03 [Step  98] logΨ: mean=10.524+0.040j | min=3.762-2.171j | max=10.713+0.679j
26-31-06-03 梯度监控 | raw=11.2939 | natural=0.0723 | clipped=0.0723(上限20.0)
26-31-06-03 原始规范坐标 G(Re Σrow_mean) = +27.0829 | 累计|g| = 13.8687
26-31-06-03 Ψ矩阵条件数 cond(Ψ) = 4.75e+00
26-31-06-03 Loss=-30.893620 | E0=-7.83300605+0.00004990j | E1=-7.71530228-0.00053861j|E2=-7.68572169-0.00188236j|E3=-7.65958953+0.00096753j
26-31-06-03 #-----------------------------------------#
26-31-06-03 [Step  99] logΨ: mean=10.981+0.473j | min=4.503+2.060j | max=11.163+3.131j
26-31-06-03 梯度监控 | raw=13.7889 | natural=0.1558 | clipped=0.1558(上限20.0)
26-31-06-03 原始规范坐标 G(Re Σrow_mean) = +27.0558 | 累计|g| = 13.8687
26-31-06-03 Ψ矩阵条件数 cond(Ψ) = 7.05e+00
26-31-06-03 Loss=-30.899320 | E0=-7.83522117-0.00003214j | E1=-7.71685375-0.00166719j|E2=-7.68693159-0.00098819j|E3=-7.66031400-0.00068162j
26-31-06-03 #-----------------------------------------#
26-31-06-03 [保存] Step 99 → pickle 文件已更新 (100 条记录)
26-31-06-03 [GaugeReset@100] 吸收 Δg = Σ Re(col_mean) = +27.0558 | 新|g| = 14.0556
26-31-06-03 [Step 100] logΨ: mean=10.440-0.226j | min=6.223+0.128j | max=10.685+0.098j
26-31-06-03 梯度监控 | raw=15.9127 | natural=0.0093 | clipped=0.0093(上限20.0)
26-31-06-03 原始规范坐标 G(Re Σrow_mean) = +27.0309 | 累计|g| = 14.0556
26-31-06-03 Ψ矩阵条件数 cond(Ψ) = 9.17e+00
26-31-06-03 Loss=-30.902666 | E0=-7.83453730+0.00022321j | E1=-7.71570247+0.00010280j|E2=-7.68836993+0.00067496j|E3=-7.66405675-0.00112530j
26-31-06-03 #-----------------------------------------#
26-31-06-03 [Step 101] logΨ: mean=10.444-0.176j | min=6.481-0.787j | max=10.712+0.059j
26-31-06-03 梯度监控 | raw=17.1048 | natural=0.0096 | clipped=0.0096(上限20.0)
26-31-06-03 原始规范坐标 G(Re Σrow_mean) = +26.9981 | 累计|g| = 14.0556
26-31-06-03 Ψ矩阵条件数 cond(Ψ) = 6.27e+00
26-31-06-03 Loss=-30.901367 | E0=-7.83188715+0.00130902j | E1=-7.71508998+0.00049763j|E2=-7.68962259+0.00032520j|E3=-7.66476756-0.00078154j
26-31-06-03 #-----------------------------------------#
26-31-06-03 [Step 102] logΨ: mean=10.475-0.444j | min=6.585+1.929j | max=10.729+0.036j
26-31-06-03 梯度监控 | raw=15.1175 | natural=0.0083 | clipped=0.0083(上限20.0)
26-31-06-03 原始规范坐标 G(Re Σrow_mean) = +27.0043 | 累计|g| = 14.0556
26-31-06-03 Ψ矩阵条件数 cond(Ψ) = 6.30e+00
26-31-06-03 Loss=-30.907129 | E0=-7.83711762-0.00013900j | E1=-7.71554216-0.00043210j|E2=-7.69004857+0.00019331j|E3=-7.66442049+0.00080471j
26-31-06-03 #-----------------------------------------#
26-31-06-03 [Step 103] logΨ: mean=10.434+0.067j | min=4.776-2.675j | max=10.674+0.242j
26-31-06-03 梯度监控 | raw=14.7598 | natural=0.0823 | clipped=0.0823(上限20.0)
26-31-06-03 原始规范坐标 G(Re Σrow_mean) = +27.0081 | 累计|g| = 14.0556
26-31-06-03 Ψ矩阵条件数 cond(Ψ) = 4.34e+00
26-31-06-03 Loss=-30.911652 | E0=-7.83907626-0.00031315j | E1=-7.71618645+0.00099448j|E2=-7.68987233-0.00052037j|E3=-7.66651704+0.00031820j
26-31-06-03 #-----------------------------------------#
26-31-06-03 [Step 104] logΨ: mean=10.439-0.046j | min=7.189-0.035j | max=10.715+0.240j
26-31-06-03 梯度监控 | raw=137.0237 | natural=0.0080 | clipped=0.0080(上限20.0)
26-31-06-03 原始规范坐标 G(Re Σrow_mean) = +27.1293 | 累计|g| = 14.0556
26-31-06-03 Ψ矩阵条件数 cond(Ψ) = 3.30e+01
26-31-06-03 Loss=-30.859887 | E0=-7.78987968+0.00160130j | E1=-7.71654440+0.00007016j|E2=-7.68799368+0.00063593j|E3=-7.66546966+0.00041122j
26-31-06-03 #-----------------------------------------#
26-31-06-03 [Step 105] logΨ: mean=10.508+0.173j | min=6.109-1.070j | max=10.758+0.220j
26-31-06-03 梯度监控 | raw=98.0090 | natural=0.0085 | clipped=0.0085(上限20.0)
26-31-06-03 原始规范坐标 G(Re Σrow_mean) = +27.0765 | 累计|g| = 14.0556
26-31-06-03 Ψ矩阵条件数 cond(Ψ) = 4.37e+00
26-31-06-03 Loss=-30.881464 | E0=-7.81071932+0.00217685j | E1=-7.71570741+0.00094253j|E2=-7.68945494+0.00158814j|E3=-7.66558272-0.00160126j
26-31-06-03 #-----------------------------------------#
26-31-06-03 [Step 106] logΨ: mean=10.852-0.048j | min=5.246-1.055j | max=11.172+0.257j
26-31-06-03 梯度监控 | raw=181.7993 | natural=0.0429 | clipped=0.0429(上限20.0)
26-31-06-03 原始规范坐标 G(Re Σrow_mean) = +27.2671 | 累计|g| = 14.0556
26-31-06-03 Ψ矩阵条件数 cond(Ψ) = 4.36e+00
26-31-06-03 Loss=-30.830062 | E0=-7.76128233+0.00043999j | E1=-7.71758400+0.00015407j|E2=-7.68833638+0.00151475j|E3=-7.66285883-0.00209783j
26-31-06-03 #-----------------------------------------#
26-31-06-03 [Step 107] logΨ: mean=10.885-0.106j | min=6.677+1.347j | max=11.199+0.247j
26-31-06-03 梯度监控 | raw=162.9209 | natural=0.0075 | clipped=0.0075(上限20.0)
26-31-06-03 原始规范坐标 G(Re Σrow_mean) = +27.3305 | 累计|g| = 14.0556
26-31-06-03 Ψ矩阵条件数 cond(Ψ) = 5.27e+00
26-31-06-03 Loss=-30.844225 | E0=-7.77295307-0.00034535j | E1=-7.71614883-0.00062925j|E2=-7.68898007+0.00007698j|E3=-7.66614264+0.00032205j
26-31-06-03 #-----------------------------------------#
26-31-06-03 [Step 108] logΨ: mean=10.904+0.135j | min=7.056-1.052j | max=11.228+2.255j
26-31-06-03 梯度监控 | raw=139.1310 | natural=0.0082 | clipped=0.0082(上限20.0)
26-31-06-03 原始规范坐标 G(Re Σrow_mean) = +27.2893 | 累计|g| = 14.0556
26-31-06-03 Ψ矩阵条件数 cond(Ψ) = 3.50e+01
26-31-06-03 Loss=-30.858848 | E0=-7.78922865-0.00028020j | E1=-7.71541861-0.00035438j|E2=-7.68860660+0.00043938j|E3=-7.66559431+0.00051154j
26-31-06-03 #-----------------------------------------#
26-31-06-03 [Step 109] logΨ: mean=10.917+0.007j | min=5.515-0.673j | max=11.271+2.244j
26-31-06-03 梯度监控 | raw=155.7210 | natural=0.0076 | clipped=0.0076(上限20.0)
26-31-06-03 原始规范坐标 G(Re Σrow_mean) = +27.2507 | 累计|g| = 14.0556
26-31-06-03 Ψ矩阵条件数 cond(Ψ) = 9.24e+00
26-31-06-03 Loss=-30.852571 | E0=-7.78194848-0.00126116j | E1=-7.71560317-0.00040387j|E2=-7.68864249-0.00035143j|E3=-7.66637692+0.00141530j
26-31-06-03 #-----------------------------------------#
26-31-06-03 [GaugeReset@110] 吸收 Δg = Σ Re(col_mean) = +27.2507 | 新|g| = 14.1501
26-31-06-03 [Step 110] logΨ: mean=10.812-0.287j | min=7.159+2.870j | max=11.112+2.100j
26-31-06-03 梯度监控 | raw=104.5614 | natural=0.0059 | clipped=0.0059(上限20.0)
26-31-06-03 原始规范坐标 G(Re Σrow_mean) = +27.3076 | 累计|g| = 14.1501
26-31-06-03 Ψ矩阵条件数 cond(Ψ) = 4.56e+01
26-31-06-03 Loss=-30.874815 | E0=-7.80339078+0.00030931j | E1=-7.71630436-0.00050263j|E2=-7.68940906-0.00002031j|E3=-7.66571046+0.00005696j
26-31-06-03 #-----------------------------------------#
26-31-06-03 [Step 111] logΨ: mean=10.786-0.026j | min=6.472+1.046j | max=11.162+2.086j
26-31-06-03 梯度监控 | raw=156.8558 | natural=0.0068 | clipped=0.0068(上限20.0)
26-31-06-03 原始规范坐标 G(Re Σrow_mean) = +27.2968 | 累计|g| = 14.1501
26-31-06-03 Ψ矩阵条件数 cond(Ψ) = 4.54e+00
26-31-06-03 Loss=-30.850938 | E0=-7.77967563-0.00253347j | E1=-7.71528353-0.00062914j|E2=-7.68884825-0.00109280j|E3=-7.66713044+0.00194625j
26-31-06-03 #-----------------------------------------#
26-31-06-03 [Step 112] logΨ: mean=10.919-0.097j | min=7.080+2.848j | max=11.191+2.070j
26-31-06-03 梯度监控 | raw=83.1743 | natural=0.0058 | clipped=0.0058(上限20.0)
26-31-06-03 原始规范坐标 G(Re Σrow_mean) = +27.2683 | 累计|g| = 14.1501
26-31-06-03 Ψ矩阵条件数 cond(Ψ) = 3.91e+00
26-31-06-03 Loss=-30.885129 | E0=-7.81102422+0.00052965j | E1=-7.71646238+0.00025229j|E2=-7.69003793+0.00001965j|E3=-7.66760431+0.00021801j
26-31-06-03 #-----------------------------------------#
26-31-06-03 [Step 113] logΨ: mean=10.884-0.206j | min=7.009-0.838j | max=11.251+2.049j
26-31-06-03 梯度监控 | raw=106.4376 | natural=0.0064 | clipped=0.0064(上限20.0)
26-31-06-03 原始规范坐标 G(Re Σrow_mean) = +27.2564 | 累计|g| = 14.1501
26-31-06-03 Ψ矩阵条件数 cond(Ψ) = 5.99e+00
26-31-06-03 Loss=-30.875285 | E0=-7.80316302-0.00135148j | E1=-7.71626442-0.00082504j|E2=-7.68916078+0.00019660j|E3=-7.66669701+0.00153589j
26-31-06-03 #-----------------------------------------#
26-31-06-03 [Step 114] logΨ: mean=11.045-0.227j | min=6.260+2.283j | max=11.295+2.034j
26-31-06-03 梯度监控 | raw=29.6345 | natural=0.0053 | clipped=0.0053(上限20.0)
26-31-06-03 原始规范坐标 G(Re Σrow_mean) = +27.3076 | 累计|g| = 14.1501
26-31-06-03 Ψ矩阵条件数 cond(Ψ) = 4.57e+00
26-31-06-03 Loss=-30.910288 | E0=-7.83733879+0.00212199j | E1=-7.71631198-0.00079788j|E2=-7.68939299-0.00060823j|E3=-7.66724461+0.00143399j
26-31-06-03 #-----------------------------------------#
26-31-06-03 [Step 115] logΨ: mean=11.054+0.540j | min=7.587-1.546j | max=11.359+2.012j
26-31-06-03 梯度监控 | raw=88.0465 | natural=0.0054 | clipped=0.0054(上限20.0)
26-31-06-03 原始规范坐标 G(Re Σrow_mean) = +27.2648 | 累计|g| = 14.1501
26-31-06-03 Ψ矩阵条件数 cond(Ψ) = 3.92e+01
26-31-06-03 Loss=-30.887978 | E0=-7.81347311-0.00094764j | E1=-7.71620611+0.00029140j|E2=-7.69038883+0.00052979j|E3=-7.66791031-0.00086117j
26-31-06-03 #-----------------------------------------#
26-31-06-03 [Step 116] logΨ: mean=11.156+0.609j | min=7.628-1.540j | max=11.425+2.017j
26-31-06-03 梯度监控 | raw=32.9888 | natural=0.0045 | clipped=0.0045(上限20.0)
26-31-06-03 原始规范坐标 G(Re Σrow_mean) = +27.2797 | 累计|g| = 14.1501
26-31-06-03 Ψ矩阵条件数 cond(Ψ) = 3.81e+01
26-31-06-03 Loss=-30.912702 | E0=-7.83890208+0.00135688j | E1=-7.71635327-0.00029352j|E2=-7.69032660-0.00001503j|E3=-7.66711996+0.00018550j
26-31-06-03 #-----------------------------------------#
26-31-06-03 [Step 117] logΨ: mean=11.312-0.212j | min=4.981-2.327j | max=11.612+2.062j
26-31-06-03 梯度监控 | raw=54.0572 | natural=0.0329 | clipped=0.0329(上限20.0)
26-31-06-03 原始规范坐标 G(Re Σrow_mean) = +27.3011 | 累计|g| = 14.1501
26-31-06-03 Ψ矩阵条件数 cond(Ψ) = 4.54e+00
26-31-06-03 Loss=-30.901265 | E0=-7.83120687+0.00066053j | E1=-7.71665181+0.00101519j|E2=-7.68887225+0.00196370j|E3=-7.66453403-0.00286784j
26-31-06-03 #-----------------------------------------#
26-31-06-03 [Step 118] logΨ: mean=11.357-0.173j | min=6.806+3.056j | max=11.667+2.033j
26-31-06-03 梯度监控 | raw=46.9410 | natural=0.0064 | clipped=0.0064(上限20.0)
26-31-06-03 原始规范坐标 G(Re Σrow_mean) = +27.3266 | 累计|g| = 14.1501
26-31-06-03 Ψ矩阵条件数 cond(Ψ) = 6.08e+00
26-31-06-03 Loss=-30.907174 | E0=-7.83319237+0.00011947j | E1=-7.71627698+0.00012863j|E2=-7.68997150-0.00053828j|E3=-7.66773328+0.00166345j
26-31-06-03 #-----------------------------------------#
26-31-06-03 [Step 119] logΨ: mean=11.399+0.399j | min=6.765+1.142j | max=11.733+2.015j
26-31-06-03 梯度监控 | raw=53.3206 | natural=0.0054 | clipped=0.0054(上限20.0)
26-31-06-03 原始规范坐标 G(Re Σrow_mean) = +27.3062 | 累计|g| = 14.1501
26-31-06-03 Ψ矩阵条件数 cond(Ψ) = 6.79e+00
26-31-06-03 Loss=-30.904390 | E0=-7.82966603-0.00042166j | E1=-7.71630728+0.00102285j|E2=-7.69056378+0.00022807j|E3=-7.66785302-0.00061874j
26-31-06-03 #-----------------------------------------#
26-31-06-03 [保存] Step 119 → pickle 文件已更新 (120 条记录)
26-31-06-03 [GaugeReset@120] 吸收 Δg = Σ Re(col_mean) = +27.3062 | 新|g| = 14.1785
26-31-06-03 [Step 120] logΨ: mean=11.471+0.590j | min=7.418-0.871j | max=11.699+2.022j
26-31-06-03 梯度监控 | raw=16.7899 | natural=0.0043 | clipped=0.0043(上限20.0)
26-31-06-03 原始规范坐标 G(Re Σrow_mean) = +27.3489 | 累计|g| = 14.1785
26-31-06-03 Ψ矩阵条件数 cond(Ψ) = 1.07e+01
26-31-06-03 Loss=-30.925203 | E0=-7.85076527+0.00156985j | E1=-7.71647985+0.00044929j|E2=-7.69049760+0.00059316j|E3=-7.66745993-0.00155006j
26-31-06-03 #-----------------------------------------#
26-31-06-03 [Step 121] logΨ: mean=11.374+0.758j | min=7.197-1.316j | max=11.745+1.994j
26-31-06-03 梯度监控 | raw=74.6785 | natural=0.0050 | clipped=0.0050(上限20.0)
26-31-06-03 原始规范坐标 G(Re Σrow_mean) = +27.4568 | 累计|g| = 14.1785
26-31-06-03 Ψ矩阵条件数 cond(Ψ) = 4.72e+00
26-31-06-03 Loss=-30.892010 | E0=-7.81947182-0.00250609j | E1=-7.71624389-0.00161893j|E2=-7.68958177-0.00049251j|E3=-7.66671236+0.00195337j
26-31-06-03 #-----------------------------------------#
26-31-06-04 [Step 122] logΨ: mean=11.717+0.113j | min=6.216-2.357j | max=12.013+2.187j
26-31-06-04 梯度监控 | raw=37.1124 | natural=0.0457 | clipped=0.0457(上限20.0)
26-31-06-04 原始规范坐标 G(Re Σrow_mean) = +27.4763 | 累计|g| = 14.1785
26-31-06-04 Ψ矩阵条件数 cond(Ψ) = 4.77e+00
26-31-06-04 Loss=-30.910661 | E0=-7.83612452-0.00002073j | E1=-7.71669634+0.00095539j|E2=-7.68993046-0.00011009j|E3=-7.66790923-0.00091811j
26-31-06-04 #-----------------------------------------#
26-31-06-04 [Step 123] logΨ: mean=11.772-0.154j | min=8.477-2.201j | max=12.050+2.184j
26-31-06-04 梯度监控 | raw=27.3554 | natural=0.0046 | clipped=0.0046(上限20.0)
26-31-06-04 原始规范坐标 G(Re Σrow_mean) = +27.4922 | 累计|g| = 14.1785
26-31-06-04 Ψ矩阵条件数 cond(Ψ) = 7.01e+00
26-31-06-04 Loss=-30.917063 | E0=-7.84375635+0.00029897j | E1=-7.71649155+0.00083076j|E2=-7.69025277+0.00043790j|E3=-7.66656199-0.00160960j
26-31-06-04 #-----------------------------------------#
26-31-06-04 [Step 124] logΨ: mean=11.779-0.220j | min=7.340-0.741j | max=12.097+2.168j
26-31-06-04 梯度监控 | raw=49.7679 | natural=0.0057 | clipped=0.0057(上限20.0)
26-31-06-04 原始规范坐标 G(Re Σrow_mean) = +27.5945 | 累计|g| = 14.1785
26-31-06-04 Ψ矩阵条件数 cond(Ψ) = 7.07e+00
26-31-06-04 Loss=-30.907042 | E0=-7.83447690-0.00164451j | E1=-7.71644731-0.00071502j|E2=-7.68935247+0.00084632j|E3=-7.66676488-0.00178979j
26-31-06-04 #-----------------------------------------#
26-31-06-04 [Step 125] logΨ: mean=12.124-0.391j | min=6.140-2.579j | max=12.471+2.400j
26-31-06-04 梯度监控 | raw=45.9736 | natural=0.0179 | clipped=0.0179(上限20.0)
26-31-06-04 原始规范坐标 G(Re Σrow_mean) = +27.7615 | 累计|g| = 14.1785
26-31-06-04 Ψ矩阵条件数 cond(Ψ) = 2.76e+01
26-31-06-04 Loss=-30.908886 | E0=-7.83548981-0.00164718j | E1=-7.71637220-0.00089834j|E2=-7.68975651+0.00014434j|E3=-7.66726778+0.00061696j
26-31-06-04 #-----------------------------------------#
26-31-06-04 [Step 126] logΨ: mean=12.227-0.077j | min=5.013+0.341j | max=12.563+2.647j
26-31-06-04 梯度监控 | raw=22.7183 | natural=0.0517 | clipped=0.0517(上限20.0)
26-31-06-04 原始规范坐标 G(Re Σrow_mean) = +27.7781 | 累计|g| = 14.1785
26-31-06-04 Ψ矩阵条件数 cond(Ψ) = 1.15e+01
26-31-06-04 Loss=-30.918774 | E0=-7.84709106+0.00040448j | E1=-7.71638710-0.00059458j|E2=-7.68891351+0.00192751j|E3=-7.66638276+0.00068774j
26-31-06-04 #-----------------------------------------#
26-31-06-04 [Step 127] logΨ: mean=10.923-0.307j | min=4.645-2.057j | max=11.233+2.442j
26-31-06-04 梯度监控 | raw=18.5316 | natural=0.0719 | clipped=0.0719(上限20.0)
26-31-06-04 原始规范坐标 G(Re Σrow_mean) = +27.1152 | 累计|g| = 14.1785
26-31-06-04 Ψ矩阵条件数 cond(Ψ) = 6.58e+00
26-31-06-04 Loss=-30.918543 | E0=-7.84700420+0.00112201j | E1=-7.71734310+0.00085136j|E2=-7.68813109-0.00234531j|E3=-7.66606510+0.00013785j
26-31-06-04 #-----------------------------------------#
26-31-06-04 [Step 128] logΨ: mean=10.933-0.197j | min=6.119-0.060j | max=11.242+2.410j
26-31-06-04 梯度监控 | raw=15.8463 | natural=0.0068 | clipped=0.0068(上限20.0)
26-31-06-04 原始规范坐标 G(Re Σrow_mean) = +27.1096 | 累计|g| = 14.1785
26-31-06-04 Ψ矩阵条件数 cond(Ψ) = 7.03e+00
26-31-06-04 Loss=-30.923365 | E0=-7.84762823+0.00084405j | E1=-7.71645313-0.00074347j|E2=-7.69001517-0.00008465j|E3=-7.66926804+0.00091758j
26-31-06-04 #-----------------------------------------#
26-31-06-04 [Step 129] logΨ: mean=10.975-0.156j | min=6.883-1.394j | max=11.264+2.380j
26-31-06-04 梯度监控 | raw=21.2566 | natural=0.0065 | clipped=0.0065(上限20.0)
26-31-06-04 原始规范坐标 G(Re Σrow_mean) = +27.1079 | 累计|g| = 14.1785
26-31-06-04 Ψ矩阵条件数 cond(Ψ) = 1.19e+01
26-31-06-04 Loss=-30.922577 | E0=-7.84485248-0.00008919j | E1=-7.71671747+0.00000538j|E2=-7.69047520+0.00005802j|E3=-7.67053168-0.00044462j
26-31-06-04 #-----------------------------------------#
26-31-06-04 [GaugeReset@130] 吸收 Δg = Σ Re(col_mean) = +27.1079 | 新|g| = 14.0607
26-31-06-04 [Step 130] logΨ: mean=11.183+0.146j | min=7.942-0.611j | max=11.465+2.294j
26-31-06-04 梯度监控 | raw=15.9098 | natural=0.0049 | clipped=0.0049(上限20.0)
26-31-06-04 原始规范坐标 G(Re Σrow_mean) = +27.1027 | 累计|g| = 14.0607
26-31-06-04 Ψ矩阵条件数 cond(Ψ) = 6.95e+00
26-31-06-04 Loss=-30.923916 | E0=-7.84782199+0.00011300j | E1=-7.71655753-0.00030778j|E2=-7.68968001-0.00126289j|E3=-7.66985658+0.00265425j
26-31-06-04 #-----------------------------------------#
26-31-06-04 [Step 131] logΨ: mean=11.268+0.060j | min=8.473-2.847j | max=11.496+2.298j
26-31-06-04 梯度监控 | raw=13.6666 | natural=0.0018 | clipped=0.0018(上限20.0)
26-31-06-04 原始规范坐标 G(Re Σrow_mean) = +27.1106 | 累计|g| = 14.0607
26-31-06-04 Ψ矩阵条件数 cond(Ψ) = 4.75e+00
26-31-06-04 Loss=-30.931305 | E0=-7.85452254+0.00115094j | E1=-7.71671074+0.00013227j|E2=-7.69081732+0.00013293j|E3=-7.66925485-0.00046037j
26-31-06-04 #-----------------------------------------#
26-31-06-04 [Step 132] logΨ: mean=11.230+0.003j | min=8.431+1.515j | max=11.511+2.280j
26-31-06-04 梯度监控 | raw=15.2885 | natural=0.0043 | clipped=0.0043(上限20.0)
26-31-06-04 原始规范坐标 G(Re Σrow_mean) = +27.0975 | 累计|g| = 14.0607
26-31-06-04 Ψ矩阵条件数 cond(Ψ) = 4.75e+00
26-31-06-04 Loss=-30.927665 | E0=-7.85079338+0.00082728j | E1=-7.71667608-0.00007933j|E2=-7.69102268+0.00024478j|E3=-7.66917311-0.00065134j
26-31-06-04 #-----------------------------------------#
26-31-06-04 [Step 133] logΨ: mean=11.258+0.164j | min=5.277-0.715j | max=11.551+2.251j
26-31-06-04 梯度监控 | raw=17.0358 | natural=0.0058 | clipped=0.0058(上限20.0)
26-31-06-04 原始规范坐标 G(Re Σrow_mean) = +27.0720 | 累计|g| = 14.0607
26-31-06-04 Ψ矩阵条件数 cond(Ψ) = 7.35e+00
26-31-06-04 Loss=-30.928315 | E0=-7.85117403+0.00032987j | E1=-7.71689597+0.00137229j|E2=-7.69181831+0.00111456j|E3=-7.66842690-0.00373340j
26-31-06-04 #-----------------------------------------#
26-31-06-04 [Step 134] logΨ: mean=10.126+0.452j | min=3.442+1.770j | max=10.384+2.806j
26-31-06-04 梯度监控 | raw=14.1693 | natural=0.0609 | clipped=0.0609(上限20.0)
26-31-06-04 原始规范坐标 G(Re Σrow_mean) = +26.4481 | 累计|g| = 14.0607
26-31-06-04 Ψ矩阵条件数 cond(Ψ) = 7.49e+00
26-31-06-04 Loss=-30.936066 | E0=-7.85466477+0.00082591j | E1=-7.71685577+0.00070251j|E2=-7.69258169+0.00089699j|E3=-7.67196396-0.00181049j
26-31-06-04 #-----------------------------------------#
26-31-06-04 [Step 135] logΨ: mean=10.124-0.001j | min=6.698-0.525j | max=10.425+2.798j
26-31-06-04 梯度监控 | raw=11.9415 | natural=0.0041 | clipped=0.0041(上限20.0)
26-31-06-04 原始规范坐标 G(Re Σrow_mean) = +26.4568 | 累计|g| = 14.0607
26-31-06-04 Ψ矩阵条件数 cond(Ψ) = 2.75e+01
26-31-06-04 Loss=-30.931012 | E0=-7.85240179+0.00039036j | E1=-7.71669191-0.00076771j|E2=-7.69069536-0.00047169j|E3=-7.67122301+0.00138263j
26-31-06-04 #-----------------------------------------#
26-31-06-04 [Step 136] logΨ: mean=10.141+0.161j | min=6.372+1.722j | max=10.483+2.772j
26-31-06-04 梯度监控 | raw=19.7860 | natural=0.0045 | clipped=0.0045(上限20.0)
26-31-06-04 原始规范坐标 G(Re Σrow_mean) = +26.4508 | 累计|g| = 14.0607
26-31-06-04 Ψ矩阵条件数 cond(Ψ) = 1.35e+01
26-31-06-04 Loss=-30.926210 | E0=-7.84681434-0.00213400j | E1=-7.71643165+0.00054248j|E2=-7.69133384-0.00019313j|E3=-7.67163047+0.00010194j
26-31-06-04 #-----------------------------------------#
26-31-06-04 [Step 137] logΨ: mean=10.220+0.212j | min=5.945-1.404j | max=10.538+2.748j
26-31-06-04 梯度监控 | raw=13.5922 | natural=0.0049 | clipped=0.0049(上限20.0)
26-31-06-04 原始规范坐标 G(Re Σrow_mean) = +26.4927 | 累计|g| = 14.0607
26-31-06-04 Ψ矩阵条件数 cond(Ψ) = 5.13e+00
26-31-06-04 Loss=-30.929835 | E0=-7.85195904-0.00021108j | E1=-7.71670610-0.00051518j|E2=-7.69072953-0.00031623j|E3=-7.67044057+0.00105848j
26-31-06-04 #-----------------------------------------#
26-31-06-04 [Step 138] logΨ: mean=10.245-0.054j | min=5.930+1.711j | max=10.521+2.730j
26-31-06-04 梯度监控 | raw=12.3155 | natural=0.0053 | clipped=0.0053(上限20.0)
26-31-06-04 原始规范坐标 G(Re Σrow_mean) = +26.5010 | 累计|g| = 14.0607
26-31-06-04 Ψ矩阵条件数 cond(Ψ) = 1.60e+01
26-31-06-04 Loss=-30.932306 | E0=-7.85545593+0.00047744j | E1=-7.71670232-0.00002991j|E2=-7.69039749-0.00004902j|E3=-7.66974993-0.00005692j
26-31-06-04 #-----------------------------------------#
26-31-06-04 [Step 139] logΨ: mean=10.214+0.197j | min=6.058+0.186j | max=10.521+2.713j
26-31-06-04 梯度监控 | raw=11.9490 | natural=0.0066 | clipped=0.0066(上限20.0)
26-31-06-04 原始规范坐标 G(Re Σrow_mean) = +26.4693 | 累计|g| = 14.0607
26-31-06-04 Ψ矩阵条件数 cond(Ψ) = 2.57e+01
26-31-06-04 Loss=-30.933915 | E0=-7.85574178+0.00027050j | E1=-7.71672639-0.00032288j|E2=-7.69086099+0.00020330j|E3=-7.67058546-0.00019206j
26-31-06-04 #-----------------------------------------#
26-31-06-04 [保存] Step 139 → pickle 文件已更新 (140 条记录)
26-31-06-04 [GaugeReset@140] 吸收 Δg = Σ Re(col_mean) = +26.4693 | 新|g| = 13.7848
26-31-06-04 [Step 140] logΨ: mean=10.928+0.395j | min=5.918+1.200j | max=11.199+2.363j
26-31-06-04 梯度监控 | raw=13.9173 | natural=0.0032 | clipped=0.0032(上限20.0)
26-31-06-04 原始规范坐标 G(Re Σrow_mean) = +26.4955 | 累计|g| = 13.7848
26-31-06-04 Ψ矩阵条件数 cond(Ψ) = 2.08e+01
26-31-06-04 Loss=-30.933673 | E0=-7.85428934+0.00057066j | E1=-7.71687332+0.00019935j|E2=-7.69150023+0.00041100j|E3=-7.67101055-0.00100422j
26-31-06-04 #-----------------------------------------#
26-31-06-04 [Step 141] logΨ: mean=11.044+0.054j | min=6.106-0.242j | max=11.336+2.302j
26-31-06-04 梯度监控 | raw=11.6477 | natural=0.0815 | clipped=0.0815(上限20.0)
26-31-06-04 原始规范坐标 G(Re Σrow_mean) = +26.5753 | 累计|g| = 13.7848
26-31-06-04 Ψ矩阵条件数 cond(Ψ) = 1.82e+01
26-31-06-04 Loss=-30.933719 | E0=-7.85530836+0.00032127j | E1=-7.71625635-0.00066333j|E2=-7.69050794-0.00047625j|E3=-7.67164635+0.00044470j
26-31-06-04 #-----------------------------------------#
26-31-06-04 [Step 142] logΨ: mean=11.073+0.099j | min=7.074+2.397j | max=11.388+2.273j
26-31-06-04 梯度监控 | raw=13.7767 | natural=0.0054 | clipped=0.0054(上限20.0)
26-31-06-04 原始规范坐标 G(Re Σrow_mean) = +26.5917 | 累计|g| = 13.7848
26-31-06-04 Ψ矩阵条件数 cond(Ψ) = 7.09e+00
26-31-06-04 Loss=-30.934880 | E0=-7.85483551-0.00033325j | E1=-7.71678063-0.00021718j|E2=-7.69188374+0.00042431j|E3=-7.67137975-0.00078314j
26-31-06-04 #-----------------------------------------#
26-31-06-04 [Step 143] logΨ: mean=11.116+0.153j | min=5.822+2.742j | max=11.435+2.265j
26-31-06-04 梯度监控 | raw=11.8300 | natural=0.0041 | clipped=0.0041(上限20.0)
26-31-06-04 原始规范坐标 G(Re Σrow_mean) = +26.5833 | 累计|g| = 13.7848
26-31-06-04 Ψ矩阵条件数 cond(Ψ) = 1.79e+01
26-31-06-04 Loss=-30.934553 | E0=-7.85609485-0.00028605j | E1=-7.71671397-0.00015934j|E2=-7.69051678-0.00011126j|E3=-7.67122690+0.00050189j
26-31-06-04 #-----------------------------------------#
26-31-06-04 [Step 144] logΨ: mean=11.111+0.071j | min=7.648+2.482j | max=11.436+2.257j
26-31-06-04 梯度监控 | raw=11.9429 | natural=0.0045 | clipped=0.0045(上限20.0)
26-31-06-04 原始规范坐标 G(Re Σrow_mean) = +26.5886 | 累计|g| = 13.7848
26-31-06-04 Ψ矩阵条件数 cond(Ψ) = 7.14e+00
26-31-06-04 Loss=-30.933955 | E0=-7.85508542-0.00036695j | E1=-7.71676863-0.00131491j|E2=-7.69068336-0.00082757j|E3=-7.67141804+0.00272154j
26-31-06-04 #-----------------------------------------#
26-31-06-04 [Step 145] logΨ: mean=11.124+0.170j | min=6.226+1.711j | max=11.452+2.264j
26-31-06-04 梯度监控 | raw=12.3133 | natural=0.0031 | clipped=0.0031(上限20.0)
26-31-06-04 原始规范坐标 G(Re Σrow_mean) = +26.5219 | 累计|g| = 13.7848
26-31-06-04 Ψ矩阵条件数 cond(Ψ) = 7.16e+00
26-31-06-04 Loss=-30.936082 | E0=-7.85578877-0.00061687j | E1=-7.71675841+0.00058430j|E2=-7.69127201-0.00076665j|E3=-7.67226290+0.00118033j
26-31-06-04 #-----------------------------------------#
26-31-06-04 [Step 146] logΨ: mean=11.237+0.167j | min=7.864-0.978j | max=11.501+2.244j
26-31-06-04 梯度监控 | raw=15.0175 | natural=0.0033 | clipped=0.0033(上限20.0)
26-31-06-04 原始规范坐标 G(Re Σrow_mean) = +26.5890 | 累计|g| = 13.7848
26-31-06-04 Ψ矩阵条件数 cond(Ψ) = 1.75e+01
26-31-06-04 Loss=-30.936857 | E0=-7.85542151+0.00032910j | E1=-7.71714797+0.00165085j|E2=-7.69275898+0.00057814j|E3=-7.67152883-0.00279389j
26-31-06-04 #-----------------------------------------#
26-31-06-04 [Step 147] logΨ: mean=11.175-0.038j | min=6.163+2.357j | max=11.522+2.223j
26-31-06-04 梯度监控 | raw=12.5727 | natural=0.0053 | clipped=0.0053(上限20.0)
26-31-06-04 原始规范坐标 G(Re Σrow_mean) = +26.5751 | 累计|g| = 13.7848
26-31-06-04 Ψ矩阵条件数 cond(Ψ) = 4.82e+00
26-31-06-04 Loss=-30.935663 | E0=-7.85625251+0.00010028j | E1=-7.71691790+0.00018295j|E2=-7.69123423+0.00010425j|E3=-7.67125792-0.00023046j
26-31-06-04 #-----------------------------------------#
26-31-06-04 [Step 148] logΨ: mean=11.264+0.025j | min=8.027-0.729j | max=11.575+2.219j
26-31-06-04 梯度监控 | raw=11.7739 | natural=0.0035 | clipped=0.0035(上限20.0)
26-31-06-04 原始规范坐标 G(Re Σrow_mean) = +26.6128 | 累计|g| = 13.7848
26-31-06-04 Ψ矩阵条件数 cond(Ψ) = 4.82e+00
26-31-06-04 Loss=-30.935882 | E0=-7.85713640-0.00002801j | E1=-7.71686074-0.00070879j|E2=-7.69044642-0.00027485j|E3=-7.67143875+0.00120259j
26-31-06-04 #-----------------------------------------#
26-31-06-04 [Step 149] logΨ: mean=11.284+0.168j | min=6.395-0.165j | max=11.601+2.201j
26-31-06-04 梯度监控 | raw=13.5365 | natural=0.0053 | clipped=0.0053(上限20.0)
26-31-06-04 原始规范坐标 G(Re Σrow_mean) = +26.5708 | 累计|g| = 13.7848
26-31-06-04 Ψ矩阵条件数 cond(Ψ) = 7.30e+00
26-31-06-04 Loss=-30.939908 | E0=-7.85725647+0.00034128j | E1=-7.71704487+0.00077083j|E2=-7.69241751-0.00011198j|E3=-7.67318951-0.00020189j
26-31-06-04 #-----------------------------------------#
26-31-06-04 [GaugeReset@150] 吸收 Δg = Σ Re(col_mean) = +26.5708 | 新|g| = 13.8260
26-31-06-04 [Step 150] logΨ: mean=11.188+0.043j | min=7.001+0.239j | max=11.534+2.238j
26-31-06-04 梯度监控 | raw=12.9231 | natural=0.0055 | clipped=0.0055(上限20.0)
26-31-06-04 原始规范坐标 G(Re Σrow_mean) = +26.5753 | 累计|g| = 13.8260
26-31-06-04 Ψ矩阵条件数 cond(Ψ) = 7.48e+00
26-31-06-04 Loss=-30.939645 | E0=-7.85798326+0.00009651j | E1=-7.71691222+0.00054867j|E2=-7.69267704+0.00094466j|E3=-7.67207229-0.00207975j
26-31-06-04 #-----------------------------------------#
26-31-06-04 [Step 151] logΨ: mean=11.296+0.017j | min=7.967+2.173j | max=11.586+2.229j
26-31-06-04 梯度监控 | raw=10.7175 | natural=0.0017 | clipped=0.0017(上限20.0)
26-31-06-04 原始规范坐标 G(Re Σrow_mean) = +26.6370 | 累计|g| = 13.8260
26-31-06-04 Ψ矩阵条件数 cond(Ψ) = 4.95e+00
26-31-06-04 Loss=-30.938761 | E0=-7.85753739+0.00015148j | E1=-7.71699123-0.00168533j|E2=-7.69097882-0.00160697j|E3=-7.67325362+0.00428654j
26-31-06-04 #-----------------------------------------#
26-31-06-04 [Step 152] logΨ: mean=11.291+0.175j | min=8.017+2.724j | max=11.596+2.228j
26-31-06-04 梯度监控 | raw=12.2674 | natural=0.0023 | clipped=0.0023(上限20.0)
26-31-06-04 原始规范坐标 G(Re Σrow_mean) = +26.5866 | 累计|g| = 13.8260
26-31-06-04 Ψ矩阵条件数 cond(Ψ) = 1.38e+01
26-31-06-04 Loss=-30.939521 | E0=-7.85799627+0.00023867j | E1=-7.71700709+0.00030455j|E2=-7.69150244-0.00045826j|E3=-7.67301479+0.00083356j
26-31-06-04 #-----------------------------------------#
26-31-06-04 [Step 153] logΨ: mean=11.014+0.145j | min=5.918-2.397j | max=11.319+2.113j
26-31-06-04 梯度监控 | raw=11.1225 | natural=0.0861 | clipped=0.0861(上限20.0)
26-31-06-04 原始规范坐标 G(Re Σrow_mean) = +26.5686 | 累计|g| = 13.8260
26-31-06-04 Ψ矩阵条件数 cond(Ψ) = 1.79e+01
26-31-06-04 Loss=-30.942013 | E0=-7.85851890+0.00018511j | E1=-7.71764197+0.00157497j|E2=-7.69168980-0.00145622j|E3=-7.67416261-0.00013893j
26-31-06-04 #-----------------------------------------#
26-31-06-04 [Step 154] logΨ: mean=11.042+0.177j | min=6.773+1.963j | max=11.336+2.114j
26-31-06-04 梯度监控 | raw=11.9584 | natural=0.0024 | clipped=0.0024(上限20.0)
26-31-06-04 原始规范坐标 G(Re Σrow_mean) = +26.6079 | 累计|g| = 13.8260
26-31-06-04 Ψ矩阵条件数 cond(Ψ) = 4.69e+00
26-31-06-04 Loss=-30.942159 | E0=-7.85894890+0.00031940j | E1=-7.71710170+0.00050538j|E2=-7.69295978+0.00068715j|E3=-7.67314845-0.00188603j
26-31-06-04 #-----------------------------------------#
26-31-06-04 [Step 155] logΨ: mean=11.004-0.014j | min=6.847+2.746j | max=11.375+2.100j
26-31-06-04 梯度监控 | raw=11.4985 | natural=0.0110 | clipped=0.0110(上限20.0)
26-31-06-04 原始规范坐标 G(Re Σrow_mean) = +26.5443 | 累计|g| = 13.8260
26-31-06-04 Ψ矩阵条件数 cond(Ψ) = 7.00e+00
26-31-06-04 Loss=-30.940223 | E0=-7.85825017+0.00022568j | E1=-7.71697042+0.00107806j|E2=-7.69200486+0.00040875j|E3=-7.67299767-0.00119311j
26-31-06-04 #-----------------------------------------#
26-31-06-04 [Step 156] logΨ: mean=11.077+0.245j | min=6.866-0.402j | max=11.348+2.092j
26-31-06-04 梯度监控 | raw=11.2065 | natural=0.0044 | clipped=0.0044(上限20.0)
26-31-06-04 原始规范坐标 G(Re Σrow_mean) = +26.5671 | 累计|g| = 13.8260
26-31-06-04 Ψ矩阵条件数 cond(Ψ) = 4.71e+00
26-31-06-04 Loss=-30.944393 | E0=-7.85903650+0.00018529j | E1=-7.71725057+0.00112533j|E2=-7.69341042-0.00009417j|E3=-7.67469550-0.00097477j
26-31-06-04 #-----------------------------------------#
26-31-06-04 [Step 157] logΨ: mean=11.110-0.065j | min=7.610+1.430j | max=11.365+2.091j
26-31-06-04 梯度监控 | raw=11.8991 | natural=0.0017 | clipped=0.0017(上限20.0)
26-31-06-04 原始规范坐标 G(Re Σrow_mean) = +26.6238 | 累计|g| = 13.8260
26-31-06-04 Ψ矩阵条件数 cond(Ψ) = 1.74e+01
26-31-06-04 Loss=-30.945324 | E0=-7.85997443+0.00034899j | E1=-7.71730532+0.00000771j|E2=-7.69416489+0.00110930j|E3=-7.67387929-0.00254549j
26-31-06-04 #-----------------------------------------#
26-31-06-04 [Step 158] logΨ: mean=11.071+0.044j | min=7.634-1.733j | max=11.388+2.074j
26-31-06-04 梯度监控 | raw=12.0330 | natural=0.0034 | clipped=0.0034(上限20.0)
26-31-06-04 原始规范坐标 G(Re Σrow_mean) = +26.5953 | 累计|g| = 13.8260
26-31-06-04 Ψ矩阵条件数 cond(Ψ) = 7.00e+00
26-31-06-04 Loss=-30.943084 | E0=-7.85884563+0.00007848j | E1=-7.71713741+0.00054319j|E2=-7.69348319+0.00090788j|E3=-7.67361734-0.00235067j
26-31-06-04 #-----------------------------------------#
26-31-06-04 [Step 159] logΨ: mean=11.092+0.100j | min=7.093-0.814j | max=11.448+2.048j
26-31-06-04 梯度监控 | raw=12.5128 | natural=0.0094 | clipped=0.0094(上限20.0)
26-31-06-04 原始规范坐标 G(Re Σrow_mean) = +26.5928 | 累计|g| = 13.8260
26-31-06-04 Ψ矩阵条件数 cond(Ψ) = 7.05e+00
26-31-06-04 Loss=-30.940644 | E0=-7.85661869-0.00036882j | E1=-7.71702335+0.00041487j|E2=-7.69314766+0.00061508j|E3=-7.67385397-0.00093491j
26-31-06-04 #-----------------------------------------#
26-31-06-04 [保存] Step 159 → pickle 文件已更新 (160 条记录)
26-31-06-04 [GaugeReset@160] 吸收 Δg = Σ Re(col_mean) = +26.5928 | 新|g| = 13.8182
26-31-06-04 [Step 160] logΨ: mean=11.187+0.300j | min=6.423-3.011j | max=11.495+2.221j
26-31-06-04 梯度监控 | raw=11.8567 | natural=0.0032 | clipped=0.0032(上限20.0)
26-31-06-04 原始规范坐标 G(Re Σrow_mean) = +26.6364 | 累计|g| = 13.8182
26-31-06-04 Ψ矩阵条件数 cond(Ψ) = 7.07e+00
26-31-06-04 Loss=-30.942967 | E0=-7.85858438+0.00004791j | E1=-7.71715325+0.00001547j|E2=-7.69317923+0.00057509j|E3=-7.67404987-0.00114655j
26-31-06-04 #-----------------------------------------#
26-31-06-04 [Step 161] logΨ: mean=11.378+0.166j | min=6.549+2.697j | max=11.665+2.287j
26-31-06-04 梯度监控 | raw=11.4487 | natural=0.0639 | clipped=0.0639(上限20.0)
26-31-06-04 原始规范坐标 G(Re Σrow_mean) = +26.7513 | 累计|g| = 13.8182
26-31-06-04 Ψ矩阵条件数 cond(Ψ) = 1.23e+01
26-31-06-04 Loss=-30.943398 | E0=-7.85887526+0.00020810j | E1=-7.71708361-0.00001733j|E2=-7.69299372+0.00040707j|E3=-7.67444507-0.00088999j
26-31-06-04 #-----------------------------------------#
26-31-06-04 [Step 162] logΨ: mean=11.424+0.254j | min=7.434-0.751j | max=11.723+2.259j
26-31-06-04 梯度监控 | raw=10.9351 | natural=0.0042 | clipped=0.0042(上限20.0)
26-31-06-04 原始规范坐标 G(Re Σrow_mean) = +26.7384 | 累计|g| = 13.8182
26-31-06-04 Ψ矩阵条件数 cond(Ψ) = 1.68e+01
26-31-06-04 Loss=-30.943264 | E0=-7.86009361-0.00004194j | E1=-7.71708518+0.00051094j|E2=-7.69200695-0.00024826j|E3=-7.67407873-0.00005102j
26-31-06-04 #-----------------------------------------#
26-31-06-04 [Step 163] logΨ: mean=11.716+0.388j | min=5.978+2.743j | max=12.007+2.231j
26-31-06-04 梯度监控 | raw=9.8653 | natural=0.0372 | clipped=0.0372(上限20.0)
26-31-06-04 原始规范坐标 G(Re Σrow_mean) = +26.8883 | 累计|g| = 13.8182
26-31-06-04 Ψ矩阵条件数 cond(Ψ) = 6.56e+00
26-31-06-04 Loss=-30.940801 | E0=-7.86046350+0.00005475j | E1=-7.71641147+0.00127864j|E2=-7.69133238+0.00027052j|E3=-7.67259325-0.00255943j
26-31-06-04 #-----------------------------------------#
26-31-06-04 [Step 164] logΨ: mean=11.737+0.187j | min=9.271-0.009j | max=12.010+2.227j
26-31-06-04 梯度监控 | raw=11.9312 | natural=0.0020 | clipped=0.0020(上限20.0)
26-31-06-04 原始规范坐标 G(Re Σrow_mean) = +26.9005 | 累计|g| = 13.8182
26-31-06-04 Ψ矩阵条件数 cond(Ψ) = 6.58e+00
26-31-06-04 Loss=-30.947330 | E0=-7.85991121+0.00022388j | E1=-7.71746624+0.00036844j|E2=-7.69515438+0.00070349j|E3=-7.67479829-0.00218005j
26-31-06-04 #-----------------------------------------#
26-31-06-04 [Step 165] logΨ: mean=11.699+0.231j | min=8.458-2.095j | max=12.018+2.223j
26-31-06-04 梯度监控 | raw=11.8566 | natural=0.0023 | clipped=0.0023(上限20.0)
26-31-06-04 原始规范坐标 G(Re Σrow_mean) = +26.8736 | 累计|g| = 13.8182
26-31-06-04 Ψ矩阵条件数 cond(Ψ) = 6.60e+00
26-31-06-04 Loss=-30.944495 | E0=-7.86057104+0.00027953j | E1=-7.71723686+0.00087122j|E2=-7.69331184+0.00080780j|E3=-7.67337562-0.00250710j
26-31-06-04 #-----------------------------------------#
26-31-06-04 [Step 166] logΨ: mean=11.730+0.015j | min=7.031-2.035j | max=12.052+2.204j
26-31-06-04 梯度监控 | raw=10.8507 | natural=0.0070 | clipped=0.0070(上限20.0)
26-31-06-04 原始规范坐标 G(Re Σrow_mean) = +26.8625 | 累计|g| = 13.8182
26-31-06-04 Ψ矩阵条件数 cond(Ψ) = 6.64e+00
26-31-06-04 Loss=-30.947428 | E0=-7.85936014-0.00036745j | E1=-7.71722026-0.00014073j|E2=-7.69456635-0.00013501j|E3=-7.67628111+0.00033620j
26-31-06-04 #-----------------------------------------#
26-31-06-04 [Step 167] logΨ: mean=11.766+0.229j | min=6.363+2.582j | max=12.070+2.195j
26-31-06-04 梯度监控 | raw=11.3982 | natural=0.0144 | clipped=0.0144(上限20.0)
26-31-06-04 原始规范坐标 G(Re Σrow_mean) = +26.8667 | 累计|g| = 13.8182
26-31-06-04 Ψ矩阵条件数 cond(Ψ) = 6.68e+00
26-31-06-04 Loss=-30.947404 | E0=-7.86017804+0.00010557j | E1=-7.71741350+0.00080749j|E2=-7.69438484+0.00034938j|E3=-7.67542780-0.00145458j
26-31-06-04 #-----------------------------------------#
26-31-06-04 [Step 168] logΨ: mean=11.752+0.224j | min=7.726+2.206j | max=12.055+2.188j
26-31-06-04 梯度监控 | raw=11.9503 | natural=0.0058 | clipped=0.0058(上限20.0)
26-31-06-04 原始规范坐标 G(Re Σrow_mean) = +26.8831 | 累计|g| = 13.8182
26-31-06-04 Ψ矩阵条件数 cond(Ψ) = 6.72e+00
26-31-06-04 Loss=-30.945354 | E0=-7.86010915-0.00036332j | E1=-7.71730018+0.00024978j|E2=-7.69356898+0.00076372j|E3=-7.67437549-0.00158233j
26-31-06-04 #-----------------------------------------#
26-31-06-04 [Step 169] logΨ: mean=11.736-0.003j | min=7.545+2.026j | max=12.080+2.168j
26-31-06-04 梯度监控 | raw=10.9158 | natural=0.0067 | clipped=0.0067(上限20.0)
26-31-06-04 原始规范坐标 G(Re Σrow_mean) = +26.8612 | 累计|g| = 13.8182
26-31-06-04 Ψ矩阵条件数 cond(Ψ) = 6.77e+00
26-31-06-04 Loss=-30.943080 | E0=-7.86057661-0.00003484j | E1=-7.71705539+0.00007246j|E2=-7.69178801+0.00017494j|E3=-7.67366004-0.00019936j
26-31-06-04 #-----------------------------------------#
26-31-06-04 [GaugeReset@170] 吸收 Δg = Σ Re(col_mean) = +26.8612 | 新|g| = 13.9628
26-31-06-04 [Step 170] logΨ: mean=11.517+0.374j | min=8.390-1.800j | max=11.828+2.197j
26-31-06-04 梯度监控 | raw=11.2703 | natural=0.0020 | clipped=0.0020(上限20.0)
26-31-06-04 原始规范坐标 G(Re Σrow_mean) = +26.8410 | 累计|g| = 13.9628
26-31-06-04 Ψ矩阵条件数 cond(Ψ) = 4.62e+00
26-31-06-04 Loss=-30.946828 | E0=-7.86154076+0.00017585j | E1=-7.71737236+0.00087671j|E2=-7.69360291+0.00062137j|E3=-7.67431230-0.00222329j
26-31-06-04 #-----------------------------------------#
26-31-06-04 [Step 171] logΨ: mean=11.484+0.249j | min=7.973+1.490j | max=11.848+2.190j
26-31-06-04 梯度监控 | raw=11.5954 | natural=0.0017 | clipped=0.0017(上限20.0)
26-31-06-04 原始规范坐标 G(Re Σrow_mean) = +26.8164 | 累计|g| = 13.9628
26-31-06-04 Ψ矩阵条件数 cond(Ψ) = 8.21e+00
26-31-06-04 Loss=-30.945605 | E0=-7.85897327+0.00001798j | E1=-7.71731819+0.00061632j|E2=-7.69355482-0.00029788j|E3=-7.67575872+0.00010755j
26-31-06-04 #-----------------------------------------#
26-31-06-04 [Step 172] logΨ: mean=11.600+0.354j | min=8.079-0.660j | max=11.893+2.166j
26-31-06-04 梯度监控 | raw=10.5742 | natural=0.0046 | clipped=0.0046(上限20.0)
26-31-06-04 原始规范坐标 G(Re Σrow_mean) = +26.8486 | 累计|g| = 13.9628
26-31-06-04 Ψ矩阵条件数 cond(Ψ) = 1.23e+01
26-31-06-04 Loss=-30.948927 | E0=-7.86152891-0.00001147j | E1=-7.71734972+0.00058451j|E2=-7.69417321-0.00007875j|E3=-7.67587511-0.00073042j
26-31-06-04 #-----------------------------------------#
26-31-06-04 [Step 173] logΨ: mean=11.538+0.268j | min=7.376-1.134j | max=11.948+2.153j
26-31-06-04 梯度监控 | raw=10.4372 | natural=0.0022 | clipped=0.0022(上限20.0)
26-31-06-04 原始规范坐标 G(Re Σrow_mean) = +26.7930 | 累计|g| = 13.9628
26-31-06-04 Ψ矩阵条件数 cond(Ψ) = 6.87e+00
26-31-06-04 Loss=-30.945854 | E0=-7.86034205+0.00005274j | E1=-7.71731919-0.00023523j|E2=-7.69254774-0.00063437j|E3=-7.67564466+0.00180814j
26-31-06-04 #-----------------------------------------#
26-31-06-04 [Step 174] logΨ: mean=11.658+0.146j | min=6.912+3.129j | max=11.972+2.149j
26-31-06-04 梯度监控 | raw=11.4489 | natural=0.0040 | clipped=0.0040(上限20.0)
26-31-06-04 原始规范坐标 G(Re Σrow_mean) = +26.8739 | 累计|g| = 13.9628
26-31-06-04 Ψ矩阵条件数 cond(Ψ) = 6.89e+00
26-31-06-04 Loss=-30.947685 | E0=-7.86039717+0.00007490j | E1=-7.71738655+0.00045904j|E2=-7.69426967+0.00040643j|E3=-7.67563118-0.00136090j
26-31-06-04 #-----------------------------------------#
26-31-06-04 [Step 175] logΨ: mean=11.879+0.434j | min=4.729+2.216j | max=12.214+2.343j
26-31-06-04 梯度监控 | raw=11.1082 | natural=0.0840 | clipped=0.0840(上限20.0)
26-31-06-04 原始规范坐标 G(Re Σrow_mean) = +27.0154 | 累计|g| = 13.9628
26-31-06-04 Ψ矩阵条件数 cond(Ψ) = 6.40e+00
26-31-06-04 Loss=-30.946649 | E0=-7.86113661-0.00026108j | E1=-7.71657995+0.00203883j|E2=-7.69397139-0.00020383j|E3=-7.67496058-0.00259274j
26-31-06-04 #-----------------------------------------#
26-31-06-04 [Step 176] logΨ: mean=11.898+0.398j | min=8.489-2.195j | max=12.237+2.342j
26-31-06-04 梯度监控 | raw=11.4499 | natural=0.0021 | clipped=0.0021(上限20.0)
26-31-06-04 原始规范坐标 G(Re Σrow_mean) = +27.0179 | 累计|g| = 13.9628
26-31-06-04 Ψ矩阵条件数 cond(Ψ) = 1.15e+01
26-31-06-04 Loss=-30.947253 | E0=-7.86098803+0.00017069j | E1=-7.71741610+0.00135262j|E2=-7.69372198+0.00018839j|E3=-7.67512678-0.00160241j
26-31-06-04 #-----------------------------------------#
26-31-06-04 [Step 177] logΨ: mean=12.799+0.839j | min=6.208-1.906j | max=13.189+1.881j
26-31-06-04 梯度监控 | raw=8.5538 | natural=0.1138 | clipped=0.1138(上限20.0)
26-31-06-04 原始规范坐标 G(Re Σrow_mean) = +27.3554 | 累计|g| = 13.9628
26-31-06-04 Ψ矩阵条件数 cond(Ψ) = 6.43e+00
26-31-06-04 Loss=-30.943746 | E0=-7.86121981+0.00002474j | E1=-7.71834637+0.00183297j|E2=-7.68987677-0.00506615j|E3=-7.67430318+0.00315318j
26-31-06-04 #-----------------------------------------#
26-31-06-04 [Step 178] logΨ: mean=12.853+0.752j | min=8.665+1.706j | max=13.203+1.875j
26-31-06-04 梯度监控 | raw=9.0722 | natural=0.0019 | clipped=0.0019(上限20.0)
26-31-06-04 原始规范坐标 G(Re Σrow_mean) = +27.4006 | 累计|g| = 13.9628
26-31-06-04 Ψ矩阵条件数 cond(Ψ) = 1.18e+01
26-31-06-04 Loss=-30.948538 | E0=-7.86091616-0.00001530j | E1=-7.71732823-0.00222205j|E2=-7.69344102-0.00078253j|E3=-7.67685308+0.00358533j
26-31-06-04 #-----------------------------------------#
26-31-06-04 [Step 179] logΨ: mean=13.375+0.452j | min=6.595-2.944j | max=13.744+1.739j
26-31-06-04 梯度监控 | raw=9.6596 | natural=0.1557 | clipped=0.1557(上限20.0)
26-31-06-04 原始规范坐标 G(Re Σrow_mean) = +27.6165 | 累计|g| = 13.9628
26-31-06-04 Ψ矩阵条件数 cond(Ψ) = 1.22e+01
26-31-06-04 Loss=-30.948023 | E0=-7.86131135-0.00003028j | E1=-7.71734482-0.00136913j|E2=-7.69362629+0.00011387j|E3=-7.67574092+0.00070570j
26-31-06-04 #-----------------------------------------#
26-31-06-04 [保存] Step 179 → pickle 文件已更新 (180 条记录)
26-31-06-04 [GaugeReset@180] 吸收 Δg = Σ Re(col_mean) = +27.6165 | 新|g| = 14.2834
26-31-06-04 [Step 180] logΨ: mean=12.641+0.823j | min=8.475-0.755j | max=13.013+1.932j
26-31-06-04 梯度监控 | raw=10.5361 | natural=0.0047 | clipped=0.0047(上限20.0)
26-31-06-04 原始规范坐标 G(Re Σrow_mean) = +27.6472 | 累计|g| = 14.2834
26-31-06-04 Ψ矩阵条件数 cond(Ψ) = 6.54e+00
26-31-06-04 Loss=-30.946845 | E0=-7.86146318-0.00007641j | E1=-7.71720439-0.00025542j|E2=-7.69383774+0.00080014j|E3=-7.67433991-0.00148197j
26-31-06-04 #-----------------------------------------#
26-31-06-04 [Step 181] logΨ: mean=12.574+0.757j | min=9.190-2.661j | max=12.951+1.944j
26-31-06-04 梯度监控 | raw=8.2615 | natural=0.0113 | clipped=0.0113(上限20.0)
26-31-06-04 原始规范坐标 G(Re Σrow_mean) = +27.5438 | 累计|g| = 14.2834
26-31-06-04 Ψ矩阵条件数 cond(Ψ) = 1.24e+01
26-31-06-04 Loss=-30.947573 | E0=-7.86112476+0.00002797j | E1=-7.71724914-0.00193849j|E2=-7.69256624-0.00206846j|E3=-7.67663286+0.00540947j
26-31-06-04 #-----------------------------------------#
26-31-06-04 [Step 182] logΨ: mean=12.595+0.897j | min=8.977+1.154j | max=12.975+1.906j
26-31-06-04 梯度监控 | raw=8.9215 | natural=0.0056 | clipped=0.0056(上限20.0)
26-31-06-04 原始规范坐标 G(Re Σrow_mean) = +27.5025 | 累计|g| = 14.2834
26-31-06-04 Ψ矩阵条件数 cond(Ψ) = 6.55e+00
26-31-06-04 Loss=-30.949282 | E0=-7.86159059+0.00001536j | E1=-7.71739409-0.00024393j|E2=-7.69339250-0.00144166j|E3=-7.67690488+0.00331469j
26-31-06-04 #-----------------------------------------#
26-31-06-04 [Step 183] logΨ: mean=12.562+0.543j | min=6.928+3.012j | max=12.941+1.887j
26-31-06-04 梯度监控 | raw=28.6026 | natural=0.0133 | clipped=0.0133(上限20.0)
26-31-06-04 原始规范坐标 G(Re Σrow_mean) = +27.5471 | 累计|g| = 14.2834
26-31-06-04 Ψ矩阵条件数 cond(Ψ) = 1.29e+01
26-31-06-04 Loss=-30.953018 | E0=-7.86201771+0.00526225j | E1=-7.71769235+0.00008109j|E2=-7.69575792-0.00104706j|E3=-7.67754958+0.00153120j
26-31-06-04 #-----------------------------------------#
26-31-06-04 [Step 184] logΨ: mean=12.568+0.246j | min=8.957-1.205j | max=12.958+1.874j
26-31-06-04 梯度监控 | raw=10.9012 | natural=0.0044 | clipped=0.0044(上限20.0)
26-31-06-04 原始规范坐标 G(Re Σrow_mean) = +27.5865 | 累计|g| = 14.2834
26-31-06-04 Ψ矩阵条件数 cond(Ψ) = 6.58e+00
26-31-06-04 Loss=-30.948377 | E0=-7.86120384+0.00008741j | E1=-7.71751889+0.00040943j|E2=-7.69465760+0.00092870j|E3=-7.67499687-0.00178879j
26-31-06-04 #-----------------------------------------#
26-31-06-04 [Step 185] logΨ: mean=12.616+0.186j | min=8.428-1.046j | max=12.987+1.841j
26-31-06-04 梯度监控 | raw=10.2632 | natural=0.0046 | clipped=0.0046(上限20.0)
26-31-06-04 原始规范坐标 G(Re Σrow_mean) = +27.5583 | 累计|g| = 14.2834
26-31-06-04 Ψ矩阵条件数 cond(Ψ) = 4.46e+00
26-31-06-04 Loss=-30.948100 | E0=-7.86089299+0.00004519j | E1=-7.71732192-0.00002235j|E2=-7.69338891-0.00043914j|E3=-7.67649643+0.00132304j
26-31-06-04 #-----------------------------------------#
26-31-06-04 [Step 186] logΨ: mean=12.566-0.090j | min=8.440-0.767j | max=12.907+1.845j
26-31-06-04 梯度监控 | raw=10.6674 | natural=0.0089 | clipped=0.0089(上限20.0)
26-31-06-04 原始规范坐标 G(Re Σrow_mean) = +27.5854 | 累计|g| = 14.2834
26-31-06-04 Ψ矩阵条件数 cond(Ψ) = 6.64e+00
26-31-06-04 Loss=-30.951686 | E0=-7.86054077+0.00011705j | E1=-7.71774812-0.00014710j|E2=-7.69659074+0.00086199j|E3=-7.67680593-0.00134868j
26-31-06-04 #-----------------------------------------#
26-31-06-04 [Step 187] logΨ: mean=12.625+0.292j | min=8.142+0.419j | max=12.958+1.822j
26-31-06-04 梯度监控 | raw=10.0407 | natural=0.0014 | clipped=0.0014(上限20.0)
26-31-06-04 原始规范坐标 G(Re Σrow_mean) = +27.6216 | 累计|g| = 14.2834
26-31-06-04 Ψ矩阵条件数 cond(Ψ) = 6.64e+00
26-31-06-04 Loss=-30.953657 | E0=-7.86114674-0.00006585j | E1=-7.71782394+0.00051552j|E2=-7.69765954+0.00057384j|E3=-7.67702697-0.00190535j
26-31-06-04 #-----------------------------------------#
26-31-06-04 [Step 188] logΨ: mean=12.639+0.130j | min=7.048+0.304j | max=12.985+1.834j
26-31-06-04 梯度监控 | raw=10.8269 | natural=0.0017 | clipped=0.0017(上限20.0)
26-31-06-04 原始规范坐标 G(Re Σrow_mean) = +27.5882 | 累计|g| = 14.2834
26-31-06-04 Ψ矩阵条件数 cond(Ψ) = 4.46e+00
26-31-06-04 Loss=-30.950590 | E0=-7.86095264+0.00017949j | E1=-7.71764016+0.00153915j|E2=-7.69544248-0.00010806j|E3=-7.67655444-0.00140766j
26-31-06-04 #-----------------------------------------#
26-31-06-04 [Step 189] logΨ: mean=12.642+0.046j | min=8.214-2.058j | max=13.009+1.826j
26-31-06-04 梯度监控 | raw=9.7525 | natural=0.0019 | clipped=0.0019(上限20.0)
26-31-06-04 原始规范坐标 G(Re Σrow_mean) = +27.5478 | 累计|g| = 14.2834
26-31-06-04 Ψ矩阵条件数 cond(Ψ) = 6.64e+00
26-31-06-04 Loss=-30.952405 | E0=-7.86156572+0.00000307j | E1=-7.71768963+0.00052981j|E2=-7.69564371-0.00035143j|E3=-7.67750556+0.00047237j
26-31-06-04 #-----------------------------------------#
26-31-06-04 [GaugeReset@190] 吸收 Δg = Σ Re(col_mean) = +27.5478 | 新|g| = 14.2609
26-31-06-04 [Step 190] logΨ: mean=12.678+0.245j | min=8.304+1.059j | max=13.110+1.801j
26-31-06-04 梯度监控 | raw=9.2788 | natural=0.0048 | clipped=0.0048(上限20.0)
26-31-06-04 原始规范坐标 G(Re Σrow_mean) = +27.5184 | 累计|g| = 14.2609
26-31-06-04 Ψ矩阵条件数 cond(Ψ) = 4.53e+00
26-31-06-04 Loss=-30.949609 | E0=-7.86061739+0.00004032j | E1=-7.71741420+0.00008455j|E2=-7.69380125-0.00131862j|E3=-7.67777618+0.00283922j
26-31-06-04 #-----------------------------------------#
26-31-06-05 [Step 191] logΨ: mean=13.091+0.602j | min=7.031-0.177j | max=13.422+1.732j
26-31-06-05 梯度监控 | raw=11.2680 | natural=0.0343 | clipped=0.0343(上限20.0)
26-31-06-05 原始规范坐标 G(Re Σrow_mean) = +27.7970 | 累计|g| = 14.2609
26-31-06-05 Ψ矩阵条件数 cond(Ψ) = 6.61e+00
26-31-06-05 Loss=-30.949684 | E0=-7.86135655+0.00005215j | E1=-7.71742447-0.00084831j|E2=-7.69522985+0.00162854j|E3=-7.67567305-0.00211383j
26-31-06-05 #-----------------------------------------#
26-31-06-05 [Step 192] logΨ: mean=13.109+0.993j | min=9.599+0.271j | max=13.444+1.732j
26-31-06-05 梯度监控 | raw=9.6671 | natural=0.0012 | clipped=0.0012(上限20.0)
26-31-06-05 原始规范坐标 G(Re Σrow_mean) = +27.7491 | 累计|g| = 14.2609
26-31-06-05 Ψ矩阵条件数 cond(Ψ) = 1.30e+01
26-31-06-05 Loss=-30.950014 | E0=-7.86172739+0.00008837j | E1=-7.71741867-0.00042945j|E2=-7.69389288-0.00039362j|E3=-7.67697487+0.00061882j
26-31-06-05 #-----------------------------------------#
26-31-06-05 [Step 193] logΨ: mean=13.198+0.435j | min=9.380-2.584j | max=13.492+1.713j
26-31-06-05 梯度监控 | raw=10.4990 | natural=0.0015 | clipped=0.0015(上限20.0)
26-31-06-05 原始规范坐标 G(Re Σrow_mean) = +27.8556 | 累计|g| = 14.2609
26-31-06-05 Ψ矩阵条件数 cond(Ψ) = 1.22e+01
26-31-06-05 Loss=-30.954206 | E0=-7.86166343+0.00008673j | E1=-7.71796565+0.00102649j|E2=-7.69839205+0.00069625j|E3=-7.67618468-0.00403953j
26-31-06-05 #-----------------------------------------#
26-31-06-05 [Step 194] logΨ: mean=13.201+0.538j | min=9.398-2.599j | max=13.534+1.699j
26-31-06-05 梯度监控 | raw=9.7619 | natural=0.0014 | clipped=0.0014(上限20.0)
26-31-06-05 原始规范坐标 G(Re Σrow_mean) = +27.7425 | 累计|g| = 14.2609
26-31-06-05 Ψ矩阵条件数 cond(Ψ) = 6.60e+00
26-31-06-05 Loss=-30.952537 | E0=-7.86152284+0.00003315j | E1=-7.71764338+0.00027667j|E2=-7.69546222-0.00061623j|E3=-7.67790834+0.00081576j
26-31-06-05 #-----------------------------------------#
26-31-06-05 [Step 195] logΨ: mean=13.098+0.610j | min=8.639+2.842j | max=13.436+1.700j
26-31-06-05 梯度监控 | raw=9.0986 | natural=0.0165 | clipped=0.0165(上限20.0)
26-31-06-05 原始规范坐标 G(Re Σrow_mean) = +27.7093 | 累计|g| = 14.2609
26-31-06-05 Ψ矩阵条件数 cond(Ψ) = 6.63e+00
26-31-06-05 Loss=-30.954308 | E0=-7.86218078+0.00006735j | E1=-7.71777977+0.00031417j|E2=-7.69648185-0.00004917j|E3=-7.67786513-0.00011914j
26-31-06-05 #-----------------------------------------#
26-31-06-05 [Step 196] logΨ: mean=13.210+0.443j | min=8.678+2.840j | max=13.485+1.698j
26-31-06-05 梯度监控 | raw=10.1856 | natural=0.0018 | clipped=0.0018(上限20.0)
26-31-06-05 原始规范坐标 G(Re Σrow_mean) = +27.8107 | 累计|g| = 14.2609
26-31-06-05 Ψ矩阵条件数 cond(Ψ) = 1.23e+01
26-31-06-05 Loss=-30.956214 | E0=-7.86152714+0.00008423j | E1=-7.71862141+0.00251349j|E2=-7.69915273-0.00022345j|E3=-7.67691310-0.00399269j
26-31-06-05 #-----------------------------------------#
26-31-06-05 [Step 197] logΨ: mean=13.217-0.024j | min=8.905-1.574j | max=13.511+1.704j
26-31-06-05 梯度监控 | raw=11.0712 | natural=0.0020 | clipped=0.0020(上限20.0)
26-31-06-05 原始规范坐标 G(Re Σrow_mean) = +27.8906 | 累计|g| = 14.2609
26-31-06-05 Ψ矩阵条件数 cond(Ψ) = 6.60e+00
26-31-06-05 Loss=-30.954269 | E0=-7.86169807+0.00021324j | E1=-7.71848449+0.00238641j|E2=-7.69867305+0.00046212j|E3=-7.67541367-0.00577273j
26-31-06-05 #-----------------------------------------#
26-31-06-05 [Step 198] logΨ: mean=13.240+0.091j | min=7.641-2.724j | max=13.546+1.676j
26-31-06-05 梯度监控 | raw=11.3638 | natural=0.0044 | clipped=0.0044(上限20.0)
26-31-06-05 原始规范坐标 G(Re Σrow_mean) = +27.8417 | 累计|g| = 14.2609
26-31-06-05 Ψ矩阵条件数 cond(Ψ) = 6.61e+00
26-31-06-05 Loss=-30.952534 | E0=-7.86089057-0.00153911j | E1=-7.71796467+0.00143396j|E2=-7.69769572+0.00073981j|E3=-7.67598302-0.00403230j
26-31-06-05 #-----------------------------------------#
26-31-06-05 [Step 199] logΨ: mean=13.251+0.339j | min=8.016-1.420j | max=13.588+1.661j
26-31-06-05 梯度监控 | raw=9.7408 | natural=0.0015 | clipped=0.0015(上限20.0)
26-31-06-05 原始规范坐标 G(Re Σrow_mean) = +27.7928 | 累计|g| = 14.2609
26-31-06-05 Ψ矩阵条件数 cond(Ψ) = 6.60e+00
26-31-06-05 Loss=-30.953587 | E0=-7.86192778+0.00002313j | E1=-7.71779684+0.00037637j|E2=-7.69620472+0.00022744j|E3=-7.67765728-0.00100039j
26-31-06-05 #-----------------------------------------#
26-31-06-05 [保存] Step 199 → pickle 文件已更新 (200 条记录)
26-31-06-05 [GaugeReset@200] 吸收 Δg = Σ Re(col_mean) = +27.7928 | 新|g| = 14.3595
26-31-06-05 训练耗时：178.88 秒
26-31-06-05 
============================================================
26-31-06-05 训练完成!
26-31-06-05 ============================================================
26-31-06-05 [保存] 训练结束，pickle 最终写入 200 条记录 → ./data/history_natural_gradient_LiH_molecule_K4.pkl
26-31-06-05 Loss 曲线已保存: ./日志/26-31-06-02_loss_curve_gauge_reset_min120.png
26-31-06-05 logΨ mean 曲线已保存: ./日志/26-31-06-02_logPsi_mean_curve_gauge_reset_min120.png
26-31-06-05 Loss 曲线已保存: ./日志/26-31-06-02_loss_curve_gauge_reset_min120.png
26-31-06-05 logΨ mean 曲线已保存: ./日志/26-31-06-02_logPsi_mean_curve_gauge_reset_min120.png
