
============================================================
开始多链 NES-VMC 训练 | NESTotalAnsatz_gauge_stable_full（模型内双侧规范，无 reset）
============================================================
精确CAS基准：基态=-7.86364558 Ha | 1激发=-7.72153670 Ha|2激发=-7.70823970 Ha|3激发=-7.68581513 Ha|
理论 Loss 上限：-30.97923710 
超参：clip_norm=20.0, lr=0.1, QGT diag_shift=0.1
[Step   0] logΨ: mean=12.441+1.378j | min=4.210-1.818j | max=14.996+3.112j
梯度监控 | raw=350.9201 | natural=6.5834 | clipped=6.5834(上限20.0)
Ψ矩阵条件数 cond(Ψ) = 1.21e+01
Loss=-50.971230 | E0=-17.97485924-4.51259756j | E1=-14.87250710+3.49337554j|E2=-9.18002605-3.49129963j|E3=-8.94381332-2.92078185j
#-----------------------------------------#
[Step   1] logΨ: mean=19.083+4.429j | min=12.133+1.185j | max=27.553+9.611j
梯度监控 | raw=259.7203 | natural=12.6000 | clipped=12.6000(上限20.0)
Ψ矩阵条件数 cond(Ψ) = 6.85e+01
Loss=-96.066086 | E0=-34.48453903+11.37053585j | E1=-28.51174545-14.88078308j|E2=-18.52294350-17.66187286j|E3=-14.54684067-13.00771618j
#-----------------------------------------#
[Step   2] logΨ: mean=9.521+8.083j | min=6.344+11.876j | max=12.013+8.033j
梯度监控 | raw=221.8053 | natural=17.1765 | clipped=17.1765(上限20.0)
Ψ矩阵条件数 cond(Ψ) = 4.33e+01
Loss=498.396790 | E0=-1.92494977-67.55410004j | E1=-1.91776669-23.76110077j|E2=17.02607346-73.97028351j|E3=485.21359253+102.94026184j
#-----------------------------------------#
[Step   3] logΨ: mean=7.870+8.188j | min=6.609+8.619j | max=8.964+8.477j
梯度监控 | raw=3358.8736 | natural=2.9573 | clipped=2.9573(上限20.0)
Ψ矩阵条件数 cond(Ψ) = 1.35e+01
Loss=140.497086 | E0=-3.48555255-5.87875509j | E1=9.38074970-10.31671143j|E2=12.31370544-19.37681007j|E3=122.28830719-10.94270897j
#-----------------------------------------#
[Step   4] logΨ: mean=8.373+6.512j | min=7.481+4.120j | max=9.555+5.102j
梯度监控 | raw=107.4044 | natural=1.3396 | clipped=1.3396(上限20.0)
Ψ矩阵条件数 cond(Ψ) = 2.52e+01
Loss=36.023582 | E0=-1.59798169-5.33543015j | E1=5.46756315-4.92850256j|E2=14.05547142-15.03081989j|E3=18.09852600-8.67620468j
#-----------------------------------------#
[Step   5] logΨ: mean=5.230+8.204j | min=3.909+10.758j | max=6.791+7.426j
梯度监控 | raw=88.3670 | natural=1.9517 | clipped=1.9517(上限20.0)
Ψ矩阵条件数 cond(Ψ) = 2.34e+01
Loss=12.089321 | E0=-5.94187450-26.37773895j | E1=-1.49704778-5.35086489j|E2=3.43396211-5.95040989j|E3=16.09428978-11.71682358j
#-----------------------------------------#
[Step   6] logΨ: mean=4.846+8.541j | min=2.423+10.235j | max=6.570+5.190j
梯度监控 | raw=513.8441 | natural=1.3802 | clipped=1.3802(上限20.0)
Ψ矩阵条件数 cond(Ψ) = 8.28e+01
Loss=6.581611 | E0=-4.00445223-11.95340157j | E1=1.24579298-13.63781548j|E2=3.52513528-7.46557426j|E3=5.81513357-1.36146164j
#-----------------------------------------#
