
============================================================
开始多链 NES-VMC 训练 | P8: 双侧一致列规范 + 周期性 gauge reset
============================================================
精确CAS基准：基态=-7.86364558 Ha | 1激发=-7.72153670 Ha|2激发=-7.70823970 Ha|3激发=-7.68581513 Ha|
理论 Loss 上限：-30.97923710 
超参：clip_norm=20.0, lr=0.1, QGT diag_shift=0.1, RESET_PERIOD=10
[Step   0] logΨ: mean=8.952+0.104j | min=3.233+1.136j | max=10.674+1.011j
梯度监控 | raw=17.9797 | natural=2.4442 | clipped=2.4442(上限20.0)
原始规范坐标 G(Re Σrow_mean) = +3.9880 | 累计|g| = 0.0000
Ψ矩阵条件数 cond(Ψ) = 1.50e+01
Loss=-22.081133 | E0=-5.92222000+0.00821805j | E1=-5.70733825+0.01472619j|E2=-5.34986628-0.02331380j|E3=-5.10170822+0.00050194j
#-----------------------------------------#
[Step   1] logΨ: mean=10.040+0.059j | min=5.044+2.444j | max=11.894+1.249j
梯度监控 | raw=19.1001 | natural=2.2081 | clipped=2.2081(上限20.0)
原始规范坐标 G(Re Σrow_mean) = +4.8662 | 累计|g| = 0.0000
Ψ矩阵条件数 cond(Ψ) = 1.20e+01
Loss=-23.071938 | E0=-6.25832071-0.00866364j | E1=-6.17628761+0.00961890j|E2=-5.54296904+0.00163091j|E3=-5.09436014+0.00197095j
#-----------------------------------------#
[Step   2] logΨ: mean=10.913+0.005j | min=5.117-3.077j | max=12.761+1.218j
梯度监控 | raw=17.5865 | natural=1.9210 | clipped=1.9210(上限20.0)
原始规范坐标 G(Re Σrow_mean) = +5.5565 | 累计|g| = 0.0000
Ψ矩阵条件数 cond(Ψ) = 1.51e+01
Loss=-23.859346 | E0=-6.61559763+0.00455511j | E1=-6.53390018-0.00009167j|E2=-5.60691742-0.00618755j|E3=-5.10293120-0.00095256j
#-----------------------------------------#
[Step   3] logΨ: mean=11.880-0.085j | min=5.886+2.444j | max=13.679+1.048j
梯度监控 | raw=27.1702 | natural=1.5739 | clipped=1.5739(上限20.0)
原始规范坐标 G(Re Σrow_mean) = +6.3797 | 累计|g| = 0.0000
Ψ矩阵条件数 cond(Ψ) = 9.03e+00
Loss=-24.529893 | E0=-6.91956345-0.00870494j | E1=-6.74854671+0.00033745j|E2=-5.74509156+0.00670165j|E3=-5.11669093+0.00324347j
#-----------------------------------------#
[Step   4] logΨ: mean=12.669-0.166j | min=5.743+1.252j | max=14.327+0.914j
梯度监控 | raw=30.3398 | natural=1.4052 | clipped=1.4052(上限20.0)
原始规范坐标 G(Re Σrow_mean) = +6.9939 | 累计|g| = 0.0000
Ψ矩阵条件数 cond(Ψ) = 9.16e+00
Loss=-25.087829 | E0=-7.13945885-0.00151610j | E1=-6.98945756+0.00086952j|E2=-5.83152187-0.00170706j|E3=-5.12739044-0.00210693j
#-----------------------------------------#
[Step   5] logΨ: mean=13.832-0.086j | min=8.215+2.557j | max=15.402+0.706j
梯度监控 | raw=42.3014 | natural=1.2130 | clipped=1.2130(上限20.0)
原始规范坐标 G(Re Σrow_mean) = +8.0957 | 累计|g| = 0.0000
Ψ矩阵条件数 cond(Ψ) = 2.13e+01
Loss=-25.476179 | E0=-7.25726916+0.00952771j | E1=-7.09360202-0.00877290j|E2=-5.95984157-0.00238150j|E3=-5.16546580+0.00078267j
#-----------------------------------------#
[Step   6] logΨ: mean=14.757-0.158j | min=8.300+2.108j | max=16.232+2.881j
梯度监控 | raw=47.5736 | natural=1.0836 | clipped=1.0836(上限20.0)
原始规范坐标 G(Re Σrow_mean) = +8.9804 | 累计|g| = 0.0000
Ψ矩阵条件数 cond(Ψ) = 8.96e+00
Loss=-25.903335 | E0=-7.38599887+0.00040047j | E1=-7.18783479-0.00668647j|E2=-6.12828557+0.00245722j|E3=-5.20121574+0.00297123j
#-----------------------------------------#
[Step   7] logΨ: mean=16.171+0.036j | min=9.311-1.681j | max=17.660+2.465j
梯度监控 | raw=56.1417 | natural=0.9383 | clipped=0.9383(上限20.0)
原始规范坐标 G(Re Σrow_mean) = +10.3891 | 累计|g| = 0.0000
Ψ矩阵条件数 cond(Ψ) = 1.10e+01
Loss=-26.341122 | E0=-7.47234711-0.00573944j | E1=-7.25596456+0.00869816j|E2=-6.35101618-0.00640472j|E3=-5.26179426+0.00211065j
#-----------------------------------------#
[Step   8] logΨ: mean=17.211+0.056j | min=11.859-2.800j | max=18.667+2.444j
梯度监控 | raw=77.1077 | natural=0.8434 | clipped=0.8434(上限20.0)
原始规范坐标 G(Re Σrow_mean) = +11.4312 | 累计|g| = 0.0000
Ψ矩阵条件数 cond(Ψ) = 1.16e+01
Loss=-26.740334 | E0=-7.53828236+0.00199404j | E1=-7.31229200-0.00314663j|E2=-6.49767780+0.00430358j|E3=-5.39208160-0.00040816j
#-----------------------------------------#
[Step   9] logΨ: mean=18.562+0.236j | min=13.405-2.508j | max=19.924+2.036j
梯度监控 | raw=96.1392 | natural=0.7269 | clipped=0.7269(上限20.0)
原始规范坐标 G(Re Σrow_mean) = +12.7675 | 累计|g| = 0.0000
Ψ矩阵条件数 cond(Ψ) = 8.64e+01
Loss=-27.046526 | E0=-7.56812739-0.00670353j | E1=-7.34075626+0.00328611j|E2=-6.64269479-0.00019397j|E3=-5.49494750+0.00176566j
#-----------------------------------------#
[GaugeReset@10] 吸收 Δg = Σ Re(col_mean) = +12.7675 | 新|g| = 6.7355
[Step  10] logΨ: mean=6.975-0.216j | min=0.129-1.453j | max=8.214+0.258j
梯度监控 | raw=129.5253 | natural=0.5859 | clipped=0.5859(上限20.0)
原始规范坐标 G(Re Σrow_mean) = +14.0433 | 累计|g| = 6.7355
Ψ矩阵条件数 cond(Ψ) = 1.61e+01
Loss=-27.524932 | E0=-7.60215963-0.00249250j | E1=-7.39830759-0.00162325j|E2=-6.79894614-0.00239125j|E3=-5.72551908+0.00608583j
#-----------------------------------------#
[Step  11] logΨ: mean=8.791-0.057j | min=1.456+1.620j | max=10.059+2.556j
梯度监控 | raw=144.4326 | natural=0.6104 | clipped=0.6104(上限20.0)
原始规范坐标 G(Re Σrow_mean) = +15.9561 | 累计|g| = 6.7355
Ψ矩阵条件数 cond(Ψ) = 1.10e+01
Loss=-27.937537 | E0=-7.62620470-0.00072792j | E1=-7.40771499+0.00232964j|E2=-6.92324569+0.00060867j|E3=-5.98037149+0.00101166j
#-----------------------------------------#
[Step  12] logΨ: mean=10.609-0.127j | min=4.739+1.167j | max=11.832+0.292j
梯度监控 | raw=159.9632 | natural=0.4563 | clipped=0.4563(上限20.0)
原始规范坐标 G(Re Σrow_mean) = +17.8430 | 累计|g| = 6.7355
Ψ矩阵条件数 cond(Ψ) = 1.28e+01
Loss=-28.437929 | E0=-7.63471106-0.00065152j | E1=-7.43199923-0.00380355j|E2=-7.04323152+0.00384820j|E3=-6.32798677+0.00171443j
#-----------------------------------------#
[Step  13] logΨ: mean=11.550-0.135j | min=5.744-0.962j | max=12.728+0.573j
梯度监控 | raw=138.7173 | natural=0.4024 | clipped=0.4024(上限20.0)
原始规范坐标 G(Re Σrow_mean) = +18.9100 | 累计|g| = 6.7355
Ψ矩阵条件数 cond(Ψ) = 3.58e+01
Loss=-28.928181 | E0=-7.65341856-0.00032918j | E1=-7.46485896-0.00343388j|E2=-7.11769960+0.00865559j|E3=-6.69220422-0.00653491j
#-----------------------------------------#
[Step  14] logΨ: mean=11.719-0.006j | min=4.825-1.461j | max=12.836+1.953j
梯度监控 | raw=113.1344 | natural=0.3738 | clipped=0.3738(上限20.0)
原始规范坐标 G(Re Σrow_mean) = +19.0508 | 累计|g| = 6.7355
Ψ矩阵条件数 cond(Ψ) = 9.99e+00
Loss=-29.257244 | E0=-7.66114497-0.00010128j | E1=-7.47159681+0.00224165j|E2=-7.23150849+0.00270117j|E3=-6.89299379-0.00131755j
#-----------------------------------------#
[Step  15] logΨ: mean=11.734+0.103j | min=4.147-2.585j | max=12.770+1.988j
梯度监控 | raw=79.4544 | natural=0.3588 | clipped=0.3588(上限20.0)
原始规范坐标 G(Re Σrow_mean) = +19.0579 | 累计|g| = 6.7355
Ψ矩阵条件数 cond(Ψ) = 3.25e+01
Loss=-29.590480 | E0=-7.67809393-0.00041758j | E1=-7.50202433+0.00296274j|E2=-7.33330171-0.00169406j|E3=-7.07705968+0.00127845j
#-----------------------------------------#
[Step  16] logΨ: mean=11.934-0.408j | min=6.740-1.337j | max=12.918+0.538j
梯度监控 | raw=58.7579 | natural=0.2864 | clipped=0.2864(上限20.0)
原始规范坐标 G(Re Σrow_mean) = +19.2151 | 累计|g| = 6.7355
Ψ矩阵条件数 cond(Ψ) = 2.18e+01
Loss=-29.765917 | E0=-7.68155628-0.00141798j | E1=-7.52050054-0.00292839j|E2=-7.40718694+0.00105242j|E3=-7.15667371+0.00495889j
#-----------------------------------------#
[Step  17] logΨ: mean=11.683-0.280j | min=5.746-0.194j | max=12.582+0.412j
梯度监控 | raw=37.0930 | natural=0.2480 | clipped=0.2480(上限20.0)
原始规范坐标 G(Re Σrow_mean) = +18.8769 | 累计|g| = 6.7355
Ψ矩阵条件数 cond(Ψ) = 4.26e+01
Loss=-29.959689 | E0=-7.69586611-0.00034782j | E1=-7.55949435-0.00180407j|E2=-7.48965343-0.00589409j|E3=-7.21467542+0.00642531j
#-----------------------------------------#
[Step  18] logΨ: mean=8.836+0.085j | min=1.732+2.271j | max=9.700+1.836j
梯度监控 | raw=29.1962 | natural=0.2546 | clipped=0.2546(上限20.0)
原始规范坐标 G(Re Σrow_mean) = +15.8861 | 累计|g| = 6.7355
Ψ矩阵条件数 cond(Ψ) = 2.25e+01
Loss=-30.048300 | E0=-7.69433555+0.00212896j | E1=-7.59762488-0.00051083j|E2=-7.51183113+0.00037021j|E3=-7.24450881-0.00082982j
#-----------------------------------------#
[Step  19] logΨ: mean=7.716+0.548j | min=0.223+2.748j | max=9.219+2.239j
梯度监控 | raw=1742.5250 | natural=2.2546 | clipped=2.2546(上限20.0)
原始规范坐标 G(Re Σrow_mean) = +12.7683 | 累计|g| = 6.7355
Ψ矩阵条件数 cond(Ψ) = 1.18e+01
Loss=-27.849027 | E0=-7.70400503-0.00410770j | E1=-7.62471657-0.00056207j|E2=-7.52721900+0.00357271j|E3=-4.99308594+0.04466558j
#-----------------------------------------#
[GaugeReset@20] 吸收 Δg = Σ Re(col_mean) = +12.7683 | 新|g| = 14.0242
[Step  20] logΨ: mean=-3.853-0.646j | min=-9.650-0.810j | max=-2.994+0.443j
梯度监控 | raw=416.9212 | natural=0.1554 | clipped=0.1554(上限20.0)
原始规范坐标 G(Re Σrow_mean) = +12.3478 | 累计|g| = 14.0242
Ψ矩阵条件数 cond(Ψ) = 1.17e+01
Loss=-25.745850 | E0=-7.71432384-0.00157446j | E1=-7.62792513+0.00149734j|E2=-7.53734535-0.00176088j|E3=-2.86625580-0.00044271j
#-----------------------------------------#
[Step  21] logΨ: mean=-3.127-0.690j | min=-9.916+0.230j | max=-2.323+0.465j
梯度监控 | raw=688.8551 | natural=0.1964 | clipped=0.1964(上限20.0)
原始规范坐标 G(Re Σrow_mean) = +13.3837 | 累计|g| = 14.0242
Ψ矩阵条件数 cond(Ψ) = 1.02e+01
Loss=-26.311848 | E0=-7.72177979-0.00014732j | E1=-7.63509552+0.00268476j|E2=-7.55237844-0.00214549j|E3=-3.40259388+0.00035318j
#-----------------------------------------#
[Step  22] logΨ: mean=-2.491-0.603j | min=-8.192-2.000j | max=-1.619+1.251j
梯度监控 | raw=957.4194 | natural=0.1153 | clipped=0.1153(上限20.0)
原始规范坐标 G(Re Σrow_mean) = +14.7775 | 累计|g| = 14.0242
Ψ矩阵条件数 cond(Ψ) = 1.28e+01
Loss=-27.504845 | E0=-7.72177972-0.00036953j | E1=-7.65150259+0.00082090j|E2=-7.56540729-0.00189634j|E3=-4.56615586-0.00059748j
#-----------------------------------------#
[Step  23] logΨ: mean=-1.658-0.278j | min=-7.442+2.018j | max=-0.703+1.047j
梯度监控 | raw=688.6307 | natural=0.1360 | clipped=0.1360(上限20.0)
原始规范坐标 G(Re Σrow_mean) = +16.4096 | 累计|g| = 14.0242
Ψ矩阵条件数 cond(Ψ) = 1.13e+01
Loss=-29.002538 | E0=-7.72770074+0.00125128j | E1=-7.65397177-0.00083621j|E2=-7.56823531+0.00008654j|E3=-6.05262983-0.00021837j
#-----------------------------------------#
[Step  24] logΨ: mean=-0.852-0.303j | min=-5.994-0.984j | max=0.137+0.851j
梯度监控 | raw=572.5359 | natural=0.1078 | clipped=0.1078(上限20.0)
原始规范坐标 G(Re Σrow_mean) = +17.1946 | 累计|g| = 14.0242
Ψ矩阵条件数 cond(Ψ) = 2.08e+01
Loss=-29.292782 | E0=-7.72844051+0.00146451j | E1=-7.65736911+0.00151684j|E2=-7.57657711+0.00042341j|E3=-6.33039520-0.00195326j
#-----------------------------------------#
[Step  25] logΨ: mean=0.214-0.338j | min=-6.148-3.092j | max=1.036+0.881j
梯度监控 | raw=151.3694 | natural=0.1000 | clipped=0.1000(上限20.0)
原始规范坐标 G(Re Σrow_mean) = +18.4579 | 累计|g| = 14.0242
Ψ矩阵条件数 cond(Ψ) = 1.10e+01
Loss=-30.073612 | E0=-7.73932162+0.00061913j | E1=-7.65879344-0.00012138j|E2=-7.58696327+0.00094615j|E3=-7.08853395-0.00155723j
#-----------------------------------------#
[Step  26] logΨ: mean=1.245-0.198j | min=-4.919-0.583j | max=2.089+0.531j
梯度监控 | raw=149.3215 | natural=0.1451 | clipped=0.1451(上限20.0)
原始规范坐标 G(Re Σrow_mean) = +19.1252 | 累计|g| = 14.0242
Ψ矩阵条件数 cond(Ψ) = 6.84e+00
Loss=-30.112800 | E0=-7.74054384-0.00016791j | E1=-7.66267257+0.00115015j|E2=-7.59338386-0.00097475j|E3=-7.11619944+0.00033864j
#-----------------------------------------#
[Step  27] logΨ: mean=2.296-0.116j | min=-2.775-2.145j | max=3.026+0.459j
梯度监控 | raw=51.8229 | natural=0.0809 | clipped=0.0809(上限20.0)
原始规范坐标 G(Re Σrow_mean) = +19.8182 | 累计|g| = 14.0242
Ψ矩阵条件数 cond(Ψ) = 1.41e+01
Loss=-30.331880 | E0=-7.74330679+0.00048261j | E1=-7.66483987+0.00064558j|E2=-7.60461025-0.00298488j|E3=-7.31912317+0.00196219j
#-----------------------------------------#
[Step  28] logΨ: mean=3.106-0.192j | min=-2.572+0.399j | max=3.826+0.314j
梯度监控 | raw=62.3046 | natural=0.1258 | clipped=0.1258(上限20.0)
原始规范坐标 G(Re Σrow_mean) = +20.4210 | 累计|g| = 14.0242
Ψ矩阵条件数 cond(Ψ) = 9.64e+00
Loss=-30.360500 | E0=-7.74942706-0.00042851j | E1=-7.66422280+0.00006409j|E2=-7.60938262+0.00251081j|E3=-7.33746702-0.00214103j
#-----------------------------------------#
[Step  29] logΨ: mean=3.860+0.225j | min=-3.649-0.198j | max=4.485+2.270j
梯度监控 | raw=58.3602 | natural=0.1206 | clipped=0.1206(上限20.0)
原始规范坐标 G(Re Σrow_mean) = +21.0241 | 累计|g| = 14.0242
Ψ矩阵条件数 cond(Ψ) = 8.72e+00
Loss=-30.380819 | E0=-7.75248457+0.00004275j | E1=-7.66482358+0.00036883j|E2=-7.61232747+0.00206585j|E3=-7.35118306-0.00005724j
#-----------------------------------------#
[GaugeReset@30] 吸收 Δg = Σ Re(col_mean) = +21.0241 | 新|g| = 25.9398
[Step  30] logΨ: mean=-16.460+0.529j | min=-22.303+1.581j | max=-15.889+3.122j
梯度监控 | raw=99.9346 | natural=0.0489 | clipped=0.0489(上限20.0)
原始规范坐标 G(Re Σrow_mean) = +21.4872 | 累计|g| = 25.9398
Ψ矩阵条件数 cond(Ψ) = 1.07e+01
Loss=-30.424861 | E0=-7.75539234+0.00067375j | E1=-7.66471922+0.00132047j|E2=-7.62223379-0.00002649j|E3=-7.38251601-0.00210373j
#-----------------------------------------#
[Step  31] logΨ: mean=-16.461+0.540j | min=-22.557+0.563j | max=-15.982+3.119j
梯度监控 | raw=103.1490 | natural=0.0578 | clipped=0.0578(上限20.0)
原始规范坐标 G(Re Σrow_mean) = +21.5022 | 累计|g| = 25.9398
Ψ矩阵条件数 cond(Ψ) = 7.64e+00
Loss=-30.457609 | E0=-7.75507092-0.00031437j | E1=-7.66674201-0.00160658j|E2=-7.62752207+0.00164181j|E3=-7.40827424-0.00219705j
#-----------------------------------------#
[Step  32] logΨ: mean=-16.715+0.073j | min=-21.397-2.804j | max=-16.249+0.159j
梯度监控 | raw=123.1039 | natural=0.0441 | clipped=0.0441(上限20.0)
原始规范坐标 G(Re Σrow_mean) = +21.3490 | 累计|g| = 25.9398
Ψ矩阵条件数 cond(Ψ) = 1.13e+01
Loss=-30.479966 | E0=-7.76450255+0.00005288j | E1=-7.66726759-0.00056982j|E2=-7.62645734+0.00042081j|E3=-7.42173886+0.00050912j
#-----------------------------------------#
[Step  33] logΨ: mean=-16.953+0.033j | min=-21.404+0.323j | max=-16.513+2.656j
梯度监控 | raw=121.9779 | natural=0.0363 | clipped=0.0363(上限20.0)
原始规范坐标 G(Re Σrow_mean) = +21.3262 | 累计|g| = 25.9398
Ψ矩阵条件数 cond(Ψ) = 2.70e+01
Loss=-30.501344 | E0=-7.76495076+0.00057844j | E1=-7.66837542-0.00049248j|E2=-7.62941401+0.00054727j|E3=-7.43860342+0.00013104j
#-----------------------------------------#
[Step  34] logΨ: mean=-17.331+0.443j | min=-22.839+2.518j | max=-16.864+1.790j
梯度监控 | raw=123.3647 | natural=0.0812 | clipped=0.0812(上限20.0)
原始规范坐标 G(Re Σrow_mean) = +21.0180 | 累计|g| = 25.9398
Ψ矩阵条件数 cond(Ψ) = 2.31e+01
Loss=-30.525267 | E0=-7.77192888+0.00033231j | E1=-7.66838029+0.00069187j|E2=-7.63607632-0.00207267j|E3=-7.44888134+0.00081945j
#-----------------------------------------#
[Step  35] logΨ: mean=-16.786+0.538j | min=-23.908-1.827j | max=-16.284+2.006j
梯度监控 | raw=118.3533 | natural=0.0813 | clipped=0.0813(上限20.0)
原始规范坐标 G(Re Σrow_mean) = +21.2769 | 累计|g| = 25.9398
Ψ矩阵条件数 cond(Ψ) = 2.62e+01
Loss=-30.537492 | E0=-7.77344926-0.00145918j | E1=-7.66972857+0.00083219j|E2=-7.63828513+0.00039217j|E3=-7.45602904+0.00145479j
#-----------------------------------------#
[Step  36] logΨ: mean=-16.260-0.066j | min=-22.197+0.048j | max=-15.746+2.652j
梯度监控 | raw=129.5847 | natural=0.0751 | clipped=0.0751(上限20.0)
原始规范坐标 G(Re Σrow_mean) = +21.5422 | 累计|g| = 25.9398
Ψ矩阵条件数 cond(Ψ) = 1.39e+01
Loss=-30.562474 | E0=-7.77717379-0.00099988j | E1=-7.67006896+0.00044033j|E2=-7.64053183+0.00229874j|E3=-7.47469965-0.00082442j
#-----------------------------------------#
[Step  37] logΨ: mean=-16.619+0.077j | min=-19.879+2.165j | max=-16.116+2.609j
梯度监控 | raw=130.5724 | natural=0.0214 | clipped=0.0214(上限20.0)
原始规范坐标 G(Re Σrow_mean) = +21.4094 | 累计|g| = 25.9398
Ψ矩阵条件数 cond(Ψ) = 2.66e+01
Loss=-30.597142 | E0=-7.77809137-0.00049067j | E1=-7.67208346+0.00043975j|E2=-7.64483787-0.00173041j|E3=-7.50212900+0.00199174j
#-----------------------------------------#
[Step  38] logΨ: mean=-15.649-0.809j | min=-21.490-1.594j | max=-15.104+0.160j
梯度监控 | raw=123.6233 | natural=0.0747 | clipped=0.0747(上限20.0)
原始规范坐标 G(Re Σrow_mean) = +21.8659 | 累计|g| = 25.9398
Ψ矩阵条件数 cond(Ψ) = 1.36e+01
Loss=-30.606142 | E0=-7.78240868-0.00025991j | E1=-7.67042403+0.00022442j|E2=-7.64628949+0.00064831j|E3=-7.50702008-0.00107274j
#-----------------------------------------#
[Step  39] logΨ: mean=-15.333-0.582j | min=-20.741-0.464j | max=-14.785+0.458j
梯度监控 | raw=126.0519 | natural=0.0421 | clipped=0.0421(上限20.0)
原始规范坐标 G(Re Σrow_mean) = +21.9369 | 累计|g| = 25.9398
Ψ矩阵条件数 cond(Ψ) = 9.06e+00
Loss=-30.628286 | E0=-7.78965880-0.00081395j | E1=-7.66896371+0.00033425j|E2=-7.64562029-0.00152621j|E3=-7.52404306+0.00356990j
#-----------------------------------------#
[GaugeReset@40] 吸收 Δg = Σ Re(col_mean) = +21.9369 | 新|g| = 38.5198
[Step  40] logΨ: mean=-37.737-0.478j | min=-42.432-1.364j | max=-37.183+0.508j
梯度监控 | raw=133.0717 | natural=0.0328 | clipped=0.0328(上限20.0)
原始规范坐标 G(Re Σrow_mean) = +21.7078 | 累计|g| = 38.5198
Ψ矩阵条件数 cond(Ψ) = 8.78e+00
Loss=-30.649947 | E0=-7.78962374+0.00001032j | E1=-7.67460532-0.00063718j|E2=-7.64848854-0.00071190j|E3=-7.53722892+0.00055040j
#-----------------------------------------#
[Step  41] logΨ: mean=-39.426+0.078j | min=-46.241-1.018j | max=-38.712+1.445j
梯度监控 | raw=123.8749 | natural=0.3005 | clipped=0.3005(上限20.0)
原始规范坐标 G(Re Σrow_mean) = +19.9179 | 累计|g| = 38.5198
Ψ矩阵条件数 cond(Ψ) = 1.45e+01
Loss=-30.668405 | E0=-7.79270204+0.00045126j | E1=-7.67773778-0.00046411j|E2=-7.64947180-0.00112344j|E3=-7.54849377+0.00130862j
#-----------------------------------------#
[Step  42] logΨ: mean=-38.640-0.278j | min=-44.918+0.053j | max=-38.011+0.843j
梯度监控 | raw=82.4809 | natural=0.0855 | clipped=0.0855(上限20.0)
原始规范坐标 G(Re Σrow_mean) = +20.3549 | 累计|g| = 38.5198
Ψ矩阵条件数 cond(Ψ) = 8.01e+01
Loss=-30.674628 | E0=-7.81237835+0.00020448j | E1=-7.67487659+0.00012002j|E2=-7.65524698+0.00067154j|E3=-7.53212559-0.00239970j
#-----------------------------------------#
[Step  43] logΨ: mean=-39.058-0.307j | min=-44.230+3.057j | max=-38.420+0.841j
梯度监控 | raw=93.8071 | natural=0.0705 | clipped=0.0705(上限20.0)
原始规范坐标 G(Re Σrow_mean) = +20.0950 | 累计|g| = 38.5198
Ψ矩阵条件数 cond(Ψ) = 2.39e+01
Loss=-30.698391 | E0=-7.81524446+0.00071049j | E1=-7.67999807+0.00018706j|E2=-7.65967687+0.00161385j|E3=-7.54347158-0.00099232j
#-----------------------------------------#
[Step  44] logΨ: mean=-39.159-0.202j | min=-44.203-0.407j | max=-38.551+1.003j
梯度监控 | raw=83.4716 | natural=0.0634 | clipped=0.0634(上限20.0)
原始规范坐标 G(Re Σrow_mean) = +20.0360 | 累计|g| = 38.5198
Ψ矩阵条件数 cond(Ψ) = 1.30e+01
Loss=-30.719913 | E0=-7.81828253+0.00069121j | E1=-7.67850943+0.00025762j|E2=-7.66018074-0.00022294j|E3=-7.56294063-0.00060038j
#-----------------------------------------#
[Step  45] logΨ: mean=-38.880-0.172j | min=-44.469-0.565j | max=-38.284+1.032j
梯度监控 | raw=78.0690 | natural=0.0428 | clipped=0.0428(上限20.0)
原始规范坐标 G(Re Σrow_mean) = +20.1254 | 累计|g| = 38.5198
Ψ矩阵条件数 cond(Ψ) = 2.89e+01
Loss=-30.737289 | E0=-7.82096250+0.00011700j | E1=-7.68112347-0.00025824j|E2=-7.66120719-0.00036429j|E3=-7.57399549-0.00032791j
#-----------------------------------------#
[Step  46] logΨ: mean=-39.123-0.229j | min=-43.014+0.942j | max=-38.522+1.002j
梯度监控 | raw=77.2736 | natural=0.0243 | clipped=0.0243(上限20.0)
原始规范坐标 G(Re Σrow_mean) = +20.0571 | 累计|g| = 38.5198
Ψ矩阵条件数 cond(Ψ) = 9.65e+00
Loss=-30.740917 | E0=-7.82036065-0.00041630j | E1=-7.67941707+0.00044939j|E2=-7.66016092-0.00086495j|E3=-7.58097838+0.00137259j
#-----------------------------------------#
[Step  47] logΨ: mean=-38.978-0.270j | min=-42.983+1.977j | max=-38.405+1.009j
梯度监控 | raw=71.7783 | natural=0.0539 | clipped=0.0539(上限20.0)
原始规范坐标 G(Re Σrow_mean) = +20.1331 | 累计|g| = 38.5198
Ψ矩阵条件数 cond(Ψ) = 2.77e+01
Loss=-30.760873 | E0=-7.82251120-0.00042871j | E1=-7.68177331+0.00083850j|E2=-7.66387911-0.00067463j|E3=-7.59270980+0.00017087j
#-----------------------------------------#
[Step  48] logΨ: mean=-37.990-0.208j | min=-43.797-1.366j | max=-37.422+1.241j
梯度监控 | raw=66.7832 | natural=0.1289 | clipped=0.1289(上限20.0)
原始规范坐标 G(Re Σrow_mean) = +20.7125 | 累计|g| = 38.5198
Ψ矩阵条件数 cond(Ψ) = 2.66e+01
Loss=-30.771525 | E0=-7.82589645+0.00010801j | E1=-7.68189494-0.00202422j|E2=-7.66423239-0.00298106j|E3=-7.59950133+0.00298762j
#-----------------------------------------#
[Step  49] logΨ: mean=-38.480-0.504j | min=-43.899-1.954j | max=-38.109+0.788j
梯度监控 | raw=70.2374 | natural=0.1530 | clipped=0.1530(上限20.0)
原始规范坐标 G(Re Σrow_mean) = +20.8089 | 累计|g| = 38.5198
Ψ矩阵条件数 cond(Ψ) = 3.33e+01
Loss=-30.785698 | E0=-7.82664243-0.00009463j | E1=-7.68605294-0.00147948j|E2=-7.66460806+0.00052635j|E3=-7.60839447+0.00157435j
#-----------------------------------------#
[GaugeReset@50] 吸收 Δg = Σ Re(col_mean) = +20.8089 | 新|g| = 50.3252
[Step  50] logΨ: mean=-57.941+0.511j | min=-63.868-3.040j | max=-57.426+3.039j
梯度监控 | raw=98.4758 | natural=0.1497 | clipped=0.1497(上限20.0)
原始规范坐标 G(Re Σrow_mean) = +21.5047 | 累计|g| = 50.3252
Ψ矩阵条件数 cond(Ψ) = 5.55e+01
Loss=-30.724778 | E0=-7.82059775-0.00032230j | E1=-7.67717230-0.00044242j|E2=-7.65612090-0.00013829j|E3=-7.57088704-0.00134230j
#-----------------------------------------#
[Step  51] logΨ: mean=-56.835-0.246j | min=-62.638+1.450j | max=-56.326+0.041j
梯度监控 | raw=106.1462 | natural=0.0508 | clipped=0.0508(上限20.0)
原始规范坐标 G(Re Σrow_mean) = +22.1448 | 累计|g| = 50.3252
Ψ矩阵条件数 cond(Ψ) = 4.56e+01
Loss=-30.738967 | E0=-7.81961782-0.00071056j | E1=-7.67932475-0.00141743j|E2=-7.65667245+0.00026680j|E3=-7.58335202+0.00255271j
#-----------------------------------------#
[Step  52] logΨ: mean=-56.422-0.161j | min=-61.376-1.523j | max=-55.911+0.007j
梯度监控 | raw=122.5275 | natural=0.0618 | clipped=0.0618(上限20.0)
原始规范坐标 G(Re Σrow_mean) = +22.3399 | 累计|g| = 50.3252
Ψ矩阵条件数 cond(Ψ) = 2.85e+01
Loss=-30.749647 | E0=-7.82430773+0.00054485j | E1=-7.67969165+0.00099247j|E2=-7.65965609-0.00124797j|E3=-7.58599171+0.00221050j
#-----------------------------------------#
[Step  53] logΨ: mean=-55.182+0.413j | min=-61.081+2.980j | max=-54.672+2.412j
梯度监控 | raw=100.4828 | natural=0.0744 | clipped=0.0744(上限20.0)
原始规范坐标 G(Re Σrow_mean) = +22.9949 | 累计|g| = 50.3252
Ψ矩阵条件数 cond(Ψ) = 2.50e+01
Loss=-30.758601 | E0=-7.82765436+0.00038359j | E1=-7.68080959+0.00013271j|E2=-7.65626435+0.00091169j|E3=-7.59387298-0.00181479j
#-----------------------------------------#
[Step  54] logΨ: mean=-54.947+0.239j | min=-59.559+2.267j | max=-54.456+2.276j
梯度监控 | raw=96.0012 | natural=0.1332 | clipped=0.1332(上限20.0)
原始规范坐标 G(Re Σrow_mean) = +23.0587 | 累计|g| = 50.3252
Ψ矩阵条件数 cond(Ψ) = 1.21e+01
Loss=-30.774885 | E0=-7.82682624-0.00010256j | E1=-7.68306861+0.00099328j|E2=-7.66056349+0.00013053j|E3=-7.60442628-0.00047753j
#-----------------------------------------#
[Step  55] logΨ: mean=-54.180+0.240j | min=-60.137+0.003j | max=-53.717+2.250j
梯度监控 | raw=83.9983 | natural=0.0577 | clipped=0.0577(上限20.0)
原始规范坐标 G(Re Σrow_mean) = +23.4628 | 累计|g| = 50.3252
Ψ矩阵条件数 cond(Ψ) = 3.66e+01
Loss=-30.792786 | E0=-7.83021852-0.00024545j | E1=-7.68373229+0.00048219j|E2=-7.66429373+0.00052575j|E3=-7.61454181-0.00013488j
#-----------------------------------------#
[Step  56] logΨ: mean=-53.774+0.103j | min=-60.338-1.226j | max=-53.288+2.025j
梯度监控 | raw=89.6825 | natural=0.0452 | clipped=0.0452(上限20.0)
原始规范坐标 G(Re Σrow_mean) = +23.6413 | 累计|g| = 50.3252
Ψ矩阵条件数 cond(Ψ) = 3.69e+01
Loss=-30.789053 | E0=-7.83035877-0.00005304j | E1=-7.68236396+0.00091290j|E2=-7.66274704-0.00053710j|E3=-7.61358320+0.00107261j
#-----------------------------------------#
[Step  57] logΨ: mean=-51.517+0.216j | min=-59.624-1.552j | max=-51.045+1.769j
梯度监控 | raw=79.3648 | natural=0.0874 | clipped=0.0874(上限20.0)
原始规范坐标 G(Re Σrow_mean) = +24.9866 | 累计|g| = 50.3252
Ψ矩阵条件数 cond(Ψ) = 5.02e+01
Loss=-30.802967 | E0=-7.83029906+0.00035383j | E1=-7.68519197-0.00127287j|E2=-7.66477516-0.00004776j|E3=-7.62270066+0.00281146j
#-----------------------------------------#
[Step  58] logΨ: mean=-53.678+0.238j | min=-60.198-2.432j | max=-53.194+2.834j
梯度监控 | raw=94.7402 | natural=0.0934 | clipped=0.0934(上限20.0)
原始规范坐标 G(Re Σrow_mean) = +23.6781 | 累计|g| = 50.3252
Ψ矩阵条件数 cond(Ψ) = 4.37e+01
Loss=-30.804441 | E0=-7.82912077-0.00058834j | E1=-7.68600162-0.00075149j|E2=-7.66489976+0.00021708j|E3=-7.62441883+0.00025012j
#-----------------------------------------#
[Step  59] logΨ: mean=-53.405+0.358j | min=-58.345+1.851j | max=-52.881+2.929j
梯度监控 | raw=81.5927 | natural=0.0326 | clipped=0.0326(上限20.0)
原始规范坐标 G(Re Σrow_mean) = +23.7128 | 累计|g| = 50.3252
Ψ矩阵条件数 cond(Ψ) = 1.84e+01
Loss=-30.754173 | E0=-7.81956770-0.00011765j | E1=-7.67984009+0.00001124j|E2=-7.64427828+0.00149360j|E3=-7.61048683-0.00110939j
#-----------------------------------------#
[GaugeReset@60] 吸收 Δg = Σ Re(col_mean) = +23.7128 | 新|g| = 63.0824
[Step  60] logΨ: mean=-76.656-0.292j | min=-84.151+0.045j | max=-76.170+1.127j
梯度监控 | raw=80.0170 | natural=0.0621 | clipped=0.0621(上限20.0)
原始规范坐标 G(Re Σrow_mean) = +23.9595 | 累计|g| = 63.0824
Ψ矩阵条件数 cond(Ψ) = 4.49e+01
Loss=-30.769022 | E0=-7.82083831-0.00011813j | E1=-7.68221697-0.00038491j|E2=-7.64482237+0.00002353j|E3=-7.62114389+0.00122475j
#-----------------------------------------#
[Step  61] logΨ: mean=-76.764-0.201j | min=-80.972+1.384j | max=-76.287+1.179j
梯度监控 | raw=76.6368 | natural=0.0165 | clipped=0.0165(上限20.0)
原始规范坐标 G(Re Σrow_mean) = +23.9276 | 累计|g| = 63.0824
Ψ矩阵条件数 cond(Ψ) = 6.31e+01
Loss=-30.782631 | E0=-7.82048146-0.00004278j | E1=-7.68248092-0.00044428j|E2=-7.65081475+0.00171606j|E3=-7.62885390+0.00072218j
#-----------------------------------------#
[Step  62] logΨ: mean=-77.027-0.188j | min=-83.052+2.005j | max=-76.554+1.226j
梯度监控 | raw=73.8461 | natural=0.0384 | clipped=0.0384(上限20.0)
原始规范坐标 G(Re Σrow_mean) = +23.7852 | 累计|g| = 63.0824
Ψ矩阵条件数 cond(Ψ) = 6.24e+01
Loss=-30.793974 | E0=-7.82477964+0.00053829j | E1=-7.68419346+0.00126786j|E2=-7.65267390-0.00310897j|E3=-7.63232673+0.00133989j
#-----------------------------------------#
[Step  63] logΨ: mean=-76.493-0.182j | min=-81.889+0.395j | max=-76.015+1.142j
梯度监控 | raw=64.3772 | natural=0.0507 | clipped=0.0507(上限20.0)
原始规范坐标 G(Re Σrow_mean) = +24.0663 | 累计|g| = 63.0824
Ψ矩阵条件数 cond(Ψ) = 2.51e+01
Loss=-30.796362 | E0=-7.82492722-0.00043820j | E1=-7.68300760+0.00131887j|E2=-7.65228547+0.00147321j|E3=-7.63614196+0.00030539j
#-----------------------------------------#
[Step  64] logΨ: mean=-76.276-0.034j | min=-82.213+3.050j | max=-75.823+1.348j
梯度监控 | raw=57.5404 | natural=0.0785 | clipped=0.0785(上限20.0)
原始规范坐标 G(Re Σrow_mean) = +24.1545 | 累计|g| = 63.0824
Ψ矩阵条件数 cond(Ψ) = 4.10e+01
Loss=-30.806759 | E0=-7.82804787+0.00013924j | E1=-7.68361413-0.00041127j|E2=-7.65613928+0.00065318j|E3=-7.63895808+0.00012206j
#-----------------------------------------#
[Step  65] logΨ: mean=-75.812-0.200j | min=-82.536-0.036j | max=-75.313+0.188j
梯度监控 | raw=52.4644 | natural=0.1581 | clipped=0.1581(上限20.0)
原始规范坐标 G(Re Σrow_mean) = +24.3192 | 累计|g| = 63.0824
Ψ矩阵条件数 cond(Ψ) = 2.32e+01
Loss=-30.819891 | E0=-7.83048242+0.00009287j | E1=-7.68579831+0.00001879j|E2=-7.66107889-0.00025219j|E3=-7.64253154-0.00182670j
#-----------------------------------------#
[Step  66] logΨ: mean=-74.714+0.429j | min=-80.499+0.518j | max=-74.259+1.865j
梯度监控 | raw=46.1474 | natural=0.0720 | clipped=0.0720(上限20.0)
原始规范坐标 G(Re Σrow_mean) = +24.8039 | 累计|g| = 63.0824
Ψ矩阵条件数 cond(Ψ) = 2.68e+01
Loss=-30.822898 | E0=-7.83025586+0.00033334j | E1=-7.68626632+0.00094687j|E2=-7.66721878-0.00010985j|E3=-7.63915660-0.00076926j
#-----------------------------------------#
[Step  67] logΨ: mean=-74.033+0.477j | min=-79.525+2.861j | max=-73.591+1.927j
梯度监控 | raw=44.1977 | natural=0.0411 | clipped=0.0411(上限20.0)
原始规范坐标 G(Re Σrow_mean) = +25.2357 | 累计|g| = 63.0824
Ψ矩阵条件数 cond(Ψ) = 3.27e+01
Loss=-30.840437 | E0=-7.83089266+0.00009674j | E1=-7.69424342+0.00048822j|E2=-7.68126910+0.00007182j|E3=-7.63403211+0.00101965j
#-----------------------------------------#
[Step  68] logΨ: mean=-72.145-0.296j | min=-77.986+1.530j | max=-71.753+0.235j
梯度监控 | raw=45.0786 | natural=0.0856 | clipped=0.0856(上限20.0)
原始规范坐标 G(Re Σrow_mean) = +26.2434 | 累计|g| = 63.0824
Ψ矩阵条件数 cond(Ψ) = 2.58e+01
Loss=-30.850687 | E0=-7.83422354+0.00040262j | E1=-7.69243140-0.00182594j|E2=-7.68208837-0.00010019j|E3=-7.64194399+0.00026735j
#-----------------------------------------#
[Step  69] logΨ: mean=-70.705-0.401j | min=-76.458+1.990j | max=-70.183+0.908j
梯度监控 | raw=175.8433 | natural=0.0749 | clipped=0.0749(上限20.0)
原始规范坐标 G(Re Σrow_mean) = +27.2155 | 累计|g| = 63.0824
Ψ矩阵条件数 cond(Ψ) = 2.87e+01
Loss=-30.797375 | E0=-7.81602136+0.00160946j | E1=-7.69002615-0.00083592j|E2=-7.67128909-0.00222825j|E3=-7.62003815+0.00115376j
#-----------------------------------------#
[GaugeReset@70] 吸收 Δg = Σ Re(col_mean) = +27.2155 | 新|g| = 77.5994
[Step  70] logΨ: mean=-97.807-0.037j | min=-103.293+1.443j | max=-97.298+1.355j
梯度监控 | raw=218.3559 | natural=0.0559 | clipped=0.0559(上限20.0)
原始规范坐标 G(Re Σrow_mean) = +27.2361 | 累计|g| = 77.5994
Ψ矩阵条件数 cond(Ψ) = 4.14e+01
Loss=-30.801822 | E0=-7.81897285-0.00013045j | E1=-7.69097485+0.00081374j|E2=-7.67133595+0.00001377j|E3=-7.62053810+0.00009059j
#-----------------------------------------#
[Step  71] logΨ: mean=-96.836-0.359j | min=-104.597+0.464j | max=-96.321+0.102j
梯度监控 | raw=213.6168 | natural=0.0520 | clipped=0.0520(上限20.0)
原始规范坐标 G(Re Σrow_mean) = +27.7169 | 累计|g| = 77.5994
Ψ矩阵条件数 cond(Ψ) = 3.57e+01
Loss=-30.805510 | E0=-7.82439046-0.00092416j | E1=-7.69171745+0.00044080j|E2=-7.66959904+0.00038973j|E3=-7.61980352+0.00014697j
#-----------------------------------------#
[Step  72] logΨ: mean=-96.924-0.336j | min=-101.139-2.344j | max=-96.461+0.152j
梯度监控 | raw=172.2116 | natural=0.0399 | clipped=0.0399(上限20.0)
原始规范坐标 G(Re Σrow_mean) = +27.7175 | 累计|g| = 77.5994
Ψ矩阵条件数 cond(Ψ) = 3.89e+01
Loss=-30.832893 | E0=-7.82976134+0.00067533j | E1=-7.69328444-0.00134931j|E2=-7.67548775-0.00143253j|E3=-7.63435919+0.00132016j
#-----------------------------------------#
[Step  73] logΨ: mean=-96.848-0.006j | min=-103.346-2.062j | max=-96.214+0.591j
梯度监控 | raw=179.7994 | natural=0.0551 | clipped=0.0551(上限20.0)
原始规范坐标 G(Re Σrow_mean) = +27.6669 | 累计|g| = 77.5994
Ψ矩阵条件数 cond(Ψ) = 3.73e+01
Loss=-30.834436 | E0=-7.82821693+0.00103126j | E1=-7.69486430-0.00160806j|E2=-7.67840356+0.00041373j|E3=-7.63295168-0.00036093j
#-----------------------------------------#
[Step  74] logΨ: mean=-97.033-0.244j | min=-100.948-2.735j | max=-96.550+0.697j
梯度监控 | raw=216.9609 | natural=0.0302 | clipped=0.0302(上限20.0)
原始规范坐标 G(Re Σrow_mean) = +27.0450 | 累计|g| = 77.5994
Ψ矩阵条件数 cond(Ψ) = 6.34e+01
Loss=-30.826933 | E0=-7.82055001-0.00006989j | E1=-7.69866894-0.00104138j|E2=-7.67971916+0.00170132j|E3=-7.62799534-0.00033693j
#-----------------------------------------#
[Step  75] logΨ: mean=-97.431-0.757j | min=-102.792+0.734j | max=-96.940+0.189j
梯度监控 | raw=202.9011 | natural=0.0816 | clipped=0.0816(上限20.0)
原始规范坐标 G(Re Σrow_mean) = +26.8425 | 累计|g| = 77.5994
Ψ矩阵条件数 cond(Ψ) = 3.83e+01
Loss=-30.829590 | E0=-7.82371105-0.00018918j | E1=-7.69851584-0.00064682j|E2=-7.67907679-0.00038398j|E3=-7.62828610-0.00015143j
#-----------------------------------------#
[Step  76] logΨ: mean=-97.651-0.614j | min=-101.686+2.845j | max=-97.140+0.316j
梯度监控 | raw=197.5089 | natural=0.0557 | clipped=0.0557(上限20.0)
原始规范坐标 G(Re Σrow_mean) = +26.8701 | 累计|g| = 77.5994
Ψ矩阵条件数 cond(Ψ) = 5.83e+01
Loss=-30.831267 | E0=-7.82170605-0.00124917j | E1=-7.69831869+0.00016445j|E2=-7.68051717-0.00093943j|E3=-7.63072479-0.00097677j
#-----------------------------------------#
[Step  77] logΨ: mean=-99.252-0.644j | min=-105.370+1.248j | max=-98.826+0.299j
梯度监控 | raw=179.8138 | natural=0.1268 | clipped=0.1268(上限20.0)
原始规范坐标 G(Re Σrow_mean) = +25.9414 | 累计|g| = 77.5994
Ψ矩阵条件数 cond(Ψ) = 5.45e+01
Loss=-30.834215 | E0=-7.82320017-0.00021187j | E1=-7.69525474+0.00032618j|E2=-7.68348677-0.00054742j|E3=-7.63227310+0.00095863j
#-----------------------------------------#
[Step  78] logΨ: mean=-98.336-0.290j | min=-103.933+1.408j | max=-97.820+1.135j
梯度监控 | raw=409.7098 | natural=0.0481 | clipped=0.0481(上限20.0)
原始规范坐标 G(Re Σrow_mean) = +27.2276 | 累计|g| = 77.5994
Ψ矩阵条件数 cond(Ψ) = 3.28e+01
Loss=-30.629623 | E0=-7.81679546-0.00014807j | E1=-7.69080802-0.00002914j|E2=-7.66419208-0.00003435j|E3=-7.45782771-0.00126867j
#-----------------------------------------#
[Step  79] logΨ: mean=-98.025-0.344j | min=-103.878-1.487j | max=-97.450+1.100j
梯度监控 | raw=517.3456 | natural=0.0640 | clipped=0.0640(上限20.0)
原始规范坐标 G(Re Σrow_mean) = +27.5286 | 累计|g| = 77.5994
Ψ矩阵条件数 cond(Ψ) = 5.30e+01
Loss=-30.598489 | E0=-7.81459255+0.00082459j | E1=-7.69142515+0.00000938j|E2=-7.66420731+0.00020802j|E3=-7.42826424+0.00026530j
#-----------------------------------------#
[GaugeReset@80] 吸收 Δg = Σ Re(col_mean) = +27.5286 | 新|g| = 92.4241
[Step  80] logΨ: mean=-125.612+0.521j | min=-129.683-3.141j | max=-125.052+2.992j
梯度监控 | raw=534.5880 | natural=0.0275 | clipped=0.0275(上限20.0)
原始规范坐标 G(Re Σrow_mean) = +27.4885 | 累计|g| = 92.4241
Ψ矩阵条件数 cond(Ψ) = 3.16e+01
Loss=-30.614631 | E0=-7.81889942-0.00045844j | E1=-7.69118823-0.00029787j|E2=-7.66597208+0.00020969j|E3=-7.43857176-0.00036769j
#-----------------------------------------#
[Step  81] logΨ: mean=-125.897+0.481j | min=-130.132+0.881j | max=-125.300+2.979j
梯度监控 | raw=591.5673 | natural=0.0525 | clipped=0.0525(上限20.0)
原始规范坐标 G(Re Σrow_mean) = +27.4833 | 累计|g| = 92.4241
Ψ矩阵条件数 cond(Ψ) = 3.22e+01
Loss=-30.632631 | E0=-7.81512881+0.00006003j | E1=-7.69142990+0.00015232j|E2=-7.66708196-0.00005784j|E3=-7.45899077+0.00006918j
#-----------------------------------------#
[Step  82] logΨ: mean=-126.335+0.254j | min=-131.619-1.042j | max=-125.745+2.776j
梯度监控 | raw=590.8225 | natural=0.0368 | clipped=0.0368(上限20.0)
原始规范坐标 G(Re Σrow_mean) = +27.3229 | 累计|g| = 92.4241
Ψ矩阵条件数 cond(Ψ) = 1.28e+02
Loss=-30.632420 | E0=-7.81662478+0.00038220j | E1=-7.69155511+0.00013437j|E2=-7.66532445-0.00026980j|E3=-7.45891523-0.00111615j
#-----------------------------------------#
[Step  83] logΨ: mean=-126.189+0.295j | min=-131.956+0.681j | max=-125.601+2.461j
梯度监控 | raw=567.2987 | natural=0.0612 | clipped=0.0612(上限20.0)
原始规范坐标 G(Re Σrow_mean) = +27.4825 | 累计|g| = 92.4241
Ψ矩阵条件数 cond(Ψ) = 3.70e+01
Loss=-30.656132 | E0=-7.81912140-0.00046317j | E1=-7.69195667-0.00036920j|E2=-7.66980597+0.00032441j|E3=-7.47524749-0.00013803j
#-----------------------------------------#
[Step  84] logΨ: mean=-124.736+0.326j | min=-132.393-3.097j | max=-124.098+2.277j
梯度监控 | raw=570.9778 | natural=0.0812 | clipped=0.0812(上限20.0)
原始规范坐标 G(Re Σrow_mean) = +28.3291 | 累计|g| = 92.4241
Ψ矩阵条件数 cond(Ψ) = 4.45e+01
Loss=-30.665304 | E0=-7.81957766-0.00044070j | E1=-7.69152950+0.00090161j|E2=-7.66817143-0.00045304j|E3=-7.48602500-0.00105314j
#-----------------------------------------#
[Step  85] logΨ: mean=-124.509+0.259j | min=-130.679+1.357j | max=-123.921+2.020j
梯度监控 | raw=709.7341 | natural=0.0792 | clipped=0.0792(上限20.0)
原始规范坐标 G(Re Σrow_mean) = +28.3302 | 累计|g| = 92.4241
Ψ矩阵条件数 cond(Ψ) = 3.33e+01
Loss=-30.721143 | E0=-7.82368161-0.00035173j | E1=-7.69377288-0.00040704j|E2=-7.67350502-0.00024509j|E3=-7.53018308-0.00047837j
#-----------------------------------------#
[Step  86] logΨ: mean=-119.548+0.233j | min=-125.264-0.833j | max=-118.739+2.178j
梯度监控 | raw=743.2174 | natural=0.0466 | clipped=0.0466(上限20.0)
原始规范坐标 G(Re Σrow_mean) = +31.2043 | 累计|g| = 92.4241
Ψ矩阵条件数 cond(Ψ) = 5.63e+01
Loss=-30.737825 | E0=-7.82410453-0.00015778j | E1=-7.69438162-0.00013785j|E2=-7.67468442+0.00053810j|E3=-7.54465447+0.00011149j
#-----------------------------------------#
[Step  87] logΨ: mean=-117.841+0.396j | min=-121.501-1.566j | max=-116.923+2.042j
梯度监控 | raw=531.8555 | natural=0.0442 | clipped=0.0442(上限20.0)
原始规范坐标 G(Re Σrow_mean) = +31.2578 | 累计|g| = 92.4241
Ψ矩阵条件数 cond(Ψ) = 3.20e+01
Loss=-30.740506 | E0=-7.82812565+0.00005935j | E1=-7.69426670-0.00016243j|E2=-7.65459204-0.00013407j|E3=-7.56352163+0.00130746j
#-----------------------------------------#
[Step  88] logΨ: mean=-119.828-0.514j | min=-125.385+1.380j | max=-119.114+0.787j
梯度监控 | raw=1214.3636 | natural=0.0425 | clipped=0.0425(上限20.0)
原始规范坐标 G(Re Σrow_mean) = +32.2646 | 累计|g| = 92.4241
Ψ矩阵条件数 cond(Ψ) = 1.88e+02
Loss=-30.753510 | E0=-7.82893978-0.00031215j | E1=-7.69422850+0.00053010j|E2=-7.66396390-0.00134226j|E3=-7.56637765+0.00040848j
#-----------------------------------------#
[Step  89] logΨ: mean=-119.698-0.825j | min=-125.626+1.068j | max=-119.122+0.561j
梯度监控 | raw=861.3128 | natural=0.0305 | clipped=0.0305(上限20.0)
原始规范坐标 G(Re Σrow_mean) = +31.9315 | 累计|g| = 92.4241
Ψ矩阵条件数 cond(Ψ) = 7.71e+01
Loss=-30.759596 | E0=-7.82935846-0.00015065j | E1=-7.69129147+0.00036711j|E2=-7.66185695-0.00040126j|E3=-7.57708872-0.00060978j
#-----------------------------------------#
[GaugeReset@90] 吸收 Δg = Σ Re(col_mean) = +31.9315 | 新|g| = 109.5387
[Step  90] logΨ: mean=-152.073-0.406j | min=-156.194-0.662j | max=-151.493+0.101j
梯度监控 | raw=665.4616 | natural=0.0354 | clipped=0.0354(上限20.0)
原始规范坐标 G(Re Σrow_mean) = +31.7479 | 累计|g| = 109.5387
Ψ矩阵条件数 cond(Ψ) = 1.40e+02
Loss=-30.760361 | E0=-7.82857331-0.00009807j | E1=-7.69133754-0.00059485j|E2=-7.66220911+0.00100720j|E3=-7.57824080+0.00040605j
#-----------------------------------------#
[Step  91] logΨ: mean=-152.508+0.960j | min=-156.019-2.806j | max=-151.921+3.041j
梯度监控 | raw=544.2378 | natural=0.0382 | clipped=0.0382(上限20.0)
原始规范坐标 G(Re Σrow_mean) = +31.5405 | 累计|g| = 109.5387
Ψ矩阵条件数 cond(Ψ) = 8.60e+01
Loss=-30.776760 | E0=-7.82954504+0.00075336j | E1=-7.69452743+0.00033992j|E2=-7.66674042-0.00009582j|E3=-7.58594758+0.00051187j
#-----------------------------------------#
[Step  92] logΨ: mean=-152.735+0.869j | min=-157.046+2.150j | max=-152.165+2.931j
梯度监控 | raw=492.9215 | natural=0.0313 | clipped=0.0313(上限20.0)
原始规范坐标 G(Re Σrow_mean) = +31.3219 | 累计|g| = 109.5387
Ψ矩阵条件数 cond(Ψ) = 1.71e+02
Loss=-30.782967 | E0=-7.83060526+0.00009613j | E1=-7.69434101-0.00112044j|E2=-7.66638869+0.00178379j|E3=-7.59163182-0.00087461j
#-----------------------------------------#
[Step  93] logΨ: mean=-153.015+0.768j | min=-157.846-2.331j | max=-152.440+2.860j
梯度监控 | raw=457.9867 | natural=0.0276 | clipped=0.0276(上限20.0)
原始规范坐标 G(Re Σrow_mean) = +31.2372 | 累计|g| = 109.5387
Ψ矩阵条件数 cond(Ψ) = 1.82e+02
Loss=-30.784924 | E0=-7.83062337-0.00012149j | E1=-7.69433649+0.00080746j|E2=-7.66722168-0.00066855j|E3=-7.59274222-0.00102285j
#-----------------------------------------#
[Step  94] logΨ: mean=-152.506+0.804j | min=-158.500-0.995j | max=-151.931+2.679j
梯度监控 | raw=457.6664 | natural=0.0863 | clipped=0.0863(上限20.0)
原始规范坐标 G(Re Σrow_mean) = +31.4558 | 累计|g| = 109.5387
Ψ矩阵条件数 cond(Ψ) = 9.66e+01
Loss=-30.792336 | E0=-7.83533334-0.00047647j | E1=-7.69571302-0.00055639j|E2=-7.66681712+0.00144977j|E3=-7.59447255+0.00063506j
#-----------------------------------------#
[Step  95] logΨ: mean=-152.704+0.701j | min=-157.815+2.413j | max=-152.142+2.409j
梯度监控 | raw=405.0697 | natural=0.0311 | clipped=0.0311(上限20.0)
原始规范坐标 G(Re Σrow_mean) = +31.3173 | 累计|g| = 109.5387
Ψ矩阵条件数 cond(Ψ) = 1.15e+02
Loss=-30.802506 | E0=-7.83462538-0.00014008j | E1=-7.69521890-0.00047724j|E2=-7.66921565+0.00082135j|E3=-7.60344629-0.00093210j
#-----------------------------------------#
[Step  96] logΨ: mean=-151.809+0.391j | min=-158.917-1.155j | max=-151.259+2.040j
梯度监控 | raw=328.0603 | natural=0.0558 | clipped=0.0558(上限20.0)
原始规范坐标 G(Re Σrow_mean) = +31.8638 | 累计|g| = 109.5387
Ψ矩阵条件数 cond(Ψ) = 1.92e+02
Loss=-30.812536 | E0=-7.83528574-0.00007691j | E1=-7.69618616+0.00065542j|E2=-7.67000190-0.00202255j|E3=-7.61106173+0.00132909j
#-----------------------------------------#
[Step  97] logΨ: mean=-153.917-0.363j | min=-158.578-1.928j | max=-153.333+1.154j
梯度监控 | raw=403.4927 | natural=0.0298 | clipped=0.0298(上限20.0)
原始规范坐标 G(Re Σrow_mean) = +30.4386 | 累计|g| = 109.5387
Ψ矩阵条件数 cond(Ψ) = 1.25e+02
Loss=-30.807585 | E0=-7.83551507-0.00015091j | E1=-7.69794352-0.00067663j|E2=-7.67101719+0.00142405j|E3=-7.60310887-0.00072794j
#-----------------------------------------#
[Step  98] logΨ: mean=-154.537-0.533j | min=-158.857-1.422j | max=-153.994+0.986j
梯度监控 | raw=259.5823 | natural=0.0307 | clipped=0.0307(上限20.0)
原始规范坐标 G(Re Σrow_mean) = +30.2540 | 累计|g| = 109.5387
Ψ矩阵条件数 cond(Ψ) = 1.08e+02
Loss=-30.824854 | E0=-7.83800873-0.00001007j | E1=-7.69927238+0.00100266j|E2=-7.67217643-0.00093230j|E3=-7.61539648+0.00022747j
#-----------------------------------------#
[Step  99] logΨ: mean=-154.767-0.494j | min=-159.939+2.945j | max=-154.245+1.080j
梯度监控 | raw=234.2067 | natural=0.0405 | clipped=0.0405(上限20.0)
原始规范坐标 G(Re Σrow_mean) = +30.1098 | 累计|g| = 109.5387
Ψ矩阵条件数 cond(Ψ) = 1.12e+02
Loss=-30.831849 | E0=-7.83733706+0.00029785j | E1=-7.69968236+0.00008298j|E2=-7.67328985+0.00064891j|E3=-7.62153966+0.00039886j
#-----------------------------------------#
[GaugeReset@100] 吸收 Δg = Σ Re(col_mean) = +30.1098 | 新|g| = 126.1650
[Step 100] logΨ: mean=-185.164-0.100j | min=-190.427-2.347j | max=-184.656+1.567j
梯度监控 | raw=173.4302 | natural=0.0347 | clipped=0.0347(上限20.0)
原始规范坐标 G(Re Σrow_mean) = +29.8746 | 累计|g| = 126.1650
Ψ矩阵条件数 cond(Ψ) = 1.10e+02
Loss=-30.840762 | E0=-7.83881290+0.00010192j | E1=-7.70197862-0.00058646j|E2=-7.67544459+0.00072305j|E3=-7.62452585-0.00047553j
#-----------------------------------------#
[Step 101] logΨ: mean=-185.019-0.069j | min=-190.260-0.058j | max=-184.492+1.498j
梯度监控 | raw=219.4612 | natural=0.0509 | clipped=0.0509(上限20.0)
原始规范坐标 G(Re Σrow_mean) = +29.9506 | 累计|g| = 126.1650
Ψ矩阵条件数 cond(Ψ) = 1.37e+02
Loss=-30.839708 | E0=-7.84093551+0.00028724j | E1=-7.70281221-0.00117659j|E2=-7.67564220+0.00118624j|E3=-7.62031837-0.00020717j
#-----------------------------------------#
[Step 102] logΨ: mean=-185.166-0.404j | min=-191.592+0.727j | max=-184.663+1.192j
梯度监控 | raw=179.2848 | natural=0.0428 | clipped=0.0428(上限20.0)
原始规范坐标 G(Re Σrow_mean) = +29.8414 | 累计|g| = 126.1650
Ψ矩阵条件数 cond(Ψ) = 1.20e+02
Loss=-30.849906 | E0=-7.84028407+0.00026173j | E1=-7.70584801-0.00012141j|E2=-7.67782604+0.00010865j|E3=-7.62594752-0.00125740j
#-----------------------------------------#
[Step 103] logΨ: mean=-185.326-0.298j | min=-189.770+1.912j | max=-184.841+1.239j
梯度监控 | raw=133.3957 | natural=0.0347 | clipped=0.0347(上限20.0)
原始规范坐标 G(Re Σrow_mean) = +29.8489 | 累计|g| = 126.1650
Ψ矩阵条件数 cond(Ψ) = 6.55e+01
Loss=-30.851427 | E0=-7.84070008+0.00032461j | E1=-7.70281011+0.00041390j|E2=-7.67800843-0.00012363j|E3=-7.62990826+0.00013140j
#-----------------------------------------#
[Step 104] logΨ: mean=-185.461-0.337j | min=-189.226-3.087j | max=-184.951+1.310j
梯度监控 | raw=133.5736 | natural=0.0457 | clipped=0.0457(上限20.0)
原始规范坐标 G(Re Σrow_mean) = +29.6777 | 累计|g| = 126.1650
Ψ矩阵条件数 cond(Ψ) = 6.74e+01
Loss=-30.852550 | E0=-7.84119001+0.00002396j | E1=-7.70464546-0.00052449j|E2=-7.67851812+0.00148714j|E3=-7.62819605-0.00025820j
#-----------------------------------------#
[Step 105] logΨ: mean=-185.045-0.444j | min=-190.222+0.679j | max=-184.570+1.174j
梯度监控 | raw=106.4542 | natural=0.0669 | clipped=0.0669(上限20.0)
原始规范坐标 G(Re Σrow_mean) = +29.8505 | 累计|g| = 126.1650
Ψ矩阵条件数 cond(Ψ) = 7.31e+01
Loss=-30.863672 | E0=-7.84400589+0.00048536j | E1=-7.70824196-0.00137488j|E2=-7.68039061+0.00045113j|E3=-7.63103387-0.00064997j
#-----------------------------------------#
[Step 106] logΨ: mean=-185.051-0.303j | min=-191.113-3.071j | max=-184.586+1.286j
梯度监控 | raw=87.7211 | natural=0.0394 | clipped=0.0394(上限20.0)
原始规范坐标 G(Re Σrow_mean) = +29.7443 | 累计|g| = 126.1650
Ψ矩阵条件数 cond(Ψ) = 1.54e+02
Loss=-30.864881 | E0=-7.84320292+0.00008322j | E1=-7.70790259-0.00013650j|E2=-7.68106776-0.00036425j|E3=-7.63270776-0.00038577j
#-----------------------------------------#
[Step 107] logΨ: mean=-185.409-0.211j | min=-189.949+1.406j | max=-184.947+1.372j
梯度监控 | raw=77.7434 | natural=0.0962 | clipped=0.0962(上限20.0)
原始规范坐标 G(Re Σrow_mean) = +29.6044 | 累计|g| = 126.1650
Ψ矩阵条件数 cond(Ψ) = 1.62e+02
Loss=-30.868793 | E0=-7.84427669+0.00010759j | E1=-7.70762037+0.00075660j|E2=-7.68191057-0.00181360j|E3=-7.63498586+0.00136884j
#-----------------------------------------#
[Step 108] logΨ: mean=-185.418-0.108j | min=-190.500-1.939j | max=-184.961+1.497j
梯度监控 | raw=59.1883 | natural=0.0554 | clipped=0.0554(上限20.0)
原始规范坐标 G(Re Σrow_mean) = +29.5917 | 累计|g| = 126.1650
Ψ矩阵条件数 cond(Ψ) = 6.84e+01
Loss=-30.871479 | E0=-7.84437770-0.00042231j | E1=-7.70861306-0.00034240j|E2=-7.68188085+0.00093160j|E3=-7.63660744-0.00038694j
#-----------------------------------------#
[Step 109] logΨ: mean=-185.282+0.091j | min=-191.429-1.865j | max=-184.838+1.736j
梯度监控 | raw=59.0947 | natural=0.0318 | clipped=0.0318(上限20.0)
原始规范坐标 G(Re Σrow_mean) = +29.7125 | 累计|g| = 126.1650
Ψ矩阵条件数 cond(Ψ) = 6.85e+01
Loss=-30.873820 | E0=-7.84271841+0.00016928j | E1=-7.71055509+0.00025912j|E2=-7.68251955-0.00201675j|E3=-7.63802675+0.00191198j
#-----------------------------------------#
[GaugeReset@110] 吸收 Δg = Σ Re(col_mean) = +29.7125 | 新|g| = 142.7073
[Step 110] logΨ: mean=-214.860+0.011j | min=-219.554+1.522j | max=-214.407+1.655j
梯度监控 | raw=58.7409 | natural=0.0444 | clipped=0.0444(上限20.0)
原始规范坐标 G(Re Σrow_mean) = +29.7465 | 累计|g| = 142.7073
Ψ矩阵条件数 cond(Ψ) = 8.45e+01
Loss=-30.871931 | E0=-7.84436678-0.00032815j | E1=-7.70959764-0.00051611j|E2=-7.68159723+0.00135501j|E3=-7.63636942-0.00033219j
#-----------------------------------------#
[Step 111] logΨ: mean=-209.871-0.761j | min=-223.194+1.993j | max=-209.195+0.204j
梯度监控 | raw=53.7795 | natural=0.1861 | clipped=0.1861(上限20.0)
原始规范坐标 G(Re Σrow_mean) = +30.1263 | 累计|g| = 142.7073
Ψ矩阵条件数 cond(Ψ) = 4.64e+01
Loss=-30.877598 | E0=-7.84643914-0.00001513j | E1=-7.71094791-0.00000734j|E2=-7.68264109+0.00037567j|E3=-7.63756999-0.00006298j
#-----------------------------------------#
[Step 112] logΨ: mean=-209.202-0.738j | min=-215.538+1.641j | max=-208.845+0.473j
梯度监控 | raw=30.9143 | natural=0.0304 | clipped=0.0304(上限20.0)
原始规范坐标 G(Re Σrow_mean) = +31.0720 | 累计|g| = 142.7073
Ψ矩阵条件数 cond(Ψ) = 4.88e+01
Loss=-30.902333 | E0=-7.85751467-0.00009058j | E1=-7.71330057-0.00013708j|E2=-7.68256960-0.00066082j|E3=-7.64894776-0.00057461j
#-----------------------------------------#
[Step 113] logΨ: mean=-217.705-1.137j | min=-224.562+0.007j | max=-213.768-1.261j
梯度监控 | raw=21.8631 | natural=0.1160 | clipped=0.1160(上限20.0)
原始规范坐标 G(Re Σrow_mean) = +24.6499 | 累计|g| = 142.7073
Ψ矩阵条件数 cond(Ψ) = 4.90e+01
Loss=-30.906287 | E0=-7.85849966-0.00013596j | E1=-7.71374143+0.00007863j|E2=-7.68304865+0.00000004j|E3=-7.65099679+0.00014303j
#-----------------------------------------#
【Step 114 告警】梯度异常！nan=False, raw_grad_norm=24042.96
[Step 114] logΨ: mean=-223.390-0.937j | min=-227.028-0.605j | max=-212.222+0.518j
梯度监控 | raw=24042.9622 | natural=0.2918 | clipped=0.2918(上限20.0)
原始规范坐标 G(Re Σrow_mean) = +19.9974 | 累计|g| = 142.7073
Ψ矩阵条件数 cond(Ψ) = 8.60e+01
Loss=-10.131543 | E0=-7.86263995+0.00008659j | E1=-7.72026879-0.00164510j|E2=-7.70245924-0.00676552j|E3=13.15382479+18.02598096j
#-----------------------------------------#
【Step 115 告警】梯度异常！nan=False, raw_grad_norm=4245005.35
[Step 115] logΨ: mean=-246.427+0.106j | min=-247.273-1.007j | max=-243.315+2.658j
梯度监控 | raw=4245005.3517 | natural=189.1229 | clipped=20.0000(上限20.0)
原始规范坐标 G(Re Σrow_mean) = +9.0965 | 累计|g| = 142.7073
Ψ矩阵条件数 cond(Ψ) = 8.52e+02
Loss=-1531.326344 | E0=-1508.03941736+2399.75365682j | E1=-7.86258379-0.00007770j|E2=-7.72060723-0.00020174j|E3=-7.70373562-0.00303079j
#-----------------------------------------#
[Step 116] logΨ: mean=-246.515-0.028j | min=-246.813-2.950j | max=-246.342-3.042j
梯度监控 | raw=40.3294 | natural=0.0019 | clipped=0.0019(上限20.0)
原始规范坐标 G(Re Σrow_mean) = +9.0202 | 累计|g| = 142.7073
Ψ矩阵条件数 cond(Ψ) = 8.62e+02
Loss=-30.732489 | E0=-7.85122295-0.02463479j | E1=-7.69248341+0.02012812j|E2=-7.64029976+0.00218472j|E3=-7.54848245+0.29078546j
#-----------------------------------------#
[Step 117] logΨ: mean=-246.490-0.044j | min=-246.836-2.938j | max=-246.314-3.031j
梯度监控 | raw=40.3404 | natural=0.0019 | clipped=0.0019(上限20.0)
原始规范坐标 G(Re Σrow_mean) = +9.0202 | 累计|g| = 142.7073
Ψ矩阵条件数 cond(Ψ) = 8.72e+02
Loss=-30.741810 | E0=-7.85140961-0.02763407j | E1=-7.69199454+0.02030524j|E2=-7.63959650+0.00272791j|E3=-7.55880885+0.28916309j
#-----------------------------------------#
[Step 118] logΨ: mean=-246.463-0.059j | min=-246.860-2.925j | max=-246.286-3.020j
梯度监控 | raw=40.3048 | natural=0.0019 | clipped=0.0019(上限20.0)
原始规范坐标 G(Re Σrow_mean) = +9.0201 | 累计|g| = 142.7073
Ψ矩阵条件数 cond(Ψ) = 8.83e+02
Loss=-30.750699 | E0=-7.85157732-0.03078141j | E1=-7.69149859+0.02044510j|E2=-7.63882819+0.00323781j|E3=-7.56879463+0.28724302j
#-----------------------------------------#
[Step 119] logΨ: mean=-246.436-0.073j | min=-246.884-2.912j | max=-246.258-3.008j
梯度监控 | raw=40.2295 | natural=0.0019 | clipped=0.0019(上限20.0)
原始规范坐标 G(Re Σrow_mean) = +9.0199 | 累计|g| = 142.7073
Ψ矩阵条件数 cond(Ψ) = 8.94e+02
Loss=-30.759121 | E0=-7.85172603-0.03407531j | E1=-7.69100129+0.02054504j|E2=-7.63799191+0.00370524j|E3=-7.57840163+0.28507979j
#-----------------------------------------#
[GaugeReset@120] 吸收 Δg = Σ Re(col_mean) = +9.0199 | 新|g| = 147.8003
[Step 120] logΨ: mean=-255.428-0.906j | min=-255.929-0.969j | max=-255.249-1.067j
梯度监控 | raw=40.1216 | natural=0.0019 | clipped=0.0019(上限20.0)
原始规范坐标 G(Re Σrow_mean) = +9.0196 | 累计|g| = 147.8003
Ψ矩阵条件数 cond(Ψ) = 9.23e+02
Loss=-30.767041 | E0=-7.85186206-0.03751488j | E1=-7.69050885+0.02060388j|E2=-7.63708632+0.00411983j|E3=-7.58758411+0.28272920j
#-----------------------------------------#
[Step 121] logΨ: mean=-255.400-0.917j | min=-255.955-0.954j | max=-255.221-1.054j
梯度监控 | raw=39.9895 | natural=0.0019 | clipped=0.0019(上限20.0)
原始规范坐标 G(Re Σrow_mean) = +9.0191 | 累计|g| = 147.8003
Ψ矩阵条件数 cond(Ψ) = 9.34e+02
Loss=-30.774437 | E0=-7.85198736-0.04109698j | E1=-7.69002761+0.02062155j|E2=-7.63611153+0.00447094j|E3=-7.59631073+0.28025213j
#-----------------------------------------#
[Step 122] logΨ: mean=-255.372-0.928j | min=-255.981-0.938j | max=-255.192-1.041j
梯度监控 | raw=39.8418 | natural=0.0020 | clipped=0.0020(上限20.0)
原始规范坐标 G(Re Σrow_mean) = +9.0186 | 累计|g| = 147.8003
Ψ矩阵条件数 cond(Ψ) = 9.45e+02
Loss=-30.781290 | E0=-7.85210662-0.04482012j | E1=-7.68956414+0.02059872j|E2=-7.63506967+0.00474715j|E3=-7.60454945+0.27770661j
#-----------------------------------------#
[Step 123] logΨ: mean=-255.344-0.937j | min=-256.008-0.921j | max=-255.163-1.027j
梯度监控 | raw=39.6878 | natural=0.0020 | clipped=0.0020(上限20.0)
原始规范坐标 G(Re Σrow_mean) = +9.0179 | 累计|g| = 147.8003
Ψ矩阵条件数 cond(Ψ) = 9.56e+02
Loss=-30.787587 | E0=-7.85222801-0.04868291j | E1=-7.68912363+0.02053846j|E2=-7.63396504+0.00493630j|E3=-7.61227038+0.27515064j
#-----------------------------------------#
[Step 124] logΨ: mean=-255.315-0.945j | min=-256.036-0.902j | max=-255.134-1.013j
梯度监控 | raw=39.5376 | natural=0.0020 | clipped=0.0020(上限20.0)
原始规范坐标 G(Re Σrow_mean) = +9.0171 | 累计|g| = 147.8003
Ψ矩阵条件数 cond(Ψ) = 9.68e+02
Loss=-30.793329 | E0=-7.85235842-0.05268193j | E1=-7.68871162+0.02044364j|E2=-7.63280552+0.00502748j|E3=-7.61945331+0.27263716j
#-----------------------------------------#
[Step 125] logΨ: mean=-255.286-0.952j | min=-256.065-0.883j | max=-255.106-0.998j
梯度监控 | raw=39.4011 | natural=0.0020 | clipped=0.0020(上限20.0)
原始规范坐标 G(Re Σrow_mean) = +9.0163 | 累计|g| = 147.8003
Ψ矩阵条件数 cond(Ψ) = 9.81e+02
Loss=-30.798514 | E0=-7.85251080-0.05681787j | E1=-7.68833179+0.02031875j|E2=-7.63159982+0.00501052j|E3=-7.62607199+0.27021534j
#-----------------------------------------#
[Step 126] logΨ: mean=-255.258-0.957j | min=-256.094-0.863j | max=-255.077-0.983j
梯度监控 | raw=39.2891 | natural=0.0020 | clipped=0.0020(上限20.0)
原始规范坐标 G(Re Σrow_mean) = +9.0152 | 累计|g| = 147.8003
Ψ矩阵条件数 cond(Ψ) = 9.94e+02
Loss=-30.803151 | E0=-7.85269387-0.06108901j | E1=-7.68798619+0.02016939j|E2=-7.63211087+0.26793317j|E3=-7.63036056+0.00487691j
#-----------------------------------------#
[Step 127] logΨ: mean=-255.229-0.961j | min=-256.125-0.841j | max=-255.049-0.967j
梯度监控 | raw=39.2124 | natural=0.0020 | clipped=0.0020(上限20.0)
原始规范坐标 G(Re Σrow_mean) = +9.0141 | 累计|g| = 147.8003
Ψ矩阵条件数 cond(Ψ) = 1.01e+03
Loss=-30.807253 | E0=-7.85292467-0.06549609j | E1=-7.68767646+0.02000049j|E2=-7.63755088+0.26582950j|E3=-7.62910125+0.00462054j
#-----------------------------------------#
[Step 128] logΨ: mean=-255.201-0.964j | min=-256.157-0.817j | max=-255.021-0.951j
梯度监控 | raw=39.1828 | natural=0.0020 | clipped=0.0020(上限20.0)
原始规范坐标 G(Re Σrow_mean) = +9.0129 | 累计|g| = 147.8003
Ψ矩阵条件数 cond(Ψ) = 1.02e+03
Loss=-30.810837 | E0=-7.85321905-0.07004207j | E1=-7.68740216+0.01981727j|E2=-7.64237850+0.26393856j|E3=-7.62783687+0.00423808j
#-----------------------------------------#
[Step 129] logΨ: mean=-255.173-0.965j | min=-256.190-0.793j | max=-254.993-0.934j
梯度监控 | raw=39.2122 | natural=0.0021 | clipped=0.0021(上限20.0)
原始规范坐标 G(Re Σrow_mean) = +9.0115 | 累计|g| = 147.8003
Ψ矩阵条件数 cond(Ψ) = 1.03e+03
Loss=-30.813921 | E0=-7.85359700-0.07473051j | E1=-7.68716152+0.01962508j|E2=-7.64657938+0.26229038j|E3=-7.62658289+0.00372800j
#-----------------------------------------#
[GaugeReset@130] 吸收 Δg = Σ Re(col_mean) = +9.0115 | 新|g| = 153.1656
[Step 130] logΨ: mean=-264.157+0.564j | min=-265.236-1.986j | max=-263.978+1.006j
梯度监控 | raw=39.3139 | natural=0.0021 | clipped=0.0021(上限20.0)
原始规范坐标 G(Re Σrow_mean) = +9.0101 | 累计|g| = 153.1656
Ψ矩阵条件数 cond(Ψ) = 1.05e+03
Loss=-30.816528 | E0=-7.85408216-0.07956901j | E1=-7.68695257+0.01942837j|E2=-7.65013792+0.26090617j|E3=-7.62535563+0.00309185j
#-----------------------------------------#
[Step 131] logΨ: mean=-264.131+0.566j | min=-265.272-1.957j | max=-263.951+1.024j
梯度监控 | raw=39.5022 | natural=0.0021 | clipped=0.0021(上限20.0)
原始规范坐标 G(Re Σrow_mean) = +9.0085 | 累计|g| = 153.1656
Ψ矩阵条件数 cond(Ψ) = 1.06e+03
Loss=-30.818682 | E0=-7.85470062-0.08456515j | E1=-7.68677089+0.01923098j|E2=-7.65304010+0.25980957j|E3=-7.62417085+0.00233463j
#-----------------------------------------#
[Step 132] logΨ: mean=-264.106+0.569j | min=-265.310-1.927j | max=-263.926+1.043j
梯度监控 | raw=39.7933 | natural=0.0021 | clipped=0.0021(上限20.0)
原始规范坐标 G(Re Σrow_mean) = +9.0069 | 累计|g| = 153.1656
Ψ矩阵条件数 cond(Ψ) = 1.07e+03
Loss=-30.820413 | E0=-7.85548437-0.08973098j | E1=-7.68661332+0.01903630j|E2=-7.65527240+0.25901563j|E3=-7.62304249+0.00146133j
#-----------------------------------------#
[Step 133] logΨ: mean=-264.081+0.573j | min=-265.350-1.894j | max=-263.900+2.365j
梯度监控 | raw=40.2061 | natural=0.0021 | clipped=0.0021(上限20.0)
原始规范坐标 G(Re Σrow_mean) = +9.0051 | 累计|g| = 153.1656
Ψ矩阵条件数 cond(Ψ) = 1.09e+03
Loss=-30.821743 | E0=-7.85646815-0.09508118j | E1=-7.68647556+0.01884756j|E2=-7.65681539+0.25853632j|E3=-7.62198426+0.00047961j
#-----------------------------------------#
[Step 134] logΨ: mean=-264.058+0.579j | min=-265.391-1.860j | max=-263.867+2.365j
梯度监控 | raw=40.7628 | natural=0.0021 | clipped=0.0021(上限20.0)
原始规范坐标 G(Re Σrow_mean) = +9.0033 | 累计|g| = 153.1656
Ψ矩阵条件数 cond(Ψ) = 1.10e+03
Loss=-30.822710 | E0=-7.85769699-0.10063624j | E1=-7.68635302+0.01866692j|E2=-7.65765083+0.25837824j|E3=-7.62100929-0.00059990j
#-----------------------------------------#
[Step 135] logΨ: mean=-264.037+0.586j | min=-265.435-1.822j | max=-263.835+2.367j
梯度监控 | raw=41.4898 | natural=0.0021 | clipped=0.0021(上限20.0)
原始规范坐标 G(Re Σrow_mean) = +9.0013 | 累计|g| = 153.1656
Ψ矩阵条件数 cond(Ψ) = 1.11e+03
Loss=-30.823345 | E0=-7.85922203-0.10641499j | E1=-7.68623930+0.01849659j|E2=-7.65775281+0.25855139j|E3=-7.62013071-0.00176772j
#-----------------------------------------#
[Step 136] logΨ: mean=-264.017+0.595j | min=-265.481-1.782j | max=-263.806+2.369j
梯度监控 | raw=42.4205 | natural=0.0021 | clipped=0.0021(上限20.0)
原始规范坐标 G(Re Σrow_mean) = +8.9993 | 累计|g| = 153.1656
Ψ矩阵条件数 cond(Ψ) = 1.13e+03
Loss=-30.823687 | E0=-7.86110422-0.11244642j | E1=-7.68613117+0.01833854j|E2=-7.65709304+0.25905304j|E3=-7.61935858-0.00301207j
#-----------------------------------------#
[Step 137] logΨ: mean=-263.999+0.605j | min=-265.529-1.738j | max=-263.778+2.373j
梯度监控 | raw=43.5953 | natural=0.0021 | clipped=0.0021(上限20.0)
原始规范坐标 G(Re Σrow_mean) = +8.9973 | 累计|g| = 153.1656
Ψ矩阵条件数 cond(Ψ) = 1.14e+03
Loss=-30.823777 | E0=-7.86341620-0.11875845j | E1=-7.68602371+0.01819438j|E2=-7.65563349+0.25988432j|E3=-7.61870343-0.00431988j
#-----------------------------------------#
[Step 138] logΨ: mean=-263.984+0.616j | min=-265.581-1.691j | max=-263.752+2.378j
梯度监控 | raw=45.0657 | natural=0.0021 | clipped=0.0021(上限20.0)
原始规范坐标 G(Re Σrow_mean) = +8.9952 | 累计|g| = 153.1656
Ψ矩阵条件数 cond(Ψ) = 1.16e+03
Loss=-30.823664 | E0=-7.86624518-0.12538216j | E1=-7.68591058+0.01806598j|E2=-7.65333233+0.26103787j|E3=-7.61817580-0.00567759j
#-----------------------------------------#
[Step 139] logΨ: mean=-263.971+0.629j | min=-265.635-1.640j | max=-263.729+2.385j
梯度监控 | raw=46.8964 | natural=0.0021 | clipped=0.0021(上限20.0)
原始规范坐标 G(Re Σrow_mean) = +8.9931 | 累计|g| = 153.1656
Ψ矩阵条件数 cond(Ψ) = 1.18e+03
Loss=-30.823410 | E0=-7.86970137-0.13235184j | E1=-7.68578806+0.01795452j|E2=-7.65013701+0.26249650j|E3=-7.61778366-0.00706947j
#-----------------------------------------#
[GaugeReset@140] 吸收 Δg = Σ Re(col_mean) = +8.9931 | 新|g| = 158.7658
[Step 140] logΨ: mean=-272.954-0.190j | min=-274.686-2.811j | max=-272.702+1.166j
梯度监控 | raw=49.1690 | natural=0.0021 | clipped=0.0021(上限20.0)
原始规范坐标 G(Re Σrow_mean) = +8.9909 | 累计|g| = 158.7658
Ψ矩阵条件数 cond(Ψ) = 1.16e+03
Loss=-30.823093 | E0=-7.87391701-0.13969983j | E1=-7.68565045+0.01786148j|E2=-7.64598965+0.26423065j|E3=-7.61753598-0.00847832j
#-----------------------------------------#
