
============================================================
开始多链 NES-VMC 训练 | 使用自然梯度
============================================================
FCI基准：基态=-2.88759483 Ha | 1激发=-1.40116328 Ha|2激发=-0.95215100 Ha|3激发=-0.38469286 Ha|
理论 Loss 上限：-5.62560197 
超参：clip_norm=20.0, lr=0.1, QGT diag_shift=0.1
[Step   0] logΨ: mean=0.137+0.002j | min=-3.040-1.220j | max=1.335+0.617j
梯度监控 | raw=4.5651 | natural=2.1032 | clipped=2.1032(上限20.0)
Ψ矩阵条件数 cond(Ψ) = 6.06e+00
Loss=4.886355 | E0=0.16285226-0.00289172j | E1=1.14720154+0.00134978j|E2=1.48643959-0.00222685j|E3=2.08986282+0.00278002j
#-----------------------------------------#
[Step   1] logΨ: mean=0.249-0.014j | min=-2.677-0.383j | max=1.805+2.152j
梯度监控 | raw=5.3242 | natural=2.1208 | clipped=2.1208(上限20.0)
Ψ矩阵条件数 cond(Ψ) = 6.30e+00
Loss=3.705620 | E0=-0.20588848-0.00089337j | E1=0.76394260+0.00557113j|E2=1.19331038-0.00421974j|E3=1.95425653-0.00073444j
#-----------------------------------------#
[Step   2] logΨ: mean=0.577+0.007j | min=-3.066-1.553j | max=2.384+2.255j
梯度监控 | raw=6.6862 | natural=2.0750 | clipped=2.0750(上限20.0)
Ψ矩阵条件数 cond(Ψ) = 1.12e+01
Loss=2.294641 | E0=-0.65054762-0.00717003j | E1=0.28464210+0.00185116j|E2=0.92432624-0.00190853j|E3=1.73622000+0.00633004j
#-----------------------------------------#
[Step   3] logΨ: mean=1.238+0.006j | min=-2.834+0.075j | max=3.062+0.058j
梯度监控 | raw=8.2466 | natural=1.9677 | clipped=1.9677(上限20.0)
Ψ矩阵条件数 cond(Ψ) = 1.34e+01
Loss=0.768148 | E0=-1.23579001+0.00224592j | E1=-0.10241989-0.00512695j|E2=0.61988270-0.00151824j|E3=1.48647308+0.00241755j
#-----------------------------------------#
[Step   4] logΨ: mean=2.099+0.051j | min=-2.578+2.380j | max=4.011+0.210j
梯度监控 | raw=8.8382 | natural=1.8202 | clipped=1.8202(上限20.0)
Ψ矩阵条件数 cond(Ψ) = 7.11e+00
Loss=-0.585656 | E0=-1.86156535-0.00244310j | E1=-0.33747521-0.00263761j|E2=0.36552364-0.00508280j|E3=1.24786103+0.00945264j
#-----------------------------------------#
[Step   5] logΨ: mean=3.117+0.111j | min=-1.960+3.005j | max=4.945+0.388j
梯度监控 | raw=8.3503 | natural=1.6646 | clipped=1.6646(上限20.0)
Ψ矩阵条件数 cond(Ψ) = 2.57e+01
Loss=-1.747050 | E0=-2.33415127+0.00460179j | E1=-0.54057503-0.00948594j|E2=0.14465240+0.00092698j|E3=0.98302668+0.00441439j
#-----------------------------------------#
[Step   6] logΨ: mean=4.126-0.002j | min=-2.419-1.565j | max=5.874+0.578j
梯度监控 | raw=7.6278 | natural=1.5379 | clipped=1.5379(上限20.0)
Ψ矩阵条件数 cond(Ψ) = 7.54e+00
Loss=-2.571136 | E0=-2.56586552+0.00170776j | E1=-0.68916261-0.00818466j|E2=-0.06117887+0.00809043j|E3=0.74507111-0.00079485j
#-----------------------------------------#
[Step   7] logΨ: mean=5.237-0.043j | min=-0.262+1.920j | max=6.807+0.767j
梯度监控 | raw=7.2172 | natural=1.3736 | clipped=1.3736(上限20.0)
Ψ矩阵条件数 cond(Ψ) = 1.01e+01
Loss=-3.274676 | E0=-2.72658873-0.00273468j | E1=-0.81082594+0.00368172j|E2=-0.24581747-0.00574059j|E3=0.50855339+0.00179351j
#-----------------------------------------#
[Step   8] logΨ: mean=6.248-0.005j | min=-0.094-1.641j | max=7.700+0.947j
梯度监控 | raw=6.9698 | natural=1.2570 | clipped=1.2570(上限20.0)
Ψ矩阵条件数 cond(Ψ) = 1.38e+01
Loss=-3.716714 | E0=-2.78745794-0.00001326j | E1=-0.89505881+0.00460949j|E2=-0.36244684-0.00059616j|E3=0.32824692-0.01093831j
#-----------------------------------------#
[Step   9] logΨ: mean=7.248-0.252j | min=0.980-1.326j | max=8.604+1.085j
梯度监控 | raw=6.6220 | natural=1.1238 | clipped=1.1238(上限20.0)
Ψ矩阵条件数 cond(Ψ) = 9.35e+00
Loss=-4.071803 | E0=-2.81288290-0.00342889j | E1=-0.99270445+0.00382190j|E2=-0.47976750+0.00690471j|E3=0.21354987-0.00281491j
#-----------------------------------------#
[Step  10] logΨ: mean=8.278-0.308j | min=2.910+3.013j | max=9.499+1.183j
梯度监控 | raw=5.5163 | natural=0.9826 | clipped=0.9826(上限20.0)
Ψ矩阵条件数 cond(Ψ) = 2.91e+01
Loss=-4.351712 | E0=-2.84182525-0.00350151j | E1=-1.05681789+0.00043947j|E2=-0.56194401+0.00257541j|E3=0.10887524-0.00240780j
#-----------------------------------------#
[Step  11] logΨ: mean=9.262-0.360j | min=2.502-0.843j | max=10.342+1.275j
梯度监控 | raw=6.1275 | natural=0.9014 | clipped=0.9014(上限20.0)
Ψ矩阵条件数 cond(Ψ) = 3.56e+01
Loss=-4.604997 | E0=-2.84812832-0.00293270j | E1=-1.12931490-0.00275488j|E2=-0.67170280+0.00087637j|E3=0.04415024+0.00553133j
#-----------------------------------------#
[Step  12] logΨ: mean=10.251-0.438j | min=3.183-1.699j | max=11.170+1.498j
梯度监控 | raw=6.4422 | natural=0.7321 | clipped=0.7321(上限20.0)
Ψ矩阵条件数 cond(Ψ) = 1.27e+01
Loss=-4.820072 | E0=-2.85227871+0.00278238j | E1=-1.19555306-0.00055584j|E2=-0.75520986+0.00122082j|E3=-0.01702829+0.00630662j
#-----------------------------------------#
[Step  13] logΨ: mean=10.959-0.268j | min=3.198-2.409j | max=11.830+1.623j
梯度监控 | raw=6.0330 | natural=1.0366 | clipped=1.0366(上限20.0)
Ψ矩阵条件数 cond(Ψ) = 1.41e+01
Loss=-4.902377 | E0=-2.85805273-0.00206829j | E1=-1.22173882+0.00263780j|E2=-0.77810425-0.00116880j|E3=-0.04448319-0.00241217j
#-----------------------------------------#
[Step  14] logΨ: mean=11.675-0.185j | min=4.916-2.983j | max=12.439+1.746j
梯度监控 | raw=5.2734 | natural=0.5719 | clipped=0.5719(上限20.0)
Ψ矩阵条件数 cond(Ψ) = 1.79e+01
Loss=-5.002002 | E0=-2.86042714+0.00129653j | E1=-1.25695097+0.00260444j|E2=-0.81871194-0.00279019j|E3=-0.06591362+0.00310078j
#-----------------------------------------#
[Step  15] logΨ: mean=12.284-0.047j | min=5.047-1.044j | max=13.004+1.819j
梯度监控 | raw=6.2962 | natural=0.5610 | clipped=0.5610(上限20.0)
Ψ矩阵条件数 cond(Ψ) = 2.06e+01
Loss=-5.064386 | E0=-2.85963392+0.00102718j | E1=-1.29197991-0.00249858j|E2=-0.83745599+0.00383936j|E3=-0.07531627+0.00063921j
#-----------------------------------------#
[Step  16] logΨ: mean=12.920-0.268j | min=6.517+0.131j | max=13.579+1.807j
梯度监控 | raw=7.3482 | natural=0.4632 | clipped=0.4632(上限20.0)
Ψ矩阵条件数 cond(Ψ) = 3.19e+01
Loss=-5.126533 | E0=-2.85774851-0.00028856j | E1=-1.31409979+0.00122678j|E2=-0.85564083-0.00111092j|E3=-0.09904718+0.00259336j
#-----------------------------------------#
[Step  17] logΨ: mean=13.376-0.306j | min=7.608+2.841j | max=13.933+1.679j
梯度监控 | raw=5.8591 | natural=0.4404 | clipped=0.4404(上限20.0)
Ψ矩阵条件数 cond(Ψ) = 2.97e+01
Loss=-5.191580 | E0=-2.86183691-0.00191499j | E1=-1.32345259-0.00460971j|E2=-0.88863641+0.00418557j|E3=-0.11765264-0.00558599j
#-----------------------------------------#
[Step  18] logΨ: mean=13.800-0.341j | min=7.430-2.149j | max=14.308+1.673j
梯度监控 | raw=7.6371 | natural=0.3802 | clipped=0.3802(上限20.0)
Ψ矩阵条件数 cond(Ψ) = 2.25e+01
Loss=-5.241625 | E0=-2.86138225-0.00073982j | E1=-1.34773779-0.00005308j|E2=-0.89959621-0.00007540j|E3=-0.13291240-0.00088612j
#-----------------------------------------#
[Step  19] logΨ: mean=14.379-0.228j | min=7.619-1.753j | max=14.852+1.690j
梯度监控 | raw=9.2585 | natural=0.2840 | clipped=0.2840(上限20.0)
Ψ矩阵条件数 cond(Ψ) = 1.89e+01
Loss=-5.265342 | E0=-2.85890055+0.00004841j | E1=-1.35635388-0.00083023j|E2=-0.90553010+0.00132629j|E3=-0.14455707-0.00650787j
#-----------------------------------------#
[Step  20] logΨ: mean=14.832-0.089j | min=8.778+0.190j | max=15.284+1.765j
梯度监控 | raw=16.3575 | natural=0.2783 | clipped=0.2783(上限20.0)
Ψ矩阵条件数 cond(Ψ) = 1.70e+01
Loss=-5.290336 | E0=-2.86006951+0.00096736j | E1=-1.36609483-0.00185895j|E2=-0.91239965+0.00200792j|E3=-0.15177323-0.00573516j
#-----------------------------------------#
[Step  21] logΨ: mean=14.940+0.063j | min=8.983-1.028j | max=15.351+1.818j
梯度监控 | raw=17.0485 | natural=0.3528 | clipped=0.3528(上限20.0)
Ψ矩阵条件数 cond(Ψ) = 5.38e+01
Loss=-5.319308 | E0=-2.86880374+0.00238530j | E1=-1.37416124+0.00034306j|E2=-0.92057234+0.00015485j|E3=-0.15577355-0.01024290j
#-----------------------------------------#
[Step  22] logΨ: mean=15.559-0.008j | min=10.039-1.183j | max=15.926+1.701j
梯度监控 | raw=17.1003 | natural=0.1850 | clipped=0.1850(上限20.0)
Ψ矩阵条件数 cond(Ψ) = 1.63e+01
Loss=-5.330156 | E0=-2.85519838-0.00112359j | E1=-1.37968385-0.00028796j|E2=-0.93137288+0.00017702j|E3=-0.16389950-0.01307254j
#-----------------------------------------#
[Step  23] logΨ: mean=15.775+0.054j | min=9.400-0.872j | max=16.130+1.750j
梯度监控 | raw=21.0566 | natural=0.2250 | clipped=0.2250(上限20.0)
Ψ矩阵条件数 cond(Ψ) = 1.40e+01
Loss=-5.346928 | E0=-2.86193776+0.00061441j | E1=-1.38581467-0.00268228j|E2=-0.93112075+0.00097067j|E3=-0.16805427-0.01835202j
#-----------------------------------------#
[Step  24] logΨ: mean=16.058-0.348j | min=9.517+3.003j | max=16.413+1.618j
梯度监控 | raw=27.6338 | natural=0.2889 | clipped=0.2889(上限20.0)
Ψ矩阵条件数 cond(Ψ) = 1.45e+01
Loss=-5.358632 | E0=-2.86270952-0.00088243j | E1=-1.38553870-0.00035047j|E2=-0.93330997+0.00149131j|E3=-0.17707282-0.01153474j
#-----------------------------------------#
[Step  25] logΨ: mean=16.482-0.280j | min=6.480-1.306j | max=16.835+1.477j
梯度监控 | raw=45.0293 | natural=0.2630 | clipped=0.2630(上限20.0)
Ψ矩阵条件数 cond(Ψ) = 1.51e+01
Loss=-5.370413 | E0=-2.86161232-0.00220803j | E1=-1.38851810+0.00018406j|E2=-0.93529665-0.00059901j|E3=-0.18498765-0.00364359j
#-----------------------------------------#
[Step  26] logΨ: mean=16.970-0.411j | min=10.862+0.004j | max=17.315+1.438j
梯度监控 | raw=60.3110 | natural=0.1371 | clipped=0.1371(上限20.0)
Ψ矩阵条件数 cond(Ψ) = 1.50e+01
Loss=-5.383546 | E0=-2.85945392-0.00053115j | E1=-1.39174831+0.00002079j|E2=-0.93853718+0.00002937j|E3=-0.19380833-0.00290897j
#-----------------------------------------#
[Step  27] logΨ: mean=17.095-0.407j | min=10.018+1.968j | max=17.407+1.500j
梯度监控 | raw=57.8114 | natural=0.2186 | clipped=0.2186(上限20.0)
Ψ矩阵条件数 cond(Ψ) = 1.68e+01
Loss=-5.396729 | E0=-2.86223960+0.00017573j | E1=-1.39626396+0.00013904j|E2=-0.94080013+0.00031241j|E3=-0.19742575-0.00481102j
#-----------------------------------------#
[Step  28] logΨ: mean=17.264-0.456j | min=10.858-0.293j | max=17.625+1.300j
梯度监控 | raw=79.9939 | natural=0.4272 | clipped=0.4272(上限20.0)
Ψ矩阵条件数 cond(Ψ) = 1.76e+01
Loss=-5.396766 | E0=-2.86371803-0.00564944j | E1=-1.39457369-0.00084400j|E2=-0.93907857+0.00100083j|E3=-0.19939394-0.00188908j
#-----------------------------------------#
[Step  29] logΨ: mean=17.487-1.030j | min=11.559-1.993j | max=17.820+1.214j
梯度监控 | raw=103.0024 | natural=0.1856 | clipped=0.1856(上限20.0)
Ψ矩阵条件数 cond(Ψ) = 1.48e+01
Loss=-5.412325 | E0=-2.86073303-0.00027802j | E1=-1.39683354-0.00008190j|E2=-0.94282031-0.00000571j|E3=-0.21193756-0.00042477j
#-----------------------------------------#
[Step  30] logΨ: mean=17.670-1.058j | min=11.179-2.661j | max=18.041+1.136j
梯度监控 | raw=96.2991 | natural=0.2378 | clipped=0.2378(上限20.0)
Ψ矩阵条件数 cond(Ψ) = 1.08e+01
Loss=-5.414542 | E0=-2.85825348-0.00058412j | E1=-1.39685178+0.00018700j|E2=-0.94220841+0.00005075j|E3=-0.21722561+0.00378150j
#-----------------------------------------#
[Step  31] logΨ: mean=17.707+0.096j | min=11.242+3.115j | max=18.074+1.064j
梯度监控 | raw=97.6795 | natural=0.3043 | clipped=0.3043(上限20.0)
Ψ矩阵条件数 cond(Ψ) = 1.54e+01
Loss=-5.429642 | E0=-2.86856985-0.00076564j | E1=-1.39616001-0.00071186j|E2=-0.94311458+0.00052172j|E3=-0.22179858+0.01248261j
#-----------------------------------------#
[Step  32] logΨ: mean=17.740+0.166j | min=11.625+0.996j | max=18.105+1.022j
梯度监控 | raw=118.5005 | natural=0.2760 | clipped=0.2760(上限20.0)
Ψ矩阵条件数 cond(Ψ) = 1.55e+01
Loss=-5.437710 | E0=-2.86714840+0.00051930j | E1=-1.39910698+0.00000938j|E2=-0.94406247+0.00019336j|E3=-0.22739579+0.01200023j
#-----------------------------------------#
[Step  33] logΨ: mean=18.094+0.123j | min=12.521+1.195j | max=18.459+0.934j
梯度监控 | raw=120.2316 | natural=0.1999 | clipped=0.1999(上限20.0)
Ψ矩阵条件数 cond(Ψ) = 1.68e+01
Loss=-5.435509 | E0=-2.86102438-0.00148632j | E1=-1.39857256-0.00008344j|E2=-0.94223446+0.00009238j|E3=-0.23367631+0.01431414j
#-----------------------------------------#
[Step  34] logΨ: mean=18.422+0.063j | min=10.865+2.605j | max=18.792+0.870j
梯度监控 | raw=119.3702 | natural=0.1973 | clipped=0.1973(上限20.0)
Ψ矩阵条件数 cond(Ψ) = 1.66e+01
Loss=-5.438575 | E0=-2.85705066-0.00085670j | E1=-1.39947283-0.00025373j|E2=-0.94465643+0.00033571j|E3=-0.23739691+0.00673864j
#-----------------------------------------#
[Step  35] logΨ: mean=19.417+0.240j | min=11.822-2.314j | max=19.723+0.697j
梯度监控 | raw=118.3329 | natural=0.2156 | clipped=0.2156(上限20.0)
Ψ矩阵条件数 cond(Ψ) = 1.51e+01
Loss=-5.444651 | E0=-2.85840535-0.00063466j | E1=-1.39935756-0.00038561j|E2=-0.94320107+0.00008269j|E3=-0.24368890+0.00763600j
#-----------------------------------------#
[Step  36] logΨ: mean=19.744+0.326j | min=12.400+0.192j | max=20.071+0.667j
梯度监控 | raw=191.2144 | natural=0.1350 | clipped=0.1350(上限20.0)
Ψ矩阵条件数 cond(Ψ) = 2.46e+01
Loss=-5.455375 | E0=-2.85790682-0.00035335j | E1=-1.39962769+0.00016176j|E2=-0.94445348+0.00012441j|E3=-0.25338602+0.00220780j
#-----------------------------------------#
[Step  37] logΨ: mean=19.309+0.167j | min=11.096-0.604j | max=19.655+0.608j
梯度监控 | raw=224.6976 | natural=0.3389 | clipped=0.3389(上限20.0)
Ψ矩阵条件数 cond(Ψ) = 1.53e+01
Loss=-5.471335 | E0=-2.86529684+0.00061879j | E1=-1.40085614+0.00016187j|E2=-0.94409549-0.00001086j|E3=-0.26108429+0.00792174j
#-----------------------------------------#
[Step  38] logΨ: mean=19.374+0.101j | min=12.358-1.080j | max=19.697+0.416j
梯度监控 | raw=215.8310 | natural=0.3424 | clipped=0.3424(上限20.0)
Ψ矩阵条件数 cond(Ψ) = 1.62e+01
Loss=-5.477261 | E0=-2.86323643-0.00250590j | E1=-1.39982235+0.00005787j|E2=-0.94488215+0.00011816j|E3=-0.26931798+0.00137157j
#-----------------------------------------#
[Step  39] logΨ: mean=19.068+0.002j | min=13.301+2.971j | max=19.384+0.440j
梯度监控 | raw=192.4691 | natural=0.2296 | clipped=0.2296(上限20.0)
Ψ矩阵条件数 cond(Ψ) = 2.49e+01
Loss=-5.480734 | E0=-2.86461043-0.00010508j | E1=-1.40003479+0.00002878j|E2=-0.94477105+0.00019988j|E3=-0.27131549-0.00532434j
#-----------------------------------------#
[Step  40] logΨ: mean=19.248+0.080j | min=13.647-0.161j | max=19.564+0.483j
梯度监控 | raw=168.8248 | natural=0.2133 | clipped=0.2133(上限20.0)
Ψ矩阵条件数 cond(Ψ) = 1.86e+01
Loss=-5.481216 | E0=-2.86256146+0.00063977j | E1=-1.39993668+0.00010332j|E2=-0.94450420+0.00013832j|E3=-0.27421540-0.00414967j
#-----------------------------------------#
[Step  41] logΨ: mean=19.387+0.137j | min=13.564+1.479j | max=19.727+0.507j
梯度监控 | raw=207.6428 | natural=0.2967 | clipped=0.2967(上限20.0)
Ψ矩阵条件数 cond(Ψ) = 2.45e+01
Loss=-5.489267 | E0=-2.86381626+0.00071798j | E1=-1.40059853-0.00008092j|E2=-0.94543266+0.00026045j|E3=-0.27941903+0.00248550j
#-----------------------------------------#
[Step  42] logΨ: mean=19.656+0.099j | min=13.929-0.860j | max=19.992+0.544j
梯度监控 | raw=219.9046 | natural=0.1611 | clipped=0.1611(上限20.0)
Ψ矩阵条件数 cond(Ψ) = 1.64e+01
Loss=-5.491061 | E0=-2.86270571+0.00028916j | E1=-1.40068328-0.00005194j|E2=-0.94582331+0.00021956j|E3=-0.28184783+0.00084133j
#-----------------------------------------#
[Step  43] logΨ: mean=21.974+0.389j | min=16.263+3.075j | max=24.329+2.322j
梯度监控 | raw=218.9314 | natural=0.3379 | clipped=0.3379(上限20.0)
Ψ矩阵条件数 cond(Ψ) = 4.96e+01
Loss=-5.493299 | E0=-2.86144638+0.00021950j | E1=-1.40086758-0.00014583j|E2=-0.94354087-0.00179915j|E3=-0.28744534+0.00376885j
#-----------------------------------------#
[Step  44] logΨ: mean=23.991+0.993j | min=18.107-1.581j | max=24.298+2.407j
梯度监控 | raw=592.5488 | natural=0.4801 | clipped=0.4801(上限20.0)
Ψ矩阵条件数 cond(Ψ) = 6.51e+01
Loss=-5.590576 | E0=-2.85106516+0.00098909j | E1=-1.40047145+0.00010977j|E2=-0.94546574+0.00002499j|E3=-0.39356899+0.06540744j
#-----------------------------------------#
[Step  45] logΨ: mean=24.389+0.320j | min=18.822+1.727j | max=24.413+1.665j
梯度监控 | raw=2.1371 | natural=0.1157 | clipped=0.1157(上限20.0)
Ψ矩阵条件数 cond(Ψ) = 2.31e+01
Loss=-5.419336 | E0=-2.86052632-0.00049925j | E1=-1.40088177-0.00001866j|E2=-0.94600201+0.00018344j|E3=-0.21192525-0.00516869j
#-----------------------------------------#
[Step  46] logΨ: mean=24.384+1.202j | min=16.035-2.820j | max=24.405+2.654j
梯度监控 | raw=8.3161 | natural=0.2184 | clipped=0.2184(上限20.0)
Ψ矩阵条件数 cond(Ψ) = 2.09e+01
Loss=-5.414059 | E0=-2.86760378+0.00005304j | E1=-1.40031242-0.00012164j|E2=-0.94575882+0.00025458j|E3=-0.20038649-0.00201962j
#-----------------------------------------#
[Step  47] logΨ: mean=21.162-1.517j | min=16.038-3.095j | max=21.199+0.028j
梯度监控 | raw=7.9868 | natural=0.2929 | clipped=0.2929(上限20.0)
Ψ矩阵条件数 cond(Ψ) = 2.82e+01
Loss=-5.415171 | E0=-2.86386299+0.00053009j | E1=-1.40058160-0.00005273j|E2=-0.94564950+0.00023848j|E3=-0.20507902-0.00274515j
#-----------------------------------------#
[Step  48] logΨ: mean=20.895-1.414j | min=14.631-0.911j | max=20.985+0.071j
梯度监控 | raw=16.8497 | natural=0.1270 | clipped=0.1270(上限20.0)
Ψ矩阵条件数 cond(Ψ) = 3.03e+01
Loss=-5.387765 | E0=-2.86260653-0.00034197j | E1=-1.38205254-0.00000431j|E2=-0.93229693+0.00171142j|E3=-0.21080753-0.00183488j
#-----------------------------------------#
[Step  49] logΨ: mean=22.024+1.414j | min=14.882+1.609j | max=22.185+2.975j
梯度监控 | raw=89.0519 | natural=0.2344 | clipped=0.2344(上限20.0)
Ψ矩阵条件数 cond(Ψ) = 4.17e+01
Loss=-5.407401 | E0=-2.85731125+0.00003961j | E1=-1.37345541+0.00447769j|E2=-0.93337911-0.00272982j|E3=-0.24326043+0.00600780j
#-----------------------------------------#
[Step  50] logΨ: mean=21.936+1.432j | min=16.942+0.601j | max=22.028+3.080j
梯度监控 | raw=37.1423 | natural=0.1638 | clipped=0.1638(上限20.0)
Ψ矩阵条件数 cond(Ψ) = 5.26e+01
Loss=-5.393985 | E0=-2.86062431-0.00090027j | E1=-1.38528097-0.00013029j|E2=-0.93467647+0.00056889j|E3=-0.21340483+0.00352060j
#-----------------------------------------#
[Step  51] logΨ: mean=21.938-1.467j | min=16.185-0.245j | max=22.015+0.047j
梯度监控 | raw=8.4346 | natural=0.1625 | clipped=0.1625(上限20.0)
Ψ矩阵条件数 cond(Ψ) = 6.21e+01
Loss=-5.391318 | E0=-2.85837173-0.00002505j | E1=-1.38747287-0.00000320j|E2=-0.93737173+0.00091921j|E3=-0.20810340-0.00531633j
#-----------------------------------------#
[Step  52] logΨ: mean=21.657-1.240j | min=15.453-2.982j | max=21.729+0.241j
梯度监控 | raw=91.2338 | natural=0.1729 | clipped=0.1729(上限20.0)
Ψ矩阵条件数 cond(Ψ) = 8.49e+01
Loss=-5.430762 | E0=-2.86246490+0.00032570j | E1=-1.39292192-0.00007070j|E2=-0.94118559+0.00045798j|E3=-0.23418829+0.00331141j
#-----------------------------------------#
[Step  53] logΨ: mean=21.760-0.981j | min=15.765-0.781j | max=21.818+0.600j
梯度监控 | raw=15.7815 | natural=0.1930 | clipped=0.1930(上限20.0)
Ψ矩阵条件数 cond(Ψ) = 7.98e+01
Loss=-5.416181 | E0=-2.86136699+0.00055560j | E1=-1.39384902-0.00005678j|E2=-0.94209290+0.00054580j|E3=-0.21887332-0.00389396j
#-----------------------------------------#
[Step  54] logΨ: mean=21.501-0.651j | min=15.510-2.352j | max=21.562+0.928j
梯度监控 | raw=87.2838 | natural=0.1345 | clipped=0.1345(上限20.0)
Ψ矩阵条件数 cond(Ψ) = 8.08e+01
Loss=-5.428699 | E0=-2.86329579+0.00049311j | E1=-1.39387250-0.00012916j|E2=-0.94103879+0.00028324j|E3=-0.23049137+0.00031770j
#-----------------------------------------#
[Step  55] logΨ: mean=18.707-0.695j | min=11.932-0.869j | max=19.116+2.982j
梯度监控 | raw=50.2691 | natural=0.3019 | clipped=0.3019(上限20.0)
Ψ矩阵条件数 cond(Ψ) = 4.96e+01
Loss=-5.440430 | E0=-2.86187792+0.00054254j | E1=-1.39624643+0.00026350j|E2=-0.94301176+0.00013299j|E3=-0.23929188+0.00627765j
#-----------------------------------------#
[Step  56] logΨ: mean=19.125-0.677j | min=13.225+1.677j | max=19.942+3.010j
梯度监控 | raw=579.9857 | natural=0.2157 | clipped=0.2157(上限20.0)
Ψ矩阵条件数 cond(Ψ) = 5.72e+01
Loss=-5.275228 | E0=-2.86192799+0.00069793j | E1=-1.39141655+0.00176045j|E2=-0.94418854-0.00089506j|E3=-0.07769339-0.14831717j
#-----------------------------------------#
[Step  57] logΨ: mean=19.673-0.353j | min=12.036+2.433j | max=20.419+2.927j
梯度监控 | raw=2696.0053 | natural=0.2321 | clipped=0.2321(上限20.0)
Ψ矩阵条件数 cond(Ψ) = 1.54e+01
Loss=-5.245150 | E0=-2.85939336+0.00066377j | E1=-1.39529860+0.00017224j|E2=-0.94436246-0.00011002j|E3=-0.04609671-0.10883787j
#-----------------------------------------#
[Step  58] logΨ: mean=19.124-0.236j | min=13.528+0.385j | max=19.704+2.818j
梯度监控 | raw=2671.3495 | natural=0.1996 | clipped=0.1996(上限20.0)
Ψ矩阵条件数 cond(Ψ) = 5.99e+01
Loss=-5.279176 | E0=-2.86859608-0.00032685j | E1=-1.39503384+0.00059345j|E2=-0.94483471-0.00138533j|E3=-0.07071020-0.06782698j
#-----------------------------------------#
[Step  59] logΨ: mean=19.522+0.213j | min=13.674-2.836j | max=19.979+2.850j
梯度监控 | raw=1924.4873 | natural=0.1925 | clipped=0.1925(上限20.0)
Ψ矩阵条件数 cond(Ψ) = 2.24e+01
Loss=-5.310248 | E0=-2.86398149+0.00066078j | E1=-1.39767230+0.00011483j|E2=-0.94500995-0.00000892j|E3=-0.10358506-0.03594840j
#-----------------------------------------#
[Step  60] logΨ: mean=19.961+0.615j | min=13.039-2.072j | max=20.366+2.811j
梯度监控 | raw=1757.4860 | natural=0.2065 | clipped=0.2065(上限20.0)
Ψ矩阵条件数 cond(Ψ) = 1.11e+02
Loss=-5.308154 | E0=-2.85606289-0.00126250j | E1=-1.39675903+0.00004698j|E2=-0.94494766-0.00007556j|E3=-0.11038586-0.02311317j
#-----------------------------------------#
[Step  61] logΨ: mean=20.231+0.522j | min=13.336-2.095j | max=20.609+2.786j
梯度监控 | raw=1808.3246 | natural=0.1940 | clipped=0.1940(上限20.0)
Ψ矩阵条件数 cond(Ψ) = 1.02e+02
Loss=-5.322909 | E0=-2.86099625+0.00013606j | E1=-1.39686418-0.00012983j|E2=-0.94456625+0.00022505j|E3=-0.12048417-0.01887674j
#-----------------------------------------#
[Step  62] logΨ: mean=20.381+0.679j | min=13.845-1.068j | max=20.736+2.917j
梯度监控 | raw=1651.1107 | natural=0.2125 | clipped=0.2125(上限20.0)
Ψ矩阵条件数 cond(Ψ) = 9.28e+01
Loss=-5.326013 | E0=-2.86204052+0.00092030j | E1=-1.39717054+0.00031757j|E2=-0.94571233-0.00037763j|E3=-0.12108974-0.01106981j
#-----------------------------------------#
[Step  63] logΨ: mean=20.380+0.500j | min=14.236-2.162j | max=20.768+2.864j
梯度监控 | raw=1608.1142 | natural=0.2600 | clipped=0.2600(上限20.0)
Ψ矩阵条件数 cond(Ψ) = 8.89e+01
Loss=-5.322562 | E0=-2.86709714+0.00053616j | E1=-1.39836359-0.00003042j|E2=-0.94828105-0.00064386j|E3=-0.10881832-0.02649658j
#-----------------------------------------#
[Step  64] logΨ: mean=20.462+0.433j | min=15.068-2.382j | max=20.838+2.906j
梯度监控 | raw=1384.6037 | natural=0.1863 | clipped=0.1863(上限20.0)
Ψ矩阵条件数 cond(Ψ) = 9.68e+01
Loss=-5.330035 | E0=-2.86632943+0.00003341j | E1=-1.40027881-0.00008434j|E2=-0.94722176+0.00007803j|E3=-0.11620674-0.01700964j
#-----------------------------------------#
[Step  65] logΨ: mean=20.432+0.508j | min=14.735-0.136j | max=20.777+3.060j
梯度监控 | raw=1215.0969 | natural=0.1166 | clipped=0.1166(上限20.0)
Ψ矩阵条件数 cond(Ψ) = 7.51e+01
Loss=-5.334198 | E0=-2.86574984-0.00021619j | E1=-1.39913428-0.00002544j|E2=-0.94491667+0.00010566j|E3=-0.12440106-0.00783876j
#-----------------------------------------#
[Step  66] logΨ: mean=20.501-1.040j | min=13.905-0.724j | max=20.814+0.051j
梯度监控 | raw=877.5541 | natural=0.3544 | clipped=0.3544(上限20.0)
Ψ矩阵条件数 cond(Ψ) = 7.30e+01
Loss=-5.344139 | E0=-2.86757493-0.00080435j | E1=-1.39899278-0.00003907j|E2=-0.94796497-0.00044023j|E3=-0.12960774+0.00442078j
#-----------------------------------------#
[Step  67] logΨ: mean=20.467+0.907j | min=12.740-1.046j | max=20.786+3.127j
梯度监控 | raw=775.4514 | natural=0.2686 | clipped=0.2686(上限20.0)
Ψ矩阵条件数 cond(Ψ) = 6.99e+01
Loss=-5.360800 | E0=-2.87503004+0.00124169j | E1=-1.39896417-0.00008665j|E2=-0.94864178-0.00047076j|E3=-0.13816327-0.00217113j
#-----------------------------------------#
[Step  68] logΨ: mean=20.693+0.875j | min=13.616-1.642j | max=21.025+3.134j
梯度监控 | raw=793.3937 | natural=0.1750 | clipped=0.1750(上限20.0)
Ψ矩阵条件数 cond(Ψ) = 4.90e+01
Loss=-5.351466 | E0=-2.86647320-0.00019178j | E1=-1.40009391+0.00006574j|E2=-0.94677746-0.00004010j|E3=-0.13812135-0.00761104j
#-----------------------------------------#
[Step  69] logΨ: mean=20.190-1.016j | min=14.985+1.703j | max=20.565+0.099j
梯度监控 | raw=801.4723 | natural=0.3500 | clipped=0.3500(上限20.0)
Ψ矩阵条件数 cond(Ψ) = 3.09e+01
Loss=-5.365097 | E0=-2.87876940-0.00001236j | E1=-1.39967799-0.00002740j|E2=-0.94704705-0.00004373j|E3=-0.13960049-0.01382253j
#-----------------------------------------#
[Step  70] logΨ: mean=20.373-1.186j | min=14.641-2.677j | max=20.752+0.032j
梯度监控 | raw=685.5490 | natural=0.2249 | clipped=0.2249(上限20.0)
Ψ矩阵条件数 cond(Ψ) = 3.03e+01
Loss=-5.358098 | E0=-2.86798048+0.00006309j | E1=-1.40044367-0.00006569j|E2=-0.94671875+0.00009766j|E3=-0.14296079-0.01882837j
#-----------------------------------------#
[Step  71] logΨ: mean=20.582-1.230j | min=15.518+0.083j | max=20.898+0.023j
梯度监控 | raw=508.5437 | natural=0.2263 | clipped=0.2263(上限20.0)
Ψ矩阵条件数 cond(Ψ) = 7.46e+01
Loss=-5.366494 | E0=-2.87122393-0.00044774j | E1=-1.40008914-0.00013286j|E2=-0.94651693+0.00014578j|E3=-0.14867100-0.00680419j
#-----------------------------------------#
[Step  72] logΨ: mean=20.757-1.241j | min=15.052-1.280j | max=21.080+0.016j
梯度监控 | raw=496.6978 | natural=0.2481 | clipped=0.2481(上限20.0)
Ψ矩阵条件数 cond(Ψ) = 6.93e+01
Loss=-5.377997 | E0=-2.87298107+0.00038136j | E1=-1.39995253+0.00019710j|E2=-0.94670820-0.00012930j|E3=-0.15835333+0.00056056j
#-----------------------------------------#
[Step  73] logΨ: mean=21.003+0.514j | min=14.804-0.744j | max=21.298+3.138j
梯度监控 | raw=448.6640 | natural=0.2141 | clipped=0.2141(上限20.0)
Ψ矩阵条件数 cond(Ψ) = 8.33e+01
Loss=-5.380624 | E0=-2.87112498-0.00086783j | E1=-1.40046632-0.00017498j|E2=-0.94654560+0.00014139j|E3=-0.16248889+0.00083391j
#-----------------------------------------#
[Step  74] logΨ: mean=21.350-0.981j | min=14.164+2.627j | max=21.636+0.016j
梯度监控 | raw=388.2104 | natural=0.3039 | clipped=0.3039(上限20.0)
Ψ矩阵条件数 cond(Ψ) = 6.89e+01
Loss=-5.378123 | E0=-2.86889863-0.00096769j | E1=-1.39867949-0.00001026j|E2=-0.94468957+0.00016535j|E3=-0.16585897+0.01212869j
#-----------------------------------------#
[Step  75] logΨ: mean=20.145-0.812j | min=14.881+0.380j | max=20.333+0.198j
梯度监控 | raw=342.8882 | natural=0.1503 | clipped=0.1503(上限20.0)
Ψ矩阵条件数 cond(Ψ) = 4.04e+01
Loss=-5.384303 | E0=-2.87056756-0.00003307j | E1=-1.40079081+0.00000792j|E2=-0.94652432+0.00005987j|E3=-0.16642295+0.01724424j
#-----------------------------------------#
[Step  76] logΨ: mean=20.378-0.758j | min=12.873+1.686j | max=20.568+0.199j
梯度监控 | raw=116.3597 | natural=0.1425 | clipped=0.1425(上限20.0)
Ψ矩阵条件数 cond(Ψ) = 3.44e+01
Loss=-5.327587 | E0=-2.87285781-0.00024328j | E1=-1.39863539+0.00008013j|E2=-0.94447476-0.00001191j|E3=-0.11161683+0.02943925j
#-----------------------------------------#
[Step  77] logΨ: mean=20.536-0.905j | min=12.837-2.751j | max=20.750+0.054j
梯度监控 | raw=141.5897 | natural=0.1591 | clipped=0.1591(上限20.0)
Ψ矩阵条件数 cond(Ψ) = 4.24e+01
Loss=-5.334159 | E0=-2.87272263-0.00034035j | E1=-1.39947450-0.00010443j|E2=-0.94769067-0.00048939j|E3=-0.11426971+0.02374498j
#-----------------------------------------#
[Step  78] logΨ: mean=19.973+0.573j | min=13.543+1.866j | max=20.200+2.664j
梯度监控 | raw=145.7051 | natural=0.1868 | clipped=0.1868(上限20.0)
Ψ矩阵条件数 cond(Ψ) = 3.67e+01
Loss=-5.337966 | E0=-2.87534356+0.00017586j | E1=-1.39864802-0.00000561j|E2=-0.94665247-0.00027048j|E3=-0.11732466+0.02238161j
#-----------------------------------------#
[Step  79] logΨ: mean=20.151+0.422j | min=13.643+1.289j | max=20.457+2.653j
梯度监控 | raw=179.9426 | natural=0.1708 | clipped=0.1708(上限20.0)
Ψ矩阵条件数 cond(Ψ) = 3.22e+01
Loss=-5.334602 | E0=-2.87398386-0.00030665j | E1=-1.39770651+0.00033459j|E2=-0.94322658-0.00009828j|E3=-0.11968250+0.00584407j
#-----------------------------------------#
[Step  80] logΨ: mean=20.261+0.210j | min=14.813+0.776j | max=20.567+2.608j
梯度监控 | raw=192.9528 | natural=0.1003 | clipped=0.1003(上限20.0)
Ψ矩阵条件数 cond(Ψ) = 3.43e+01
Loss=-5.343754 | E0=-2.87556696-0.00002469j | E1=-1.40023220-0.00001884j|E2=-0.94651645-0.00006143j|E3=-0.12143724-0.00293526j
#-----------------------------------------#
[Step  81] logΨ: mean=20.347+0.189j | min=14.630+2.991j | max=20.680+2.626j
梯度监控 | raw=220.1672 | natural=0.1740 | clipped=0.1740(上限20.0)
Ψ矩阵条件数 cond(Ψ) = 3.41e+01
Loss=-5.352283 | E0=-2.87685204+0.00040850j | E1=-1.39847052+0.00007794j|E2=-0.94800186-0.00037095j|E3=-0.12895772-0.00595555j
#-----------------------------------------#
[Step  82] logΨ: mean=20.680+0.239j | min=14.975-0.571j | max=20.995+2.700j
梯度监控 | raw=218.0831 | natural=0.1296 | clipped=0.1296(上限20.0)
Ψ矩阵条件数 cond(Ψ) = 2.79e+01
Loss=-5.353662 | E0=-2.87598538-0.00011780j | E1=-1.39974618-0.00004499j|E2=-0.94485950+0.00009821j|E3=-0.13307075-0.00374070j
#-----------------------------------------#
[Step  83] logΨ: mean=18.602-0.107j | min=12.370-1.503j | max=18.910+2.405j
梯度监控 | raw=212.7515 | natural=0.1172 | clipped=0.1172(上限20.0)
Ψ矩阵条件数 cond(Ψ) = 2.03e+01
Loss=-5.363060 | E0=-2.87894368+0.00014492j | E1=-1.40053487-0.00003895j|E2=-0.94616443+0.00004387j|E3=-0.13741484-0.00268958j
#-----------------------------------------#
[Step  84] logΨ: mean=18.819+0.066j | min=12.215-1.802j | max=19.187+2.407j
梯度监控 | raw=213.0749 | natural=0.3294 | clipped=0.3294(上限20.0)
Ψ矩阵条件数 cond(Ψ) = 1.96e+01
Loss=-5.348202 | E0=-2.87266827+0.00006473j | E1=-1.39113951-0.00000058j|E2=-0.94228476-0.00160790j|E3=-0.14211132-0.00104623j
#-----------------------------------------#
[Step  85] logΨ: mean=19.027+0.192j | min=12.687+2.203j | max=19.349+2.394j
梯度监控 | raw=173.3830 | natural=0.1461 | clipped=0.1461(上限20.0)
Ψ矩阵条件数 cond(Ψ) = 1.94e+01
Loss=-5.364883 | E0=-2.87778950-0.00008173j | E1=-1.39340746+0.00021597j|E2=-0.94214725-0.00032344j|E3=-0.15154265+0.01108363j
#-----------------------------------------#
[Step  86] logΨ: mean=19.253+0.170j | min=12.862-0.545j | max=19.552+2.368j
梯度监控 | raw=187.6180 | natural=0.0957 | clipped=0.0957(上限20.0)
Ψ矩阵条件数 cond(Ψ) = 1.97e+01
Loss=-5.373930 | E0=-2.87739849+0.00008044j | E1=-1.39656126+0.00025171j|E2=-0.94397718+0.00003085j|E3=-0.15599209+0.00645986j
#-----------------------------------------#
[Step  87] logΨ: mean=19.459-0.016j | min=13.588+3.114j | max=19.802+2.376j
梯度监控 | raw=202.0661 | natural=0.2328 | clipped=0.2328(上限20.0)
Ψ矩阵条件数 cond(Ψ) = 2.01e+01
Loss=-5.373812 | E0=-2.87536716-0.00003563j | E1=-1.39424300+0.00035654j|E2=-0.94415945-0.00127321j|E3=-0.16004314+0.00678170j
#-----------------------------------------#
[Step  88] logΨ: mean=19.688-0.158j | min=13.519+1.668j | max=20.028+2.315j
梯度监控 | raw=221.5660 | natural=0.0862 | clipped=0.0862(上限20.0)
Ψ矩阵条件数 cond(Ψ) = 2.00e+01
Loss=-5.385099 | E0=-2.87769079+0.00019593j | E1=-1.39560390-0.00001693j|E2=-0.94234860+0.00002718j|E3=-0.16945437-0.00353421j
#-----------------------------------------#
[Step  89] logΨ: mean=19.976-0.240j | min=13.292+0.591j | max=20.325+2.351j
梯度监控 | raw=233.1928 | natural=0.1874 | clipped=0.1874(上限20.0)
Ψ矩阵条件数 cond(Ψ) = 2.01e+01
Loss=-5.390062 | E0=-2.87372136-0.00006795j | E1=-1.39824986-0.00036938j|E2=-0.94470048+0.00111366j|E3=-0.17338727-0.00776676j
#-----------------------------------------#
[Step  90] logΨ: mean=20.124+0.500j | min=15.448-0.197j | max=20.449+2.237j
梯度监控 | raw=233.8464 | natural=0.0258 | clipped=0.0258(上限20.0)
Ψ矩阵条件数 cond(Ψ) = 5.43e+01
Loss=-5.400438 | E0=-2.87386703-0.00016325j | E1=-1.39916801-0.00012569j|E2=-0.94689840-0.00009889j|E3=-0.18050635-0.00702960j
#-----------------------------------------#
[Step  91] logΨ: mean=20.170-0.437j | min=13.675-1.257j | max=20.529+2.268j
梯度监控 | raw=257.2808 | natural=0.0624 | clipped=0.0624(上限20.0)
Ψ矩阵条件数 cond(Ψ) = 5.99e+01
Loss=-5.412234 | E0=-2.87602139-0.00091771j | E1=-1.39940190-0.00030994j|E2=-0.94481117+0.00022909j|E3=-0.19199967-0.00761865j
#-----------------------------------------#
[Step  92] logΨ: mean=21.240-0.217j | min=14.896-0.456j | max=21.548+1.069j
梯度监控 | raw=264.1191 | natural=0.3947 | clipped=0.3947(上限20.0)
Ψ矩阵条件数 cond(Ψ) = 5.87e+01
Loss=-5.432935 | E0=-2.88839078+0.00227219j | E1=-1.39866221+0.00010255j|E2=-0.94734824-0.00028357j|E3=-0.19852994-0.01206222j
#-----------------------------------------#
[Step  93] logΨ: mean=22.065-0.381j | min=16.118-1.295j | max=22.331+1.129j
梯度监控 | raw=235.3895 | natural=0.1266 | clipped=0.1266(上限20.0)
Ψ矩阵条件数 cond(Ψ) = 5.87e+01
Loss=-5.507751 | E0=-2.87716794-0.00004464j | E1=-1.39908946+0.00003969j|E2=-0.94517857-0.00000777j|E3=-0.28631651+0.00130259j
#-----------------------------------------#
[Step  94] logΨ: mean=23.096-0.551j | min=16.915+0.172j | max=23.400+0.461j
梯度监控 | raw=294.8599 | natural=0.1121 | clipped=0.1121(上限20.0)
Ψ矩阵条件数 cond(Ψ) = 6.22e+01
Loss=-5.509787 | E0=-2.87652540-0.00013087j | E1=-1.40056312+0.00001260j|E2=-0.94628662+0.00005624j|E3=-0.28641200+0.00466825j
#-----------------------------------------#
[Step  95] logΨ: mean=23.690-0.295j | min=17.840-0.479j | max=23.955+1.213j
梯度监控 | raw=403.7596 | natural=0.1190 | clipped=0.1190(上限20.0)
Ψ矩阵条件数 cond(Ψ) = 5.70e+01
Loss=-5.514878 | E0=-2.87556672-0.00000819j | E1=-1.40012610+0.00001631j|E2=-0.94628561+0.00003488j|E3=-0.29290137+0.00404209j
#-----------------------------------------#
[Step  96] logΨ: mean=23.305+0.118j | min=18.048+2.840j | max=23.574+0.918j
梯度监控 | raw=458.8784 | natural=0.1524 | clipped=0.1524(上限20.0)
Ψ矩阵条件数 cond(Ψ) = 5.97e+01
Loss=-5.530757 | E0=-2.88321686-0.00004900j | E1=-1.40011704-0.00001484j|E2=-0.94576359+0.00016462j|E3=-0.30165979+0.00756480j
#-----------------------------------------#
[Step  97] logΨ: mean=23.152-0.117j | min=18.398+1.511j | max=23.387+0.524j
梯度监控 | raw=404.5750 | natural=0.0789 | clipped=0.0789(上限20.0)
Ψ矩阵条件数 cond(Ψ) = 5.92e+01
Loss=-5.526564 | E0=-2.87793684-0.00002816j | E1=-1.40035868+0.00002373j|E2=-0.94763523-0.00043362j|E3=-0.30063346+0.01204336j
#-----------------------------------------#
[Step  98] logΨ: mean=22.103-0.292j | min=16.979-2.248j | max=22.346+0.262j
梯度监控 | raw=352.0526 | natural=0.1376 | clipped=0.1376(上限20.0)
Ψ矩阵条件数 cond(Ψ) = 7.53e+01
Loss=-5.531329 | E0=-2.87685609-0.00007615j | E1=-1.39869165+0.00003274j|E2=-0.94940376-0.00058063j|E3=-0.30638155+0.01433913j
#-----------------------------------------#
[Step  99] logΨ: mean=22.068+0.169j | min=16.892-2.546j | max=22.327+2.840j
梯度监控 | raw=272.0375 | natural=0.1415 | clipped=0.1415(上限20.0)
Ψ矩阵条件数 cond(Ψ) = 5.42e+01
Loss=-5.526398 | E0=-2.87959743+0.00009253j | E1=-1.40062714+0.00000776j|E2=-0.94770962-0.00006081j|E3=-0.29846552+0.01161869j
#-----------------------------------------#
