
============================================================
开始多链 NES-VMC 训练 | 使用自然梯度
============================================================
FCI基准：基态=-1.02613572 Ha | 1激发=-0.97892204 Ha|2激发=-0.66776157 Ha|3激发=-0.60817046 Ha|
理论 Loss 上限：-3.28098979 
超参：clip_norm=20.0, lr=0.1, QGT diag_shift=0.1
[Step   0] logΨ: mean=-0.061-0.028j | min=-3.648+1.933j | max=0.900+2.659j
梯度监控 | raw=2.8076 | natural=1.0595 | clipped=1.0595(上限20.0)
Ψ矩阵条件数 cond(Ψ) = 7.00e+00
Loss=1.125586 | E0=-0.16657729-0.00117270j | E1=0.04400493+0.00250633j|E2=0.27276626-0.00045825j|E3=0.97539198-0.00388313j
#-----------------------------------------#
[Step  20] logΨ: mean=7.358+0.441j | min=1.114+2.095j | max=8.468+2.259j
梯度监控 | raw=107.7467 | natural=0.3664 | clipped=0.3664(上限20.0)
Ψ矩阵条件数 cond(Ψ) = 3.11e+01
Loss=-2.616221 | E0=-0.98830706-0.00062904j | E1=-0.93168086-0.00045833j|E2=-0.58223695-0.00031805j|E3=-0.11399515+0.00142491j
#-----------------------------------------#
[Step  40] logΨ: mean=13.364+0.979j | min=6.830+0.365j | max=13.721+2.560j
梯度监控 | raw=983.9881 | natural=0.1514 | clipped=0.1514(上限20.0)
Ψ矩阵条件数 cond(Ψ) = 1.05e+02
Loss=-3.184463 | E0=-1.02032721+0.00040796j | E1=-0.97529548+0.00021783j|E2=-0.64275587-0.00027384j|E3=-0.54608345-0.00079626j
#-----------------------------------------#
[Step  60] logΨ: mean=13.177-0.399j | min=6.204-1.126j | max=13.348+1.008j
梯度监控 | raw=50.3878 | natural=0.1627 | clipped=0.1627(上限20.0)
Ψ矩阵条件数 cond(Ψ) = 5.24e+01
Loss=-3.259485 | E0=-1.02230835+0.00015232j | E1=-0.97724658-0.00001846j|E2=-0.66125941-0.00022561j|E3=-0.59867209+0.00021572j
#-----------------------------------------#
[Step  80] logΨ: mean=12.719-0.706j | min=5.450-1.649j | max=12.826+0.945j
梯度监控 | raw=10.1576 | natural=0.0838 | clipped=0.0838(上限20.0)
Ψ矩阵条件数 cond(Ψ) = 4.71e+01
Loss=-3.266835 | E0=-1.02091646+0.00043942j | E1=-0.97517598+0.00066499j|E2=-0.66633052-0.00023035j|E3=-0.60441375-0.00050154j
#-----------------------------------------#
[Step 100] logΨ: mean=12.309-0.768j | min=4.464-0.442j | max=12.446+0.996j
梯度监控 | raw=1.5294 | natural=0.0972 | clipped=0.0972(上限20.0)
Ψ矩阵条件数 cond(Ψ) = 4.30e+01
Loss=-3.272996 | E0=-1.02184093+0.00015405j | E1=-0.97714543+0.00032222j|E2=-0.66749585-0.00019260j|E3=-0.60651523-0.00012488j
#-----------------------------------------#
