
============================================================
开始多链 NES-VMC 训练 | 使用自然梯度
============================================================
FCI基准：基态=-1.02613572 Ha | 1激发=-0.97892204 Ha 
理论 Loss 上限：-2.00505776 
超参：clip_norm=20.0, lr=0.01, QGT diag_shift=0.1

============================================================
开始多链 NES-VMC 训练 | 使用自然梯度
============================================================
FCI基准：基态=-1.02613572 Ha | 1激发=-0.97892204 Ha｜2激发=-0.66776157 Ha｜3激发=-0.60817046 Ha
理论 Loss 上限：-3.28098979 
超参：clip_norm=20.0, lr=0.01, QGT diag_shift=0.1
[Step   0] logΨ: mean=-0.137-0.039j | min=-3.749+1.625j | max=0.860+2.792j
梯度监控 | raw=2.8076 | natural=1.0595 | clipped=1.0595(上限20.0)
Ψ矩阵条件数 cond(Ψ) = 7.17e+00
Loss=1.125586 | E0=0.97539198-0.00388313j | E1=0.27276626-0.00045825j
#-----------------------------------------#
[Step  20] logΨ: mean=0.091+0.036j | min=-3.242-1.554j | max=1.115+2.059j
梯度监控 | raw=2.8060 | natural=1.0750 | clipped=1.0750(上限20.0)
Ψ矩阵条件数 cond(Ψ) = 1.03e+01
Loss=0.485752 | E0=0.78779101-0.00274116j | E1=0.12434044+0.00548746j
#-----------------------------------------#
