
============================================================
开始多链 NES-VMC 训练 | 使用自然梯度
============================================================
精确CAS基准：基态=-7.86364558 Ha | 1激发=-7.72153670 Ha|2激发=-7.70823970 Ha|3激发=-7.68581513 Ha|
理论 Loss 上限：-30.97923710 
超参：clip_norm=20.0, lr=0.1, QGT diag_shift=0.1
[Step   0] logΨ: mean=7.194+0.007j | min=1.343-2.920j | max=8.964+0.289j
梯度监控 | raw=20.1724 | natural=2.4716 | clipped=2.4716(上限20.0)
Ψ矩阵条件数 cond(Ψ) = 1.00e+01
Loss=-21.989178 | E0=-5.90164995+0.01112461j | E1=-5.64291334+0.01155587j|E2=-5.33633041-0.02197912j|E3=-5.10828352-0.00074617j
#-----------------------------------------#
[Step   1] logΨ: mean=7.749-0.127j | min=1.824+2.084j | max=9.566+0.155j
梯度监控 | raw=18.1063 | natural=2.2250 | clipped=2.2250(上限20.0)
Ψ矩阵条件数 cond(Ψ) = 2.30e+01
Loss=-23.027590 | E0=-6.24543715-0.01151366j | E1=-6.16754961+0.01589417j|E2=-5.51995659+0.00194756j|E3=-5.09464598-0.00347021j
#-----------------------------------------#
[Step   2] logΨ: mean=8.227-0.234j | min=2.761+1.991j | max=10.118+0.053j
梯度监控 | raw=20.3909 | natural=1.9221 | clipped=1.9221(上限20.0)
Ψ矩阵条件数 cond(Ψ) = 1.36e+01
Loss=-23.818077 | E0=-6.55409861-0.00354424j | E1=-6.53980160+0.01900646j|E2=-5.61892080-0.01465178j|E3=-5.10525465-0.00066856j
#-----------------------------------------#
[Step   3] logΨ: mean=8.830+0.072j | min=3.877+1.445j | max=10.575+3.134j
梯度监控 | raw=27.7723 | natural=1.6232 | clipped=1.6232(上限20.0)
Ψ矩阵条件数 cond(Ψ) = 1.71e+01
Loss=-24.597300 | E0=-6.93314409-0.00315804j | E1=-6.80119896+0.00194575j|E2=-5.73941660-0.00189903j|E3=-5.12354183+0.00256085j
#-----------------------------------------#
[Step   4] logΨ: mean=9.391+0.135j | min=2.588+1.005j | max=11.013+3.092j
梯度监控 | raw=31.8555 | natural=1.3662 | clipped=1.3662(上限20.0)
Ψ矩阵条件数 cond(Ψ) = 1.32e+01
Loss=-25.050352 | E0=-7.14556932-0.00359083j | E1=-6.92240047-0.00393666j|E2=-5.85349560+0.00653775j|E3=-5.12888670-0.00037480j
#-----------------------------------------#
[Step   5] logΨ: mean=9.970+0.172j | min=4.103-0.500j | max=11.437+3.006j
梯度监控 | raw=39.6698 | natural=1.2365 | clipped=1.2365(上限20.0)
Ψ矩阵条件数 cond(Ψ) = 3.32e+01
Loss=-25.569647 | E0=-7.29474974-0.01451397j | E1=-7.11350155+0.01927670j|E2=-5.99832153+0.00378346j|E3=-5.16307259-0.00210733j
#-----------------------------------------#
[Step   6] logΨ: mean=10.318+0.303j | min=4.208-2.065j | max=11.728+2.063j
梯度监控 | raw=50.9040 | natural=0.9411 | clipped=0.9411(上限20.0)
Ψ矩阵条件数 cond(Ψ) = 1.14e+01
Loss=-25.974628 | E0=-7.38384962+0.00075279j | E1=-7.21662378-0.00122001j|E2=-6.15559578-0.00146508j|E3=-5.21856117-0.00045160j
#-----------------------------------------#
[Step   7] logΨ: mean=10.796+0.315j | min=5.400-1.449j | max=12.173+2.040j
梯度监控 | raw=61.1361 | natural=0.8885 | clipped=0.8885(上限20.0)
Ψ矩阵条件数 cond(Ψ) = 2.97e+01
Loss=-26.278296 | E0=-7.48422241-0.00063119j | E1=-7.26320219+0.00849872j|E2=-6.27183914-0.00863585j|E3=-5.25903320+0.00319101j
#-----------------------------------------#
[Step   8] logΨ: mean=11.182+0.189j | min=4.582-2.680j | max=12.643+1.984j
梯度监控 | raw=85.6380 | natural=0.7844 | clipped=0.7844(上限20.0)
Ψ矩阵条件数 cond(Ψ) = 8.68e+00
Loss=-26.700645 | E0=-7.52018166-0.00125022j | E1=-7.28732920-0.00121991j|E2=-6.47291231+0.00119686j|E3=-5.42022943-0.00003130j
#-----------------------------------------#
[Step   9] logΨ: mean=11.677+0.259j | min=3.091-0.690j | max=13.009+1.949j
梯度监控 | raw=92.9076 | natural=0.6468 | clipped=0.6468(上限20.0)
Ψ矩阵条件数 cond(Ψ) = 8.25e+00
Loss=-27.014988 | E0=-7.56662035+0.00300541j | E1=-7.35896158-0.00111614j|E2=-6.60854864-0.00191815j|E3=-5.48085928-0.00006817j
#-----------------------------------------#
[Step  10] logΨ: mean=12.241+0.144j | min=5.069-1.081j | max=13.408+1.899j
梯度监控 | raw=133.9160 | natural=0.5796 | clipped=0.5796(上限20.0)
Ψ矩阵条件数 cond(Ψ) = 5.02e+01
Loss=-27.539619 | E0=-7.61040974-0.00234896j | E1=-7.38432217+0.01021368j|E2=-6.77091217-0.00398814j|E3=-5.77397728-0.00040355j
#-----------------------------------------#
[Step  11] logΨ: mean=12.840-0.012j | min=6.263-0.603j | max=14.155+0.464j
梯度监控 | raw=155.9837 | natural=0.6151 | clipped=0.6151(上限20.0)
Ψ矩阵条件数 cond(Ψ) = 8.67e+00
Loss=-28.183718 | E0=-7.62357950+0.00044076j | E1=-7.42402124+0.00465450j|E2=-6.86543989-0.00049290j|E3=-6.27066708-0.00327908j
#-----------------------------------------#
[Step  12] logΨ: mean=13.601-0.259j | min=7.685+0.454j | max=14.873+0.391j
梯度监控 | raw=149.8505 | natural=0.5079 | clipped=0.5079(上限20.0)
Ψ矩阵条件数 cond(Ψ) = 8.14e+00
Loss=-28.659971 | E0=-7.62782955+0.00240008j | E1=-7.43121481+0.00040666j|E2=-7.01124907-0.00319819j|E3=-6.58967638-0.00238228j
#-----------------------------------------#
[Step  13] logΨ: mean=14.394-0.148j | min=8.087-3.126j | max=15.562+0.320j
梯度监控 | raw=124.4310 | natural=0.4509 | clipped=0.4509(上限20.0)
Ψ矩阵条件数 cond(Ψ) = 8.87e+00
Loss=-29.081821 | E0=-7.66169977-0.00073994j | E1=-7.46218348-0.00100908j|E2=-7.15262270+0.00369764j|E3=-6.80530787-0.00368538j
#-----------------------------------------#
[Step  14] logΨ: mean=15.027-0.285j | min=9.464+2.457j | max=16.164+0.481j
梯度监控 | raw=102.4406 | natural=0.3475 | clipped=0.3475(上限20.0)
Ψ矩阵条件数 cond(Ψ) = 8.96e+00
Loss=-29.357456 | E0=-7.66262960-0.00045696j | E1=-7.48213434-0.00274431j|E2=-7.23623276+0.00220528j|E3=-6.97644472+0.00050785j
#-----------------------------------------#
[Step  15] logΨ: mean=15.996-0.344j | min=9.930+2.873j | max=17.032+0.353j
梯度监控 | raw=65.9169 | natural=0.4673 | clipped=0.4673(上限20.0)
Ψ矩阵条件数 cond(Ψ) = 1.41e+01
Loss=-29.675884 | E0=-7.68247318-0.00005929j | E1=-7.51085234+0.00044264j|E2=-7.37602997-0.00489643j|E3=-7.10651827-0.00141352j
#-----------------------------------------#
[Step  16] logΨ: mean=16.731-0.278j | min=10.747-1.280j | max=17.694+0.282j
梯度监控 | raw=50.2468 | natural=0.2743 | clipped=0.2743(上限20.0)
Ψ矩阵条件数 cond(Ψ) = 7.47e+00
Loss=-29.808775 | E0=-7.68356657-0.00211388j | E1=-7.53203583-0.00242036j|E2=-7.42926788+0.00828666j|E3=-7.16390228+0.00069441j
#-----------------------------------------#
[Step  17] logΨ: mean=17.377-0.432j | min=11.833-2.675j | max=18.264+0.228j
梯度监控 | raw=32.5478 | natural=0.2228 | clipped=0.2228(上限20.0)
Ψ矩阵条件数 cond(Ψ) = 1.51e+01
Loss=-29.967064 | E0=-7.69308996-0.00174346j | E1=-7.58519554+0.00247640j|E2=-7.48741817+0.00153519j|E3=-7.20137024-0.00060832j
#-----------------------------------------#
[Step  18] logΨ: mean=17.952-0.002j | min=12.112-2.585j | max=18.805+0.163j
梯度监控 | raw=25.4107 | natural=0.2020 | clipped=0.2020(上限20.0)
Ψ矩阵条件数 cond(Ψ) = 2.07e+01
Loss=-30.088743 | E0=-7.70870638-0.00002618j | E1=-7.61237049-0.00087797j|E2=-7.51687098-0.00304060j|E3=-7.25079393+0.00528952j
#-----------------------------------------#
[Step  19] logΨ: mean=18.538-0.019j | min=11.943+2.009j | max=19.404+0.117j
梯度监控 | raw=30.9135 | natural=0.1934 | clipped=0.1934(上限20.0)
Ψ矩阵条件数 cond(Ψ) = 1.03e+01
Loss=-30.094982 | E0=-7.70510340-0.00116544j | E1=-7.59720373-0.00149334j|E2=-7.53453016+0.00265399j|E3=-7.25814390+0.00158442j
#-----------------------------------------#

============================================================
开始多链 NES-VMC 训练 | 使用自然梯度
============================================================
精确CAS基准：基态=-7.86364558 Ha | 1激发=-7.72153670 Ha|2激发=-7.70823970 Ha|3激发=-7.68581513 Ha|
理论 Loss 上限：-30.97923710 
超参：clip_norm=20.0, lr=0.1, QGT diag_shift=0.1

============================================================
开始多链 NES-VMC 训练 | 使用自然梯度
============================================================
精确CAS基准：基态=-7.86364558 Ha | 1激发=-7.72153670 Ha|2激发=-7.70823970 Ha|3激发=-7.68581513 Ha|
理论 Loss 上限：-30.97923710 
超参：clip_norm=20.0, lr=0.1, QGT diag_shift=0.1
[Step   0] logΨ: mean=7.194+0.007j | min=1.343-2.920j | max=8.964+0.289j
梯度监控 | raw=20.1724 | natural=2.4716 | clipped=2.4716(上限20.0)
Ψ矩阵条件数 cond(Ψ) = 1.00e+01
Loss=-21.989178 | E0=-5.90164995+0.01112461j | E1=-5.64291334+0.01155587j|E2=-5.33633041-0.02197912j|E3=-5.10828352-0.00074617j
#-----------------------------------------#
[Step   1] logΨ: mean=7.749-0.127j | min=1.824+2.084j | max=9.566+0.155j
梯度监控 | raw=18.1063 | natural=2.2250 | clipped=2.2250(上限20.0)
Ψ矩阵条件数 cond(Ψ) = 2.30e+01
Loss=-23.027590 | E0=-6.24543715-0.01151366j | E1=-6.16754961+0.01589417j|E2=-5.51995659+0.00194756j|E3=-5.09464598-0.00347021j
#-----------------------------------------#
[Step   2] logΨ: mean=8.227-0.234j | min=2.761+1.991j | max=10.118+0.053j
梯度监控 | raw=20.3909 | natural=1.9221 | clipped=1.9221(上限20.0)
Ψ矩阵条件数 cond(Ψ) = 1.36e+01
Loss=-23.818077 | E0=-6.55409861-0.00354424j | E1=-6.53980160+0.01900646j|E2=-5.61892080-0.01465178j|E3=-5.10525465-0.00066856j
#-----------------------------------------#
[Step   3] logΨ: mean=8.830+0.072j | min=3.877+1.445j | max=10.575+3.134j
梯度监控 | raw=27.7723 | natural=1.6232 | clipped=1.6232(上限20.0)
Ψ矩阵条件数 cond(Ψ) = 1.71e+01
Loss=-24.597300 | E0=-6.93314409-0.00315804j | E1=-6.80119896+0.00194575j|E2=-5.73941660-0.00189903j|E3=-5.12354183+0.00256085j
#-----------------------------------------#
[Step   4] logΨ: mean=9.391+0.135j | min=2.588+1.005j | max=11.013+3.092j
梯度监控 | raw=31.8555 | natural=1.3662 | clipped=1.3662(上限20.0)
Ψ矩阵条件数 cond(Ψ) = 1.32e+01
Loss=-25.050352 | E0=-7.14556932-0.00359083j | E1=-6.92240047-0.00393666j|E2=-5.85349560+0.00653775j|E3=-5.12888670-0.00037480j
#-----------------------------------------#
[Step   5] logΨ: mean=9.970+0.172j | min=4.103-0.500j | max=11.437+3.006j
梯度监控 | raw=39.6698 | natural=1.2365 | clipped=1.2365(上限20.0)
Ψ矩阵条件数 cond(Ψ) = 3.32e+01
Loss=-25.569647 | E0=-7.29474974-0.01451397j | E1=-7.11350155+0.01927670j|E2=-5.99832153+0.00378346j|E3=-5.16307259-0.00210733j
#-----------------------------------------#
[Step   6] logΨ: mean=10.318+0.303j | min=4.208-2.065j | max=11.728+2.063j
梯度监控 | raw=50.9040 | natural=0.9411 | clipped=0.9411(上限20.0)
Ψ矩阵条件数 cond(Ψ) = 1.14e+01
Loss=-25.974628 | E0=-7.38384962+0.00075279j | E1=-7.21662378-0.00122001j|E2=-6.15559578-0.00146508j|E3=-5.21856117-0.00045160j
#-----------------------------------------#
[Step   7] logΨ: mean=10.796+0.315j | min=5.400-1.449j | max=12.173+2.040j
梯度监控 | raw=61.1361 | natural=0.8885 | clipped=0.8885(上限20.0)
Ψ矩阵条件数 cond(Ψ) = 2.97e+01
Loss=-26.278296 | E0=-7.48422241-0.00063119j | E1=-7.26320219+0.00849872j|E2=-6.27183914-0.00863585j|E3=-5.25903320+0.00319101j
#-----------------------------------------#
[Step   8] logΨ: mean=11.182+0.189j | min=4.582-2.680j | max=12.643+1.984j
梯度监控 | raw=85.6380 | natural=0.7844 | clipped=0.7844(上限20.0)
Ψ矩阵条件数 cond(Ψ) = 8.68e+00
Loss=-26.700645 | E0=-7.52018166-0.00125022j | E1=-7.28732920-0.00121991j|E2=-6.47291231+0.00119686j|E3=-5.42022943-0.00003130j
#-----------------------------------------#
[Step   9] logΨ: mean=11.677+0.259j | min=3.091-0.690j | max=13.009+1.949j
梯度监控 | raw=92.9076 | natural=0.6468 | clipped=0.6468(上限20.0)
Ψ矩阵条件数 cond(Ψ) = 8.25e+00
Loss=-27.014988 | E0=-7.56662035+0.00300541j | E1=-7.35896158-0.00111614j|E2=-6.60854864-0.00191815j|E3=-5.48085928-0.00006817j
#-----------------------------------------#

============================================================
开始多链 NES-VMC 训练 | 使用自然梯度
============================================================
精确CAS基准：基态=-7.86364558 Ha | 1激发=-7.72153670 Ha|2激发=-7.70823970 Ha|3激发=-7.68581513 Ha|
理论 Loss 上限：-30.97923710 
超参：clip_norm=20.0, lr=0.1, QGT diag_shift=0.1
[Step   0] logΨ: mean=7.194+0.007j | min=1.343-2.920j | max=8.964+0.289j
梯度监控 | raw=20.1724 | natural=2.4716 | clipped=2.4716(上限20.0)
Ψ矩阵条件数 cond(Ψ) = 1.00e+01
Loss=-21.989178 | E0=-5.90164995+0.01112461j | E1=-5.64291334+0.01155587j|E2=-5.33633041-0.02197912j|E3=-5.10828352-0.00074617j
#-----------------------------------------#
[Step   1] logΨ: mean=7.749-0.127j | min=1.824+2.084j | max=9.566+0.155j
梯度监控 | raw=18.1063 | natural=2.2250 | clipped=2.2250(上限20.0)
Ψ矩阵条件数 cond(Ψ) = 2.30e+01
Loss=-23.027590 | E0=-6.24543715-0.01151366j | E1=-6.16754961+0.01589417j|E2=-5.51995659+0.00194756j|E3=-5.09464598-0.00347021j
#-----------------------------------------#
[Step   2] logΨ: mean=8.227-0.234j | min=2.761+1.991j | max=10.118+0.053j
梯度监控 | raw=20.3909 | natural=1.9221 | clipped=1.9221(上限20.0)
Ψ矩阵条件数 cond(Ψ) = 1.36e+01
Loss=-23.818077 | E0=-6.55409861-0.00354424j | E1=-6.53980160+0.01900646j|E2=-5.61892080-0.01465178j|E3=-5.10525465-0.00066856j
#-----------------------------------------#
[Step   3] logΨ: mean=8.830+0.072j | min=3.877+1.445j | max=10.575+3.134j
梯度监控 | raw=27.7723 | natural=1.6232 | clipped=1.6232(上限20.0)
Ψ矩阵条件数 cond(Ψ) = 1.71e+01
Loss=-24.597300 | E0=-6.93314409-0.00315804j | E1=-6.80119896+0.00194575j|E2=-5.73941660-0.00189903j|E3=-5.12354183+0.00256085j
#-----------------------------------------#
[Step   4] logΨ: mean=9.391+0.135j | min=2.588+1.005j | max=11.013+3.092j
梯度监控 | raw=31.8555 | natural=1.3662 | clipped=1.3662(上限20.0)
Ψ矩阵条件数 cond(Ψ) = 1.32e+01
Loss=-25.050352 | E0=-7.14556932-0.00359083j | E1=-6.92240047-0.00393666j|E2=-5.85349560+0.00653775j|E3=-5.12888670-0.00037480j
#-----------------------------------------#
[Step   5] logΨ: mean=9.970+0.172j | min=4.103-0.500j | max=11.437+3.006j
梯度监控 | raw=39.6698 | natural=1.2365 | clipped=1.2365(上限20.0)
Ψ矩阵条件数 cond(Ψ) = 3.32e+01
Loss=-25.569647 | E0=-7.29474974-0.01451397j | E1=-7.11350155+0.01927670j|E2=-5.99832153+0.00378346j|E3=-5.16307259-0.00210733j
#-----------------------------------------#
[Step   6] logΨ: mean=10.318+0.303j | min=4.208-2.065j | max=11.728+2.063j
梯度监控 | raw=50.9040 | natural=0.9411 | clipped=0.9411(上限20.0)
Ψ矩阵条件数 cond(Ψ) = 1.14e+01
Loss=-25.974628 | E0=-7.38384962+0.00075279j | E1=-7.21662378-0.00122001j|E2=-6.15559578-0.00146508j|E3=-5.21856117-0.00045160j
#-----------------------------------------#
[Step   7] logΨ: mean=10.796+0.315j | min=5.400-1.449j | max=12.173+2.040j
梯度监控 | raw=61.1361 | natural=0.8885 | clipped=0.8885(上限20.0)
Ψ矩阵条件数 cond(Ψ) = 2.97e+01
Loss=-26.278296 | E0=-7.48422241-0.00063119j | E1=-7.26320219+0.00849872j|E2=-6.27183914-0.00863585j|E3=-5.25903320+0.00319101j
#-----------------------------------------#
[Step   8] logΨ: mean=11.182+0.189j | min=4.582-2.680j | max=12.643+1.984j
梯度监控 | raw=85.6380 | natural=0.7844 | clipped=0.7844(上限20.0)
Ψ矩阵条件数 cond(Ψ) = 8.68e+00
Loss=-26.700645 | E0=-7.52018166-0.00125022j | E1=-7.28732920-0.00121991j|E2=-6.47291231+0.00119686j|E3=-5.42022943-0.00003130j
#-----------------------------------------#
[Step   9] logΨ: mean=11.677+0.259j | min=3.091-0.690j | max=13.009+1.949j
梯度监控 | raw=92.9076 | natural=0.6468 | clipped=0.6468(上限20.0)
Ψ矩阵条件数 cond(Ψ) = 8.25e+00
Loss=-27.014988 | E0=-7.56662035+0.00300541j | E1=-7.35896158-0.00111614j|E2=-6.60854864-0.00191815j|E3=-5.48085928-0.00006817j
#-----------------------------------------#
