
============================================================
开始多链 NES-VMC 训练 | 使用自然梯度
============================================================
精确CAS基准：基态=-7.86364558 Ha | 1激发=-7.72153670 Ha|2激发=-7.70823970 Ha|3激发=-7.68581513 Ha|
理论 Loss 上限：-30.97923710 
超参：clip_norm=20.0, lr=0.1, QGT diag_shift=0.1
[Step   0] logΨ: mean=8.892+0.133j | min=2.687-2.582j | max=10.700+0.863j
梯度监控 | raw=19.9530 | natural=2.7740 | clipped=2.7740(上限20.0)
Ψ矩阵条件数 cond(Ψ) = 1.25e+01
Loss=-18.099461 | E0=-8.58951378+0.83063424j | E1=-4.61311340+0.32171473j|E2=-2.68842983-0.09029652j|E3=-2.20839643+1.32980061j
#-----------------------------------------#
[Step   1] logΨ: mean=9.609-0.007j | min=3.709+0.461j | max=11.416+0.656j
梯度监控 | raw=11.6738 | natural=1.6843 | clipped=1.6843(上限20.0)
Ψ矩阵条件数 cond(Ψ) = 2.03e+01
Loss=-15.617402 | E0=-6.12464094+0.46659005j | E1=-4.24477863+0.49707705j|E2=-2.64124537+1.11041665j|E3=-2.60673738+0.08471503j
#-----------------------------------------#
[Step   2] logΨ: mean=10.519-0.124j | min=4.944+3.035j | max=12.306+0.481j
梯度监控 | raw=10.3316 | natural=1.2770 | clipped=1.2770(上限20.0)
Ψ矩阵条件数 cond(Ψ) = 1.41e+01
Loss=-14.852591 | E0=-5.00393534+0.50768852j | E1=-4.03422260+0.53299993j|E2=-3.46225405+0.94446534j|E3=-2.35217476+0.09763443j
#-----------------------------------------#
[Step   3] logΨ: mean=11.175-0.315j | min=5.937-0.582j | max=12.903+0.309j
梯度监控 | raw=8.1157 | natural=0.9914 | clipped=0.9914(上限20.0)
Ψ矩阵条件数 cond(Ψ) = 7.07e+01
Loss=-13.269173 | E0=-4.30365801+0.53553754j | E1=-3.76962137+0.49979156j|E2=-3.04249430+0.55942011j|E3=-2.15340090+0.14409152j
#-----------------------------------------#
[Step   4] logΨ: mean=11.707-0.319j | min=6.590+0.092j | max=13.401+0.247j
梯度监控 | raw=10.1760 | natural=0.8127 | clipped=0.8127(上限20.0)
Ψ矩阵条件数 cond(Ψ) = 2.50e+01
Loss=-12.513476 | E0=-3.82068348+0.53025758j | E1=-3.53815770+0.47983843j|E2=-3.07883120+0.15098381j|E3=-2.07580233+0.13023573j
#-----------------------------------------#
[Step   5] logΨ: mean=12.198-0.284j | min=6.937-1.812j | max=13.890+0.168j
梯度监控 | raw=10.6880 | natural=0.6790 | clipped=0.6790(上限20.0)
Ψ矩阵条件数 cond(Ψ) = 1.31e+01
Loss=-11.872163 | E0=-3.48192644+0.54661000j | E1=-3.33335400+0.45031917j|E2=-3.17603374+0.09978842j|E3=-1.88085079+0.10608079j
#-----------------------------------------#
[Step   6] logΨ: mean=12.793-0.314j | min=6.736-2.207j | max=14.342+0.101j
梯度监控 | raw=7.8113 | natural=0.6120 | clipped=0.6120(上限20.0)
Ψ矩阵条件数 cond(Ψ) = 2.31e+01
Loss=-11.226296 | E0=-3.26161599+0.53771138j | E1=-3.19783068+0.41878915j|E2=-3.08004093-0.05588719j|E3=-1.68680954+0.14005899j
#-----------------------------------------#
[Step   7] logΨ: mean=13.144-0.293j | min=7.848-1.501j | max=14.751+0.032j
梯度监控 | raw=11.0217 | natural=0.5209 | clipped=0.5209(上限20.0)
Ψ矩阵条件数 cond(Ψ) = 8.03e+00
Loss=-10.777648 | E0=-3.16987658-0.04673457j | E1=-3.03400183+0.38837647j|E2=-3.02753329+0.51622260j|E3=-1.54623151+0.13554598j
#-----------------------------------------#
[Step   8] logΨ: mean=13.752-0.006j | min=8.550-0.893j | max=15.250+3.080j
梯度监控 | raw=11.3699 | natural=0.4646 | clipped=0.4646(上限20.0)
Ψ矩阵条件数 cond(Ψ) = 7.64e+00
Loss=-10.317257 | E0=-3.11834574-0.13401008j | E1=-2.94685149+0.37801212j|E2=-2.82567883+0.48617572j|E3=-1.42638075+0.09706411j
#-----------------------------------------#
[Step   9] logΨ: mean=13.993+0.117j | min=8.369-1.927j | max=15.517+3.014j
梯度监控 | raw=9.8565 | natural=0.4032 | clipped=0.4032(上限20.0)
Ψ矩阵条件数 cond(Ψ) = 1.00e+01
Loss=-9.361785 | E0=-2.83837771+0.34880200j | E1=-2.67763400+0.48766750j|E2=-2.48739147-0.20379543j|E3=-1.35838258+0.06346536j
#-----------------------------------------#
[Step  10] logΨ: mean=14.339+0.214j | min=8.109+0.615j | max=15.792+2.988j
梯度监控 | raw=15.2815 | natural=0.3766 | clipped=0.3766(上限20.0)
Ψ矩阵条件数 cond(Ψ) = 1.83e+01
Loss=-9.122464 | E0=-2.76206160+0.33125818j | E1=-2.59517193+0.49921542j|E2=-2.44012618-0.30806065j|E3=-1.32510602+0.07045029j
#-----------------------------------------#
[Step  11] logΨ: mean=14.562+0.402j | min=9.061+1.794j | max=16.070+2.881j
梯度监控 | raw=27.1343 | natural=0.3694 | clipped=0.3694(上限20.0)
Ψ矩阵条件数 cond(Ψ) = 7.34e+00
Loss=-8.827731 | E0=-2.66830444+0.30803052j | E1=-2.48963070+0.50458276j|E2=-2.42343998-0.26546121j|E3=-1.24635506+0.06129456j
#-----------------------------------------#
[Step  12] logΨ: mean=14.961+0.452j | min=8.191+1.727j | max=16.260+2.757j
梯度监控 | raw=17.2261 | natural=0.3054 | clipped=0.3054(上限20.0)
Ψ矩阵条件数 cond(Ψ) = 1.14e+01
Loss=-8.488716 | E0=-2.58932304+0.29409611j | E1=-2.39468789+0.50770873j|E2=-2.31677008-0.50548911j|E3=-1.18793440+0.08960358j
#-----------------------------------------#
[Step  13] logΨ: mean=15.119+0.340j | min=9.150+0.797j | max=16.443+2.696j
梯度监控 | raw=24.6670 | natural=0.2961 | clipped=0.2961(上限20.0)
Ψ矩阵条件数 cond(Ψ) = 8.88e+00
Loss=-8.260257 | E0=-2.53607821+0.28225112j | E1=-2.31598377+0.50854719j|E2=-2.23427391-0.66843104j|E3=-1.17392123+0.08110788j
#-----------------------------------------#
[Step  14] logΨ: mean=15.268+0.352j | min=9.477-0.475j | max=16.651+2.637j
梯度监控 | raw=31.8784 | natural=0.2780 | clipped=0.2780(上限20.0)
Ψ矩阵条件数 cond(Ψ) = 6.73e+00
Loss=-8.082588 | E0=-2.47591639+0.27160534j | E1=-2.23314619+0.49170142j|E2=-2.19372272-0.73472619j|E3=-1.17980349+0.09481049j
#-----------------------------------------#
[Step  15] logΨ: mean=15.601+0.314j | min=8.424-0.253j | max=16.917+2.638j
梯度监控 | raw=31.4609 | natural=0.3411 | clipped=0.3411(上限20.0)
Ψ矩阵条件数 cond(Ψ) = 7.56e+00
Loss=-7.888391 | E0=-2.42085385+0.27325374j | E1=-2.19750047-0.75086725j|E2=-2.17020440+0.46696663j|E3=-1.09983313+0.08036149j
#-----------------------------------------#
[Step  16] logΨ: mean=15.718+0.309j | min=9.768-3.052j | max=17.120+2.604j
梯度监控 | raw=44.1961 | natural=0.2571 | clipped=0.2571(上限20.0)
Ψ矩阵条件数 cond(Ψ) = 6.54e+00
Loss=-7.823050 | E0=-2.37179708+0.25656635j | E1=-2.25271082-0.61225331j|E2=-2.13696623+0.46990311j|E3=-1.06157684+0.05286903j
#-----------------------------------------#
[Step  17] logΨ: mean=16.018+0.265j | min=9.694+1.300j | max=17.266+2.767j
梯度监控 | raw=41.8554 | natural=0.2609 | clipped=0.2609(上限20.0)
Ψ矩阵条件数 cond(Ψ) = 7.26e+00
Loss=-7.642948 | E0=-2.32324386+0.23870102j | E1=-2.24081731-0.68857658j|E2=-2.08518171+0.47801176j|E3=-0.99370509+0.07040588j
#-----------------------------------------#
[Step  18] logΨ: mean=16.109+0.162j | min=10.224-0.945j | max=17.411+2.665j
梯度监控 | raw=50.9881 | natural=0.2311 | clipped=0.2311(上限20.0)
Ψ矩阵条件数 cond(Ψ) = 2.39e+01
Loss=-7.616300 | E0=-2.28458595+0.22834261j | E1=-2.26711893-0.75256342j|E2=-2.04011726+0.48526943j|E3=-1.02447760+0.05390388j
#-----------------------------------------#
[Step  19] logΨ: mean=16.312+0.104j | min=11.187-2.758j | max=17.586+2.585j
梯度监控 | raw=57.5173 | natural=0.2040 | clipped=0.2040(上限20.0)
Ψ矩阵条件数 cond(Ψ) = 1.30e+01
Loss=-7.520247 | E0=-2.24657845+0.21634756j | E1=-2.24188352-0.91874319j|E2=-2.00531101+0.48904607j|E3=-1.02647519+0.05881094j
#-----------------------------------------#
