
============================================================
开始多链 NES-VMC 训练 | 使用自然梯度
============================================================
精确CAS基准：基态=-7.86364558 Ha | 1激发=-7.72153670 Ha|2激发=-7.70823970 Ha|3激发=-7.68581513 Ha|
理论 Loss 上限：-30.97923710 
超参：clip_norm=20.0, lr=0.1, QGT diag_shift=0.1
[Step   0] logΨ: mean=7.194+0.007j | min=1.343-2.920j | max=8.964+0.289j
梯度监控 | raw=20.1724 | natural=2.4716 | clipped=2.4716(上限20.0)
Ψ矩阵条件数 cond(Ψ) = 1.00e+01
Loss=-21.989178 | E0=-5.90164995+0.01112461j | E1=-5.64291334+0.01155587j|E2=-5.33633041-0.02197912j|E3=-5.10828352-0.00074617j
#-----------------------------------------#
[Step   1] logΨ: mean=7.749-0.127j | min=1.824+2.084j | max=9.566+0.155j
梯度监控 | raw=18.1063 | natural=2.2250 | clipped=2.2250(上限20.0)
Ψ矩阵条件数 cond(Ψ) = 2.30e+01
Loss=-23.027590 | E0=-6.24543715-0.01151366j | E1=-6.16754961+0.01589417j|E2=-5.51995659+0.00194756j|E3=-5.09464598-0.00347021j
#-----------------------------------------#
[Step   2] logΨ: mean=8.227-0.234j | min=2.761+1.991j | max=10.118+0.053j
梯度监控 | raw=20.3909 | natural=1.9221 | clipped=1.9221(上限20.0)
Ψ矩阵条件数 cond(Ψ) = 1.36e+01
Loss=-23.818077 | E0=-6.55409861-0.00354424j | E1=-6.53980160+0.01900646j|E2=-5.61892080-0.01465178j|E3=-5.10525465-0.00066856j
#-----------------------------------------#
[Step   3] logΨ: mean=8.830+0.072j | min=3.877+1.445j | max=10.575+3.134j
梯度监控 | raw=27.7723 | natural=1.6232 | clipped=1.6232(上限20.0)
Ψ矩阵条件数 cond(Ψ) = 1.71e+01
Loss=-24.597300 | E0=-6.93314409-0.00315804j | E1=-6.80119896+0.00194575j|E2=-5.73941660-0.00189903j|E3=-5.12354183+0.00256085j
#-----------------------------------------#
[Step   4] logΨ: mean=9.391+0.135j | min=2.588+1.005j | max=11.013+3.092j
梯度监控 | raw=31.8555 | natural=1.3662 | clipped=1.3662(上限20.0)
Ψ矩阵条件数 cond(Ψ) = 1.32e+01
Loss=-25.050352 | E0=-7.14556932-0.00359083j | E1=-6.92240047-0.00393666j|E2=-5.85349560+0.00653775j|E3=-5.12888670-0.00037480j
#-----------------------------------------#
[Step   5] logΨ: mean=9.970+0.172j | min=4.103-0.500j | max=11.437+3.006j
梯度监控 | raw=39.6698 | natural=1.2365 | clipped=1.2365(上限20.0)
Ψ矩阵条件数 cond(Ψ) = 3.32e+01
Loss=-25.569647 | E0=-7.29474974-0.01451397j | E1=-7.11350155+0.01927670j|E2=-5.99832153+0.00378346j|E3=-5.16307259-0.00210733j
#-----------------------------------------#
[Step   6] logΨ: mean=10.318+0.303j | min=4.208-2.065j | max=11.728+2.063j
梯度监控 | raw=50.9040 | natural=0.9411 | clipped=0.9411(上限20.0)
Ψ矩阵条件数 cond(Ψ) = 1.14e+01
Loss=-25.974628 | E0=-7.38384962+0.00075279j | E1=-7.21662378-0.00122001j|E2=-6.15559578-0.00146508j|E3=-5.21856117-0.00045160j
#-----------------------------------------#
[Step   7] logΨ: mean=10.796+0.315j | min=5.400-1.449j | max=12.173+2.040j
梯度监控 | raw=61.1361 | natural=0.8885 | clipped=0.8885(上限20.0)
Ψ矩阵条件数 cond(Ψ) = 2.97e+01
Loss=-26.278296 | E0=-7.48422241-0.00063119j | E1=-7.26320219+0.00849872j|E2=-6.27183914-0.00863585j|E3=-5.25903320+0.00319101j
#-----------------------------------------#
[Step   8] logΨ: mean=11.182+0.189j | min=4.582-2.680j | max=12.643+1.984j
梯度监控 | raw=85.6380 | natural=0.7844 | clipped=0.7844(上限20.0)
Ψ矩阵条件数 cond(Ψ) = 8.68e+00
Loss=-26.700645 | E0=-7.52018166-0.00125022j | E1=-7.28732920-0.00121991j|E2=-6.47291231+0.00119686j|E3=-5.42022943-0.00003130j
#-----------------------------------------#
[Step   9] logΨ: mean=11.677+0.259j | min=3.091-0.690j | max=13.009+1.949j
梯度监控 | raw=92.9076 | natural=0.6468 | clipped=0.6468(上限20.0)
Ψ矩阵条件数 cond(Ψ) = 8.25e+00
Loss=-27.014988 | E0=-7.56662035+0.00300541j | E1=-7.35896158-0.00111614j|E2=-6.60854864-0.00191815j|E3=-5.48085928-0.00006817j
#-----------------------------------------#
[Step  10] logΨ: mean=12.241+0.144j | min=5.069-1.081j | max=13.408+1.899j
梯度监控 | raw=133.9160 | natural=0.5796 | clipped=0.5796(上限20.0)
Ψ矩阵条件数 cond(Ψ) = 5.02e+01
Loss=-27.539619 | E0=-7.61040974-0.00234896j | E1=-7.38432217+0.01021368j|E2=-6.77091217-0.00398814j|E3=-5.77397728-0.00040355j
#-----------------------------------------#
[Step  11] logΨ: mean=12.840-0.012j | min=6.263-0.603j | max=14.155+0.464j
梯度监控 | raw=155.9837 | natural=0.6151 | clipped=0.6151(上限20.0)
Ψ矩阵条件数 cond(Ψ) = 8.67e+00
Loss=-28.183718 | E0=-7.62357950+0.00044076j | E1=-7.42402124+0.00465450j|E2=-6.86543989-0.00049290j|E3=-6.27066708-0.00327908j
#-----------------------------------------#
[Step  12] logΨ: mean=13.601-0.259j | min=7.685+0.454j | max=14.873+0.391j
梯度监控 | raw=149.8505 | natural=0.5079 | clipped=0.5079(上限20.0)
Ψ矩阵条件数 cond(Ψ) = 8.14e+00
Loss=-28.659971 | E0=-7.62782955+0.00240008j | E1=-7.43121481+0.00040666j|E2=-7.01124907-0.00319819j|E3=-6.58967638-0.00238228j
#-----------------------------------------#
[Step  13] logΨ: mean=14.394-0.148j | min=8.087-3.126j | max=15.562+0.320j
梯度监控 | raw=124.4310 | natural=0.4509 | clipped=0.4509(上限20.0)
Ψ矩阵条件数 cond(Ψ) = 8.87e+00
Loss=-29.081821 | E0=-7.66169977-0.00073994j | E1=-7.46218348-0.00100908j|E2=-7.15262270+0.00369764j|E3=-6.80530787-0.00368538j
#-----------------------------------------#
[Step  14] logΨ: mean=15.027-0.285j | min=9.464+2.457j | max=16.164+0.481j
梯度监控 | raw=102.4406 | natural=0.3475 | clipped=0.3475(上限20.0)
Ψ矩阵条件数 cond(Ψ) = 8.96e+00
Loss=-29.357456 | E0=-7.66262960-0.00045696j | E1=-7.48213434-0.00274431j|E2=-7.23623276+0.00220528j|E3=-6.97644472+0.00050785j
#-----------------------------------------#
[Step  15] logΨ: mean=15.996-0.344j | min=9.930+2.873j | max=17.032+0.353j
梯度监控 | raw=65.9169 | natural=0.4673 | clipped=0.4673(上限20.0)
Ψ矩阵条件数 cond(Ψ) = 1.41e+01
Loss=-29.675884 | E0=-7.68247318-0.00005929j | E1=-7.51085234+0.00044264j|E2=-7.37602997-0.00489643j|E3=-7.10651827-0.00141352j
#-----------------------------------------#
[Step  16] logΨ: mean=16.731-0.278j | min=10.747-1.280j | max=17.694+0.282j
梯度监控 | raw=50.2468 | natural=0.2743 | clipped=0.2743(上限20.0)
Ψ矩阵条件数 cond(Ψ) = 7.47e+00
Loss=-29.808775 | E0=-7.68356657-0.00211388j | E1=-7.53203583-0.00242036j|E2=-7.42926788+0.00828666j|E3=-7.16390228+0.00069441j
#-----------------------------------------#
[Step  17] logΨ: mean=17.377-0.432j | min=11.833-2.675j | max=18.264+0.228j
梯度监控 | raw=32.5478 | natural=0.2228 | clipped=0.2228(上限20.0)
Ψ矩阵条件数 cond(Ψ) = 1.51e+01
Loss=-29.967064 | E0=-7.69308996-0.00174346j | E1=-7.58519554+0.00247640j|E2=-7.48741817+0.00153519j|E3=-7.20137024-0.00060832j
#-----------------------------------------#
[Step  18] logΨ: mean=17.952-0.002j | min=12.112-2.585j | max=18.805+0.163j
梯度监控 | raw=25.4107 | natural=0.2020 | clipped=0.2020(上限20.0)
Ψ矩阵条件数 cond(Ψ) = 2.07e+01
Loss=-30.088743 | E0=-7.70870638-0.00002618j | E1=-7.61237049-0.00087797j|E2=-7.51687098-0.00304060j|E3=-7.25079393+0.00528952j
#-----------------------------------------#
[Step  19] logΨ: mean=18.538-0.019j | min=11.943+2.009j | max=19.404+0.117j
梯度监控 | raw=30.9135 | natural=0.1934 | clipped=0.1934(上限20.0)
Ψ矩阵条件数 cond(Ψ) = 1.03e+01
Loss=-30.094982 | E0=-7.70510340-0.00116544j | E1=-7.59720373-0.00149334j|E2=-7.53453016+0.00265399j|E3=-7.25814390+0.00158442j
#-----------------------------------------#
[Step  20] logΨ: mean=19.138-0.246j | min=13.330+1.064j | max=19.924+0.306j
梯度监控 | raw=36.5357 | natural=0.2285 | clipped=0.2285(上限20.0)
Ψ矩阵条件数 cond(Ψ) = 7.48e+00
Loss=-30.186794 | E0=-7.71258593+0.00086898j | E1=-7.64007902+0.00346456j|E2=-7.55312920-0.00368669j|E3=-7.28099489-0.00091196j
#-----------------------------------------#
[Step  21] logΨ: mean=19.691-0.489j | min=14.325-3.108j | max=20.439+0.321j
梯度监控 | raw=37.2952 | natural=0.1406 | clipped=0.1406(上限20.0)
Ψ矩阵条件数 cond(Ψ) = 1.27e+01
Loss=-30.220005 | E0=-7.71870613+0.00089785j | E1=-7.64143658-0.00073071j|E2=-7.56212807-0.00182988j|E3=-7.29773188+0.00262518j
#-----------------------------------------#
[Step  22] logΨ: mean=20.317+0.511j | min=12.925+1.239j | max=21.069+3.043j
梯度监控 | raw=44.3333 | natural=0.1507 | clipped=0.1507(上限20.0)
Ψ矩阵条件数 cond(Ψ) = 1.39e+01
Loss=-30.269232 | E0=-7.72441816+0.00097444j | E1=-7.65334988-0.00095454j|E2=-7.57007694-0.00080042j|E3=-7.32138252-0.00091948j
#-----------------------------------------#
[Step  23] logΨ: mean=20.879+0.640j | min=15.573-0.458j | max=21.603+3.034j
梯度监控 | raw=50.9878 | natural=0.1681 | clipped=0.1681(上限20.0)
Ψ矩阵条件数 cond(Ψ) = 9.67e+00
Loss=-30.291250 | E0=-7.72859001+0.00035730j | E1=-7.65722036-0.00057731j|E2=-7.57344770+0.00059901j|E3=-7.33199215-0.00130775j
#-----------------------------------------#
[Step  24] logΨ: mean=21.641+0.085j | min=15.092-0.855j | max=22.312+0.073j
梯度监控 | raw=70.1995 | natural=0.0883 | clipped=0.0883(上限20.0)
Ψ矩阵条件数 cond(Ψ) = 2.37e+01
Loss=-30.334595 | E0=-7.73477793+0.00000878j | E1=-7.66176367+0.00008559j|E2=-7.58260107-0.00262706j|E3=-7.35545254+0.00134962j
#-----------------------------------------#
[Step  25] logΨ: mean=22.071-0.144j | min=16.388+2.154j | max=22.714+0.392j
梯度监控 | raw=78.2702 | natural=0.0726 | clipped=0.0726(上限20.0)
Ψ矩阵条件数 cond(Ψ) = 6.99e+00
Loss=-30.349905 | E0=-7.73168850-0.00048754j | E1=-7.66146231-0.00006278j|E2=-7.58739853+0.00056501j|E3=-7.36936855+0.00285816j
#-----------------------------------------#
[Step  26] logΨ: mean=22.567-0.451j | min=18.294-0.391j | max=23.200+0.815j
梯度监控 | raw=78.6872 | natural=0.0884 | clipped=0.0884(上限20.0)
Ψ矩阵条件数 cond(Ψ) = 1.25e+01
Loss=-30.365278 | E0=-7.73665476-0.00012202j | E1=-7.66302204-0.00060755j|E2=-7.59497786+0.00052562j|E3=-7.37064075+0.00126163j
#-----------------------------------------#
[Step  27] logΨ: mean=22.925-0.494j | min=17.400+0.629j | max=23.536+0.883j
梯度监控 | raw=90.1269 | natural=0.1032 | clipped=0.1032(上限20.0)
Ψ矩阵条件数 cond(Ψ) = 4.78e+00
Loss=-30.431459 | E0=-7.74760723+0.00091415j | E1=-7.66309118+0.00015339j|E2=-7.60570002+0.00031405j|E3=-7.41506243+0.00118319j
#-----------------------------------------#
[Step  28] logΨ: mean=22.707-0.418j | min=18.302-2.035j | max=23.264+0.425j
梯度监控 | raw=114.3019 | natural=0.0313 | clipped=0.0313(上限20.0)
Ψ矩阵条件数 cond(Ψ) = 8.02e+00
Loss=-30.452696 | E0=-7.74227238+0.00197842j | E1=-7.66314030-0.00005732j|E2=-7.61626816+0.00240358j|E3=-7.43100548-0.00056031j
#-----------------------------------------#
[Step  29] logΨ: mean=23.318-0.313j | min=17.442-0.382j | max=23.951+0.748j
梯度监控 | raw=112.2536 | natural=0.1104 | clipped=0.1104(上限20.0)
Ψ矩阵条件数 cond(Ψ) = 5.88e+00
Loss=-30.459190 | E0=-7.74964333-0.00114215j | E1=-7.65686989+0.00058348j|E2=-7.60862589+0.00238914j|E3=-7.44404316-0.00072095j
#-----------------------------------------#
[Step  30] logΨ: mean=23.569-0.464j | min=18.345-0.097j | max=24.181+0.599j
梯度监控 | raw=160.1070 | natural=0.0433 | clipped=0.0433(上限20.0)
Ψ矩阵条件数 cond(Ψ) = 1.61e+01
Loss=-30.460478 | E0=-7.74952555-0.00025726j | E1=-7.66293859-0.00101959j|E2=-7.62098408-0.00114731j|E3=-7.42703867+0.00365958j
#-----------------------------------------#
[Step  31] logΨ: mean=23.689-0.408j | min=17.707+0.401j | max=24.356+0.277j
梯度监控 | raw=164.4252 | natural=0.0742 | clipped=0.0742(上限20.0)
Ψ矩阵条件数 cond(Ψ) = 8.02e+00
Loss=-30.518160 | E0=-7.75339603-0.00021972j | E1=-7.66733980+0.00026437j|E2=-7.63158226-0.00074012j|E3=-7.46582985-0.00149438j
#-----------------------------------------#
[Step  32] logΨ: mean=24.452-0.494j | min=18.600+0.799j | max=25.119+0.504j
梯度监控 | raw=162.2966 | natural=0.0626 | clipped=0.0626(上限20.0)
Ψ矩阵条件数 cond(Ψ) = 7.86e+00
Loss=-30.538380 | E0=-7.75823355-0.00051647j | E1=-7.66475201-0.00008397j|E2=-7.63291931+0.00198047j|E3=-7.48248339-0.00008615j
#-----------------------------------------#
[Step  33] logΨ: mean=24.173-0.442j | min=20.599+2.120j | max=24.808+0.508j
梯度监控 | raw=223.1032 | natural=0.0286 | clipped=0.0286(上限20.0)
Ψ矩阵条件数 cond(Ψ) = 4.81e+00
Loss=-30.560555 | E0=-7.75571585+0.00032717j | E1=-7.66700983+0.00122880j|E2=-7.63863468-0.00241642j|E3=-7.49918747+0.00090733j
#-----------------------------------------#
[Step  34] logΨ: mean=25.925-0.148j | min=19.714-2.539j | max=26.652+0.957j
梯度监控 | raw=192.6214 | natural=0.1017 | clipped=0.1017(上限20.0)
Ψ矩阵条件数 cond(Ψ) = 6.81e+00
Loss=-30.586016 | E0=-7.76300335+0.00002617j | E1=-7.66630173-0.00176297j|E2=-7.64428616-0.00014473j|E3=-7.51241159+0.00190116j
#-----------------------------------------#
[Step  35] logΨ: mean=26.363-0.482j | min=19.080-0.504j | max=27.006+0.334j
梯度监控 | raw=354.6185 | natural=0.0472 | clipped=0.0472(上限20.0)
Ψ矩阵条件数 cond(Ψ) = 1.83e+01
Loss=-30.625210 | E0=-7.76499414-0.00108635j | E1=-7.66787052-0.00101329j|E2=-7.65016079+0.00323503j|E3=-7.54218674-0.00169004j
#-----------------------------------------#
[Step  36] logΨ: mean=26.056-0.523j | min=21.567+1.341j | max=26.659+0.385j
梯度监控 | raw=285.7577 | natural=0.0759 | clipped=0.0759(上限20.0)
Ψ矩阵条件数 cond(Ψ) = 5.24e+00
Loss=-30.658136 | E0=-7.78004742+0.00015779j | E1=-7.66811466+0.00040742j|E2=-7.65389061+0.00201000j|E3=-7.55608940-0.00159359j
#-----------------------------------------#
[Step  37] logΨ: mean=25.588-0.722j | min=19.834+0.572j | max=26.195+0.055j
梯度监控 | raw=232.5528 | natural=0.0731 | clipped=0.0731(上限20.0)
Ψ矩阵条件数 cond(Ψ) = 3.14e+01
Loss=-30.682053 | E0=-7.78632450+0.00082874j | E1=-7.67382145+0.00241681j|E2=-7.65774298-0.00247749j|E3=-7.56417370+0.00006723j
#-----------------------------------------#
[Step  38] logΨ: mean=24.777+0.451j | min=18.809+0.763j | max=25.423+3.118j
梯度监控 | raw=183.2633 | natural=0.1019 | clipped=0.1019(上限20.0)
Ψ矩阵条件数 cond(Ψ) = 1.13e+01
Loss=-30.673241 | E0=-7.78259802+0.00046194j | E1=-7.66949081-0.00190422j|E2=-7.65329218+0.00229905j|E3=-7.56786394+0.00166721j
#-----------------------------------------#
[Step  39] logΨ: mean=24.881-0.925j | min=20.012-2.705j | max=25.426+0.001j
梯度监控 | raw=131.6832 | natural=0.0227 | clipped=0.0227(上限20.0)
Ψ矩阵条件数 cond(Ψ) = 4.39e+00
Loss=-30.718369 | E0=-7.78264713-0.00114851j | E1=-7.68088102-0.00317226j|E2=-7.65778255+0.00008165j|E3=-7.59706450+0.00155195j
#-----------------------------------------#
[Step  40] logΨ: mean=25.228+0.432j | min=19.837-0.177j | max=25.768+2.507j
梯度监控 | raw=115.7082 | natural=0.0755 | clipped=0.0755(上限20.0)
Ψ矩阵条件数 cond(Ψ) = 4.50e+00
Loss=-30.717155 | E0=-7.78599072-0.00074619j | E1=-7.67723179+0.00212602j|E2=-7.65872812-0.00042745j|E3=-7.59520197-0.00133767j
#-----------------------------------------#
[Step  41] logΨ: mean=25.516+0.202j | min=19.540-1.390j | max=26.034+2.086j
梯度监控 | raw=127.6859 | natural=0.1190 | clipped=0.1190(上限20.0)
Ψ矩阵条件数 cond(Ψ) = 1.70e+01
Loss=-30.735710 | E0=-7.79460955+0.00021493j | E1=-7.67981100-0.00008565j|E2=-7.65780926+0.00002226j|E3=-7.60348988+0.00122751j
#-----------------------------------------#
[Step  42] logΨ: mean=28.653-0.110j | min=22.425-0.989j | max=29.740+2.076j
梯度监控 | raw=112.7178 | natural=0.1734 | clipped=0.1734(上限20.0)
Ψ矩阵条件数 cond(Ψ) = 7.40e+01
Loss=-30.735659 | E0=-7.79316092-0.00001886j | E1=-7.67677927+0.00175078j|E2=-7.65606594+0.00093545j|E3=-7.60966158-0.00168608j
#-----------------------------------------#
[Step  43] logΨ: mean=28.780+0.884j | min=23.329-2.165j | max=29.335+2.926j
梯度监控 | raw=37.5503 | natural=0.0670 | clipped=0.0670(上限20.0)
Ψ矩阵条件数 cond(Ψ) = 9.47e+00
Loss=-30.798407 | E0=-7.80181408+0.00142606j | E1=-7.70195770+0.00037665j|E2=-7.66503048+0.00039101j|E3=-7.62960720-0.00264349j
#-----------------------------------------#
[Step  44] logΨ: mean=25.924-0.148j | min=21.022+1.921j | max=26.454+0.538j
梯度监控 | raw=33.8384 | natural=0.0696 | clipped=0.0696(上限20.0)
Ψ矩阵条件数 cond(Ψ) = 1.49e+01
Loss=-30.802942 | E0=-7.80180454+0.00057156j | E1=-7.70473719+0.00197519j|E2=-7.66777372+0.00040090j|E3=-7.62862349+0.00005370j
#-----------------------------------------#
[Step  45] logΨ: mean=26.323-0.049j | min=21.490-2.665j | max=26.890+0.585j
梯度监控 | raw=32.3812 | natural=0.1239 | clipped=0.1239(上限20.0)
Ψ矩阵条件数 cond(Ψ) = 1.38e+01
Loss=-30.781347 | E0=-7.78315020-0.00009844j | E1=-7.70391226-0.00013835j|E2=-7.66749382+0.00051502j|E3=-7.62680197-0.00063425j
#-----------------------------------------#
[Step  46] logΨ: mean=26.803+0.048j | min=20.987-2.861j | max=27.285+0.736j
梯度监控 | raw=23.1267 | natural=0.0906 | clipped=0.0906(上限20.0)
Ψ矩阵条件数 cond(Ψ) = 9.25e+00
Loss=-30.822111 | E0=-7.80521584+0.00000985j | E1=-7.70632792-0.00139862j|E2=-7.66810417+0.00160869j|E3=-7.64246321-0.00055169j
#-----------------------------------------#
[Step  47] logΨ: mean=26.367-0.289j | min=21.949+2.056j | max=26.888+0.031j
梯度监控 | raw=27.0430 | natural=0.1250 | clipped=0.1250(上限20.0)
Ψ矩阵条件数 cond(Ψ) = 1.47e+01
Loss=-30.812675 | E0=-7.79916239+0.00000403j | E1=-7.70596266+0.00042887j|E2=-7.66912365-0.00090586j|E3=-7.63842726-0.00038934j
#-----------------------------------------#
[Step  48] logΨ: mean=26.859-0.223j | min=21.230+0.416j | max=27.315+1.652j
梯度监控 | raw=20.6153 | natural=0.0729 | clipped=0.0729(上限20.0)
Ψ矩阵条件数 cond(Ψ) = 6.60e+00
Loss=-30.840008 | E0=-7.81487465+0.00050670j | E1=-7.70693874-0.00049102j|E2=-7.66676950+0.00093314j|E3=-7.65142059-0.00144136j
#-----------------------------------------#
[Step  49] logΨ: mean=27.004-0.387j | min=21.170-0.599j | max=27.519+1.472j
梯度监控 | raw=24.4947 | natural=0.0740 | clipped=0.0740(上限20.0)
Ψ矩阵条件数 cond(Ψ) = 1.72e+01
Loss=-30.828188 | E0=-7.80988407-0.00092555j | E1=-7.70638752-0.00058261j|E2=-7.66719055-0.00245049j|E3=-7.64472342+0.00157519j
#-----------------------------------------#
[Step  50] logΨ: mean=27.236-0.395j | min=22.577+2.914j | max=27.722+1.504j
梯度监控 | raw=24.0075 | natural=0.0553 | clipped=0.0553(上限20.0)
Ψ矩阵条件数 cond(Ψ) = 1.73e+01
Loss=-30.838085 | E0=-7.81665039-0.00075786j | E1=-7.70741653-0.00053721j|E2=-7.66827774+0.00057673j|E3=-7.64573097+0.00174674j
#-----------------------------------------#
[Step  51] logΨ: mean=27.275-0.325j | min=22.726-0.621j | max=27.749+1.552j
梯度监控 | raw=21.4167 | natural=0.0685 | clipped=0.0685(上限20.0)
Ψ矩阵条件数 cond(Ψ) = 1.75e+01
Loss=-30.855715 | E0=-7.81833363-0.00078867j | E1=-7.70678568+0.00050001j|E2=-7.66965342-0.00079185j|E3=-7.66094255+0.00051014j
#-----------------------------------------#
[Step  52] logΨ: mean=26.862-0.385j | min=22.204+2.587j | max=27.282+1.613j
梯度监控 | raw=20.8482 | natural=0.0222 | clipped=0.0222(上限20.0)
Ψ矩阵条件数 cond(Ψ) = 1.81e+01
Loss=-30.869707 | E0=-7.82580090+0.00049514j | E1=-7.70812988-0.00007939j|E2=-7.67238998+0.00199606j|E3=-7.66338634-0.00184776j
#-----------------------------------------#
[Step  53] logΨ: mean=26.976-0.389j | min=21.041-2.684j | max=27.413+1.486j
梯度监控 | raw=21.0593 | natural=0.2403 | clipped=0.2403(上限20.0)
Ψ矩阵条件数 cond(Ψ) = 5.92e+00
Loss=-30.852486 | E0=-7.82364416-0.00014372j | E1=-7.70899343-0.00081303j|E2=-7.66868925-0.00348592j|E3=-7.65115499+0.00138272j
#-----------------------------------------#
[Step  54] logΨ: mean=26.701-0.273j | min=19.281-1.464j | max=27.130+1.806j
梯度监控 | raw=22.4134 | natural=0.1385 | clipped=0.1385(上限20.0)
Ψ矩阵条件数 cond(Ψ) = 6.00e+00
Loss=-30.864586 | E0=-7.82631731-0.00078186j | E1=-7.70905399+0.00065063j|E2=-7.66973066+0.00050921j|E3=-7.65949154+0.00182246j
#-----------------------------------------#
[Step  55] logΨ: mean=27.435-0.135j | min=21.935+2.790j | max=27.799+1.832j
梯度监控 | raw=15.8839 | natural=0.0840 | clipped=0.0840(上限20.0)
Ψ矩阵条件数 cond(Ψ) = 6.04e+00
Loss=-30.876970 | E0=-7.83208513-0.00143615j | E1=-7.71046114-0.00042963j|E2=-7.67275047+0.00088323j|E3=-7.66166067+0.00121304j
#-----------------------------------------#
[Step  56] logΨ: mean=27.457-0.080j | min=22.955-1.334j | max=27.845+1.856j
梯度监控 | raw=17.0765 | natural=0.0921 | clipped=0.0921(上限20.0)
Ψ矩阵条件数 cond(Ψ) = 1.03e+01
Loss=-30.872400 | E0=-7.82960463+0.00066338j | E1=-7.71095371+0.00038653j|E2=-7.67154932-0.00029572j|E3=-7.66029596-0.00017920j
#-----------------------------------------#
[Step  57] logΨ: mean=27.268+0.883j | min=21.642-0.150j | max=27.620+2.806j
梯度监控 | raw=14.8179 | natural=0.0659 | clipped=0.0659(上限20.0)
Ψ矩阵条件数 cond(Ψ) = 2.76e+01
Loss=-30.879559 | E0=-7.83293819+0.00130946j | E1=-7.71002913+0.00008083j|E2=-7.67562103-0.00004711j|E3=-7.66097450-0.00036962j
#-----------------------------------------#
[Step  58] logΨ: mean=26.969+0.790j | min=22.162-0.095j | max=27.278+2.845j
梯度监控 | raw=19.1239 | natural=0.0177 | clipped=0.0177(上限20.0)
Ψ矩阵条件数 cond(Ψ) = 6.44e+00
Loss=-30.899042 | E0=-7.84030914-0.00001689j | E1=-7.71055746+0.00045359j|E2=-7.67968512-0.00068003j|E3=-7.66848469+0.00073026j
#-----------------------------------------#
[Step  59] logΨ: mean=27.005+0.831j | min=22.725+0.001j | max=27.339+2.872j
梯度监控 | raw=21.8277 | natural=0.0733 | clipped=0.0733(上限20.0)
Ψ矩阵条件数 cond(Ψ) = 6.38e+00
Loss=-30.890457 | E0=-7.83711767-0.00162050j | E1=-7.71088123+0.00003968j|E2=-7.67588377+0.00069302j|E3=-7.66656351+0.00042841j
#-----------------------------------------#
[Step  60] logΨ: mean=27.659+0.813j | min=21.476+0.592j | max=27.986+2.891j
梯度监控 | raw=19.0442 | natural=0.1040 | clipped=0.1040(上限20.0)
Ψ矩阵条件数 cond(Ψ) = 6.54e+00
Loss=-30.897036 | E0=-7.84112597+0.00010875j | E1=-7.71218824+0.00096233j|E2=-7.67818737+0.00001144j|E3=-7.66552973+0.00002582j
#-----------------------------------------#
[Step  61] logΨ: mean=27.545+1.001j | min=21.313-2.973j | max=27.848+2.878j
梯度监控 | raw=20.8786 | natural=0.0778 | clipped=0.0778(上限20.0)
Ψ矩阵条件数 cond(Ψ) = 6.41e+00
Loss=-30.897446 | E0=-7.84055710+0.00064037j | E1=-7.71254015+0.00063124j|E2=-7.67886448+0.00045749j|E3=-7.66549015-0.00068975j
#-----------------------------------------#
[Step  62] logΨ: mean=27.090+0.868j | min=23.656-0.632j | max=27.376+2.919j
梯度监控 | raw=18.8297 | natural=0.0194 | clipped=0.0194(上限20.0)
Ψ矩阵条件数 cond(Ψ) = 6.66e+00
Loss=-30.906078 | E0=-7.84389877+0.00029026j | E1=-7.71191883-0.00023516j|E2=-7.68046236-0.00128306j|E3=-7.66980505+0.00096776j
#-----------------------------------------#
[Step  63] logΨ: mean=27.358+0.024j | min=22.654+2.453j | max=27.683+2.574j
梯度监控 | raw=17.9874 | natural=0.0760 | clipped=0.0760(上限20.0)
Ψ矩阵条件数 cond(Ψ) = 1.43e+01
Loss=-30.907209 | E0=-7.84415960+0.00041673j | E1=-7.71178770-0.00002922j|E2=-7.68163586-0.00038814j|E3=-7.66962671+0.00129101j
#-----------------------------------------#
[Step  64] logΨ: mean=27.556-0.115j | min=21.391-2.450j | max=27.845+2.537j
梯度监控 | raw=15.9268 | natural=0.0994 | clipped=0.0994(上限20.0)
Ψ矩阵条件数 cond(Ψ) = 1.48e+01
Loss=-30.906044 | E0=-7.84636164+0.00033697j | E1=-7.71152401-0.00013021j|E2=-7.68336296+0.00033464j|E3=-7.66480207+0.00072972j
#-----------------------------------------#
[Step  65] logΨ: mean=27.604-0.089j | min=23.572-2.229j | max=27.911+2.524j
梯度监控 | raw=19.0946 | natural=0.0426 | clipped=0.0426(上限20.0)
Ψ矩阵条件数 cond(Ψ) = 6.93e+00
Loss=-30.919485 | E0=-7.84533310+0.00008547j | E1=-7.71279573+0.00042509j|E2=-7.68958473-0.00006682j|E3=-7.67176008-0.00105880j
#-----------------------------------------#
[Step  66] logΨ: mean=27.726+1.088j | min=23.028-2.949j | max=28.028+2.444j
梯度监控 | raw=15.5091 | natural=0.0956 | clipped=0.0956(上限20.0)
Ψ矩阵条件数 cond(Ψ) = 6.93e+00
Loss=-30.913960 | E0=-7.84728861+0.00086451j | E1=-7.71225214-0.00002613j|E2=-7.68518972-0.00063473j|E3=-7.66922522+0.00051556j
#-----------------------------------------#
[Step  67] logΨ: mean=27.944+1.086j | min=21.264-1.353j | max=28.241+2.411j
梯度监控 | raw=19.5094 | natural=0.0292 | clipped=0.0292(上限20.0)
Ψ矩阵条件数 cond(Ψ) = 6.67e+00
Loss=-30.921120 | E0=-7.84987688-0.00084500j | E1=-7.71244526+0.00004265j|E2=-7.68907547+0.00007510j|E3=-7.66972733+0.00056887j
#-----------------------------------------#
[Step  68] logΨ: mean=27.961+0.986j | min=21.990-1.094j | max=28.265+2.426j
梯度监控 | raw=20.2418 | natural=0.0241 | clipped=0.0241(上限20.0)
Ψ矩阵条件数 cond(Ψ) = 1.64e+01
Loss=-30.921280 | E0=-7.84945774+0.00015497j | E1=-7.71251488+0.00023324j|E2=-7.68745756-0.00074634j|E3=-7.67183828+0.00010535j
#-----------------------------------------#
[Step  69] logΨ: mean=28.046+1.107j | min=23.444-2.696j | max=28.355+2.457j
梯度监控 | raw=20.8989 | natural=0.1068 | clipped=0.1068(上限20.0)
Ψ矩阵条件数 cond(Ψ) = 6.77e+00
Loss=-30.923759 | E0=-7.85055399+0.00074249j | E1=-7.71307468+0.00044810j|E2=-7.69041300-0.00021496j|E3=-7.66971540+0.00028402j
#-----------------------------------------#
[Step  70] logΨ: mean=27.343+0.795j | min=20.529+3.027j | max=27.607+2.861j
梯度监控 | raw=19.3316 | natural=0.1751 | clipped=0.1751(上限20.0)
Ψ矩阵条件数 cond(Ψ) = 1.06e+01
Loss=-30.916601 | E0=-7.84880018-0.00019148j | E1=-7.71277666-0.00011449j|E2=-7.68467951-0.00145276j|E3=-7.67033052+0.00249104j
#-----------------------------------------#
[Step  71] logΨ: mean=27.155+0.417j | min=23.436-0.040j | max=27.674+2.883j
梯度监控 | raw=687.2185 | natural=0.0165 | clipped=0.0165(上限20.0)
Ψ矩阵条件数 cond(Ψ) = 1.09e+01
Loss=-30.750463 | E0=-7.83295441+0.00047689j | E1=-7.70062447+0.00120423j|E2=-7.67201519+0.00107737j|E3=-7.54487944-0.00286211j
#-----------------------------------------#
[Step  72] logΨ: mean=27.442+0.133j | min=22.361+0.105j | max=27.987+2.231j
梯度监控 | raw=669.6393 | natural=0.0783 | clipped=0.0783(上限20.0)
Ψ矩阵条件数 cond(Ψ) = 1.28e+01
Loss=-30.756819 | E0=-7.83057404+0.00035876j | E1=-7.70058584+0.00023123j|E2=-7.67319441+0.00014464j|E3=-7.55245256-0.00239664j
#-----------------------------------------#
[Step  73] logΨ: mean=27.435+0.054j | min=23.233+2.783j | max=27.891+2.198j
梯度监控 | raw=676.6166 | natural=0.0160 | clipped=0.0160(上限20.0)
Ψ矩阵条件数 cond(Ψ) = 7.81e+00
Loss=-30.786161 | E0=-7.83545399-0.00045682j | E1=-7.70103884-0.00066431j|E2=-7.67424679-0.00006721j|E3=-7.57542562+0.00008869j
#-----------------------------------------#
[Step  74] logΨ: mean=27.908+0.717j | min=22.503+0.624j | max=28.367+2.975j
梯度监控 | raw=633.8392 | natural=0.0770 | clipped=0.0770(上限20.0)
Ψ矩阵条件数 cond(Ψ) = 8.65e+00
Loss=-30.795837 | E0=-7.83889723+0.00001118j | E1=-7.70025635+0.00003603j|E2=-7.67273712+0.00077475j|E3=-7.58394623+0.00025238j
#-----------------------------------------#
[Step  75] logΨ: mean=29.178-0.088j | min=22.525-1.942j | max=29.646+0.120j
梯度监控 | raw=602.4324 | natural=0.0892 | clipped=0.0892(上限20.0)
Ψ矩阵条件数 cond(Ψ) = 1.04e+01
Loss=-30.793001 | E0=-7.83885050+0.00072254j | E1=-7.70248032+0.00016074j|E2=-7.67287159+0.00046738j|E3=-7.57879591+0.00010787j
#-----------------------------------------#
[Step  76] logΨ: mean=29.415-0.582j | min=23.816+1.483j | max=29.873+0.920j
梯度监控 | raw=623.3322 | natural=0.1076 | clipped=0.1076(上限20.0)
Ψ矩阵条件数 cond(Ψ) = 1.27e+01
Loss=-30.808540 | E0=-7.84056234+0.00018327j | E1=-7.70175552-0.00048879j|E2=-7.67195272-0.00011450j|E3=-7.59425831+0.00087298j
#-----------------------------------------#
[Step  77] logΨ: mean=29.761-0.624j | min=24.709+1.762j | max=30.178+1.005j
梯度监控 | raw=447.6420 | natural=0.1083 | clipped=0.1083(上限20.0)
Ψ矩阵条件数 cond(Ψ) = 1.05e+01
Loss=-30.838205 | E0=-7.84215498-0.00003305j | E1=-7.70447683-0.00078347j|E2=-7.67069435+0.00038698j|E3=-7.62088108+0.00166745j
#-----------------------------------------#
[Step  78] logΨ: mean=29.719-0.592j | min=24.506+0.413j | max=30.144+0.543j
梯度监控 | raw=525.9187 | natural=0.0191 | clipped=0.0191(上限20.0)
Ψ矩阵条件数 cond(Ψ) = 1.39e+01
Loss=-30.824472 | E0=-7.84461737+0.00026855j | E1=-7.70068932-0.00002804j|E2=-7.67377043-0.00048003j|E3=-7.60538816+0.00134297j
#-----------------------------------------#
[Step  79] logΨ: mean=30.781+0.987j | min=26.531-2.536j | max=31.221+2.566j
梯度监控 | raw=405.7798 | natural=0.0867 | clipped=0.0867(上限20.0)
Ψ矩阵条件数 cond(Ψ) = 1.26e+01
Loss=-30.857407 | E0=-7.84640694+0.00004511j | E1=-7.70484543-0.00032950j|E2=-7.67421246-0.00062096j|E3=-7.63193846+0.00078650j
#-----------------------------------------#
[Step  80] logΨ: mean=30.842-0.629j | min=23.696-0.095j | max=31.331+0.409j
梯度监控 | raw=633.5497 | natural=0.0892 | clipped=0.0892(上限20.0)
Ψ矩阵条件数 cond(Ψ) = 1.53e+01
Loss=-30.831640 | E0=-7.84507751+0.00025507j | E1=-7.70303535+0.00028333j|E2=-7.66646194+0.00084696j|E3=-7.61706924-0.00118673j
#-----------------------------------------#
[Step  81] logΨ: mean=31.101-0.712j | min=25.953-2.753j | max=31.570+0.354j
梯度监控 | raw=448.4778 | natural=0.0186 | clipped=0.0186(上限20.0)
Ψ矩阵条件数 cond(Ψ) = 6.56e+00
Loss=-30.861879 | E0=-7.84355593+0.00021347j | E1=-7.70640898+0.00048074j|E2=-7.67457199-0.00048904j|E3=-7.63735390-0.00080689j
#-----------------------------------------#
[Step  82] logΨ: mean=30.443-0.611j | min=26.457+3.017j | max=30.879+0.360j
梯度监控 | raw=443.2393 | natural=0.0173 | clipped=0.0173(上限20.0)
Ψ矩阵条件数 cond(Ψ) = 1.65e+01
Loss=-30.867695 | E0=-7.84836721-0.00005555j | E1=-7.70588589+0.00012992j|E2=-7.67404890+0.00051015j|E3=-7.63938475+0.00017011j
#-----------------------------------------#
[Step  83] logΨ: mean=30.963-0.718j | min=26.543-1.202j | max=31.361+0.286j
梯度监控 | raw=299.9136 | natural=0.0182 | clipped=0.0182(上限20.0)
Ψ矩阵条件数 cond(Ψ) = 6.51e+00
Loss=-30.886106 | E0=-7.84979582+0.00027370j | E1=-7.70683908+0.00029774j|E2=-7.67617226-0.00014135j|E3=-7.65328169+0.00054643j
#-----------------------------------------#
[Step  84] logΨ: mean=31.112-0.675j | min=26.996-0.374j | max=31.562+0.167j
梯度监控 | raw=390.9237 | natural=0.0180 | clipped=0.0180(上限20.0)
Ψ矩阵条件数 cond(Ψ) = 6.56e+00
Loss=-30.877861 | E0=-7.84868813-0.00025894j | E1=-7.70624781+0.00056040j|E2=-7.67582369-0.00055492j|E3=-7.64709282-0.00145725j
#-----------------------------------------#
[Step  85] logΨ: mean=36.306-0.278j | min=30.483-2.916j | max=44.455+2.371j
梯度监控 | raw=284.2886 | natural=0.1475 | clipped=0.1475(上限20.0)
Ψ矩阵条件数 cond(Ψ) = 8.12e+01
Loss=-30.892107 | E0=-7.85230207+0.00053234j | E1=-7.70690918+0.00036967j|E2=-7.67418289+0.00044198j|E3=-7.65870905-0.00051663j
#-----------------------------------------#
[Step  86] logΨ: mean=60.008+0.338j | min=46.789+2.236j | max=67.531+1.203j
梯度监控 | raw=807.9563 | natural=0.1237 | clipped=0.1237(上限20.0)
Ψ矩阵条件数 cond(Ψ) = 1.68e+02
Loss=-30.405743 | E0=-7.83449316+0.00308158j | E1=-7.70555305+0.00055196j|E2=-7.67473745-0.00085854j|E3=-7.19095087-0.04208145j
#-----------------------------------------#
【Step 87 告警】梯度异常！nan=False, raw_grad_norm=69261.79
[Step  87] logΨ: mean=nan+nanj | min=nan+nanj | max=nan+nanj
梯度监控 | raw=69261.7939 | natural=nan | clipped=nan(上限20.0)
Ψ矩阵条件数 cond(Ψ) = nan
Loss=-30.542919 | E0=-7.85414314+0.00081938j | E1=-7.69020844+0.00444559j|E2=-7.67512083+0.00043690j|E3=-7.32344341-0.71538436j
#-----------------------------------------#
[Step  88] logΨ: mean=nan+nanj | min=nan+nanj | max=nan+nanj
梯度监控 | raw=0.0000 | natural=nan | clipped=nan(上限20.0)
Ψ矩阵条件数 cond(Ψ) = nan
Loss=0.000000 | E0=0.00000000+0.00000000j | E1=0.00000000+0.00000000j|E2=0.00000000+0.00000000j|E3=0.00000000+0.00000000j
#-----------------------------------------#
[Step  89] logΨ: mean=nan+nanj | min=nan+nanj | max=nan+nanj
梯度监控 | raw=0.0000 | natural=nan | clipped=nan(上限20.0)
Ψ矩阵条件数 cond(Ψ) = nan
Loss=0.000000 | E0=0.00000000+0.00000000j | E1=0.00000000+0.00000000j|E2=0.00000000+0.00000000j|E3=0.00000000+0.00000000j
#-----------------------------------------#
[Step  90] logΨ: mean=nan+nanj | min=nan+nanj | max=nan+nanj
梯度监控 | raw=0.0000 | natural=nan | clipped=nan(上限20.0)
Ψ矩阵条件数 cond(Ψ) = nan
Loss=0.000000 | E0=0.00000000+0.00000000j | E1=0.00000000+0.00000000j|E2=0.00000000+0.00000000j|E3=0.00000000+0.00000000j
#-----------------------------------------#
[Step  91] logΨ: mean=nan+nanj | min=nan+nanj | max=nan+nanj
梯度监控 | raw=0.0000 | natural=nan | clipped=nan(上限20.0)
Ψ矩阵条件数 cond(Ψ) = nan
Loss=0.000000 | E0=0.00000000+0.00000000j | E1=0.00000000+0.00000000j|E2=0.00000000+0.00000000j|E3=0.00000000+0.00000000j
#-----------------------------------------#
[Step  92] logΨ: mean=nan+nanj | min=nan+nanj | max=nan+nanj
梯度监控 | raw=0.0000 | natural=nan | clipped=nan(上限20.0)
Ψ矩阵条件数 cond(Ψ) = nan
Loss=0.000000 | E0=0.00000000+0.00000000j | E1=0.00000000+0.00000000j|E2=0.00000000+0.00000000j|E3=0.00000000+0.00000000j
#-----------------------------------------#
[Step  93] logΨ: mean=nan+nanj | min=nan+nanj | max=nan+nanj
梯度监控 | raw=0.0000 | natural=nan | clipped=nan(上限20.0)
Ψ矩阵条件数 cond(Ψ) = nan
Loss=0.000000 | E0=0.00000000+0.00000000j | E1=0.00000000+0.00000000j|E2=0.00000000+0.00000000j|E3=0.00000000+0.00000000j
#-----------------------------------------#
[Step  94] logΨ: mean=nan+nanj | min=nan+nanj | max=nan+nanj
梯度监控 | raw=0.0000 | natural=nan | clipped=nan(上限20.0)
Ψ矩阵条件数 cond(Ψ) = nan
Loss=0.000000 | E0=0.00000000+0.00000000j | E1=0.00000000+0.00000000j|E2=0.00000000+0.00000000j|E3=0.00000000+0.00000000j
#-----------------------------------------#
[Step  95] logΨ: mean=nan+nanj | min=nan+nanj | max=nan+nanj
梯度监控 | raw=0.0000 | natural=nan | clipped=nan(上限20.0)
Ψ矩阵条件数 cond(Ψ) = nan
Loss=0.000000 | E0=0.00000000+0.00000000j | E1=0.00000000+0.00000000j|E2=0.00000000+0.00000000j|E3=0.00000000+0.00000000j
#-----------------------------------------#
[Step  96] logΨ: mean=nan+nanj | min=nan+nanj | max=nan+nanj
梯度监控 | raw=0.0000 | natural=nan | clipped=nan(上限20.0)
Ψ矩阵条件数 cond(Ψ) = nan
Loss=0.000000 | E0=0.00000000+0.00000000j | E1=0.00000000+0.00000000j|E2=0.00000000+0.00000000j|E3=0.00000000+0.00000000j
#-----------------------------------------#
[Step  97] logΨ: mean=nan+nanj | min=nan+nanj | max=nan+nanj
梯度监控 | raw=0.0000 | natural=nan | clipped=nan(上限20.0)
Ψ矩阵条件数 cond(Ψ) = nan
Loss=0.000000 | E0=0.00000000+0.00000000j | E1=0.00000000+0.00000000j|E2=0.00000000+0.00000000j|E3=0.00000000+0.00000000j
#-----------------------------------------#
[Step  98] logΨ: mean=nan+nanj | min=nan+nanj | max=nan+nanj
梯度监控 | raw=0.0000 | natural=nan | clipped=nan(上限20.0)
Ψ矩阵条件数 cond(Ψ) = nan
Loss=0.000000 | E0=0.00000000+0.00000000j | E1=0.00000000+0.00000000j|E2=0.00000000+0.00000000j|E3=0.00000000+0.00000000j
#-----------------------------------------#
[Step  99] logΨ: mean=nan+nanj | min=nan+nanj | max=nan+nanj
梯度监控 | raw=0.0000 | natural=nan | clipped=nan(上限20.0)
Ψ矩阵条件数 cond(Ψ) = nan
Loss=0.000000 | E0=0.00000000+0.00000000j | E1=0.00000000+0.00000000j|E2=0.00000000+0.00000000j|E3=0.00000000+0.00000000j
#-----------------------------------------#
