
============================================================
开始多链 NES-VMC 训练 | 使用自然梯度
============================================================
精确CAS基准：基态=-7.86364558 Ha | 1激发=-7.72153670 Ha|2激发=-7.70823970 Ha|3激发=-7.68581513 Ha|
理论 Loss 上限：-30.97923710 
超参：clip_norm=20.0, lr=0.1, QGT diag_shift=0.1
[Step   0] logΨ: mean=9.264+0.151j | min=3.413-2.258j | max=11.034+0.951j
梯度监控 | raw=20.1724 | natural=2.4716 | clipped=2.4716(上限20.0)
Ψ矩阵条件数 cond(Ψ) = 1.15e+01
Loss=-21.989180 | E0=-5.90164375+0.01112455j | E1=-5.64291525+0.01155537j|E2=-5.33633137-0.02197868j|E3=-5.10828400-0.00074594j
#-----------------------------------------#
[Step   1] logΨ: mean=10.157+0.006j | min=4.232+2.681j | max=11.978+0.750j
梯度监控 | raw=18.2644 | natural=2.2214 | clipped=2.2214(上限20.0)
Ψ矩阵条件数 cond(Ψ) = 2.24e+01
Loss=-23.039505 | E0=-6.25111437-0.00799068j | E1=-6.17458057+0.01573062j|E2=-5.51916122-0.00165406j|E3=-5.09464359-0.00346036j
#-----------------------------------------#
[Step   2] logΨ: mean=11.319-0.110j | min=5.511-1.072j | max=13.181+0.772j
梯度监控 | raw=22.4898 | natural=1.9624 | clipped=1.9624(上限20.0)
Ψ矩阵条件数 cond(Ψ) = 1.21e+01
Loss=-23.837652 | E0=-6.56157923-0.00692526j | E1=-6.53924227+0.00741269j|E2=-5.62545538-0.00275693j|E3=-5.11137295+0.00096234j
#-----------------------------------------#
[Step   3] logΨ: mean=12.535-0.001j | min=6.445-1.608j | max=14.282+0.795j
梯度监控 | raw=22.8224 | natural=1.5774 | clipped=1.5774(上限20.0)
Ψ矩阵条件数 cond(Ψ) = 1.70e+01
Loss=-24.619942 | E0=-6.95088959+0.00133315j | E1=-6.81019258+0.00297336j|E2=-5.73528004-0.00402498j|E3=-5.12357616+0.00117706j
#-----------------------------------------#
[Step   4] logΨ: mean=13.860-0.025j | min=7.956-2.166j | max=15.541+0.789j
梯度监控 | raw=35.4110 | natural=1.3917 | clipped=1.3917(上限20.0)
Ψ矩阵条件数 cond(Ψ) = 9.74e+00
Loss=-25.092178 | E0=-7.14499712+0.00053979j | E1=-6.94074726+0.00442682j|E2=-5.84372377-0.00241520j|E3=-5.16271257-0.00125236j
#-----------------------------------------#
[Step   5] logΨ: mean=14.765-0.115j | min=9.024-2.356j | max=16.302+0.628j
梯度监控 | raw=38.0192 | natural=1.1114 | clipped=1.1114(上限20.0)
Ψ矩阵条件数 cond(Ψ) = 3.62e+01
Loss=-25.552855 | E0=-7.30340242+0.00669118j | E1=-7.08856630+0.00357306j|E2=-5.99652147-0.01024685j|E3=-5.16435432-0.00152754j
#-----------------------------------------#
[Step   6] logΨ: mean=15.861-0.056j | min=9.760-1.824j | max=17.358+2.896j
梯度监控 | raw=60.9171 | natural=0.9886 | clipped=0.9886(上限20.0)
Ψ矩阵条件数 cond(Ψ) = 1.03e+01
Loss=-25.961872 | E0=-7.38143539-0.00491556j | E1=-7.17177725+0.00628423j|E2=-6.13618279-0.00021376j|E3=-5.27248096+0.00132429j
#-----------------------------------------#
[Step   7] logΨ: mean=16.673-0.130j | min=7.679+0.691j | max=18.110+2.668j
梯度监控 | raw=57.0028 | natural=0.8430 | clipped=0.8430(上限20.0)
Ψ矩阵条件数 cond(Ψ) = 1.92e+01
Loss=-26.354395 | E0=-7.46670675-0.00488915j | E1=-7.26509142+0.00142615j|E2=-6.35252905+0.00659043j|E3=-5.27006721-0.00066006j
#-----------------------------------------#
[Step   8] logΨ: mean=17.227+0.069j | min=10.204-1.075j | max=18.687+2.531j
梯度监控 | raw=88.2582 | natural=0.8485 | clipped=0.8485(上限20.0)
Ψ矩阵条件数 cond(Ψ) = 1.06e+01
Loss=-26.709631 | E0=-7.51175499+0.00190488j | E1=-7.31899405-0.01055914j|E2=-6.46090317+0.00803198j|E3=-5.41798306+0.00058462j
#-----------------------------------------#
[Step   9] logΨ: mean=18.124+0.110j | min=11.277+2.805j | max=19.503+2.496j
梯度监控 | raw=113.0483 | natural=0.6969 | clipped=0.6969(上限20.0)
Ψ矩阵条件数 cond(Ψ) = 9.83e+00
Loss=-27.129383 | E0=-7.56881380-0.00235792j | E1=-7.34932327+0.00099999j|E2=-6.62287569+0.00058057j|E3=-5.58837700+0.00338254j
#-----------------------------------------#
[Step  10] logΨ: mean=18.971+0.114j | min=13.951+0.977j | max=20.247+2.520j
梯度监控 | raw=133.6696 | natural=0.5998 | clipped=0.5998(上限20.0)
Ψ矩阵条件数 cond(Ψ) = 4.28e+01
Loss=-27.610115 | E0=-7.60347223+0.00534594j | E1=-7.38329220+0.00068220j|E2=-6.76772690-0.00113504j|E3=-5.85563135-0.00412463j
#-----------------------------------------#
[Step  11] logΨ: mean=19.987+0.020j | min=14.054-0.799j | max=21.271+1.145j
梯度监控 | raw=146.9385 | natural=0.5683 | clipped=0.5683(上限20.0)
Ψ矩阵条件数 cond(Ψ) = 1.30e+01
Loss=-28.123333 | E0=-7.62979794-0.00020505j | E1=-7.41659117-0.00469902j|E2=-6.89804459+0.00089377j|E3=-6.17890787+0.00092936j
#-----------------------------------------#
[Step  12] logΨ: mean=20.883+0.005j | min=15.675-2.132j | max=22.069+1.360j
梯度监控 | raw=143.7431 | natural=0.4443 | clipped=0.4443(上限20.0)
Ψ矩阵条件数 cond(Ψ) = 2.06e+01
Loss=-28.691940 | E0=-7.64593267+0.00085085j | E1=-7.43595314+0.00507782j|E2=-7.05569553-0.00053833j|E3=-6.55436373-0.00217060j
#-----------------------------------------#
[Step  13] logΨ: mean=21.355-0.018j | min=15.550-1.441j | max=22.607+1.167j
梯度监控 | raw=128.8891 | natural=0.4385 | clipped=0.4385(上限20.0)
Ψ矩阵条件数 cond(Ψ) = 4.72e+01
Loss=-28.840826 | E0=-7.64974594+0.00102216j | E1=-7.44821024+0.00077076j|E2=-7.11979198-0.00737048j|E3=-6.62307978+0.00767738j
#-----------------------------------------#
[Step  14] logΨ: mean=21.623+0.037j | min=14.485+1.275j | max=22.781+1.367j
梯度监控 | raw=95.2767 | natural=0.4091 | clipped=0.4091(上限20.0)
Ψ矩阵条件数 cond(Ψ) = 1.33e+01
Loss=-29.329308 | E0=-7.66514015+0.00182003j | E1=-7.48457193+0.00475968j|E2=-7.23764706-0.00398170j|E3=-6.94195461+0.00021879j
#-----------------------------------------#
[Step  15] logΨ: mean=22.374-0.000j | min=15.505-0.072j | max=23.394+1.735j
梯度监控 | raw=59.9335 | natural=0.3427 | clipped=0.3427(上限20.0)
Ψ矩阵条件数 cond(Ψ) = 8.68e+00
Loss=-29.666416 | E0=-7.67961645-0.00322147j | E1=-7.50681400+0.00808077j|E2=-7.37847900-0.00558582j|E3=-7.10151148+0.00234424j
#-----------------------------------------#
[Step  16] logΨ: mean=23.288-0.280j | min=16.087+0.163j | max=24.340+1.493j
梯度监控 | raw=60.0723 | natural=0.3170 | clipped=0.3170(上限20.0)
Ψ矩阵条件数 cond(Ψ) = 1.04e+01
Loss=-29.670568 | E0=-7.67650652+0.00164485j | E1=-7.49260426+0.00399959j|E2=-7.38430977-0.00709984j|E3=-7.11713314+0.00019968j
#-----------------------------------------#
[Step  17] logΨ: mean=24.104-0.345j | min=16.403+2.178j | max=25.009+1.494j
梯度监控 | raw=31.1938 | natural=0.2379 | clipped=0.2379(上限20.0)
Ψ矩阵条件数 cond(Ψ) = 2.32e+01
Loss=-29.980867 | E0=-7.69183350-0.00293125j | E1=-7.56530428-0.00379014j|E2=-7.47601938+0.00479932j|E3=-7.24770451+0.00203511j
#-----------------------------------------#
[Step  18] logΨ: mean=24.750-0.095j | min=18.796-2.186j | max=25.611+1.667j
梯度监控 | raw=24.3035 | natural=0.2371 | clipped=0.2371(上限20.0)
Ψ矩阵条件数 cond(Ψ) = 2.20e+01
Loss=-30.056099 | E0=-7.69711542+0.00044190j | E1=-7.60979700+0.00022584j|E2=-7.50757265+0.00347610j|E3=-7.24160767-0.00391035j
#-----------------------------------------#
[Step  19] logΨ: mean=25.601+0.135j | min=18.940+3.008j | max=26.451+1.883j
梯度监控 | raw=25.2889 | natural=0.2276 | clipped=0.2276(上限20.0)
Ψ矩阵条件数 cond(Ψ) = 1.67e+01
Loss=-30.125898 | E0=-7.70778561+0.00035291j | E1=-7.62656069+0.00155257j|E2=-7.51941824-0.00217257j|E3=-7.27213097+0.00348393j
#-----------------------------------------#
[Step  20] logΨ: mean=26.247+0.109j | min=20.495-1.598j | max=27.050+2.001j
梯度监控 | raw=31.6337 | natural=0.1749 | clipped=0.1749(上限20.0)
Ψ矩阵条件数 cond(Ψ) = 1.14e+01
Loss=-30.198362 | E0=-7.71449947-0.00185810j | E1=-7.62644100-0.00203252j|E2=-7.55065155+0.00090293j|E3=-7.30675983+0.00139582j
#-----------------------------------------#
[Step  21] logΨ: mean=26.834+0.160j | min=21.195+2.185j | max=27.553+1.980j
梯度监控 | raw=37.5097 | natural=0.1237 | clipped=0.1237(上限20.0)
Ψ矩阵条件数 cond(Ψ) = 1.09e+01
Loss=-30.221401 | E0=-7.72240305-0.00079310j | E1=-7.64521027+0.00043957j|E2=-7.55139351-0.00122149j|E3=-7.30238867+0.00331503j
#-----------------------------------------#
[Step  22] logΨ: mean=27.685+0.383j | min=21.981+1.427j | max=28.448+2.394j
梯度监控 | raw=41.1338 | natural=0.2139 | clipped=0.2139(上限20.0)
Ψ矩阵条件数 cond(Ψ) = 1.81e+01
Loss=-30.266125 | E0=-7.72051954-0.00058555j | E1=-7.64539957-0.00026212j|E2=-7.56432438+0.00171612j|E3=-7.33588362-0.00040517j
#-----------------------------------------#
[Step  23] logΨ: mean=28.304+0.261j | min=22.582+2.534j | max=29.036+2.549j
梯度监控 | raw=56.5541 | natural=0.2008 | clipped=0.2008(上限20.0)
Ψ矩阵条件数 cond(Ψ) = 1.85e+01
Loss=-30.277088 | E0=-7.72436094-0.00062460j | E1=-7.64834499+0.00148034j|E2=-7.56305838+0.00163923j|E3=-7.34132671-0.00088100j
#-----------------------------------------#
[Step  24] logΨ: mean=28.846+0.405j | min=22.390-1.724j | max=29.511+2.381j
梯度监控 | raw=60.4411 | natural=0.1237 | clipped=0.1237(上限20.0)
Ψ矩阵条件数 cond(Ψ) = 2.15e+01
Loss=-30.333332 | E0=-7.72985554+0.00056965j | E1=-7.65714312+0.00091945j|E2=-7.58027792-0.00227365j|E3=-7.36606693-0.00005583j
#-----------------------------------------#
[Step  25] logΨ: mean=29.432+0.226j | min=24.351-3.036j | max=30.039+2.601j
梯度监控 | raw=66.8480 | natural=0.0856 | clipped=0.0856(上限20.0)
Ψ矩阵条件数 cond(Ψ) = 1.40e+01
Loss=-30.377964 | E0=-7.73087835-0.00084204j | E1=-7.66220331-0.00084703j|E2=-7.60138702+0.00011902j|E3=-7.38349104-0.00282584j
#-----------------------------------------#
[Step  26] logΨ: mean=29.935+0.388j | min=24.248+0.731j | max=30.537+2.648j
梯度监控 | raw=73.4051 | natural=0.0879 | clipped=0.0879(上限20.0)
Ψ矩阵条件数 cond(Ψ) = 7.52e+01
Loss=-30.374199 | E0=-7.73541164-0.00069278j | E1=-7.65936422+0.00124362j|E2=-7.60646820+0.00003539j|E3=-7.37297583-0.00188429j
#-----------------------------------------#
[Step  27] logΨ: mean=30.494+0.316j | min=24.306+2.675j | max=31.119+2.763j
梯度监控 | raw=85.2086 | natural=0.0758 | clipped=0.0758(上限20.0)
Ψ矩阵条件数 cond(Ψ) = 2.23e+01
Loss=-30.426453 | E0=-7.73857260+0.00000086j | E1=-7.65655661+0.00006550j|E2=-7.60724115+0.00385824j|E3=-7.42407417-0.00484358j
#-----------------------------------------#
[Step  28] logΨ: mean=31.092+0.467j | min=25.694-1.336j | max=31.678+2.068j
梯度监控 | raw=90.7028 | natural=0.0551 | clipped=0.0551(上限20.0)
Ψ矩阵条件数 cond(Ψ) = 2.01e+01
Loss=-30.447170 | E0=-7.74186993-0.00022377j | E1=-7.66375303+0.00100073j|E2=-7.61100292+0.00020767j|E3=-7.43054152-0.00106226j
#-----------------------------------------#
[Step  29] logΨ: mean=31.628+0.468j | min=27.198+0.905j | max=32.240+2.264j
梯度监控 | raw=92.8749 | natural=0.0811 | clipped=0.0811(上限20.0)
Ψ矩阵条件数 cond(Ψ) = 9.33e+00
Loss=-30.474831 | E0=-7.74657583-0.00125697j | E1=-7.66467857-0.00118808j|E2=-7.61595869+0.00207474j|E3=-7.44762707+0.00130031j
#-----------------------------------------#
[Step  30] logΨ: mean=31.546+0.555j | min=26.683+2.247j | max=32.142+2.271j
梯度监控 | raw=87.0647 | natural=0.0501 | clipped=0.0501(上限20.0)
Ψ矩阵条件数 cond(Ψ) = 8.57e+00
Loss=-30.502436 | E0=-7.75228167-0.00054530j | E1=-7.66453934+0.00012465j|E2=-7.62626171+0.00001604j|E3=-7.45935965-0.00162065j
#-----------------------------------------#
[Step  31] logΨ: mean=31.924+0.056j | min=26.559+1.600j | max=32.548+2.394j
梯度监控 | raw=81.4417 | natural=0.0477 | clipped=0.0477(上限20.0)
Ψ矩阵条件数 cond(Ψ) = 2.08e+01
Loss=-30.516392 | E0=-7.75360870+0.00063302j | E1=-7.66471958+0.00116284j|E2=-7.62876415+0.00459280j|E3=-7.46930504-0.00487567j
#-----------------------------------------#
[Step  32] logΨ: mean=31.491+0.227j | min=24.799-2.310j | max=32.136+2.379j
梯度监控 | raw=97.1586 | natural=0.0775 | clipped=0.0775(上限20.0)
Ψ矩阵条件数 cond(Ψ) = 1.97e+01
Loss=-30.541294 | E0=-7.75406170+0.00043705j | E1=-7.66578484+0.00210445j|E2=-7.63789034-0.00145414j|E3=-7.48356009-0.00215995j
#-----------------------------------------#
[Step  33] logΨ: mean=31.421+0.425j | min=25.817-1.978j | max=32.081+2.188j
梯度监控 | raw=77.9174 | natural=0.1444 | clipped=0.1444(上限20.0)
Ψ矩阵条件数 cond(Ψ) = 8.94e+00
Loss=-30.542000 | E0=-7.75019789+0.00045492j | E1=-7.66741657-0.00290360j|E2=-7.63428307+0.00409599j|E3=-7.49009895-0.00094110j
#-----------------------------------------#
[Step  34] logΨ: mean=32.055+0.191j | min=25.406-0.346j | max=32.722+1.902j
梯度监控 | raw=83.5760 | natural=0.1895 | clipped=0.1895(上限20.0)
Ψ矩阵条件数 cond(Ψ) = 7.20e+00
Loss=-30.557276 | E0=-7.75471210+0.00113252j | E1=-7.66315460+0.00244083j|E2=-7.63476276-0.00437479j|E3=-7.50464964+0.00277812j
#-----------------------------------------#
[Step  35] logΨ: mean=32.499+0.289j | min=26.868-0.914j | max=33.143+1.995j
梯度监控 | raw=86.8120 | natural=0.0447 | clipped=0.0447(上限20.0)
Ψ矩阵条件数 cond(Ψ) = 1.72e+01
Loss=-30.590010 | E0=-7.76427794-0.00129318j | E1=-7.66977978-0.00073816j|E2=-7.64116621-0.00050045j|E3=-7.51479197+0.00213909j
#-----------------------------------------#
[Step  36] logΨ: mean=32.230+0.355j | min=27.110-0.552j | max=32.831+2.019j
梯度监控 | raw=103.1763 | natural=0.0218 | clipped=0.0218(上限20.0)
Ψ矩阵条件数 cond(Ψ) = 1.93e+01
Loss=-30.616665 | E0=-7.76206589-0.00011457j | E1=-7.66807604+0.00124005j|E2=-7.64490795-0.00202156j|E3=-7.54161119+0.00088891j
#-----------------------------------------#
[Step  37] logΨ: mean=31.997+0.317j | min=27.600+2.558j | max=32.622+2.062j
梯度监控 | raw=93.4835 | natural=0.0218 | clipped=0.0218(上限20.0)
Ψ矩阵条件数 cond(Ψ) = 9.58e+00
Loss=-30.618433 | E0=-7.76314402-0.00009810j | E1=-7.67204666+0.00021249j|E2=-7.64853811+0.00126135j|E3=-7.53470993-0.00140375j
#-----------------------------------------#
[Step  38] logΨ: mean=31.709+0.329j | min=27.849-2.448j | max=32.461+2.313j
梯度监控 | raw=91.1776 | natural=0.0948 | clipped=0.0948(上限20.0)
Ψ矩阵条件数 cond(Ψ) = 1.05e+01
Loss=-30.613064 | E0=-7.76439714+0.00086639j | E1=-7.67208385+0.00064081j|E2=-7.64829540-0.00164217j|E3=-7.52829075+0.00336540j
#-----------------------------------------#
[Step  39] logΨ: mean=32.748+0.463j | min=27.456-2.832j | max=33.376+2.230j
梯度监控 | raw=64.6657 | natural=0.1093 | clipped=0.1093(上限20.0)
Ψ矩阵条件数 cond(Ψ) = 7.33e+00
Loss=-30.685928 | E0=-7.76800060+0.00101376j | E1=-7.67601204-0.00289017j|E2=-7.64912319+0.00078261j|E3=-7.59277678+0.00108658j
#-----------------------------------------#
[Step  40] logΨ: mean=32.603+0.208j | min=27.403+2.995j | max=33.202+1.999j
梯度监控 | raw=69.7453 | natural=0.1057 | clipped=0.1057(上限20.0)
Ψ矩阵条件数 cond(Ψ) = 1.04e+01
Loss=-30.720831 | E0=-7.77661467-0.00009868j | E1=-7.67634106+0.00099537j|E2=-7.65297937-0.00182756j|E3=-7.61489058+0.00043443j
#-----------------------------------------#
[Step  41] logΨ: mean=32.502+0.405j | min=26.565-2.997j | max=33.093+2.177j
梯度监控 | raw=58.4729 | natural=0.0734 | clipped=0.0734(上限20.0)
Ψ矩阵条件数 cond(Ψ) = 2.31e+01
Loss=-30.729830 | E0=-7.77554417-0.00091079j | E1=-7.67671442+0.00314488j|E2=-7.65635157-0.00087198j|E3=-7.62120771-0.00214806j
#-----------------------------------------#
[Step  42] logΨ: mean=33.079+0.585j | min=27.128+0.468j | max=33.658+2.602j
梯度监控 | raw=51.7345 | natural=0.1035 | clipped=0.1035(上限20.0)
Ψ矩阵条件数 cond(Ψ) = 2.18e+01
Loss=-30.732698 | E0=-7.77437639+0.00058833j | E1=-7.67888737-0.00006244j|E2=-7.65453053+0.00043075j|E3=-7.62489700-0.00190943j
#-----------------------------------------#
[Step  43] logΨ: mean=33.070+0.463j | min=26.440+1.258j | max=33.715+2.567j
梯度监控 | raw=64.5191 | natural=0.1147 | clipped=0.1147(上限20.0)
Ψ矩阵条件数 cond(Ψ) = 2.03e+01
Loss=-30.721996 | E0=-7.77406693+0.00027086j | E1=-7.67756271-0.00147680j|E2=-7.65524912+0.00122610j|E3=-7.61512089-0.00024096j
#-----------------------------------------#
[Step  44] logΨ: mean=33.445+0.693j | min=26.360-0.244j | max=34.002+2.462j
梯度监控 | raw=54.7686 | natural=0.1060 | clipped=0.1060(上限20.0)
Ψ矩阵条件数 cond(Ψ) = 6.89e+00
Loss=-30.756157 | E0=-7.78211308+0.00127068j | E1=-7.68064499+0.00006703j|E2=-7.65198755+0.00012705j|E3=-7.64141417+0.00042019j
#-----------------------------------------#
[Step  45] logΨ: mean=32.912+0.472j | min=25.778+2.907j | max=33.462+2.991j
梯度监控 | raw=51.7488 | natural=0.0937 | clipped=0.0937(上限20.0)
Ψ矩阵条件数 cond(Ψ) = 7.32e+00
Loss=-30.764376 | E0=-7.78152704+0.00074181j | E1=-7.68077564-0.00190954j|E2=-7.65865040-0.00003997j|E3=-7.64342880+0.00054767j
#-----------------------------------------#
[Step  46] logΨ: mean=32.838+0.544j | min=28.440-2.040j | max=33.324+3.019j
梯度监控 | raw=57.0126 | natural=0.0261 | clipped=0.0261(上限20.0)
Ψ矩阵条件数 cond(Ψ) = 7.38e+00
Loss=-30.788559 | E0=-7.78443384+0.00082963j | E1=-7.68899155+0.00045034j|E2=-7.66161299-0.00144411j|E3=-7.65351152-0.00013404j
#-----------------------------------------#
[Step  47] logΨ: mean=32.628-0.849j | min=27.206+2.273j | max=33.134+0.372j
梯度监控 | raw=54.3569 | natural=0.0802 | clipped=0.0802(上限20.0)
Ψ矩阵条件数 cond(Ψ) = 9.63e+00
Loss=-30.794483 | E0=-7.78632212-0.00040197j | E1=-7.68981600-0.00120606j|E2=-7.66347837+0.00391594j|E3=-7.65484905+0.00103964j
#-----------------------------------------#
[Step  48] logΨ: mean=32.586-0.769j | min=27.914-2.355j | max=33.073+0.289j
梯度监控 | raw=47.0179 | natural=0.0326 | clipped=0.0326(上限20.0)
Ψ矩阵条件数 cond(Ψ) = 1.00e+01
Loss=-30.797441 | E0=-7.78996515-0.00018955j | E1=-7.68674040+0.00049193j|E2=-7.66343641+0.00262852j|E3=-7.65730333-0.00064245j
#-----------------------------------------#
[Step  49] logΨ: mean=32.967-0.589j | min=27.438+0.249j | max=33.468+0.555j
梯度监控 | raw=47.8195 | natural=0.1514 | clipped=0.1514(上限20.0)
Ψ矩阵条件数 cond(Ψ) = 1.66e+01
Loss=-30.801241 | E0=-7.79291058+0.00054157j | E1=-7.68715477-0.00117273j|E2=-7.66428232+0.00024036j|E3=-7.65688133+0.00036139j
#-----------------------------------------#
[Step  50] logΨ: mean=33.161-0.503j | min=28.244+1.717j | max=33.592+0.578j
梯度监控 | raw=41.8154 | natural=0.0337 | clipped=0.0337(上限20.0)
Ψ矩阵条件数 cond(Ψ) = 9.89e+00
Loss=-30.818916 | E0=-7.79243135-0.00026380j | E1=-7.69399309+0.00055193j|E2=-7.67214584-0.00250258j|E3=-7.66034412+0.00169264j
#-----------------------------------------#
[Step  51] logΨ: mean=33.015-0.849j | min=27.362+1.364j | max=33.452+0.297j
梯度监控 | raw=50.9807 | natural=0.0913 | clipped=0.0913(上限20.0)
Ψ矩阵条件数 cond(Ψ) = 7.43e+00
Loss=-30.816055 | E0=-7.79341173+0.00008141j | E1=-7.69304514-0.00067949j|E2=-7.67160892-0.00163309j|E3=-7.65798092+0.00064205j
#-----------------------------------------#
[Step  52] logΨ: mean=33.415-0.663j | min=26.937-1.452j | max=33.804+0.528j
梯度监控 | raw=35.0650 | natural=0.0641 | clipped=0.0641(上限20.0)
Ψ矩阵条件数 cond(Ψ) = 9.87e+00
Loss=-30.840219 | E0=-7.80032015-0.00034457j | E1=-7.69855261+0.00157893j|E2=-7.68103218+0.00071793j|E3=-7.66031313-0.00065374j
#-----------------------------------------#
[Step  53] logΨ: mean=33.342-0.647j | min=29.253+0.948j | max=33.734+0.541j
梯度监控 | raw=35.4677 | natural=0.0314 | clipped=0.0314(上限20.0)
Ψ矩阵条件数 cond(Ψ) = 7.48e+00
Loss=-30.835091 | E0=-7.79960060-0.00044073j | E1=-7.69540215-0.00133158j|E2=-7.67936420+0.00127237j|E3=-7.66071844+0.00061995j
#-----------------------------------------#
[Step  54] logΨ: mean=33.776-0.338j | min=27.433+0.410j | max=34.121+0.886j
梯度监控 | raw=32.8794 | natural=0.0969 | clipped=0.0969(上限20.0)
Ψ矩阵条件数 cond(Ψ) = 2.26e+01
Loss=-30.840054 | E0=-7.80231476-0.00095648j | E1=-7.70259285+0.00283282j|E2=-7.68164396-0.00169992j|E3=-7.65350819-0.00037600j
#-----------------------------------------#
[Step  55] logΨ: mean=34.316+0.008j | min=28.383-2.086j | max=34.706+1.331j
梯度监控 | raw=31.1055 | natural=0.1124 | clipped=0.1124(上限20.0)
Ψ矩阵条件数 cond(Ψ) = 8.71e+00
Loss=-30.842026 | E0=-7.79918146-0.00026529j | E1=-7.70240164-0.00016519j|E2=-7.68103600+0.00088136j|E3=-7.65942335+0.00057157j
#-----------------------------------------#
[Step  56] logΨ: mean=34.728-0.200j | min=29.382-1.696j | max=35.052+1.148j
梯度监控 | raw=37.4691 | natural=0.0980 | clipped=0.0980(上限20.0)
Ψ矩阵条件数 cond(Ψ) = 8.49e+00
Loss=-30.836094 | E0=-7.80221701-0.00019357j | E1=-7.69595671-0.00140489j|E2=-7.68087816+0.00108872j|E3=-7.65705204-0.00023845j
#-----------------------------------------#
[Step  57] logΨ: mean=35.290-0.199j | min=29.357-2.556j | max=35.618+1.096j
梯度监控 | raw=39.9357 | natural=0.0975 | clipped=0.0975(上限20.0)
Ψ矩阵条件数 cond(Ψ) = 8.52e+00
Loss=-30.843643 | E0=-7.80177975-0.00027391j | E1=-7.70129824-0.00046753j|E2=-7.68153000+0.00107737j|E3=-7.65904284+0.00076882j
#-----------------------------------------#
[Step  58] logΨ: mean=35.266+0.372j | min=29.740-1.815j | max=35.463+1.740j
梯度监控 | raw=41.7226 | natural=0.0685 | clipped=0.0685(上限20.0)
Ψ矩阵条件数 cond(Ψ) = 1.90e+01
Loss=-30.860666 | E0=-7.80573368-0.00011975j | E1=-7.70925426+0.00094300j|E2=-7.68722153-0.00154565j|E3=-7.65845871+0.00037904j
#-----------------------------------------#
[Step  59] logΨ: mean=35.348+0.216j | min=30.454+2.818j | max=35.600+2.330j
梯度监控 | raw=43.7300 | natural=0.0411 | clipped=0.0411(上限20.0)
Ψ矩阵条件数 cond(Ψ) = 7.07e+00
Loss=-30.864508 | E0=-7.81041050-0.00025745j | E1=-7.70597601+0.00010537j|E2=-7.68716383-0.00128213j|E3=-7.66095591-0.00036982j
#-----------------------------------------#
[Step  60] logΨ: mean=35.066+0.198j | min=31.008+0.077j | max=35.264+2.314j
梯度监控 | raw=50.7654 | natural=0.0183 | clipped=0.0183(上限20.0)
Ψ矩阵条件数 cond(Ψ) = 7.06e+00
Loss=-30.865711 | E0=-7.80667925+0.00002130j | E1=-7.70901632-0.00052942j|E2=-7.68973446-0.00024377j|E3=-7.66029263+0.00054780j
#-----------------------------------------#
[Step  61] logΨ: mean=34.990+0.329j | min=30.484-1.205j | max=35.260+2.332j
梯度监控 | raw=48.5770 | natural=0.0369 | clipped=0.0369(上限20.0)
Ψ矩阵条件数 cond(Ψ) = 1.22e+01
Loss=-30.863403 | E0=-7.80664492+0.00077516j | E1=-7.70784283+0.00028439j|E2=-7.68797779+0.00048494j|E3=-7.66093779+0.00087991j
#-----------------------------------------#
[Step  62] logΨ: mean=35.045+0.018j | min=29.963+2.073j | max=35.263+1.711j
梯度监控 | raw=43.3613 | natural=0.0534 | clipped=0.0534(上限20.0)
Ψ矩阵条件数 cond(Ψ) = 7.98e+00
Loss=-30.873745 | E0=-7.81360149+0.00035340j | E1=-7.71289492-0.00001985j|E2=-7.68887949+0.00044982j|E3=-7.65836525-0.00024915j
#-----------------------------------------#
[Step  63] logΨ: mean=35.333-0.019j | min=29.400-0.859j | max=35.561+1.786j
梯度监控 | raw=38.9858 | natural=0.0406 | clipped=0.0406(上限20.0)
Ψ矩阵条件数 cond(Ψ) = 7.33e+00
Loss=-30.870781 | E0=-7.80962038+0.00007308j | E1=-7.71022987-0.00080206j|E2=-7.69128561-0.00015066j|E3=-7.65965080-0.00003340j
#-----------------------------------------#
[Step  64] logΨ: mean=36.214-0.420j | min=30.597+2.080j | max=36.470+1.392j
梯度监控 | raw=47.7853 | natural=0.1294 | clipped=0.1294(上限20.0)
Ψ矩阵条件数 cond(Ψ) = 7.28e+00
Loss=-30.868097 | E0=-7.81015062+0.00040519j | E1=-7.71078396+0.00066777j|E2=-7.68968058-0.00015201j|E3=-7.65748882-0.00064596j
#-----------------------------------------#
[Step  65] logΨ: mean=36.428-0.360j | min=28.456-1.640j | max=36.782+1.390j
梯度监控 | raw=60.2653 | natural=0.1250 | clipped=0.1250(上限20.0)
Ψ矩阵条件数 cond(Ψ) = 7.53e+00
Loss=-30.866648 | E0=-7.81382132+0.00044147j | E1=-7.70635986+0.00095628j|E2=-7.68734884-0.00044968j|E3=-7.65911674+0.00064638j
#-----------------------------------------#
[Step  66] logΨ: mean=36.977-0.018j | min=31.866-1.784j | max=37.259+1.808j
梯度监控 | raw=54.8910 | natural=0.0971 | clipped=0.0971(上限20.0)
Ψ矩阵条件数 cond(Ψ) = 8.27e+00
Loss=-30.877993 | E0=-7.81617689+0.00013379j | E1=-7.71177053-0.00021720j|E2=-7.69145346-0.00046955j|E3=-7.65858841-0.00060821j
#-----------------------------------------#
[Step  67] logΨ: mean=37.818-0.006j | min=33.025+2.235j | max=38.087+1.784j
梯度监控 | raw=56.5233 | natural=0.0285 | clipped=0.0285(上限20.0)
Ψ矩阵条件数 cond(Ψ) = 8.20e+00
Loss=-30.884033 | E0=-7.81758499-0.00004983j | E1=-7.71326208+0.00008597j|E2=-7.69177437-0.00022826j|E3=-7.66140175-0.00100055j
#-----------------------------------------#
[Step  68] logΨ: mean=37.089-0.695j | min=32.543-1.923j | max=37.337+1.185j
梯度监控 | raw=72.7409 | natural=0.0517 | clipped=0.0517(上限20.0)
Ψ矩阵条件数 cond(Ψ) = 7.78e+00
Loss=-30.887951 | E0=-7.82073927-0.00004965j | E1=-7.71479082+0.00036129j|E2=-7.69320822-0.00013379j|E3=-7.65922213-0.00021133j
#-----------------------------------------#
[Step  69] logΨ: mean=36.494-0.791j | min=31.233+1.174j | max=36.805+1.001j
梯度监控 | raw=66.5045 | natural=0.0601 | clipped=0.0601(上限20.0)
Ψ矩阵条件数 cond(Ψ) = 9.08e+00
Loss=-30.881689 | E0=-7.81799984+0.00005221j | E1=-7.71341610-0.00002010j|E2=-7.69064140+0.00057636j|E3=-7.65963984+0.00141829j
#-----------------------------------------#
[Step  70] logΨ: mean=37.153-0.749j | min=32.375-2.032j | max=37.391+1.055j
梯度监控 | raw=52.1876 | natural=0.0378 | clipped=0.0378(上限20.0)
Ψ矩阵条件数 cond(Ψ) = 7.66e+00
Loss=-30.884445 | E0=-7.81981039-0.00003481j | E1=-7.71258926-0.00033579j|E2=-7.69280863+0.00031546j|E3=-7.65923452-0.00065184j
#-----------------------------------------#
[Step  71] logΨ: mean=37.228-0.804j | min=32.199-2.622j | max=37.497+0.936j
梯度监控 | raw=68.8054 | natural=0.0407 | clipped=0.0407(上限20.0)
Ψ矩阵条件数 cond(Ψ) = 1.29e+01
Loss=-30.884838 | E0=-7.82127666-0.00028154j | E1=-7.71157980+0.00036602j|E2=-7.69266033-0.00050823j|E3=-7.65931940+0.00050374j
#-----------------------------------------#
[Step  72] logΨ: mean=36.762-1.028j | min=31.907+0.741j | max=36.995+0.735j
梯度监控 | raw=66.0594 | natural=0.0632 | clipped=0.0632(上限20.0)
Ψ矩阵条件数 cond(Ψ) = 8.62e+00
Loss=-30.892241 | E0=-7.82443523+0.00015140j | E1=-7.71667862+0.00029522j|E2=-7.69353294-0.00006268j|E3=-7.65759087+0.00058100j
#-----------------------------------------#
[Step  73] logΨ: mean=36.429-0.465j | min=29.549-2.017j | max=36.699+1.467j
梯度监控 | raw=61.6678 | natural=0.1550 | clipped=0.1550(上限20.0)
Ψ矩阵条件数 cond(Ψ) = 9.01e+00
Loss=-30.881119 | E0=-7.82054853+0.00000657j | E1=-7.71472597-0.00062183j|E2=-7.69243526+0.00042392j|E3=-7.65340805+0.00053406j
#-----------------------------------------#
[Step  74] logΨ: mean=36.583-0.553j | min=31.757+2.695j | max=36.843+1.361j
梯度监控 | raw=46.2364 | natural=0.0270 | clipped=0.0270(上限20.0)
Ψ矩阵条件数 cond(Ψ) = 9.88e+00
Loss=-30.890221 | E0=-7.82206917-0.00027338j | E1=-7.71614456-0.00012216j|E2=-7.69403839-0.00010869j|E3=-7.65796947-0.00025916j
#-----------------------------------------#
[Step  75] logΨ: mean=35.298-0.721j | min=29.633-1.441j | max=35.489+0.489j
梯度监控 | raw=49.3906 | natural=0.1567 | clipped=0.1567(上限20.0)
Ψ矩阵条件数 cond(Ψ) = 1.18e+01
Loss=-30.886314 | E0=-7.82300949+0.00020641j | E1=-7.71326208-0.00032844j|E2=-7.69216442+0.00022082j|E3=-7.65787697-0.00103537j
#-----------------------------------------#
[Step  76] logΨ: mean=35.569-0.942j | min=28.119-2.845j | max=35.760+0.289j
梯度监控 | raw=22.3705 | natural=0.0895 | clipped=0.0895(上限20.0)
Ψ矩阵条件数 cond(Ψ) = 1.09e+01
Loss=-30.875107 | E0=-7.81938076-0.00038588j | E1=-7.71257019+0.00025947j|E2=-7.68772888+0.00036646j|E3=-7.65543222-0.00053817j
#-----------------------------------------#
[Step  77] logΨ: mean=35.443+0.407j | min=30.105-0.410j | max=35.780+2.381j
梯度监控 | raw=25.6158 | natural=0.1033 | clipped=0.1033(上限20.0)
Ψ矩阵条件数 cond(Ψ) = 1.10e+01
Loss=-30.882080 | E0=-7.82022333+0.00003177j | E1=-7.71383047-0.00037927j|E2=-7.69193459-0.00019215j|E3=-7.65608168-0.00081360j
#-----------------------------------------#
[Step  78] logΨ: mean=35.923+0.160j | min=31.009-2.178j | max=36.240+2.174j
梯度监控 | raw=23.4247 | natural=0.0438 | clipped=0.0438(上限20.0)
Ψ矩阵条件数 cond(Ψ) = 1.26e+01
Loss=-30.898260 | E0=-7.82747746-0.00006253j | E1=-7.71585703-0.00035546j|E2=-7.69451618+0.00016532j|E3=-7.66039991+0.00026047j
#-----------------------------------------#
[Step  79] logΨ: mean=36.197+0.128j | min=30.031+0.905j | max=36.518+2.059j
梯度监控 | raw=32.3826 | natural=0.1900 | clipped=0.1900(上限20.0)
Ψ矩阵条件数 cond(Ψ) = 4.18e+01
Loss=-30.893211 | E0=-7.82898569+0.00004876j | E1=-7.71223402+0.00079688j|E2=-7.69261646-0.00153376j|E3=-7.65936899+0.00047502j
#-----------------------------------------#
[Step  80] logΨ: mean=36.363+0.796j | min=30.084+2.938j | max=36.677+2.742j
梯度监控 | raw=37.9458 | natural=0.1422 | clipped=0.1422(上限20.0)
Ψ矩阵条件数 cond(Ψ) = 9.83e+00
Loss=-30.893072 | E0=-7.82987213+0.00019181j | E1=-7.71675682-0.00087912j|E2=-7.68813753+0.00142394j|E3=-7.65829611-0.00070657j
#-----------------------------------------#
[Step  81] logΨ: mean=36.905+0.214j | min=30.935+2.298j | max=37.353+2.310j
梯度监控 | raw=37.1742 | natural=0.0601 | clipped=0.0601(上限20.0)
Ψ矩阵条件数 cond(Ψ) = 9.98e+00
Loss=-30.901342 | E0=-7.83183289-0.00020528j | E1=-7.71588612+0.00000840j|E2=-7.69368172-0.00020863j|E3=-7.65993118+0.00108625j
#-----------------------------------------#
[Step  82] logΨ: mean=36.692+0.379j | min=31.308-0.446j | max=37.040+2.384j
梯度监控 | raw=39.4694 | natural=0.0116 | clipped=0.0116(上限20.0)
Ψ矩阵条件数 cond(Ψ) = 9.55e+00
Loss=-30.916895 | E0=-7.83762646-0.00000483j | E1=-7.71796799+0.00029569j|E2=-7.69803619-0.00006766j|E3=-7.66325474+0.00049100j
#-----------------------------------------#
[Step  83] logΨ: mean=36.139+0.485j | min=32.069+1.532j | max=36.480+2.420j
梯度监控 | raw=36.8694 | natural=0.0173 | clipped=0.0173(上限20.0)
Ψ矩阵条件数 cond(Ψ) = 1.03e+01
Loss=-30.914335 | E0=-7.83574772-0.00018620j | E1=-7.71784401-0.00009140j|E2=-7.69748545-0.00011230j|E3=-7.66326809+0.00057225j
#-----------------------------------------#
[Step  84] logΨ: mean=36.661-0.200j | min=31.145-1.532j | max=37.065+1.698j
梯度监控 | raw=27.8665 | natural=0.0545 | clipped=0.0545(上限20.0)
Ψ矩阵条件数 cond(Ψ) = 1.17e+01
Loss=-30.911203 | E0=-7.83728361-0.00000477j | E1=-7.71531296+0.00052536j|E2=-7.69599009-0.00101447j|E3=-7.66260910-0.00030372j
#-----------------------------------------#
[Step  85] logΨ: mean=36.796-0.136j | min=32.061+1.230j | max=37.167+1.776j
梯度监控 | raw=31.5883 | natural=0.0102 | clipped=0.0102(上限20.0)
Ψ矩阵条件数 cond(Ψ) = 1.17e+01
Loss=-30.916367 | E0=-7.83857346+0.00008994j | E1=-7.71726370-0.00015745j|E2=-7.69734955+0.00028606j|E3=-7.66318941-0.00003181j
#-----------------------------------------#
[Step  86] logΨ: mean=36.653+0.046j | min=29.830+2.480j | max=37.010+1.907j
梯度监控 | raw=33.4053 | natural=0.1040 | clipped=0.1040(上限20.0)
Ψ矩阵条件数 cond(Ψ) = 9.38e+00
Loss=-30.915102 | E0=-7.84033823-0.00005093j | E1=-7.71801281-0.00010766j|E2=-7.69369936-0.00134354j|E3=-7.66305923+0.00121468j
#-----------------------------------------#
[Step  87] logΨ: mean=36.320+0.102j | min=31.735+1.260j | max=36.684+1.988j
梯度监控 | raw=46.2686 | natural=0.0123 | clipped=0.0123(上限20.0)
Ψ矩阵条件数 cond(Ψ) = 9.52e+00
Loss=-30.911737 | E0=-7.83533525-0.00006205j | E1=-7.71734142+0.00024998j|E2=-7.69610405+0.00021977j|E3=-7.66295052-0.00008128j
#-----------------------------------------#
[Step  88] logΨ: mean=36.020+0.089j | min=31.588-1.891j | max=36.381+2.021j
梯度监控 | raw=40.0900 | natural=0.0111 | clipped=0.0111(上限20.0)
Ψ矩阵条件数 cond(Ψ) = 9.59e+00
Loss=-30.916285 | E0=-7.83732271+0.00001204j | E1=-7.71770525+0.00010105j|E2=-7.69721937+0.00010193j|E3=-7.66405344+0.00035913j
#-----------------------------------------#
[Step  89] logΨ: mean=36.214+0.117j | min=30.449+1.935j | max=36.625+2.062j
梯度监控 | raw=37.2760 | natural=0.0096 | clipped=0.0096(上限20.0)
Ψ矩阵条件数 cond(Ψ) = 9.58e+00
Loss=-30.915882 | E0=-7.83943892+0.00034291j | E1=-7.71726942+0.00028934j|E2=-7.69560766+0.00002671j|E3=-7.66354322+0.00028188j
#-----------------------------------------#
[Step  90] logΨ: mean=36.744-0.012j | min=31.801-1.292j | max=37.107+1.943j
梯度监控 | raw=37.5389 | natural=0.0486 | clipped=0.0486(上限20.0)
Ψ矩阵条件数 cond(Ψ) = 1.09e+01
Loss=-30.913017 | E0=-7.83796072+0.00008696j | E1=-7.71725798+0.00022023j|E2=-7.69402885-0.00030066j|E3=-7.66377163+0.00067298j
#-----------------------------------------#
[Step  91] logΨ: mean=36.545-0.548j | min=31.103-0.222j | max=36.955+1.315j
梯度监控 | raw=51.2297 | natural=0.0272 | clipped=0.0272(上限20.0)
Ψ矩阵条件数 cond(Ψ) = 1.04e+01
Loss=-30.915178 | E0=-7.83868551-0.00017808j | E1=-7.71665573-0.00010536j|E2=-7.69369984+0.00011970j|E3=-7.66614437+0.00009132j
#-----------------------------------------#
[Step  92] logΨ: mean=35.882+0.419j | min=29.748-0.539j | max=36.352+2.501j
梯度监控 | raw=45.6092 | natural=0.0422 | clipped=0.0422(上限20.0)
Ψ矩阵条件数 cond(Ψ) = 1.09e+01
Loss=-30.918560 | E0=-7.84190369-0.00003117j | E1=-7.71660423+0.00027747j|E2=-7.69432306-0.00046083j|E3=-7.66573763-0.00024712j
#-----------------------------------------#
[Step  93] logΨ: mean=36.259+0.680j | min=28.744+2.730j | max=36.768+2.763j
梯度监控 | raw=34.9452 | natural=0.0620 | clipped=0.0620(上限20.0)
Ψ矩阵条件数 cond(Ψ) = 1.15e+01
Loss=-30.922857 | E0=-7.84612179+0.00013261j | E1=-7.71632242-0.00112583j|E2=-7.69380140+0.00057937j|E3=-7.66660023-0.00007402j
#-----------------------------------------#
[Step  94] logΨ: mean=36.680+1.069j | min=30.520+2.763j | max=37.057+3.140j
梯度监控 | raw=32.8491 | natural=0.0312 | clipped=0.0312(上限20.0)
Ψ矩阵条件数 cond(Ψ) = 1.13e+01
Loss=-30.926668 | E0=-7.84299803-0.00032920j | E1=-7.71792221+0.00028269j|E2=-7.69799900+0.00031847j|E3=-7.66775036-0.00060361j
#-----------------------------------------#
[Step  95] logΨ: mean=36.975-0.752j | min=32.466+2.396j | max=37.379+0.040j
梯度监控 | raw=32.9577 | natural=0.0074 | clipped=0.0074(上限20.0)
Ψ矩阵条件数 cond(Ψ) = 1.15e+01
Loss=-30.927065 | E0=-7.84417057-0.00015412j | E1=-7.71727562+0.00009942j|E2=-7.69777203-0.00024861j|E3=-7.66784048+0.00017953j
#-----------------------------------------#
[Step  96] logΨ: mean=36.731-0.532j | min=32.624+0.767j | max=37.112+0.079j
梯度监控 | raw=35.3054 | natural=0.0106 | clipped=0.0106(上限20.0)
Ψ矩阵条件数 cond(Ψ) = 1.18e+01
Loss=-30.929211 | E0=-7.84395599-0.00008175j | E1=-7.71783590-0.00012955j|E2=-7.69995308+0.00003454j|E3=-7.66746330+0.00019129j
#-----------------------------------------#
[Step  97] logΨ: mean=37.221+1.078j | min=30.169-0.848j | max=37.589+3.139j
梯度监控 | raw=31.5245 | natural=0.0245 | clipped=0.0245(上限20.0)
Ψ矩阵条件数 cond(Ψ) = 8.84e+00
Loss=-30.928833 | E0=-7.84611988+0.00001901j | E1=-7.71766806+0.00014176j|E2=-7.69941187+0.00011730j|E3=-7.66564751-0.00062194j
#-----------------------------------------#
[Step  98] logΨ: mean=37.466-0.714j | min=31.678+0.727j | max=37.851+0.051j
梯度监控 | raw=33.8911 | natural=0.0233 | clipped=0.0233(上限20.0)
Ψ矩阵条件数 cond(Ψ) = 1.18e+01
Loss=-30.928627 | E0=-7.84708261-0.00025215j | E1=-7.71630764-0.00016857j|E2=-7.69854927-0.00009089j|E3=-7.66668272-0.00030443j
#-----------------------------------------#
[Step  99] logΨ: mean=38.618-0.168j | min=31.284-0.649j | max=38.984+1.446j
梯度监控 | raw=35.4832 | natural=0.0489 | clipped=0.0489(上限20.0)
Ψ矩阵条件数 cond(Ψ) = 1.12e+01
Loss=-30.925989 | E0=-7.84695482-0.00003748j | E1=-7.71632195-0.00008343j|E2=-7.69614506+0.00159675j|E3=-7.66656256-0.00029818j
#-----------------------------------------#
[Step 100] logΨ: mean=37.715-0.275j | min=32.795+1.692j | max=38.116+1.473j
梯度监控 | raw=66.6341 | natural=0.0180 | clipped=0.0180(上限20.0)
Ψ矩阵条件数 cond(Ψ) = 1.15e+01
Loss=-30.921276 | E0=-7.84393406-0.00033783j | E1=-7.71648169-0.00010961j|E2=-7.69491434-0.00034471j|E3=-7.66595507+0.00132898j
#-----------------------------------------#
[Step 101] logΨ: mean=37.765-0.041j | min=32.179-1.891j | max=38.142+1.802j
梯度监控 | raw=48.0678 | natural=0.0609 | clipped=0.0609(上限20.0)
Ψ矩阵条件数 cond(Ψ) = 1.11e+01
Loss=-30.924610 | E0=-7.84662724-0.00047779j | E1=-7.71580648+0.00049687j|E2=-7.69622564+0.00009252j|E3=-7.66597223+0.00039813j
#-----------------------------------------#
[Step 102] logΨ: mean=37.564-0.123j | min=33.848-2.161j | max=37.937+1.818j
梯度监控 | raw=44.2409 | natural=0.0068 | clipped=0.0068(上限20.0)
Ψ矩阵条件数 cond(Ψ) = 1.11e+01
Loss=-30.920721 | E0=-7.84451294-0.00040519j | E1=-7.71818686-0.00012667j|E2=-7.69594717+0.00050695j|E3=-7.66207695+0.00037425j
#-----------------------------------------#
[Step 103] logΨ: mean=37.171-0.010j | min=33.483-2.559j | max=37.497+1.857j
梯度监控 | raw=41.3698 | natural=0.0132 | clipped=0.0132(上限20.0)
Ψ矩阵条件数 cond(Ψ) = 1.12e+01
Loss=-30.924810 | E0=-7.84756279+0.00008214j | E1=-7.71809530+0.00048856j|E2=-7.69658947+0.00006684j|E3=-7.66258097-0.00106487j
#-----------------------------------------#
[Step 104] logΨ: mean=36.763+0.413j | min=30.966-0.231j | max=37.157+2.283j
梯度监控 | raw=33.8062 | natural=0.1162 | clipped=0.1162(上限20.0)
Ψ矩阵条件数 cond(Ψ) = 1.04e+01
Loss=-30.920095 | E0=-7.84838820-0.00012231j | E1=-7.71408224-0.00122340j|E2=-7.69526720+0.00213140j|E3=-7.66236210-0.00069216j
#-----------------------------------------#
[Step 105] logΨ: mean=37.454+0.972j | min=31.578+2.394j | max=37.804+2.837j
梯度监控 | raw=38.5168 | natural=0.0384 | clipped=0.0384(上限20.0)
Ψ矩阵条件数 cond(Ψ) = 1.08e+01
Loss=-30.922792 | E0=-7.84687233-0.00025308j | E1=-7.71693325+0.00034388j|E2=-7.69657421-0.00024591j|E3=-7.66241932-0.00000583j
#-----------------------------------------#
[Step 106] logΨ: mean=37.191-0.271j | min=30.846-1.543j | max=37.536+0.389j
梯度监控 | raw=46.7428 | natural=0.0300 | clipped=0.0300(上限20.0)
Ψ矩阵条件数 cond(Ψ) = 9.63e+00
Loss=-30.923166 | E0=-7.84840441-0.00024209j | E1=-7.72043133+0.00095729j|E2=-7.69253492-0.00144511j|E3=-7.66180468-0.00164688j
#-----------------------------------------#
[Step 107] logΨ: mean=35.925+0.101j | min=30.839-2.869j | max=36.378+0.351j
梯度监控 | raw=88.1967 | natural=0.0223 | clipped=0.0223(上限20.0)
Ψ矩阵条件数 cond(Ψ) = 1.08e+01
Loss=-30.913673 | E0=-7.84584570-0.00014567j | E1=-7.71904755-0.00020556j|E2=-7.69121170+0.00041764j|E3=-7.65757751+0.00079978j
#-----------------------------------------#
[Step 108] logΨ: mean=36.456-0.244j | min=31.448+0.693j | max=36.816+0.089j
梯度监控 | raw=52.0260 | natural=0.0101 | clipped=0.0101(上限20.0)
Ψ矩阵条件数 cond(Ψ) = 9.93e+00
Loss=-30.923643 | E0=-7.84827757-0.00017738j | E1=-7.71913385-0.00039553j|E2=-7.69526482+0.00011566j|E3=-7.66095829-0.00103271j
#-----------------------------------------#
[Step 109] logΨ: mean=36.422+0.998j | min=30.606+1.824j | max=36.801+2.850j
梯度监控 | raw=45.9366 | natural=0.0276 | clipped=0.0276(上限20.0)
Ψ矩阵条件数 cond(Ψ) = 1.14e+01
Loss=-30.923714 | E0=-7.85016251+0.00007467j | E1=-7.72007704+0.00043942j|E2=-7.69410515-0.00140726j|E3=-7.65936613+0.00177157j
#-----------------------------------------#
[Step 110] logΨ: mean=36.787+0.304j | min=31.359+2.226j | max=37.096+2.304j
梯度监控 | raw=40.3015 | natural=0.0246 | clipped=0.0246(上限20.0)
Ψ矩阵条件数 cond(Ψ) = 1.10e+01
Loss=-30.923054 | E0=-7.85153246-0.00003105j | E1=-7.71871948-0.00002077j|E2=-7.69415951-0.00047869j|E3=-7.65864372-0.00005931j
#-----------------------------------------#
[Step 111] logΨ: mean=38.022-0.214j | min=31.836-1.025j | max=38.362+1.157j
梯度监控 | raw=35.1276 | natural=0.0656 | clipped=0.0656(上限20.0)
Ψ矩阵条件数 cond(Ψ) = 1.09e+01
Loss=-30.920948 | E0=-7.84925175-0.00005509j | E1=-7.71922302+0.00009948j|E2=-7.69404697-0.00065777j|E3=-7.65842772-0.00075495j
#-----------------------------------------#
[Step 112] logΨ: mean=38.192-0.357j | min=33.601-1.934j | max=38.557+1.174j
梯度监控 | raw=36.5529 | natural=0.0078 | clipped=0.0078(上限20.0)
Ψ矩阵条件数 cond(Ψ) = 9.15e+00
Loss=-30.911404 | E0=-7.84542942+0.00021098j | E1=-7.71909714-0.00003386j|E2=-7.69138241-0.00030262j|E3=-7.65548706+0.00028382j
#-----------------------------------------#
[Step 113] logΨ: mean=38.195-0.254j | min=33.823+2.927j | max=38.541+1.185j
梯度监控 | raw=39.1741 | natural=0.0052 | clipped=0.0052(上限20.0)
Ψ矩阵条件数 cond(Ψ) = 1.09e+01
Loss=-30.915535 | E0=-7.84847975+0.00016092j | E1=-7.71897602-0.00000463j|E2=-7.69187260-0.00054733j|E3=-7.65621233+0.00007623j
#-----------------------------------------#
[Step 114] logΨ: mean=38.433-0.283j | min=34.164-1.890j | max=38.812+1.184j
梯度监控 | raw=39.8566 | natural=0.0104 | clipped=0.0104(上限20.0)
Ψ矩阵条件数 cond(Ψ) = 1.10e+01
Loss=-30.913677 | E0=-7.84629059+0.00007780j | E1=-7.71901321+0.00003609j|E2=-7.69153929+0.00013045j|E3=-7.65683746-0.00019103j
#-----------------------------------------#
[Step 115] logΨ: mean=38.110-0.289j | min=33.543-1.846j | max=38.469+1.194j
梯度监控 | raw=41.1318 | natural=0.0110 | clipped=0.0110(上限20.0)
Ψ矩阵条件数 cond(Ψ) = 1.10e+01
Loss=-30.916990 | E0=-7.84930468+0.00000014j | E1=-7.71918297+0.00002300j|E2=-7.69166994+0.00035527j|E3=-7.65684175+0.00022204j
#-----------------------------------------#
[Step 116] logΨ: mean=37.836-0.270j | min=33.125-2.717j | max=38.211+1.216j
梯度监控 | raw=37.6158 | natural=0.0106 | clipped=0.0106(上限20.0)
Ψ矩阵条件数 cond(Ψ) = 1.11e+01
Loss=-30.916433 | E0=-7.84822941-0.00016233j | E1=-7.71934080+0.00005011j|E2=-7.69186831+0.00001325j|E3=-7.65699959-0.00001141j
#-----------------------------------------#
[Step 117] logΨ: mean=37.543-0.066j | min=32.140+1.533j | max=37.880+1.521j
梯度监控 | raw=32.5048 | natural=0.0330 | clipped=0.0330(上限20.0)
Ψ矩阵条件数 cond(Ψ) = 1.19e+01
Loss=-30.915943 | E0=-7.84855223+0.00012770j | E1=-7.71854401+0.00020768j|E2=-7.69180298-0.00050038j|E3=-7.65704584+0.00056997j
#-----------------------------------------#
[Step 118] logΨ: mean=37.905+0.209j | min=32.175-2.759j | max=38.263+1.685j
梯度监控 | raw=32.5415 | natural=0.0232 | clipped=0.0232(上限20.0)
Ψ矩阵条件数 cond(Ψ) = 9.79e+00
Loss=-30.918091 | E0=-7.84983540+0.00001881j | E1=-7.71775532+0.00002360j|E2=-7.69259453+0.00117959j|E3=-7.65789366-0.00091416j
#-----------------------------------------#
log Psi - log HF