
================================================================================
NES-VMC Stable Training | Diagnostic Version
================================================================================
K = 2
SINGLE_SIZE = 8
target_loss = -2.00505776
FCI E0 = -1.02613572 | E1 = -0.97892204
================================================================================
Hyperparameters
================================================================================
N_CHAINS = 32
N_WARMUP = 50
N_SAMPLES_PER_CHAIN = 200
SWEEP_SIZE = 30
N_ITER = 110
Natural_Grad = False
lr = 0.01
clip_norm = 1.0
grad_skip_threshold = 10.0
qgt_diag_shift = 0.1
DIAG_BATCH_SIZE = 128
================================================================================
Warmup
================================================================================
Warmup done.

================================================================================
Start Training
================================================================================
[Step    0]
Loss=0.56771511 | target=-2.00505776 | gap=+2.57277287
Grad | raw=1.9777e+00 | update=1.9777e+00 | clipped=1.0000e+00 | clip_norm=1.00e+00
logΨ.real | mean=0.842208 | std=6.1534e-01 | span=4.0741e+00
logΨ.imag | mean=-0.446676 | std=1.8455e+00 | span=6.2224e+00
shift | mean=0.794971 | std=2.2324e-01 | span=7.1008e-01
cond(Ψ_stable) | first=7.4227e+00 | mean=4.6179e+00 | max=1.3421e+01
trace(E_L).real | mean=0.59511405 | std=9.8811e-01 | span=4.5567e+00
trace(E_L).imag | mean=0.01462919 | std=2.6089e-01 | span=1.4815e+00
E_L_mean diagnostics | herm_error=5.5872e-01 | imag_norm=1.6178e-01 | valid_ratio=1.0000
sampler / dlogΨ | unique_ratio=0.4844 | dlog_std_norm=1.0478e+02 | dlog_mean_norm=6.5629e+00 | dlog_std_ratio=1.5965e+01
E0_herm=-0.05013240 | E1_herm=0.61784751
E0_raw=-0.02488519+0.00430982j | E1_raw=0.59260030-0.00726226j
#-------------------------------------------------------------------------------
[Step   10]
Loss=0.18137905 | target=-2.00505776 | gap=+2.18643681
Grad | raw=1.9131e+00 | update=1.9131e+00 | clipped=1.0000e+00 | clip_norm=1.00e+00
logΨ.real | mean=1.180519 | std=6.4329e-01 | span=3.6925e+00
logΨ.imag | mean=-0.376281 | std=1.8492e+00 | span=6.2037e+00
shift | mean=1.003846 | std=1.9306e-01 | span=8.0325e-01
cond(Ψ_stable) | first=2.8343e+00 | mean=3.6224e+00 | max=1.0052e+01
trace(E_L).real | mean=0.24483746 | std=9.8822e-01 | span=3.7770e+00
trace(E_L).imag | mean=-0.00877847 | std=1.7684e-01 | span=1.1673e+00
E_L_mean diagnostics | herm_error=1.0358e+00 | imag_norm=2.4931e-01 | valid_ratio=1.0000
sampler / dlogΨ | unique_ratio=0.4375 | dlog_std_norm=9.3192e+01 | dlog_mean_norm=7.2097e+00 | dlog_std_ratio=1.2926e+01
E0_herm=-0.47237064 | E1_herm=0.65374969
E0_raw=-0.35410073+0.00743902j | E1_raw=0.53547978-0.00333951j
>>> WARNING: E_L_mean 非 Hermitian 程度很大，能量诊断不可信
#-------------------------------------------------------------------------------
[Step   20]
Loss=-0.19360929 | target=-2.00505776 | gap=+1.81144847
Grad | raw=1.7839e+00 | update=1.7839e+00 | clipped=1.0000e+00 | clip_norm=1.00e+00
logΨ.real | mean=1.705860 | std=6.8287e-01 | span=4.2530e+00
logΨ.imag | mean=-0.563057 | std=1.7465e+00 | span=6.2494e+00
shift | mean=1.300799 | std=3.2725e-01 | span=1.1024e+00
cond(Ψ_stable) | first=2.8207e+00 | mean=4.0948e+00 | max=2.0154e+01
trace(E_L).real | mean=-0.25112185 | std=9.5243e-01 | span=4.2699e+00
trace(E_L).imag | mean=-0.05669006 | std=2.7070e-01 | span=2.6626e+00
E_L_mean diagnostics | herm_error=1.1150e+00 | imag_norm=2.5731e-01 | valid_ratio=1.0000
sampler / dlogΨ | unique_ratio=0.4375 | dlog_std_norm=1.2608e+02 | dlog_mean_norm=7.9956e+00 | dlog_std_ratio=1.5769e+01
E0_herm=-0.78417973 | E1_herm=0.59057044
E0_raw=-0.60196808-0.00324059j | E1_raw=0.40835879+0.00204918j
>>> WARNING: E_L_mean 非 Hermitian 程度很大，能量诊断不可信
#-------------------------------------------------------------------------------
[Step   30]
Loss=-0.56110805 | target=-2.00505776 | gap=+1.44394970
Grad | raw=2.4152e+00 | update=2.4152e+00 | clipped=1.0000e+00 | clip_norm=1.00e+00
logΨ.real | mean=2.403132 | std=8.0063e-01 | span=4.8881e+00
logΨ.imag | mean=-0.700494 | std=1.6871e+00 | span=6.2713e+00
shift | mean=1.635346 | std=3.7545e-01 | span=1.3253e+00
cond(Ψ_stable) | first=1.9281e+00 | mean=4.4106e+00 | max=2.4720e+01
trace(E_L).real | mean=-0.41111899 | std=9.4131e-01 | span=3.6759e+00
trace(E_L).imag | mean=0.02120709 | std=2.1736e-01 | span=1.6159e+00
E_L_mean diagnostics | herm_error=8.9750e-01 | imag_norm=1.4764e-01 | valid_ratio=1.0000
sampler / dlogΨ | unique_ratio=0.4766 | dlog_std_norm=1.1692e+02 | dlog_mean_norm=8.9056e+00 | dlog_std_ratio=1.3129e+01
E0_herm=-0.86772624 | E1_herm=0.30661819
E0_raw=-0.76839894+0.00046207j | E1_raw=0.20729088-0.00295546j
#-------------------------------------------------------------------------------
[Step   40]
Loss=-1.21370493 | target=-2.00505776 | gap=+0.79135283
Grad | raw=2.2399e+00 | update=2.2399e+00 | clipped=1.0000e+00 | clip_norm=1.00e+00
logΨ.real | mean=5.610442 | std=7.7455e-01 | span=5.4576e+00
logΨ.imag | mean=-0.293011 | std=1.5354e+00 | span=6.1662e+00
shift | mean=3.755662 | std=2.3224e-01 | span=2.6378e+00
cond(Ψ_stable) | first=1.4171e+01 | mean=1.1121e+01 | max=3.3753e+01
trace(E_L).real | mean=-1.07993885 | std=7.5131e-01 | span=3.4996e+00
trace(E_L).imag | mean=-0.03083652 | std=3.0268e-01 | span=3.9494e+00
E_L_mean diagnostics | herm_error=9.0792e-01 | imag_norm=8.7008e-02 | valid_ratio=1.0000
sampler / dlogΨ | unique_ratio=0.1172 | dlog_std_norm=1.9625e+02 | dlog_mean_norm=1.7428e+02 | dlog_std_ratio=1.1261e+00
E0_herm=-1.10204260 | E1_herm=-0.11166233
E0_raw=-0.90006074-0.00122677j | E1_raw=-0.31364419+0.00086895j
#-------------------------------------------------------------------------------
[Step   50]
Loss=-1.60802538 | target=-2.00505776 | gap=+0.39703238
Grad | raw=6.6613e-01 | update=6.6613e-01 | clipped=6.6613e-01 | clip_norm=1.00e+00
logΨ.real | mean=11.640462 | std=2.2702e-01 | span=5.1354e+00
logΨ.imag | mean=-0.560777 | std=1.5704e+00 | span=6.0651e+00
shift | mean=6.636612 | std=3.5527e-15 | span=0.0000e+00
cond(Ψ_stable) | first=5.0508e+00 | mean=5.0508e+00 | max=5.0508e+00
trace(E_L).real | mean=-1.61294313 | std=1.1102e-15 | span=0.0000e+00
trace(E_L).imag | mean=-0.00183667 | std=0.0000e+00 | span=0.0000e+00
E_L_mean diagnostics | herm_error=7.7893e-01 | imag_norm=2.9811e-01 | valid_ratio=1.0000
sampler / dlogΨ | unique_ratio=0.0078 | dlog_std_norm=3.9291e-12 | dlog_mean_norm=7.5782e+02 | dlog_std_ratio=5.1847e-15
E0_herm=-1.21779670 | E1_herm=-0.39022868
E0_raw=-0.96217904+0.00014767j | E1_raw=-0.64584634+0.00030948j
>>> WARNING: trace(E_L).real std 很小，covariance 梯度能量项可能无信号
>>> WARNING: dlogΨ batch variation 很小，参数响应接近常数方向
#-------------------------------------------------------------------------------
[Step   54]
Loss=-80.83740187 | target=-2.00505776 | gap=-78.83234411
Grad | raw=2.2647e+03 | update=2.2647e+03 | clipped=1.0000e+00 | clip_norm=1.00e+00
logΨ.real | mean=0.745106 | std=1.0735e+00 | span=6.6877e+00
logΨ.imag | mean=0.152838 | std=1.5688e+00 | span=4.0584e+00
shift | mean=6.154220 | std=2.6645e-15 | span=0.0000e+00
cond(Ψ_stable) | first=1.2749e+05 | mean=1.2749e+05 | max=1.2749e+05
trace(E_L).real | mean=-83.43816936 | std=1.4211e-14 | span=0.0000e+00
trace(E_L).imag | mean=-45.97528537 | std=7.1054e-15 | span=0.0000e+00
E_L_mean diagnostics | herm_error=1.4142e+00 | imag_norm=1.7118e+04 | valid_ratio=1.0000
sampler / dlogΨ | unique_ratio=0.0078 | dlog_std_norm=3.6768e-12 | dlog_mean_norm=7.5582e+02 | dlog_std_ratio=4.8646e-15
E0_herm=-9681.47604677 | E1_herm=9600.63864490
E0_raw=-79.91869235-44.60638029j | E1_raw=-0.91870952+0.06869236j
>>> WARNING: trace(E_L).real std 很小，covariance 梯度能量项可能无信号
>>> WARNING: dlogΨ batch variation 很小，参数响应接近常数方向
>>> WARNING: E_L_mean 非 Hermitian 程度很大，能量诊断不可信
#-------------------------------------------------------------------------------
【Step 54 Skip】bad update skipped | grad_finite=True | loss_finite=True | grad_norm_raw=2.264670e+03 | skip_count=1
#===============================================================================
[Step   55]
Loss=-80.83805894 | target=-2.00505776 | gap=-78.83300118
Grad | raw=2.2638e+03 | update=2.2638e+03 | clipped=1.0000e+00 | clip_norm=1.00e+00
logΨ.real | mean=0.744294 | std=1.0690e+00 | span=6.6877e+00
logΨ.imag | mean=0.154833 | std=1.5711e+00 | span=4.0584e+00
shift | mean=6.154220 | std=2.6645e-15 | span=0.0000e+00
cond(Ψ_stable) | first=1.2749e+05 | mean=1.2749e+05 | max=1.2749e+05
trace(E_L).real | mean=-83.43816936 | std=1.4211e-14 | span=0.0000e+00
trace(E_L).imag | mean=-45.97528537 | std=7.1054e-15 | span=0.0000e+00
E_L_mean diagnostics | herm_error=1.4142e+00 | imag_norm=1.7118e+04 | valid_ratio=1.0000
sampler / dlogΨ | unique_ratio=0.0078 | dlog_std_norm=3.6768e-12 | dlog_mean_norm=7.5582e+02 | dlog_std_ratio=4.8646e-15
E0_herm=-9681.46766560 | E1_herm=9600.62960666
E0_raw=-79.91935124-44.60735770j | E1_raw=-0.91870770+0.06869217j
>>> WARNING: trace(E_L).real std 很小，covariance 梯度能量项可能无信号
>>> WARNING: dlogΨ batch variation 很小，参数响应接近常数方向
>>> WARNING: E_L_mean 非 Hermitian 程度很大，能量诊断不可信
#-------------------------------------------------------------------------------
【Step 55 Skip】bad update skipped | grad_finite=True | loss_finite=True | grad_norm_raw=2.263848e+03 | skip_count=2
#===============================================================================
[Step   56]
Loss=-80.83917224 | target=-2.00505776 | gap=-78.83411448
Grad | raw=2.2630e+03 | update=2.2630e+03 | clipped=1.0000e+00 | clip_norm=1.00e+00
logΨ.real | mean=0.745925 | std=1.0780e+00 | span=6.6877e+00
logΨ.imag | mean=0.155123 | std=1.5712e+00 | span=4.0584e+00
shift | mean=6.154220 | std=2.6645e-15 | span=0.0000e+00
cond(Ψ_stable) | first=1.2749e+05 | mean=1.2749e+05 | max=1.2749e+05
trace(E_L).real | mean=-83.43816936 | std=1.4211e-14 | span=0.0000e+00
trace(E_L).imag | mean=-45.97528537 | std=7.1054e-15 | span=0.0000e+00
E_L_mean diagnostics | herm_error=1.4142e+00 | imag_norm=1.7118e+04 | valid_ratio=1.0000
sampler / dlogΨ | unique_ratio=0.0078 | dlog_std_norm=3.6768e-12 | dlog_mean_norm=7.5582e+02 | dlog_std_ratio=4.8646e-15
E0_herm=-9681.49645166 | E1_herm=9600.65727942
E0_raw=-79.92046524-44.60756239j | E1_raw=-0.91870700+0.06869109j
>>> WARNING: trace(E_L).real std 很小，covariance 梯度能量项可能无信号
>>> WARNING: dlogΨ batch variation 很小，参数响应接近常数方向
>>> WARNING: E_L_mean 非 Hermitian 程度很大，能量诊断不可信
#-------------------------------------------------------------------------------
【Step 56 Skip】bad update skipped | grad_finite=True | loss_finite=True | grad_norm_raw=2.263042e+03 | skip_count=3
#===============================================================================
[Step   57]
Loss=-80.83703649 | target=-2.00505776 | gap=-78.83197874
Grad | raw=2.2651e+03 | update=2.2651e+03 | clipped=1.0000e+00 | clip_norm=1.00e+00
logΨ.real | mean=0.743122 | std=1.0625e+00 | span=6.6877e+00
logΨ.imag | mean=0.151622 | std=1.5680e+00 | span=4.0584e+00
shift | mean=6.154220 | std=2.6645e-15 | span=0.0000e+00
cond(Ψ_stable) | first=1.2749e+05 | mean=1.2749e+05 | max=1.2749e+05
trace(E_L).real | mean=-83.43816936 | std=1.4211e-14 | span=0.0000e+00
trace(E_L).imag | mean=-45.97528537 | std=7.1054e-15 | span=0.0000e+00
E_L_mean diagnostics | herm_error=1.4142e+00 | imag_norm=1.7118e+04 | valid_ratio=1.0000
sampler / dlogΨ | unique_ratio=0.0078 | dlog_std_norm=3.6768e-12 | dlog_mean_norm=7.5582e+02 | dlog_std_ratio=4.8646e-15
E0_herm=-9681.48915165 | E1_herm=9600.65211516
E0_raw=-79.91832573-44.60563362j | E1_raw=-0.91871076+0.06869258j
>>> WARNING: trace(E_L).real std 很小，covariance 梯度能量项可能无信号
>>> WARNING: dlogΨ batch variation 很小，参数响应接近常数方向
>>> WARNING: E_L_mean 非 Hermitian 程度很大，能量诊断不可信
#-------------------------------------------------------------------------------
【Step 57 Skip】bad update skipped | grad_finite=True | loss_finite=True | grad_norm_raw=2.265111e+03 | skip_count=4
#===============================================================================
[Step   58]
Loss=-80.83836417 | target=-2.00505776 | gap=-78.83330642
Grad | raw=2.2636e+03 | update=2.2636e+03 | clipped=1.0000e+00 | clip_norm=1.00e+00
logΨ.real | mean=0.744487 | std=1.0702e+00 | span=6.6877e+00
logΨ.imag | mean=0.154845 | std=1.5711e+00 | span=4.0584e+00
shift | mean=6.154220 | std=2.6645e-15 | span=0.0000e+00
cond(Ψ_stable) | first=1.2749e+05 | mean=1.2749e+05 | max=1.2749e+05
trace(E_L).real | mean=-83.43816936 | std=1.4211e-14 | span=0.0000e+00
trace(E_L).imag | mean=-45.97528537 | std=7.1054e-15 | span=0.0000e+00
E_L_mean diagnostics | herm_error=1.4142e+00 | imag_norm=1.7118e+04 | valid_ratio=1.0000
sampler / dlogΨ | unique_ratio=0.0078 | dlog_std_norm=3.6768e-12 | dlog_mean_norm=7.5582e+02 | dlog_std_ratio=4.8646e-15
E0_herm=-9681.46477183 | E1_herm=9600.62640766
E0_raw=-79.91965671-44.60738504j | E1_raw=-0.91870746+0.06869170j
>>> WARNING: trace(E_L).real std 很小，covariance 梯度能量项可能无信号
>>> WARNING: dlogΨ batch variation 很小，参数响应接近常数方向
>>> WARNING: E_L_mean 非 Hermitian 程度很大，能量诊断不可信
#-------------------------------------------------------------------------------
【Step 58 Skip】bad update skipped | grad_finite=True | loss_finite=True | grad_norm_raw=2.263628e+03 | skip_count=5
#===============================================================================
[Step   59]
Loss=-80.83892035 | target=-2.00505776 | gap=-78.83386259
Grad | raw=2.2631e+03 | update=2.2631e+03 | clipped=1.0000e+00 | clip_norm=1.00e+00
logΨ.real | mean=0.745965 | std=1.0784e+00 | span=6.6877e+00
logΨ.imag | mean=0.155859 | std=1.5722e+00 | span=4.0584e+00
shift | mean=6.154220 | std=2.6645e-15 | span=0.0000e+00
cond(Ψ_stable) | first=1.2749e+05 | mean=1.2749e+05 | max=1.2749e+05
trace(E_L).real | mean=-83.43816936 | std=1.4211e-14 | span=0.0000e+00
trace(E_L).imag | mean=-45.97528537 | std=7.1054e-15 | span=0.0000e+00
E_L_mean diagnostics | herm_error=1.4142e+00 | imag_norm=1.7118e+04 | valid_ratio=1.0000
sampler / dlogΨ | unique_ratio=0.0078 | dlog_std_norm=3.6768e-12 | dlog_mean_norm=7.5582e+02 | dlog_std_ratio=4.8646e-15
E0_herm=-9681.50227245 | E1_herm=9600.66335210
E0_raw=-79.92021330-44.60770002j | E1_raw=-0.91870704+0.06869159j
>>> WARNING: trace(E_L).real std 很小，covariance 梯度能量项可能无信号
>>> WARNING: dlogΨ batch variation 很小，参数响应接近常数方向
>>> WARNING: E_L_mean 非 Hermitian 程度很大，能量诊断不可信
#-------------------------------------------------------------------------------
【Step 59 Skip】bad update skipped | grad_finite=True | loss_finite=True | grad_norm_raw=2.263122e+03 | skip_count=6
#===============================================================================
[Step   60]
Loss=-80.83692329 | target=-2.00505776 | gap=-78.83186553
Grad | raw=2.2647e+03 | update=2.2647e+03 | clipped=1.0000e+00 | clip_norm=1.00e+00
logΨ.real | mean=0.745161 | std=1.0740e+00 | span=6.6877e+00
logΨ.imag | mean=0.153909 | std=1.5702e+00 | span=4.0584e+00
shift | mean=6.154220 | std=2.6645e-15 | span=0.0000e+00
cond(Ψ_stable) | first=1.2749e+05 | mean=1.2749e+05 | max=1.2749e+05
trace(E_L).real | mean=-83.43816936 | std=1.4211e-14 | span=0.0000e+00
trace(E_L).imag | mean=-45.97528537 | std=7.1054e-15 | span=0.0000e+00
E_L_mean diagnostics | herm_error=1.4142e+00 | imag_norm=1.7118e+04 | valid_ratio=1.0000
sampler / dlogΨ | unique_ratio=0.0078 | dlog_std_norm=3.6768e-12 | dlog_mean_norm=7.5582e+02 | dlog_std_ratio=4.8646e-15
E0_herm=-9681.47707269 | E1_herm=9600.64014940
E0_raw=-79.91821403-44.60681946j | E1_raw=-0.91870926+0.06869335j
>>> WARNING: trace(E_L).real std 很小，covariance 梯度能量项可能无信号
>>> WARNING: dlogΨ batch variation 很小，参数响应接近常数方向
>>> WARNING: E_L_mean 非 Hermitian 程度很大，能量诊断不可信
#-------------------------------------------------------------------------------
【Step 60 Skip】bad update skipped | grad_finite=True | loss_finite=True | grad_norm_raw=2.264651e+03 | skip_count=7
#===============================================================================
[Step   61]
Loss=-80.83718010 | target=-2.00505776 | gap=-78.83212234
Grad | raw=2.2648e+03 | update=2.2648e+03 | clipped=1.0000e+00 | clip_norm=1.00e+00
logΨ.real | mean=0.742113 | std=1.0567e+00 | span=6.6877e+00
logΨ.imag | mean=0.152898 | std=1.5694e+00 | span=4.0584e+00
shift | mean=6.154220 | std=2.6645e-15 | span=0.0000e+00
cond(Ψ_stable) | first=1.2749e+05 | mean=1.2749e+05 | max=1.2749e+05
trace(E_L).real | mean=-83.43816936 | std=1.4211e-14 | span=0.0000e+00
trace(E_L).imag | mean=-45.97528537 | std=7.1054e-15 | span=0.0000e+00
E_L_mean diagnostics | herm_error=1.4142e+00 | imag_norm=1.7118e+04 | valid_ratio=1.0000
sampler / dlogΨ | unique_ratio=0.0078 | dlog_std_norm=3.6768e-12 | dlog_mean_norm=7.5582e+02 | dlog_std_ratio=4.8646e-15
E0_herm=-9681.47493085 | E1_herm=9600.63775075
E0_raw=-79.91847073-44.60655639j | E1_raw=-0.91870937+0.06869287j
>>> WARNING: trace(E_L).real std 很小，covariance 梯度能量项可能无信号
>>> WARNING: dlogΨ batch variation 很小，参数响应接近常数方向
>>> WARNING: E_L_mean 非 Hermitian 程度很大，能量诊断不可信
#-------------------------------------------------------------------------------
【Step 61 Skip】bad update skipped | grad_finite=True | loss_finite=True | grad_norm_raw=2.264773e+03 | skip_count=8
#===============================================================================
[Step   62]
Loss=-80.83776085 | target=-2.00505776 | gap=-78.83270310
Grad | raw=2.2639e+03 | update=2.2639e+03 | clipped=1.0000e+00 | clip_norm=1.00e+00
logΨ.real | mean=0.743464 | std=1.0643e+00 | span=6.6877e+00
logΨ.imag | mean=0.155234 | std=1.5714e+00 | span=4.0584e+00
shift | mean=6.154220 | std=2.6645e-15 | span=0.0000e+00
cond(Ψ_stable) | first=1.2749e+05 | mean=1.2749e+05 | max=1.2749e+05
trace(E_L).real | mean=-83.43816936 | std=1.4211e-14 | span=0.0000e+00
trace(E_L).imag | mean=-45.97528537 | std=7.1054e-15 | span=0.0000e+00
E_L_mean diagnostics | herm_error=1.4142e+00 | imag_norm=1.7118e+04 | valid_ratio=1.0000
sampler / dlogΨ | unique_ratio=0.0078 | dlog_std_norm=3.6768e-12 | dlog_mean_norm=7.5582e+02 | dlog_std_ratio=4.8646e-15
E0_herm=-9681.47878533 | E1_herm=9600.64102448
E0_raw=-79.91905353-44.60795985j | E1_raw=-0.91870732+0.06869296j
>>> WARNING: trace(E_L).real std 很小，covariance 梯度能量项可能无信号
>>> WARNING: dlogΨ batch variation 很小，参数响应接近常数方向
>>> WARNING: E_L_mean 非 Hermitian 程度很大，能量诊断不可信
#-------------------------------------------------------------------------------
【Step 62 Skip】bad update skipped | grad_finite=True | loss_finite=True | grad_norm_raw=2.263873e+03 | skip_count=9
#===============================================================================
[Step   63]
Loss=-80.84085103 | target=-2.00505776 | gap=-78.83579328
Grad | raw=2.2619e+03 | update=2.2619e+03 | clipped=1.0000e+00 | clip_norm=1.00e+00
logΨ.real | mean=0.746321 | std=1.0802e+00 | span=6.6877e+00
logΨ.imag | mean=0.155802 | std=1.5720e+00 | span=4.0584e+00
shift | mean=6.154220 | std=2.6645e-15 | span=0.0000e+00
cond(Ψ_stable) | first=1.2749e+05 | mean=1.2749e+05 | max=1.2749e+05
trace(E_L).real | mean=-83.43816936 | std=1.4211e-14 | span=0.0000e+00
trace(E_L).imag | mean=-45.97528537 | std=7.1054e-15 | span=0.0000e+00
E_L_mean diagnostics | herm_error=1.4142e+00 | imag_norm=1.7118e+04 | valid_ratio=1.0000
sampler / dlogΨ | unique_ratio=0.0078 | dlog_std_norm=3.6768e-12 | dlog_mean_norm=7.5582e+02 | dlog_std_ratio=4.8646e-15
E0_herm=-9681.48645175 | E1_herm=9600.64560071
E0_raw=-79.92214549-44.60766032j | E1_raw=-0.91870554+0.06868900j
>>> WARNING: trace(E_L).real std 很小，covariance 梯度能量项可能无信号
>>> WARNING: dlogΨ batch variation 很小，参数响应接近常数方向
>>> WARNING: E_L_mean 非 Hermitian 程度很大，能量诊断不可信
#-------------------------------------------------------------------------------
【Step 63 Skip】bad update skipped | grad_finite=True | loss_finite=True | grad_norm_raw=2.261901e+03 | skip_count=10
#===============================================================================
[Step   64]
Loss=-80.50123271 | target=-2.00505776 | gap=-78.49617495
Grad | raw=2.5469e+03 | update=2.5469e+03 | clipped=1.0000e+00 | clip_norm=1.00e+00
logΨ.real | mean=0.769644 | std=1.1362e+00 | span=6.6877e+00
logΨ.imag | mean=0.141955 | std=1.5695e+00 | span=4.2923e+00
shift | mean=6.154220 | std=2.6645e-15 | span=0.0000e+00
cond(Ψ_stable) | first=1.2749e+05 | mean=1.2749e+05 | max=1.2749e+05
trace(E_L).real | mean=-83.43816936 | std=1.4211e-14 | span=0.0000e+00
trace(E_L).imag | mean=-45.97528537 | std=7.1054e-15 | span=0.0000e+00
E_L_mean diagnostics | herm_error=1.4142e+00 | imag_norm=1.7047e+04 | valid_ratio=1.0000
sampler / dlogΨ | unique_ratio=0.0078 | dlog_std_norm=3.6768e-12 | dlog_mean_norm=7.5582e+02 | dlog_std_ratio=4.8646e-15
E0_herm=-9640.89725380 | E1_herm=9560.39602109
E0_raw=-79.58252070-44.41992659j | E1_raw=-0.91871201+0.06869863j
>>> WARNING: trace(E_L).real std 很小，covariance 梯度能量项可能无信号
>>> WARNING: dlogΨ batch variation 很小，参数响应接近常数方向
>>> WARNING: E_L_mean 非 Hermitian 程度很大，能量诊断不可信
#-------------------------------------------------------------------------------
【Step 64 Skip】bad update skipped | grad_finite=True | loss_finite=True | grad_norm_raw=2.546943e+03 | skip_count=11
#===============================================================================
[Step   65]
Loss=-78.23905534 | target=-2.00505776 | gap=-76.23399758
Grad | raw=4.3811e+03 | update=4.3811e+03 | clipped=1.0000e+00 | clip_norm=1.00e+00
logΨ.real | mean=0.936658 | std=1.4900e+00 | span=6.6877e+00
logΨ.imag | mean=0.068097 | std=1.5729e+00 | span=4.9997e+00
shift | mean=6.154220 | std=2.6645e-15 | span=0.0000e+00
cond(Ψ_stable) | first=1.2749e+05 | mean=1.2749e+05 | max=1.2749e+05
trace(E_L).real | mean=-83.43816936 | std=1.4211e-14 | span=0.0000e+00
trace(E_L).imag | mean=-45.97528537 | std=7.1054e-15 | span=0.0000e+00
E_L_mean diagnostics | herm_error=1.4142e+00 | imag_norm=1.6566e+04 | valid_ratio=1.0000
sampler / dlogΨ | unique_ratio=0.0078 | dlog_std_norm=3.6768e-12 | dlog_mean_norm=7.5582e+02 | dlog_std_ratio=4.8646e-15
E0_herm=-9369.09666912 | E1_herm=9290.85761378
E0_raw=-77.32031792-43.17097126j | E1_raw=-0.91873742+0.06875501j
>>> WARNING: trace(E_L).real std 很小，covariance 梯度能量项可能无信号
>>> WARNING: dlogΨ batch variation 很小，参数响应接近常数方向
>>> WARNING: E_L_mean 非 Hermitian 程度很大，能量诊断不可信
#-------------------------------------------------------------------------------
【Step 65 Skip】bad update skipped | grad_finite=True | loss_finite=True | grad_norm_raw=4.381052e+03 | skip_count=12
#===============================================================================
[Step   66]
Loss=-78.24140915 | target=-2.00505776 | gap=-76.23635139
Grad | raw=4.3796e+03 | update=4.3796e+03 | clipped=1.0000e+00 | clip_norm=1.00e+00
logΨ.real | mean=0.936590 | std=1.4900e+00 | span=6.6877e+00
logΨ.imag | mean=0.066133 | std=1.5711e+00 | span=4.9997e+00
shift | mean=6.154220 | std=2.6645e-15 | span=0.0000e+00
cond(Ψ_stable) | first=1.2749e+05 | mean=1.2749e+05 | max=1.2749e+05
trace(E_L).real | mean=-83.43816936 | std=1.4211e-14 | span=0.0000e+00
trace(E_L).imag | mean=-45.97528537 | std=7.1054e-15 | span=0.0000e+00
E_L_mean diagnostics | herm_error=1.4142e+00 | imag_norm=1.6566e+04 | valid_ratio=1.0000
sampler / dlogΨ | unique_ratio=0.0078 | dlog_std_norm=3.6768e-12 | dlog_mean_norm=7.5582e+02 | dlog_std_ratio=4.8646e-15
E0_herm=-9369.11584923 | E1_herm=9290.87444009
E0_raw=-77.32267217-43.17008031j | E1_raw=-0.91873698+0.06875164j
>>> WARNING: trace(E_L).real std 很小，covariance 梯度能量项可能无信号
>>> WARNING: dlogΨ batch variation 很小，参数响应接近常数方向
>>> WARNING: E_L_mean 非 Hermitian 程度很大，能量诊断不可信
#-------------------------------------------------------------------------------
【Step 66 Skip】bad update skipped | grad_finite=True | loss_finite=True | grad_norm_raw=4.379646e+03 | skip_count=13
#===============================================================================
[Step   67]
Loss=-78.24415054 | target=-2.00505776 | gap=-76.23909278
Grad | raw=4.3783e+03 | update=4.3783e+03 | clipped=1.0000e+00 | clip_norm=1.00e+00
logΨ.real | mean=0.935832 | std=1.4869e+00 | span=6.6877e+00
logΨ.imag | mean=0.066365 | std=1.5707e+00 | span=4.9997e+00
shift | mean=6.154220 | std=2.6645e-15 | span=0.0000e+00
cond(Ψ_stable) | first=1.2749e+05 | mean=1.2749e+05 | max=1.2749e+05
trace(E_L).real | mean=-83.43816936 | std=1.4211e-14 | span=0.0000e+00
trace(E_L).imag | mean=-45.97528537 | std=7.1054e-15 | span=0.0000e+00
E_L_mean diagnostics | herm_error=1.4142e+00 | imag_norm=1.6566e+04 | valid_ratio=1.0000
sampler / dlogΨ | unique_ratio=0.0078 | dlog_std_norm=3.6768e-12 | dlog_mean_norm=7.5582e+02 | dlog_std_ratio=4.8646e-15
E0_herm=-9369.14015758 | E1_herm=9290.89600704
E0_raw=-77.32541497-43.16985721j | E1_raw=-0.91873556+0.06874807j
>>> WARNING: trace(E_L).real std 很小，covariance 梯度能量项可能无信号
>>> WARNING: dlogΨ batch variation 很小，参数响应接近常数方向
>>> WARNING: E_L_mean 非 Hermitian 程度很大，能量诊断不可信
#-------------------------------------------------------------------------------
【Step 67 Skip】bad update skipped | grad_finite=True | loss_finite=True | grad_norm_raw=4.378262e+03 | skip_count=14
#===============================================================================
[Step   68]
Loss=-78.23900003 | target=-2.00505776 | gap=-76.23394228
Grad | raw=4.3814e+03 | update=4.3814e+03 | clipped=1.0000e+00 | clip_norm=1.00e+00
logΨ.real | mean=0.934706 | std=1.4825e+00 | span=6.6877e+00
logΨ.imag | mean=0.065263 | std=1.5712e+00 | span=4.9997e+00
shift | mean=6.154220 | std=2.6645e-15 | span=0.0000e+00
cond(Ψ_stable) | first=1.2749e+05 | mean=1.2749e+05 | max=1.2749e+05
trace(E_L).real | mean=-83.43816936 | std=1.4211e-14 | span=0.0000e+00
trace(E_L).imag | mean=-45.97528537 | std=7.1054e-15 | span=0.0000e+00
E_L_mean diagnostics | herm_error=1.4142e+00 | imag_norm=1.6566e+04 | valid_ratio=1.0000
sampler / dlogΨ | unique_ratio=0.0078 | dlog_std_norm=3.6768e-12 | dlog_mean_norm=7.5582e+02 | dlog_std_ratio=4.8646e-15
E0_herm=-9369.12671490 | E1_herm=9290.88771486
E0_raw=-77.32026059-43.16958603j | E1_raw=-0.91873945+0.06875464j
>>> WARNING: trace(E_L).real std 很小，covariance 梯度能量项可能无信号
>>> WARNING: dlogΨ batch variation 很小，参数响应接近常数方向
>>> WARNING: E_L_mean 非 Hermitian 程度很大，能量诊断不可信
#-------------------------------------------------------------------------------
【Step 68 Skip】bad update skipped | grad_finite=True | loss_finite=True | grad_norm_raw=4.381386e+03 | skip_count=15
#===============================================================================
[Step   69]
Loss=-78.23975195 | target=-2.00505776 | gap=-76.23469420
Grad | raw=4.3806e+03 | update=4.3806e+03 | clipped=1.0000e+00 | clip_norm=1.00e+00
logΨ.real | mean=0.937817 | std=1.4947e+00 | span=6.6877e+00
logΨ.imag | mean=0.067016 | std=1.5732e+00 | span=4.9997e+00
shift | mean=6.154220 | std=2.6645e-15 | span=0.0000e+00
cond(Ψ_stable) | first=1.2749e+05 | mean=1.2749e+05 | max=1.2749e+05
trace(E_L).real | mean=-83.43816936 | std=1.4211e-14 | span=0.0000e+00
trace(E_L).imag | mean=-45.97528537 | std=7.1054e-15 | span=0.0000e+00
E_L_mean diagnostics | herm_error=1.4142e+00 | imag_norm=1.6566e+04 | valid_ratio=1.0000
sampler / dlogΨ | unique_ratio=0.0078 | dlog_std_norm=3.6768e-12 | dlog_mean_norm=7.5582e+02 | dlog_std_ratio=4.8646e-15
E0_herm=-9369.12995115 | E1_herm=9290.89019919
E0_raw=-77.32101394-43.17029804j | E1_raw=-0.91873801+0.06875417j
>>> WARNING: trace(E_L).real std 很小，covariance 梯度能量项可能无信号
>>> WARNING: dlogΨ batch variation 很小，参数响应接近常数方向
>>> WARNING: E_L_mean 非 Hermitian 程度很大，能量诊断不可信
#-------------------------------------------------------------------------------
【Step 69 Skip】bad update skipped | grad_finite=True | loss_finite=True | grad_norm_raw=4.380615e+03 | skip_count=16
#===============================================================================
[Step   70]
Loss=-78.23419932 | target=-2.00505776 | gap=-76.22914156
Grad | raw=4.3846e+03 | update=4.3846e+03 | clipped=1.0000e+00 | clip_norm=1.00e+00
logΨ.real | mean=0.934592 | std=1.4823e+00 | span=6.6877e+00
logΨ.imag | mean=0.063915 | std=1.5732e+00 | span=4.9997e+00
shift | mean=6.154220 | std=2.6645e-15 | span=0.0000e+00
cond(Ψ_stable) | first=1.2749e+05 | mean=1.2749e+05 | max=1.2749e+05
trace(E_L).real | mean=-83.43816936 | std=1.4211e-14 | span=0.0000e+00
trace(E_L).imag | mean=-45.97528537 | std=7.1054e-15 | span=0.0000e+00
E_L_mean diagnostics | herm_error=1.4142e+00 | imag_norm=1.6566e+04 | valid_ratio=1.0000
sampler / dlogΨ | unique_ratio=0.0078 | dlog_std_norm=3.6768e-12 | dlog_mean_norm=7.5582e+02 | dlog_std_ratio=4.8646e-15
E0_herm=-9369.09267179 | E1_herm=9290.85847247
E0_raw=-77.31545599-43.16905435j | E1_raw=-0.91874334+0.06876015j
>>> WARNING: trace(E_L).real std 很小，covariance 梯度能量项可能无信号
>>> WARNING: dlogΨ batch variation 很小，参数响应接近常数方向
>>> WARNING: E_L_mean 非 Hermitian 程度很大，能量诊断不可信
#-------------------------------------------------------------------------------
【Step 70 Skip】bad update skipped | grad_finite=True | loss_finite=True | grad_norm_raw=4.384575e+03 | skip_count=17
#===============================================================================
[Step   71]
Loss=-78.23661491 | target=-2.00505776 | gap=-76.23155715
Grad | raw=4.3829e+03 | update=4.3829e+03 | clipped=1.0000e+00 | clip_norm=1.00e+00
logΨ.real | mean=0.934197 | std=1.4807e+00 | span=6.6877e+00
logΨ.imag | mean=0.065471 | std=1.5704e+00 | span=4.9997e+00
shift | mean=6.154220 | std=2.6645e-15 | span=0.0000e+00
cond(Ψ_stable) | first=1.2749e+05 | mean=1.2749e+05 | max=1.2749e+05
trace(E_L).real | mean=-83.43816936 | std=1.4211e-14 | span=0.0000e+00
trace(E_L).imag | mean=-45.97528537 | std=7.1054e-15 | span=0.0000e+00
E_L_mean diagnostics | herm_error=1.4142e+00 | imag_norm=1.6566e+04 | valid_ratio=1.0000
sampler / dlogΨ | unique_ratio=0.0078 | dlog_std_norm=3.6768e-12 | dlog_mean_norm=7.5582e+02 | dlog_std_ratio=4.8646e-15
E0_herm=-9369.10839478 | E1_herm=9290.87177988
E0_raw=-77.31787407-43.16979520j | E1_raw=-0.91874083+0.06875755j
>>> WARNING: trace(E_L).real std 很小，covariance 梯度能量项可能无信号
>>> WARNING: dlogΨ batch variation 很小，参数响应接近常数方向
>>> WARNING: E_L_mean 非 Hermitian 程度很大，能量诊断不可信
#-------------------------------------------------------------------------------
【Step 71 Skip】bad update skipped | grad_finite=True | loss_finite=True | grad_norm_raw=4.382922e+03 | skip_count=18
#===============================================================================
[Step   72]
Loss=-78.24049411 | target=-2.00505776 | gap=-76.23543635
Grad | raw=4.3801e+03 | update=4.3801e+03 | clipped=1.0000e+00 | clip_norm=1.00e+00
logΨ.real | mean=0.937547 | std=1.4938e+00 | span=6.6877e+00
logΨ.imag | mean=0.067487 | std=1.5738e+00 | span=4.9997e+00
shift | mean=6.154220 | std=2.6645e-15 | span=0.0000e+00
cond(Ψ_stable) | first=1.2749e+05 | mean=1.2749e+05 | max=1.2749e+05
trace(E_L).real | mean=-83.43816936 | std=1.4211e-14 | span=0.0000e+00
trace(E_L).imag | mean=-45.97528537 | std=7.1054e-15 | span=0.0000e+00
E_L_mean diagnostics | herm_error=1.4142e+00 | imag_norm=1.6566e+04 | valid_ratio=1.0000
sampler / dlogΨ | unique_ratio=0.0078 | dlog_std_norm=3.6768e-12 | dlog_mean_norm=7.5582e+02 | dlog_std_ratio=4.8646e-15
E0_herm=-9369.12583966 | E1_herm=9290.88534555
E0_raw=-77.32175701-43.17059268j | E1_raw=-0.91873710+0.06875327j
>>> WARNING: trace(E_L).real std 很小，covariance 梯度能量项可能无信号
>>> WARNING: dlogΨ batch variation 很小，参数响应接近常数方向
>>> WARNING: E_L_mean 非 Hermitian 程度很大，能量诊断不可信
#-------------------------------------------------------------------------------
【Step 72 Skip】bad update skipped | grad_finite=True | loss_finite=True | grad_norm_raw=4.380053e+03 | skip_count=19
#===============================================================================
[Step   73]
Loss=-78.24033591 | target=-2.00505776 | gap=-76.23527815
Grad | raw=4.3807e+03 | update=4.3807e+03 | clipped=1.0000e+00 | clip_norm=1.00e+00
logΨ.real | mean=0.935474 | std=1.4856e+00 | span=6.6877e+00
logΨ.imag | mean=0.064959 | std=1.5725e+00 | span=4.9997e+00
shift | mean=6.154220 | std=2.6645e-15 | span=0.0000e+00
cond(Ψ_stable) | first=1.2749e+05 | mean=1.2749e+05 | max=1.2749e+05
trace(E_L).real | mean=-83.43816936 | std=1.4211e-14 | span=0.0000e+00
trace(E_L).imag | mean=-45.97528537 | std=7.1054e-15 | span=0.0000e+00
E_L_mean diagnostics | herm_error=1.4142e+00 | imag_norm=1.6566e+04 | valid_ratio=1.0000
sampler / dlogΨ | unique_ratio=0.0078 | dlog_std_norm=3.6768e-12 | dlog_mean_norm=7.5582e+02 | dlog_std_ratio=4.8646e-15
E0_herm=-9369.12092654 | E1_herm=9290.88059064
E0_raw=-77.32159732-43.16946684j | E1_raw=-0.91873858+0.06875272j
>>> WARNING: trace(E_L).real std 很小，covariance 梯度能量项可能无信号
>>> WARNING: dlogΨ batch variation 很小，参数响应接近常数方向
>>> WARNING: E_L_mean 非 Hermitian 程度很大，能量诊断不可信
#-------------------------------------------------------------------------------
【Step 73 Skip】bad update skipped | grad_finite=True | loss_finite=True | grad_norm_raw=4.380655e+03 | skip_count=20
#===============================================================================
[Step   74]
Loss=-78.23925043 | target=-2.00505776 | gap=-76.23419267
Grad | raw=4.3808e+03 | update=4.3808e+03 | clipped=1.0000e+00 | clip_norm=1.00e+00
logΨ.real | mean=0.937447 | std=1.4934e+00 | span=6.6877e+00
logΨ.imag | mean=0.067509 | std=1.5742e+00 | span=4.9997e+00
shift | mean=6.154220 | std=2.6645e-15 | span=0.0000e+00
cond(Ψ_stable) | first=1.2749e+05 | mean=1.2749e+05 | max=1.2749e+05
trace(E_L).real | mean=-83.43816936 | std=1.4211e-14 | span=0.0000e+00
trace(E_L).imag | mean=-45.97528537 | std=7.1054e-15 | span=0.0000e+00
E_L_mean diagnostics | herm_error=1.4142e+00 | imag_norm=1.6566e+04 | valid_ratio=1.0000
sampler / dlogΨ | unique_ratio=0.0078 | dlog_std_norm=3.6768e-12 | dlog_mean_norm=7.5582e+02 | dlog_std_ratio=4.8646e-15
E0_herm=-9369.09181571 | E1_herm=9290.85256528
E0_raw=-77.32051292-43.17078976j | E1_raw=-0.91873751+0.06875452j
>>> WARNING: trace(E_L).real std 很小，covariance 梯度能量项可能无信号
>>> WARNING: dlogΨ batch variation 很小，参数响应接近常数方向
>>> WARNING: E_L_mean 非 Hermitian 程度很大，能量诊断不可信
#-------------------------------------------------------------------------------
【Step 74 Skip】bad update skipped | grad_finite=True | loss_finite=True | grad_norm_raw=4.380786e+03 | skip_count=21
#===============================================================================
[Step   75]
Loss=-78.23996240 | target=-2.00505776 | gap=-76.23490465
Grad | raw=4.3798e+03 | update=4.3798e+03 | clipped=1.0000e+00 | clip_norm=1.00e+00
logΨ.real | mean=0.935325 | std=1.4862e+00 | span=6.6877e+00
logΨ.imag | mean=0.065114 | std=1.5699e+00 | span=4.9997e+00
shift | mean=6.154220 | std=2.6645e-15 | span=0.0000e+00
cond(Ψ_stable) | first=1.2749e+05 | mean=1.2749e+05 | max=1.2749e+05
trace(E_L).real | mean=-83.43816936 | std=1.4211e-14 | span=0.0000e+00
trace(E_L).imag | mean=-45.97528537 | std=7.1054e-15 | span=0.0000e+00
E_L_mean diagnostics | herm_error=1.4142e+00 | imag_norm=1.6566e+04 | valid_ratio=1.0000
sampler / dlogΨ | unique_ratio=0.0078 | dlog_std_norm=3.6768e-12 | dlog_mean_norm=7.5582e+02 | dlog_std_ratio=4.8646e-15
E0_herm=-9369.09182962 | E1_herm=9290.85186721
E0_raw=-77.33589040-43.17093321j | E1_raw=-0.90407200+0.06954146j
>>> WARNING: trace(E_L).real std 很小，covariance 梯度能量项可能无信号
>>> WARNING: dlogΨ batch variation 很小，参数响应接近常数方向
>>> WARNING: E_L_mean 非 Hermitian 程度很大，能量诊断不可信
#-------------------------------------------------------------------------------
【Step 75 Skip】bad update skipped | grad_finite=True | loss_finite=True | grad_norm_raw=4.379761e+03 | skip_count=22
#===============================================================================
[Step   76]
Loss=-78.24047376 | target=-2.00505776 | gap=-76.23541600
Grad | raw=4.3801e+03 | update=4.3801e+03 | clipped=1.0000e+00 | clip_norm=1.00e+00
logΨ.real | mean=0.937130 | std=1.4921e+00 | span=6.6877e+00
logΨ.imag | mean=0.068196 | std=1.5736e+00 | span=4.9997e+00
shift | mean=6.154220 | std=2.6645e-15 | span=0.0000e+00
cond(Ψ_stable) | first=1.2749e+05 | mean=1.2749e+05 | max=1.2749e+05
trace(E_L).real | mean=-83.43816936 | std=1.4211e-14 | span=0.0000e+00
trace(E_L).imag | mean=-45.97528537 | std=7.1054e-15 | span=0.0000e+00
E_L_mean diagnostics | herm_error=1.4142e+00 | imag_norm=1.6566e+04 | valid_ratio=1.0000
sampler / dlogΨ | unique_ratio=0.0078 | dlog_std_norm=3.6768e-12 | dlog_mean_norm=7.5582e+02 | dlog_std_ratio=4.8646e-15
E0_herm=-9369.11362765 | E1_herm=9290.87315389
E0_raw=-77.32173699-43.17081518j | E1_raw=-0.91873677+0.06875322j
>>> WARNING: trace(E_L).real std 很小，covariance 梯度能量项可能无信号
>>> WARNING: dlogΨ batch variation 很小，参数响应接近常数方向
>>> WARNING: E_L_mean 非 Hermitian 程度很大，能量诊断不可信
#-------------------------------------------------------------------------------
【Step 76 Skip】bad update skipped | grad_finite=True | loss_finite=True | grad_norm_raw=4.380112e+03 | skip_count=23
#===============================================================================
[Step   77]
Loss=-76.34053867 | target=-2.00505776 | gap=-74.33548091
Grad | raw=5.8351e+03 | update=5.8351e+03 | clipped=1.0000e+00 | clip_norm=1.00e+00
logΨ.real | mean=1.078970 | std=1.7271e+00 | span=6.6877e+00
logΨ.imag | mean=0.146783 | std=1.5739e+00 | span=4.9997e+00
shift | mean=6.154220 | std=2.6645e-15 | span=0.0000e+00
cond(Ψ_stable) | first=1.2749e+05 | mean=1.2749e+05 | max=1.2749e+05
trace(E_L).real | mean=-83.43816936 | std=1.4211e-14 | span=0.0000e+00
trace(E_L).imag | mean=-45.97528537 | std=7.1054e-15 | span=0.0000e+00
E_L_mean diagnostics | herm_error=1.4142e+00 | imag_norm=1.6163e+04 | valid_ratio=1.0000
sampler / dlogΨ | unique_ratio=0.0078 | dlog_std_norm=3.6768e-12 | dlog_mean_norm=7.5582e+02 | dlog_std_ratio=4.8646e-15
E0_herm=-9141.10404513 | E1_herm=9064.76350646
E0_raw=-75.42177582-42.12151257j | E1_raw=-0.91876285+0.06880522j
>>> WARNING: trace(E_L).real std 很小，covariance 梯度能量项可能无信号
>>> WARNING: dlogΨ batch variation 很小，参数响应接近常数方向
>>> WARNING: E_L_mean 非 Hermitian 程度很大，能量诊断不可信
#-------------------------------------------------------------------------------
【Step 77 Skip】bad update skipped | grad_finite=True | loss_finite=True | grad_norm_raw=5.835098e+03 | skip_count=24
#===============================================================================
[Step   78]
Loss=-73.84745785 | target=-2.00505776 | gap=-71.84240010
Grad | raw=7.6265e+03 | update=7.6265e+03 | clipped=1.0000e+00 | clip_norm=1.00e+00
logΨ.real | mean=1.259473 | std=1.9619e+00 | span=6.6877e+00
logΨ.imag | mean=0.116835 | std=1.5780e+00 | span=4.9997e+00
shift | mean=6.154220 | std=2.6645e-15 | span=0.0000e+00
cond(Ψ_stable) | first=1.2749e+05 | mean=1.2749e+05 | max=1.2749e+05
trace(E_L).real | mean=-83.43816936 | std=1.4211e-14 | span=0.0000e+00
trace(E_L).imag | mean=-45.97528537 | std=7.1054e-15 | span=0.0000e+00
E_L_mean diagnostics | herm_error=1.4142e+00 | imag_norm=1.5633e+04 | valid_ratio=1.0000
sampler / dlogΨ | unique_ratio=0.0078 | dlog_std_norm=3.6768e-12 | dlog_mean_norm=7.5582e+02 | dlog_std_ratio=4.8646e-15
E0_herm=-8841.18128907 | E1_herm=8767.33383122
E0_raw=-72.92866631-40.74355721j | E1_raw=-0.91879154+0.06887066j
>>> WARNING: trace(E_L).real std 很小，covariance 梯度能量项可能无信号
>>> WARNING: dlogΨ batch variation 很小，参数响应接近常数方向
>>> WARNING: E_L_mean 非 Hermitian 程度很大，能量诊断不可信
#-------------------------------------------------------------------------------
【Step 78 Skip】bad update skipped | grad_finite=True | loss_finite=True | grad_norm_raw=7.626547e+03 | skip_count=25
#===============================================================================
[Step   79]
Loss=-69.08552371 | target=-2.00505776 | gap=-67.08046596
Grad | raw=1.0675e+04 | update=1.0675e+04 | clipped=1.0000e+00 | clip_norm=1.00e+00
logΨ.real | mean=1.612850 | std=2.3277e+00 | span=6.6877e+00
logΨ.imag | mean=-0.044356 | std=1.5708e+00 | span=4.9997e+00
shift | mean=6.154220 | std=2.6645e-15 | span=0.0000e+00
cond(Ψ_stable) | first=1.2749e+05 | mean=1.2749e+05 | max=1.2749e+05
trace(E_L).real | mean=-83.43816936 | std=1.4211e-14 | span=0.0000e+00
trace(E_L).imag | mean=-45.97528537 | std=7.1054e-15 | span=0.0000e+00
E_L_mean diagnostics | herm_error=1.4142e+00 | imag_norm=1.4622e+04 | valid_ratio=1.0000
sampler / dlogΨ | unique_ratio=0.0078 | dlog_std_norm=3.6768e-12 | dlog_mean_norm=7.5582e+02 | dlog_std_ratio=4.8646e-15
E0_herm=-8269.48797683 | E1_herm=8200.40245312
E0_raw=-68.16665852-38.11349954j | E1_raw=-0.91886519+0.06902071j
>>> WARNING: trace(E_L).real std 很小，covariance 梯度能量项可能无信号
>>> WARNING: dlogΨ batch variation 很小，参数响应接近常数方向
>>> WARNING: E_L_mean 非 Hermitian 程度很大，能量诊断不可信
#-------------------------------------------------------------------------------
【Step 79 Skip】bad update skipped | grad_finite=True | loss_finite=True | grad_norm_raw=1.067459e+04 | skip_count=26
#===============================================================================
[Step   80]
Loss=-67.84089972 | target=-2.00505776 | gap=-65.83584196
Grad | raw=1.1391e+04 | update=1.1391e+04 | clipped=1.0000e+00 | clip_norm=1.00e+00
logΨ.real | mean=1.706016 | std=2.4069e+00 | span=6.6877e+00
logΨ.imag | mean=-0.086931 | std=1.5666e+00 | span=4.9997e+00
shift | mean=6.154220 | std=2.6645e-15 | span=0.0000e+00
cond(Ψ_stable) | first=1.2749e+05 | mean=1.2749e+05 | max=1.2749e+05
trace(E_L).real | mean=-83.43816936 | std=1.4211e-14 | span=0.0000e+00
trace(E_L).imag | mean=-45.97528537 | std=7.1054e-15 | span=0.0000e+00
E_L_mean diagnostics | herm_error=1.4142e+00 | imag_norm=1.4357e+04 | valid_ratio=1.0000
sampler / dlogΨ | unique_ratio=0.0078 | dlog_std_norm=3.6768e-12 | dlog_mean_norm=7.5582e+02 | dlog_std_ratio=4.8646e-15
E0_herm=-8119.57049800 | E1_herm=8051.72959828
E0_raw=-66.92201625-37.42314227j | E1_raw=-0.91888347+0.06905730j
>>> WARNING: trace(E_L).real std 很小，covariance 梯度能量项可能无信号
>>> WARNING: dlogΨ batch variation 很小，参数响应接近常数方向
>>> WARNING: E_L_mean 非 Hermitian 程度很大，能量诊断不可信
#-------------------------------------------------------------------------------
【Step 80 Skip】bad update skipped | grad_finite=True | loss_finite=True | grad_norm_raw=1.139063e+04 | skip_count=27
#===============================================================================
[Step   81]
Loss=-67.83838421 | target=-2.00505776 | gap=-65.83332645
Grad | raw=1.1393e+04 | update=1.1393e+04 | clipped=1.0000e+00 | clip_norm=1.00e+00
logΨ.real | mean=1.703338 | std=2.4011e+00 | span=6.6877e+00
logΨ.imag | mean=-0.088866 | std=1.5653e+00 | span=4.9997e+00
shift | mean=6.154220 | std=2.6645e-15 | span=0.0000e+00
cond(Ψ_stable) | first=1.2749e+05 | mean=1.2749e+05 | max=1.2749e+05
trace(E_L).real | mean=-83.43816936 | std=1.4211e-14 | span=0.0000e+00
trace(E_L).imag | mean=-45.97528537 | std=7.1054e-15 | span=0.0000e+00
E_L_mean diagnostics | herm_error=1.4142e+00 | imag_norm=1.4357e+04 | valid_ratio=1.0000
sampler / dlogΨ | unique_ratio=0.0078 | dlog_std_norm=3.6768e-12 | dlog_mean_norm=7.5582e+02 | dlog_std_ratio=4.8646e-15
E0_herm=-8119.61181849 | E1_herm=8051.77343428
E0_raw=-66.91949695-37.42242808j | E1_raw=-0.91888726+0.06906089j
>>> WARNING: trace(E_L).real std 很小，covariance 梯度能量项可能无信号
>>> WARNING: dlogΨ batch variation 很小，参数响应接近常数方向
>>> WARNING: E_L_mean 非 Hermitian 程度很大，能量诊断不可信
#-------------------------------------------------------------------------------
【Step 81 Skip】bad update skipped | grad_finite=True | loss_finite=True | grad_norm_raw=1.139256e+04 | skip_count=28
#===============================================================================
[Step   82]
Loss=-67.84132558 | target=-2.00505776 | gap=-65.83626783
Grad | raw=1.1390e+04 | update=1.1390e+04 | clipped=1.0000e+00 | clip_norm=1.00e+00
logΨ.real | mean=1.702691 | std=2.4000e+00 | span=6.6877e+00
logΨ.imag | mean=-0.083944 | std=1.5664e+00 | span=4.9997e+00
shift | mean=6.154220 | std=2.6645e-15 | span=0.0000e+00
cond(Ψ_stable) | first=1.2749e+05 | mean=1.2749e+05 | max=1.2749e+05
trace(E_L).real | mean=-83.43816936 | std=1.4211e-14 | span=0.0000e+00
trace(E_L).imag | mean=-45.97528537 | std=7.1054e-15 | span=0.0000e+00
E_L_mean diagnostics | herm_error=1.4142e+00 | imag_norm=1.4357e+04 | valid_ratio=1.0000
sampler / dlogΨ | unique_ratio=0.0078 | dlog_std_norm=3.6768e-12 | dlog_mean_norm=7.5582e+02 | dlog_std_ratio=4.8646e-15
E0_herm=-8119.58977074 | E1_herm=8051.74844515
E0_raw=-66.92244516-37.42510800j | E1_raw=-0.91888043+0.06905836j
>>> WARNING: trace(E_L).real std 很小，covariance 梯度能量项可能无信号
>>> WARNING: dlogΨ batch variation 很小，参数响应接近常数方向
>>> WARNING: E_L_mean 非 Hermitian 程度很大，能量诊断不可信
#-------------------------------------------------------------------------------
【Step 82 Skip】bad update skipped | grad_finite=True | loss_finite=True | grad_norm_raw=1.138988e+04 | skip_count=29
#===============================================================================
[Step   83]
Loss=-67.83672053 | target=-2.00505776 | gap=-65.83166277
Grad | raw=1.1393e+04 | update=1.1393e+04 | clipped=1.0000e+00 | clip_norm=1.00e+00
logΨ.real | mean=1.704347 | std=2.4033e+00 | span=6.6877e+00
logΨ.imag | mean=-0.126625 | std=1.5551e+00 | span=4.9997e+00
shift | mean=6.154220 | std=2.6645e-15 | span=0.0000e+00
cond(Ψ_stable) | first=1.2749e+05 | mean=1.2749e+05 | max=1.2749e+05
trace(E_L).real | mean=-83.43816936 | std=1.4211e-14 | span=0.0000e+00
trace(E_L).imag | mean=-45.97528537 | std=7.1054e-15 | span=0.0000e+00
E_L_mean diagnostics | herm_error=1.4142e+00 | imag_norm=1.4357e+04 | valid_ratio=1.0000
sampler / dlogΨ | unique_ratio=0.0078 | dlog_std_norm=3.6768e-12 | dlog_mean_norm=7.5582e+02 | dlog_std_ratio=4.8646e-15
E0_herm=-8119.58498245 | E1_herm=8051.74826193
E0_raw=-66.91783513-37.42427864j | E1_raw=-0.91888539+0.06906481j
>>> WARNING: trace(E_L).real std 很小，covariance 梯度能量项可能无信号
>>> WARNING: dlogΨ batch variation 很小，参数响应接近常数方向
>>> WARNING: E_L_mean 非 Hermitian 程度很大，能量诊断不可信
#-------------------------------------------------------------------------------
【Step 83 Skip】bad update skipped | grad_finite=True | loss_finite=True | grad_norm_raw=1.139280e+04 | skip_count=30
#===============================================================================
[Step   84]
Loss=-67.84429029 | target=-2.00505776 | gap=-65.83923254
Grad | raw=1.1388e+04 | update=1.1388e+04 | clipped=1.0000e+00 | clip_norm=1.00e+00
logΨ.real | mean=1.701803 | std=2.3977e+00 | span=6.6877e+00
logΨ.imag | mean=-0.181670 | std=1.5386e+00 | span=4.9997e+00
shift | mean=6.154220 | std=2.6645e-15 | span=0.0000e+00
cond(Ψ_stable) | first=1.2749e+05 | mean=1.2749e+05 | max=1.2749e+05
trace(E_L).real | mean=-83.43816936 | std=1.4211e-14 | span=0.0000e+00
trace(E_L).imag | mean=-45.97528537 | std=7.1054e-15 | span=0.0000e+00
E_L_mean diagnostics | herm_error=1.4142e+00 | imag_norm=1.4357e+04 | valid_ratio=1.0000
sampler / dlogΨ | unique_ratio=0.0078 | dlog_std_norm=3.6768e-12 | dlog_mean_norm=7.5582e+02 | dlog_std_ratio=4.8646e-15
E0_herm=-8119.61194913 | E1_herm=8051.76765883
E0_raw=-66.92541317-37.42585337j | E1_raw=-0.91887713+0.06905461j
>>> WARNING: trace(E_L).real std 很小，covariance 梯度能量项可能无信号
>>> WARNING: dlogΨ batch variation 很小，参数响应接近常数方向
>>> WARNING: E_L_mean 非 Hermitian 程度很大，能量诊断不可信
#-------------------------------------------------------------------------------
【Step 84 Skip】bad update skipped | grad_finite=True | loss_finite=True | grad_norm_raw=1.138833e+04 | skip_count=31
#===============================================================================
[Step   85]
Loss=-67.83800976 | target=-2.00505776 | gap=-65.83295200
Grad | raw=1.1392e+04 | update=1.1392e+04 | clipped=1.0000e+00 | clip_norm=1.00e+00
logΨ.real | mean=1.703755 | std=2.4022e+00 | span=6.6877e+00
logΨ.imag | mean=-0.186365 | std=1.5397e+00 | span=4.9997e+00
shift | mean=6.154220 | std=2.6645e-15 | span=0.0000e+00
cond(Ψ_stable) | first=1.2749e+05 | mean=1.2749e+05 | max=1.2749e+05
trace(E_L).real | mean=-83.43816936 | std=1.4211e-14 | span=0.0000e+00
trace(E_L).imag | mean=-45.97528537 | std=7.1054e-15 | span=0.0000e+00
E_L_mean diagnostics | herm_error=1.4142e+00 | imag_norm=1.4357e+04 | valid_ratio=1.0000
sampler / dlogΨ | unique_ratio=0.0078 | dlog_std_norm=3.6768e-12 | dlog_mean_norm=7.5582e+02 | dlog_std_ratio=4.8646e-15
E0_herm=-8119.52309698 | E1_herm=8051.68508722
E0_raw=-66.91912471-37.42331612j | E1_raw=-0.91888505+0.06906132j
>>> WARNING: trace(E_L).real std 很小，covariance 梯度能量项可能无信号
>>> WARNING: dlogΨ batch variation 很小，参数响应接近常数方向
>>> WARNING: E_L_mean 非 Hermitian 程度很大，能量诊断不可信
#-------------------------------------------------------------------------------
【Step 85 Skip】bad update skipped | grad_finite=True | loss_finite=True | grad_norm_raw=1.139220e+04 | skip_count=32
#===============================================================================
[Step   86]
Loss=-67.84185490 | target=-2.00505776 | gap=-65.83679714
Grad | raw=1.1390e+04 | update=1.1390e+04 | clipped=1.0000e+00 | clip_norm=1.00e+00
logΨ.real | mean=1.702102 | std=2.3985e+00 | span=6.6877e+00
logΨ.imag | mean=-0.184609 | std=1.5403e+00 | span=4.9997e+00
shift | mean=6.154220 | std=2.6645e-15 | span=0.0000e+00
cond(Ψ_stable) | first=1.2749e+05 | mean=1.2749e+05 | max=1.2749e+05
trace(E_L).real | mean=-83.43816936 | std=1.4211e-14 | span=0.0000e+00
trace(E_L).imag | mean=-45.97528537 | std=7.1054e-15 | span=0.0000e+00
E_L_mean diagnostics | herm_error=1.4142e+00 | imag_norm=1.4357e+04 | valid_ratio=1.0000
sampler / dlogΨ | unique_ratio=0.0078 | dlog_std_norm=3.6768e-12 | dlog_mean_norm=7.5582e+02 | dlog_std_ratio=4.8646e-15
E0_herm=-8119.54682993 | E1_herm=8051.70497503
E0_raw=-66.92297432-37.42433376j | E1_raw=-0.91888058+0.06905653j
>>> WARNING: trace(E_L).real std 很小，covariance 梯度能量项可能无信号
>>> WARNING: dlogΨ batch variation 很小，参数响应接近常数方向
>>> WARNING: E_L_mean 非 Hermitian 程度很大，能量诊断不可信
#-------------------------------------------------------------------------------
【Step 86 Skip】bad update skipped | grad_finite=True | loss_finite=True | grad_norm_raw=1.138989e+04 | skip_count=33
#===============================================================================
[Step   87]
Loss=-65.89114852 | target=-2.00505776 | gap=-63.88609077
Grad | raw=1.2445e+04 | update=1.2445e+04 | clipped=1.0000e+00 | clip_norm=1.00e+00
logΨ.real | mean=1.853612 | std=2.5225e+00 | span=6.6877e+00
logΨ.imag | mean=-0.247658 | std=1.5227e+00 | span=4.9997e+00
shift | mean=6.154220 | std=2.6645e-15 | span=0.0000e+00
cond(Ψ_stable) | first=1.2749e+05 | mean=1.2749e+05 | max=1.2749e+05
trace(E_L).real | mean=-83.43816936 | std=1.4211e-14 | span=0.0000e+00
trace(E_L).imag | mean=-45.97528537 | std=7.1054e-15 | span=0.0000e+00
E_L_mean diagnostics | herm_error=1.4142e+00 | imag_norm=1.3943e+04 | valid_ratio=1.0000
sampler / dlogΨ | unique_ratio=0.0078 | dlog_std_norm=3.6768e-12 | dlog_mean_norm=7.5582e+02 | dlog_std_ratio=4.8646e-15
E0_herm=-7885.37000117 | E1_herm=7819.47885265
E0_raw=-64.97223386-36.34709843j | E1_raw=-0.91891467+0.06912720j
>>> WARNING: trace(E_L).real std 很小，covariance 梯度能量项可能无信号
>>> WARNING: dlogΨ batch variation 很小，参数响应接近常数方向
>>> WARNING: E_L_mean 非 Hermitian 程度很大，能量诊断不可信
#-------------------------------------------------------------------------------
【Step 87 Skip】bad update skipped | grad_finite=True | loss_finite=True | grad_norm_raw=1.244475e+04 | skip_count=34
#===============================================================================
