
============================================================
开始多链 NES-VMC 训练 | 使用原始梯度
============================================================
FCI基准：基态=-1.02613572 Ha | 1激发=-0.97892204 Ha 
理论 Loss 上限：-2.00505776 
超参：clip_norm=2.0, lr=0.01, QGT diag_shift=0.1
[Step   0] logΨ: mean=0.016-0.231j | min=-3.565+2.168j | max=0.853+0.457j
梯度监控 | raw=1.9810 | natural=1.9810 | clipped=1.9810(上限2.0)
Ψ矩阵条件数 cond(Ψ) = 1.40e+01
Loss=0.580044 | E0=0.60571557+0.00295268j | E1=-0.02567199-0.00493506j | E2=-0.02567199-0.00493506j | E3=-0.02567199-0.00493506j
#-----------------------------------------#

============================================================
开始多链 NES-VMC 训练 | 使用原始梯度
============================================================
FCI基准：基态=-1.02613572 Ha | 1激发=-0.97892204 Ha 
理论 Loss 上限：-2.00505776 
超参：clip_norm=2.0, lr=0.01, QGT diag_shift=0.1
[Step   0] logΨ: mean=0.016-0.231j | min=-3.565+2.168j | max=0.853+0.457j
梯度监控 | raw=1.9810 | natural=1.9810 | clipped=1.9810(上限2.0)
Ψ矩阵条件数 cond(Ψ) = 1.40e+01
Loss=0.580044 | E0=0.60571557+0.00295268j | E1=-0.02567199-0.00493506j
#-----------------------------------------#
[Step  10] logΨ: mean=0.618-0.508j | min=-2.344+0.526j | max=1.466+0.477j
梯度监控 | raw=1.6564 | natural=1.6564 | clipped=1.6564(上限2.0)
Ψ矩阵条件数 cond(Ψ) = 2.26e+00
Loss=-0.158555 | E0=0.42889011-0.00205933j | E1=-0.58744526-0.00039874j
#-----------------------------------------#
[Step  20] logΨ: mean=5.907-1.206j | min=-1.468+0.449j | max=6.894+0.494j
梯度监控 | raw=4.2204 | natural=4.2204 | clipped=2.0000(上限2.0)
Ψ矩阵条件数 cond(Ψ) = 1.99e+00
Loss=-1.070564 | E0=-0.90945554+0.00155179j | E1=-0.16110824-0.00004660j
#-----------------------------------------#
[Step  30] logΨ: mean=4.902+0.820j | min=-0.975-2.162j | max=5.251+2.287j
梯度监控 | raw=8.7321 | natural=8.7321 | clipped=2.0000(上限2.0)
Ψ矩阵条件数 cond(Ψ) = 1.60e+00
Loss=-1.443973 | E0=-0.84815878-0.00054641j | E1=-0.59581399-0.00029906j
#-----------------------------------------#
[Step  40] logΨ: mean=6.584+1.173j | min=1.671+1.771j | max=6.608+2.657j
梯度监控 | raw=15.9054 | natural=15.9054 | clipped=2.0000(上限2.0)
Ψ矩阵条件数 cond(Ψ) = 1.54e+00
Loss=-1.590528 | E0=-0.62999266-0.00144521j | E1=-0.96053362-0.00099902j
#-----------------------------------------#
[Step  50] logΨ: mean=8.108-1.496j | min=5.876+1.877j | max=8.120+0.156j
梯度监控 | raw=2.5679 | natural=2.5679 | clipped=2.0000(上限2.0)
Ψ矩阵条件数 cond(Ψ) = 3.35e+00
Loss=-1.607525 | E0=-0.65248048-0.00251506j | E1=-0.95504504-0.00206105j
#-----------------------------------------#
【Step 53 告警】梯度异常！nan=False, raw_grad_norm=3254559101.41
[Step  60] logΨ: mean=4.777-0.530j | min=4.777-2.199j | max=4.777+0.942j
梯度监控 | raw=0.0005 | natural=0.0005 | clipped=0.0005(上限2.0)
Ψ矩阵条件数 cond(Ψ) = 3.30e+00
Loss=-0.944332 | E0=-0.00549006+0.80580771j | E1=-0.93884295+0.07165773j
#-----------------------------------------#
[Step  70] logΨ: mean=4.778-0.536j | min=4.778-2.205j | max=4.778+0.936j
梯度监控 | raw=0.0002 | natural=0.0002 | clipped=0.0002(上限2.0)
Ψ矩阵条件数 cond(Ψ) = 3.30e+00
Loss=-0.945198 | E0=-0.00634933+0.80642295j | E1=-0.93884867+0.07167538j
#-----------------------------------------#
[Step  80] logΨ: mean=4.777-0.535j | min=4.777-2.204j | max=4.777+0.938j
梯度监控 | raw=0.0004 | natural=0.0004 | clipped=0.0004(上限2.0)
Ψ矩阵条件数 cond(Ψ) = 3.30e+00
Loss=-0.944990 | E0=-0.00614521+0.80657816j | E1=-0.93884373+0.07167620j
#-----------------------------------------#
[Step  90] logΨ: mean=4.779-0.534j | min=4.779-2.203j | max=4.779+0.939j
梯度监控 | raw=0.0003 | natural=0.0003 | clipped=0.0003(上限2.0)
Ψ矩阵条件数 cond(Ψ) = 3.30e+00
Loss=-0.945065 | E0=-0.00621659+0.80621600j | E1=-0.93884814+0.07166929j
#-----------------------------------------#
[Step 100] logΨ: mean=4.782-0.535j | min=4.782-2.204j | max=4.782+0.938j
梯度监控 | raw=0.0003 | natural=0.0003 | clipped=0.0003(上限2.0)
Ψ矩阵条件数 cond(Ψ) = 3.30e+00
Loss=-0.945343 | E0=-0.00648892+0.80600798j | E1=-0.93885416+0.07166976j
#-----------------------------------------#
[Step 110] logΨ: mean=4.781-0.531j | min=4.781-2.200j | max=4.781+0.942j
梯度监控 | raw=0.0004 | natural=0.0004 | clipped=0.0004(上限2.0)
Ψ矩阵条件数 cond(Ψ) = 3.30e+00
Loss=-0.944845 | E0=-0.00599653+0.80584586j | E1=-0.93884760+0.07166218j
#-----------------------------------------#
[Step 120] logΨ: mean=4.777-0.525j | min=4.777-2.194j | max=4.777+0.948j
梯度监控 | raw=0.0002 | natural=0.0002 | clipped=0.0002(上限2.0)
Ψ矩阵条件数 cond(Ψ) = 3.30e+00
Loss=-0.943981 | E0=-0.00514376+0.80566001j | E1=-0.93883723+0.07165361j
#-----------------------------------------#
[Step 130] logΨ: mean=4.775-0.531j | min=4.775-2.200j | max=4.775+0.942j
梯度监控 | raw=0.0001 | natural=0.0001 | clipped=0.0001(上限2.0)
Ψ矩阵条件数 cond(Ψ) = 3.30e+00
Loss=-0.944347 | E0=-0.00550991+0.80626476j | E1=-0.93883783+0.07166510j
#-----------------------------------------#
[Step 140] logΨ: mean=4.776-0.528j | min=4.776-2.197j | max=4.776+0.945j
梯度监控 | raw=0.0003 | natural=0.0003 | clipped=0.0003(上限2.0)
Ψ矩阵条件数 cond(Ψ) = 3.30e+00
Loss=-0.944115 | E0=-0.00527596+0.80575871j | E1=-0.93883973+0.07165565j
#-----------------------------------------#
[Step 150] logΨ: mean=4.774-0.530j | min=4.774-2.199j | max=4.774+0.943j
梯度监控 | raw=0.0002 | natural=0.0002 | clipped=0.0002(上限2.0)
Ψ矩阵条件数 cond(Ψ) = 3.30e+00
Loss=-0.944281 | E0=-0.00544393+0.80631387j | E1=-0.93883592+0.07166527j
#-----------------------------------------#
[Step 160] logΨ: mean=4.773-0.532j | min=4.773-2.201j | max=4.773+0.941j
梯度监控 | raw=0.0003 | natural=0.0003 | clipped=0.0003(上限2.0)
Ψ矩阵条件数 cond(Ψ) = 3.30e+00
Loss=-0.944334 | E0=-0.00549775+0.80638814j | E1=-0.93883747+0.07166819j
#-----------------------------------------#
[Step 170] logΨ: mean=4.774-0.532j | min=4.774-2.201j | max=4.774+0.941j
梯度监控 | raw=0.0002 | natural=0.0002 | clipped=0.0002(上限2.0)
Ψ矩阵条件数 cond(Ψ) = 3.30e+00
Loss=-0.944389 | E0=-0.00554907+0.80633700j | E1=-0.93883950+0.07166699j
#-----------------------------------------#
[Step 180] logΨ: mean=4.774-0.525j | min=4.774-2.194j | max=4.774+0.947j
梯度监控 | raw=0.0001 | natural=0.0001 | clipped=0.0001(上限2.0)
Ψ矩阵条件数 cond(Ψ) = 3.30e+00
Loss=-0.943750 | E0=-0.00491834+0.80595231j | E1=-0.93883151+0.07165632j
#-----------------------------------------#
[Step 190] logΨ: mean=4.776-0.523j | min=4.776-2.192j | max=4.776+0.950j
梯度监控 | raw=0.0003 | natural=0.0003 | clipped=0.0003(上限2.0)
Ψ矩阵条件数 cond(Ψ) = 3.30e+00
Loss=-0.943535 | E0=-0.00470388+0.80566156j | E1=-0.93882996+0.07165027j
#-----------------------------------------#
[Step 199] logΨ: mean=4.773-0.520j | min=4.773-2.189j | max=4.773+0.953j
梯度监控 | raw=0.0001 | natural=0.0001 | clipped=0.0001(上限2.0)
Ψ矩阵条件数 cond(Ψ) = 3.30e+00
Loss=-0.943140 | E0=-0.00431490+0.80565989j | E1=-0.93882453+0.07164523j
#-----------------------------------------#
