
============================================================
开始多链 NES-VMC 训练 | 使用自然梯度
============================================================
FCI基准：基态=-1.01546825 Ha | 1激发=-0.87542794 Ha | 2激发=-0.42938376 Ha | 3激发=-0.26922131 Ha
理论 Loss 上限：-2.32027995 
超参：clip_norm=5.0, lr=0.01, QGT diag_shift=0.1
[Step   0] logΨ: mean=1.003-0.346j | min=0.804-2.242j | max=1.187+1.159j
梯度监控 | raw=4.1580 | natural=13.2843 | clipped=5.0000(上限5.0)
Ψ矩阵条件数 cond(Ψ) = 1.10e+01
Loss=-1.913846 | E0=-0.90993541-0.00089073j | E1=-0.71466208+0.00273042j | E2=-0.28924826-0.00003980j | E3=-0.28924826-0.00003980j
#-----------------------------------------#
[Step  10] logΨ: mean=1.079-0.280j | min=-0.069-2.023j | max=1.288+0.973j
梯度监控 | raw=0.1119 | natural=0.6463 | clipped=0.6463(上限5.0)
Ψ矩阵条件数 cond(Ψ) = 8.36e+00
Loss=-2.238772 | E0=-1.01257527+0.00012686j | E1=-0.87419438+0.00004399j | E2=-0.35200202+0.00001185j | E3=-0.35200202+0.00001185j
#-----------------------------------------#
[Step  20] logΨ: mean=1.054-0.248j | min=-0.058-2.002j | max=1.301+1.007j
梯度监控 | raw=0.0959 | natural=0.5482 | clipped=0.5482(上限5.0)
Ψ矩阵条件数 cond(Ψ) = 5.47e+00
Loss=-2.248317 | E0=-1.01277590+0.00008705j | E1=-0.87444597-0.00000497j | E2=-0.36109442+0.00001115j | E3=-0.36109442+0.00001115j
#-----------------------------------------#
[Step  30] logΨ: mean=1.054-0.248j | min=-0.041-2.003j | max=1.328+1.006j
梯度监控 | raw=0.0941 | natural=0.5130 | clipped=0.5130(上限5.0)
Ψ矩阵条件数 cond(Ψ) = 5.31e+00
Loss=-2.256316 | E0=-1.01337814-0.00009299j | E1=-0.87438208+0.00027526j | E2=-0.36855590-0.00005385j | E3=-0.36855590-0.00005385j
#-----------------------------------------#
[Step  40] logΨ: mean=1.085-0.271j | min=0.017-2.048j | max=1.361+0.984j
梯度监控 | raw=0.0781 | natural=0.4382 | clipped=0.4382(上限5.0)
Ψ矩阵条件数 cond(Ψ) = 2.85e+01
Loss=-2.263971 | E0=-1.01304674-0.00004750j | E1=-0.87474829+0.00004877j | E2=-0.37617636-0.00001240j | E3=-0.37617636-0.00001240j
#-----------------------------------------#
[Step  50] logΨ: mean=1.128-0.307j | min=0.094-2.097j | max=1.405+0.947j
梯度监控 | raw=0.0734 | natural=0.4002 | clipped=0.4002(上限5.0)
Ψ矩阵条件数 cond(Ψ) = 5.03e+00
Loss=-2.271209 | E0=-1.01355481+0.00013796j | E1=-0.87488717+0.00021420j | E2=-0.38276681-0.00002866j | E3=-0.38276681-0.00002866j
#-----------------------------------------#
[Step  60] logΨ: mean=1.178-0.365j | min=0.148-2.156j | max=1.466+0.889j
梯度监控 | raw=0.0711 | natural=0.3757 | clipped=0.3757(上限5.0)
Ψ矩阵条件数 cond(Ψ) = 4.89e+00
Loss=-2.273699 | E0=-1.01346743+0.00004528j | E1=-0.87491423+0.00003325j | E2=-0.38531828-0.00000258j | E3=-0.38531828-0.00000258j
#-----------------------------------------#
[Step  70] logΨ: mean=1.258-0.426j | min=0.247-2.229j | max=1.532+0.827j
梯度监控 | raw=0.0728 | natural=0.3843 | clipped=0.3843(上限5.0)
Ψ矩阵条件数 cond(Ψ) = 4.80e+00
Loss=-2.279564 | E0=-1.01332855+0.00003596j | E1=-0.87512088+0.00013865j | E2=-0.39111537-0.00002501j | E3=-0.39111537-0.00002501j
#-----------------------------------------#
[Step  80] logΨ: mean=1.335-0.502j | min=0.325-2.306j | max=1.618+0.751j
梯度监控 | raw=0.0675 | natural=0.3257 | clipped=0.3257(上限5.0)
Ψ矩阵条件数 cond(Ψ) = 4.70e+00
Loss=-2.281842 | E0=-1.01365113-0.00001711j | E1=-0.87496150-0.00000231j | E2=-0.39322817-0.00000092j | E3=-0.39322817-0.00000092j
#-----------------------------------------#
[Step  90] logΨ: mean=1.429-0.579j | min=0.437-2.389j | max=1.713+0.672j
梯度监控 | raw=0.0683 | natural=0.3165 | clipped=0.3165(上限5.0)
Ψ矩阵条件数 cond(Ψ) = 4.67e+00
Loss=-2.285578 | E0=-1.01424575+0.00010676j | E1=-0.87495166+0.00002376j | E2=-0.39638060+0.00000140j | E3=-0.39638060+0.00000140j
#-----------------------------------------#
[Step 100] logΨ: mean=1.565-0.657j | min=0.576-2.486j | max=1.821+0.594j
梯度监控 | raw=0.0726 | natural=0.3448 | clipped=0.3448(上限5.0)
Ψ矩阵条件数 cond(Ψ) = 4.69e+00
Loss=-2.289927 | E0=-1.01335728-0.00017687j | E1=-0.87511504+0.00002735j | E2=-0.40145493-0.00001447j | E3=-0.40145493-0.00001447j
#-----------------------------------------#
[Step 110] logΨ: mean=1.691-0.746j | min=0.693-2.574j | max=1.955+0.505j
梯度监控 | raw=0.0718 | natural=0.2927 | clipped=0.2927(上限5.0)
Ψ矩阵条件数 cond(Ψ) = 5.73e+00
Loss=-2.292823 | E0=-1.01437104-0.00002827j | E1=-0.87465727-0.00007932j | E2=-0.40379643+0.00001616j | E3=-0.40379643+0.00001616j
#-----------------------------------------#
[Step 120] logΨ: mean=1.838-0.832j | min=0.820-2.663j | max=2.106+0.418j
梯度监控 | raw=0.1205 | natural=0.4264 | clipped=0.4264(上限5.0)
Ψ矩阵条件数 cond(Ψ) = 4.75e+00
Loss=-2.295839 | E0=-1.01488638-0.00004715j | E1=-0.87463617+0.00000916j | E2=-0.40631580-0.00000432j | E3=-0.40631580-0.00000432j
#-----------------------------------------#
[Step 130] logΨ: mean=1.995-0.906j | min=0.934-2.860j | max=2.275+0.349j
梯度监控 | raw=0.2245 | natural=0.7252 | clipped=0.7252(上限5.0)
Ψ矩阵条件数 cond(Ψ) = 4.77e+00
Loss=-2.298351 | E0=-1.01513314+0.00021974j | E1=-0.87441939+0.00002298j | E2=-0.40879887+0.00000219j | E3=-0.40879887+0.00000219j
#-----------------------------------------#
[Step 140] logΨ: mean=2.156-0.968j | min=0.960-2.835j | max=2.519+0.292j
梯度监控 | raw=0.7761 | natural=2.4516 | clipped=2.4516(上限5.0)
Ψ矩阵条件数 cond(Ψ) = 4.55e+00
Loss=-2.293733 | E0=-1.01287937-0.00044290j | E1=-0.87181604-0.00010137j | E2=-0.40903831+0.00000504j | E3=-0.40903831+0.00000504j
#-----------------------------------------#
[Step 150] logΨ: mean=2.416-0.998j | min=1.215-2.976j | max=2.691+0.256j
梯度监控 | raw=0.2956 | natural=1.0280 | clipped=1.0280(上限5.0)
Ψ矩阵条件数 cond(Ψ) = 4.69e+00
Loss=-2.301278 | E0=-1.01506293-0.00012950j | E1=-0.87416440+0.00002785j | E2=-0.41205078-0.00001062j | E3=-0.41205078-0.00001062j
#-----------------------------------------#
[Step 160] logΨ: mean=2.623-1.059j | min=1.321-3.036j | max=2.887+0.191j
梯度监控 | raw=0.2340 | natural=0.7907 | clipped=0.7907(上限5.0)
Ψ矩阵条件数 cond(Ψ) = 4.84e+00
Loss=-2.304217 | E0=-1.01523638+0.00018782j | E1=-0.87434071+0.00002014j | E2=-0.41463965+0.00000037j | E3=-0.41463965+0.00000037j
#-----------------------------------------#
[Step 170] logΨ: mean=2.863-1.121j | min=1.431-3.086j | max=3.095+0.130j
梯度监控 | raw=0.1575 | natural=0.5222 | clipped=0.5222(上限5.0)
Ψ矩阵条件数 cond(Ψ) = 5.02e+00
Loss=-2.306627 | E0=-1.01525080-0.00004130j | E1=-0.87452471+0.00000906j | E2=-0.41685247-0.00000326j | E3=-0.41685247-0.00000326j
#-----------------------------------------#
[Step 180] logΨ: mean=3.084-1.023j | min=1.560-0.001j | max=3.305+0.069j
梯度监控 | raw=0.2035 | natural=0.6283 | clipped=0.6283(上限5.0)
Ψ矩阵条件数 cond(Ψ) = 5.15e+00
Loss=-2.308388 | E0=-1.01512015-0.00021934j | E1=-0.87450761+0.00000095j | E2=-0.41875958-0.00000429j | E3=-0.41875958-0.00000429j
#-----------------------------------------#
[Step 190] logΨ: mean=3.302-0.854j | min=1.707-0.056j | max=3.528+0.031j
梯度监控 | raw=0.2978 | natural=0.9630 | clipped=0.9630(上限5.0)
Ψ矩阵条件数 cond(Ψ) = 5.16e+00
Loss=-2.309633 | E0=-1.01490188-0.00011135j | E1=-0.87410313-0.00000899j | E2=-0.42062891+0.00000026j | E3=-0.42062891+0.00000026j
#-----------------------------------------#
[Step 200] logΨ: mean=3.483-0.833j | min=1.882-0.099j | max=3.745+0.002j
梯度监控 | raw=0.4926 | natural=1.7741 | clipped=1.7741(上限5.0)
Ψ矩阵条件数 cond(Ψ) = 4.93e+00
Loss=-2.308022 | E0=-1.01307106+0.00017909j | E1=-0.87383318+0.00000223j | E2=-0.42111701+0.00000256j | E3=-0.42111701+0.00000256j
#-----------------------------------------#
[Step 210] logΨ: mean=3.764+1.211j | min=1.982-0.100j | max=3.979+3.119j
梯度监控 | raw=0.2647 | natural=0.9150 | clipped=0.9150(上限5.0)
Ψ矩阵条件数 cond(Ψ) = 5.28e+00
Loss=-2.311719 | E0=-1.01454663+0.00041023j | E1=-0.87457347-0.00000413j | E2=-0.42259735+0.00000620j | E3=-0.42259735+0.00000620j
#-----------------------------------------#
[Step 220] logΨ: mean=4.052+1.182j | min=2.106-0.128j | max=4.225+3.087j
梯度监控 | raw=0.1691 | natural=0.5968 | clipped=0.5968(上限5.0)
Ψ矩阵条件数 cond(Ψ) = 5.53e+00
Loss=-2.313869 | E0=-1.01517165-0.00061615j | E1=-0.87483847-0.00000897j | E2=-0.42385852-0.00000403j | E3=-0.42385852-0.00000403j
#-----------------------------------------#
[Step 230] logΨ: mean=4.256+1.151j | min=2.273-0.149j | max=4.455+3.066j
梯度监控 | raw=0.3427 | natural=1.2288 | clipped=1.2288(上限5.0)
Ψ矩阵条件数 cond(Ψ) = 5.47e+00
Loss=-2.313325 | E0=-1.01392782+0.00035167j | E1=-0.87453705+0.00001549j | E2=-0.42485970-0.00000077j | E3=-0.42485970-0.00000077j
#-----------------------------------------#
[Step 240] logΨ: mean=4.550+1.140j | min=2.490-0.126j | max=4.749+3.075j
梯度监控 | raw=0.5588 | natural=2.5651 | clipped=2.5651(上限5.0)
Ψ矩阵条件数 cond(Ψ) = 5.10e+00
Loss=-2.309918 | E0=-1.00963008+0.00014064j | E1=-0.87449765-0.00016933j | E2=-0.42579061+0.00004379j | E3=-0.42579061+0.00004379j
#-----------------------------------------#
[Step 250] logΨ: mean=4.829+1.176j | min=2.588-0.100j | max=4.983+3.093j
梯度监控 | raw=0.3090 | natural=1.4725 | clipped=1.4725(上限5.0)
Ψ矩阵条件数 cond(Ψ) = 5.59e+00
Loss=-2.314730 | E0=-1.01331878+0.00044881j | E1=-0.87499988-0.00002111j | E2=-0.42641228+0.00000796j | E3=-0.42641228+0.00000796j
#-----------------------------------------#
[Step 260] logΨ: mean=5.121+1.164j | min=2.731-0.104j | max=5.265+3.074j
梯度监控 | raw=0.1922 | natural=0.9392 | clipped=0.9392(上限5.0)
Ψ矩阵条件数 cond(Ψ) = 4.12e+01
Loss=-2.316871 | E0=-1.01469457+0.00046071j | E1=-0.87525308-0.00002029j | E2=-0.42692363+0.00000766j | E3=-0.42692363+0.00000766j
#-----------------------------------------#
[Step 270] logΨ: mean=5.412+1.139j | min=2.890-0.092j | max=5.545+3.053j
梯度监控 | raw=0.2815 | natural=1.3954 | clipped=1.3954(上限5.0)
Ψ矩阵条件数 cond(Ψ) = 6.10e+00
Loss=-2.317071 | E0=-1.01401818+0.00117897j | E1=-0.87542349-0.00006639j | E2=-0.42762899+0.00002071j | E3=-0.42762899+0.00002071j
#-----------------------------------------#
[Step 280] logΨ: mean=5.720+1.177j | min=3.049-0.078j | max=5.841+3.087j
梯度监控 | raw=0.2255 | natural=1.2240 | clipped=1.2240(上限5.0)
Ψ矩阵条件数 cond(Ψ) = 6.24e+00
Loss=-2.317604 | E0=-1.01423645+0.00041218j | E1=-0.87528181+0.00000580j | E2=-0.42808431-0.00000051j | E3=-0.42808431-0.00000051j
#-----------------------------------------#
[Step 290] logΨ: mean=6.026-0.958j | min=3.234-0.010j | max=6.147+0.003j
梯度监控 | raw=0.3401 | natural=2.0057 | clipped=2.0057(上限5.0)
Ψ矩阵条件数 cond(Ψ) = 6.37e+00
Loss=-2.317085 | E0=-1.01343107+0.00221537j | E1=-0.87535644-0.00001164j | E2=-0.42829746+0.00000749j | E3=-0.42829746+0.00000749j
#-----------------------------------------#
[Step 300] logΨ: mean=6.368-0.882j | min=3.404-3.067j | max=6.471+0.153j
梯度监控 | raw=0.2792 | natural=1.8326 | clipped=1.8326(上限5.0)
Ψ矩阵条件数 cond(Ψ) = 6.15e+00
Loss=-2.316322 | E0=-1.01235783-0.00121337j | E1=-0.87521124+0.00005572j | E2=-0.42875230-0.00001627j | E3=-0.42875230-0.00001627j
#-----------------------------------------#
[Step 310] logΨ: mean=6.586-0.984j | min=3.508-3.062j | max=6.716+0.258j
梯度监控 | raw=0.1467 | natural=0.9085 | clipped=0.9085(上限5.0)
Ψ矩阵条件数 cond(Ψ) = 6.03e+00
Loss=-2.318765 | E0=-1.01490414-0.00019574j | E1=-0.87520212+0.00000213j | E2=-0.42865783-0.00000096j | E3=-0.42865783-0.00000096j
#-----------------------------------------#
[Step 320] logΨ: mean=6.791-1.034j | min=3.690-3.026j | max=6.919+0.229j
梯度监控 | raw=0.3335 | natural=2.4251 | clipped=2.4251(上限5.0)
Ψ矩阵条件数 cond(Ψ) = 5.80e+00
Loss=-2.316698 | E0=-1.01232612-0.00297302j | E1=-0.87539977-0.00002942j | E2=-0.42897165+0.00000541j | E3=-0.42897165+0.00000541j
#-----------------------------------------#
[Step 330] logΨ: mean=7.191-0.910j | min=3.680-3.025j | max=7.324+0.108j
梯度监控 | raw=0.5437 | natural=4.2091 | clipped=4.2091(上限5.0)
Ψ矩阵条件数 cond(Ψ) = 5.99e+00
Loss=-2.303888 | E0=-0.99956524-0.00517849j | E1=-0.87523538-0.00005019j | E2=-0.42908669+0.00000750j | E3=-0.42908669+0.00000750j
#-----------------------------------------#
[Step 340] logΨ: mean=7.232-1.052j | min=3.784-3.089j | max=7.337+0.194j
梯度监控 | raw=0.1502 | natural=1.0835 | clipped=1.0835(上限5.0)
Ψ矩阵条件数 cond(Ψ) = 6.26e+00
Loss=-2.319247 | E0=-1.01503575-0.00187627j | E1=-0.87517899-0.00000605j | E2=-0.42903203-0.00000056j | E3=-0.42903203-0.00000056j
#-----------------------------------------#
[Step 350] logΨ: mean=7.451-0.968j | min=3.970+0.041j | max=7.539+0.278j
梯度监控 | raw=0.0855 | natural=0.6399 | clipped=0.6399(上限5.0)
Ψ矩阵条件数 cond(Ψ) = 6.39e+00
Loss=-2.320245 | E0=-1.01567507-0.00162248j | E1=-0.87541318-0.00000205j | E2=-0.42915440+0.00000005j | E3=-0.42915440+0.00000005j
#-----------------------------------------#
[Step 360] logΨ: mean=7.608-0.922j | min=4.127-3.081j | max=7.745+0.195j
梯度监控 | raw=0.2962 | natural=2.3186 | clipped=2.3186(上限5.0)
Ψ矩阵条件数 cond(Ψ) = 6.14e+00
Loss=-2.317137 | E0=-1.01267433-0.00121137j | E1=-0.87533891+0.00000649j | E2=-0.42912161-0.00000248j | E3=-0.42912161-0.00000248j
#-----------------------------------------#
[Step 370] logΨ: mean=7.939-1.146j | min=4.130-0.033j | max=8.049+0.097j
梯度监控 | raw=0.1081 | natural=0.7963 | clipped=0.7963(上限5.0)
Ψ矩阵条件数 cond(Ψ) = 6.69e+00
Loss=-2.320213 | E0=-1.01562726-0.00082674j | E1=-0.87541538+0.00001019j | E2=-0.42917049-0.00000311j | E3=-0.42917049-0.00000311j
#-----------------------------------------#
[Step 380] logΨ: mean=7.978-0.990j | min=4.213-0.045j | max=8.132+0.046j
梯度监控 | raw=0.2443 | natural=1.9830 | clipped=1.9830(上限5.0)
Ψ矩阵条件数 cond(Ψ) = 1.54e+01
Loss=-2.317773 | E0=-1.01317692+0.00057628j | E1=-0.87536407-0.00000031j | E2=-0.42923278+0.00000028j | E3=-0.42923278+0.00000028j
#-----------------------------------------#
[Step 390] logΨ: mean=8.303-1.096j | min=4.998-0.318j | max=8.431+0.038j
梯度监控 | raw=0.2655 | natural=2.1372 | clipped=2.1372(上限5.0)
Ψ矩阵条件数 cond(Ψ) = 6.59e+00
Loss=-2.321161 | E0=-1.01644361-0.00304479j | E1=-0.87536615-0.00000099j | E2=-0.42935002-0.00000028j | E3=-0.42935002-0.00000028j
#-----------------------------------------#
[Step 399] logΨ: mean=8.497-1.182j | min=4.386-0.122j | max=8.574+0.060j
梯度监控 | raw=0.0180 | natural=0.1490 | clipped=0.1490(上限5.0)
Ψ矩阵条件数 cond(Ψ) = 7.03e+00
Loss=-2.319855 | E0=-1.01512349+0.00013732j | E1=-0.87541062+0.00000042j | E2=-0.42932183-0.00000020j | E3=-0.42932183-0.00000020j
#-----------------------------------------#
