26-01-04-32 
============================================================
26-01-04-32 开始多链 NES-VMC 训练 | P8: 双侧一致列规范 + 周期性 gauge reset
26-01-04-32 ============================================================
26-01-04-32 精确CAS基准：基态=-7.86364558 Ha | 1激发=-7.72153670 Ha|2激发=-7.70823970 Ha|3激发=-7.68581513 Ha|
26-01-04-32 理论 Loss 上限：-30.97923710 
26-01-04-32 超参：clip_norm=20.0, lr=0.1, QGT diag_shift=0.1, RESET_PERIOD=10
26-01-04-32 [Step   0] logΨ: mean=9.437+0.159j | min=2.061-0.595j | max=11.316+1.003j
26-01-04-32 梯度监控 | raw=18.8374 | natural=2.5138 | clipped=2.5138(上限20.0)
26-01-04-32 原始规范坐标 G(Re Σrow_mean) = +4.5425 | 累计|g| = 0.0000
26-01-04-32 Ψ矩阵条件数 cond(Ψ) = 1.16e+01
26-01-04-32 Loss=-21.911666 | E0=-5.89920687-0.00289441j | E1=-5.60829184+0.00877275j|E2=-5.27926615-0.00598902j|E3=-5.12490084-0.00504355j
26-01-04-32 #-----------------------------------------#
26-01-04-32 [Step   1] logΨ: mean=10.097-0.026j | min=5.807-2.122j | max=11.970+0.573j
26-01-04-32 梯度监控 | raw=19.3170 | natural=2.2473 | clipped=2.2473(上限20.0)
26-01-04-32 原始规范坐标 G(Re Σrow_mean) = +4.9510 | 累计|g| = 0.0000
26-01-04-32 Ψ矩阵条件数 cond(Ψ) = 2.14e+01
26-01-04-32 Loss=-22.890827 | E0=-6.19368190-0.00623941j | E1=-6.07188185+0.00787103j|E2=-5.50944591+0.00194868j|E3=-5.11581773-0.00452809j
26-01-04-32 #-----------------------------------------#
26-01-04-32 [Step   2] logΨ: mean=11.127-0.136j | min=5.042-1.157j | max=13.011+0.526j
26-01-04-32 梯度监控 | raw=17.0651 | natural=1.9330 | clipped=1.9330(上限20.0)
26-01-04-32 原始规范坐标 G(Re Σrow_mean) = +5.8173 | 累计|g| = 0.0000
26-01-04-32 Ψ矩阵条件数 cond(Ψ) = 2.07e+01
26-01-04-32 Loss=-23.780610 | E0=-6.58987353-0.01473452j | E1=-6.46327024+0.01215476j|E2=-5.62092272-0.00101425j|E3=-5.10654347+0.00181761j
26-01-04-32 #-----------------------------------------#
26-01-04-32 [Step   3] logΨ: mean=12.404-0.032j | min=5.841+1.720j | max=14.150+0.426j
26-01-04-32 梯度监控 | raw=24.7403 | natural=1.5958 | clipped=1.5958(上限20.0)
26-01-04-32 原始规范坐标 G(Re Σrow_mean) = +6.9402 | 累计|g| = 0.0000
26-01-04-32 Ψ矩阵条件数 cond(Ψ) = 8.50e+00
26-01-04-32 Loss=-24.590427 | E0=-6.92670419-0.01902277j | E1=-6.79944119+0.02142392j|E2=-5.74574796+0.00300446j|E3=-5.11853416-0.00069336j
26-01-04-32 #-----------------------------------------#
26-01-04-32 [Step   4] logΨ: mean=13.317-0.154j | min=8.615-0.644j | max=14.893+0.524j
26-01-04-32 梯度监控 | raw=31.9098 | natural=1.3251 | clipped=1.3251(上限20.0)
26-01-04-32 原始规范坐标 G(Re Σrow_mean) = +7.6566 | 累计|g| = 0.0000
26-01-04-32 Ψ矩阵条件数 cond(Ψ) = 1.96e+01
26-01-04-32 Loss=-25.082471 | E0=-7.12977234+0.00835137j | E1=-6.97942451-0.00895256j|E2=-5.84464966-0.00212131j|E3=-5.12862441+0.00637342j
26-01-04-32 #-----------------------------------------#
26-01-04-33 [Step   5] logΨ: mean=14.516-0.118j | min=6.600-2.393j | max=16.148+0.512j
26-01-04-33 梯度监控 | raw=42.6008 | natural=1.2521 | clipped=1.2521(上限20.0)
26-01-04-33 原始规范坐标 G(Re Σrow_mean) = +8.8492 | 累计|g| = 0.0000
26-01-04-33 Ψ矩阵条件数 cond(Ψ) = 8.92e+00
26-01-04-33 Loss=-25.498094 | E0=-7.26606704-0.00121433j | E1=-7.10078558+0.00226788j|E2=-5.94193291-0.00477909j|E3=-5.18930895+0.00224170j
26-01-04-33 #-----------------------------------------#
26-01-04-33 [Step   6] logΨ: mean=15.691-0.257j | min=9.936-1.764j | max=17.184+2.724j
26-01-04-33 梯度监控 | raw=47.9871 | natural=1.0827 | clipped=1.0827(上限20.0)
26-01-04-33 原始规范坐标 G(Re Σrow_mean) = +9.9114 | 累计|g| = 0.0000
26-01-04-33 Ψ矩阵条件数 cond(Ψ) = 1.53e+01
26-01-04-33 Loss=-25.931910 | E0=-7.36598201-0.00979918j | E1=-7.18592875+0.00590681j|E2=-6.16030714+0.00482787j|E3=-5.21969224+0.00178972j
26-01-04-33 #-----------------------------------------#
26-01-04-33 [Step   7] logΨ: mean=16.711-0.147j | min=8.763-0.297j | max=18.133+2.703j
26-01-04-33 梯度监控 | raw=57.8091 | natural=0.9458 | clipped=0.9458(上限20.0)
26-01-04-33 原始规范坐标 G(Re Σrow_mean) = +10.8292 | 累计|g| = 0.0000
26-01-04-33 Ψ矩阵条件数 cond(Ψ) = 3.59e+01
26-01-04-33 Loss=-26.324608 | E0=-7.47488878+0.00146759j | E1=-7.26990229-0.00114624j|E2=-6.29605071+0.00234816j|E3=-5.28376618+0.00071914j
26-01-04-33 #-----------------------------------------#
26-01-04-33 [Step   8] logΨ: mean=17.783-0.184j | min=10.668-0.239j | max=19.167+0.005j
26-01-04-33 梯度监控 | raw=86.4927 | natural=0.8373 | clipped=0.8373(上限20.0)
26-01-04-33 原始规范坐标 G(Re Σrow_mean) = +11.8910 | 累计|g| = 0.0000
26-01-04-33 Ψ矩阵条件数 cond(Ψ) = 2.16e+01
26-01-04-33 Loss=-26.757065 | E0=-7.53601880+0.00172754j | E1=-7.31983759+0.00127547j|E2=-6.52265237+0.00371029j|E3=-5.37855620-0.00497751j
26-01-04-33 #-----------------------------------------#
26-01-04-33 [Step   9] logΨ: mean=18.449+0.053j | min=11.936+0.039j | max=19.773+3.081j
26-01-04-33 梯度监控 | raw=122.2919 | natural=0.7037 | clipped=0.7037(上限20.0)
26-01-04-33 原始规范坐标 G(Re Σrow_mean) = +12.5748 | 累计|g| = 0.0000
26-01-04-33 Ψ矩阵条件数 cond(Ψ) = 2.48e+01
26-01-04-33 Loss=-27.113978 | E0=-7.55919736-0.00484134j | E1=-7.34400158-0.00032140j|E2=-6.58623762+0.00669883j|E3=-5.62454142-0.00130572j
26-01-04-33 #-----------------------------------------#
26-01-04-33 [GaugeReset@10] 吸收 Δg = Σ Re(col_mean) = +12.5748 | 新|g| = 6.6585
26-01-04-33 [Step  10] logΨ: mean=6.278-0.065j | min=0.921+0.877j | max=7.481+2.864j
26-01-04-33 梯度监控 | raw=169.6546 | natural=0.5836 | clipped=0.5836(上限20.0)
26-01-04-33 原始规范坐标 G(Re Σrow_mean) = +13.2603 | 累计|g| = 6.6585
26-01-04-33 Ψ矩阵条件数 cond(Ψ) = 7.75e+00
26-01-04-33 Loss=-27.914611 | E0=-7.60021660+0.00233259j | E1=-7.39874519-0.00280320j|E2=-6.83084251+0.00208585j|E3=-6.08480718-0.00088767j
26-01-04-33 #-----------------------------------------#
26-01-04-33 [Step  11] logΨ: mean=7.097+0.103j | min=0.861+2.836j | max=8.396+2.901j
26-01-04-33 梯度监控 | raw=167.6885 | natural=0.5908 | clipped=0.5908(上限20.0)
26-01-04-33 原始规范坐标 G(Re Σrow_mean) = +14.1291 | 累计|g| = 6.6585
26-01-04-33 Ψ矩阵条件数 cond(Ψ) = 8.94e+00
26-01-04-33 Loss=-28.324013 | E0=-7.62933248-0.00133010j | E1=-7.41065906+0.00100714j|E2=-6.92732678+0.00620980j|E3=-6.35669434-0.00344765j
26-01-04-33 #-----------------------------------------#
26-01-04-33 [Step  12] logΨ: mean=7.754-0.057j | min=2.485+0.027j | max=9.078+2.989j
26-01-04-33 梯度监控 | raw=150.6038 | natural=0.4661 | clipped=0.4661(上限20.0)
26-01-04-33 原始规范坐标 G(Re Σrow_mean) = +14.7594 | 累计|g| = 6.6585
26-01-04-33 Ψ矩阵条件数 cond(Ψ) = 8.06e+00
26-01-04-33 Loss=-28.692957 | E0=-7.64228370+0.00642050j | E1=-7.43048140+0.00250420j|E2=-7.00438154-0.00844213j|E3=-6.61581051+0.00112195j
26-01-04-33 #-----------------------------------------#
26-01-04-33 [Step  13] logΨ: mean=8.864+0.236j | min=3.378+0.452j | max=10.076+2.937j
26-01-04-33 梯度监控 | raw=116.6406 | natural=0.4727 | clipped=0.4727(上限20.0)
26-01-04-33 原始规范坐标 G(Re Σrow_mean) = +15.8741 | 累计|g| = 6.6585
26-01-04-33 Ψ矩阵条件数 cond(Ψ) = 1.03e+01
26-01-04-33 Loss=-29.221780 | E0=-7.65407640+0.00926203j | E1=-7.46101998-0.00335886j|E2=-7.19890775+0.00076261j|E3=-6.90777551-0.01081291j
26-01-04-33 #-----------------------------------------#
26-01-04-33 [Step  14] logΨ: mean=9.446+0.068j | min=4.370-2.042j | max=10.637+3.023j
26-01-04-33 梯度监控 | raw=117.4882 | natural=0.3658 | clipped=0.3658(上限20.0)
26-01-04-33 原始规范坐标 G(Re Σrow_mean) = +16.2853 | 累计|g| = 6.6585
26-01-04-33 Ψ矩阵条件数 cond(Ψ) = 1.22e+01
26-01-04-33 Loss=-29.264456 | E0=-7.66358499+0.00108853j | E1=-7.46319273+0.00048802j|E2=-7.20896805-0.01886312j|E3=-6.92871064+0.01630149j
26-01-04-33 #-----------------------------------------#
26-01-04-33 [Step  15] logΨ: mean=10.124+0.138j | min=4.334-0.043j | max=11.237+0.140j
26-01-04-33 梯度监控 | raw=69.8635 | natural=0.3223 | clipped=0.3223(上限20.0)
26-01-04-33 原始规范坐标 G(Re Σrow_mean) = +17.0453 | 累计|g| = 6.6585
26-01-04-33 Ψ矩阵条件数 cond(Ψ) = 1.04e+01
26-01-04-33 Loss=-29.664221 | E0=-7.67597852+0.00318889j | E1=-7.51163980+0.00103635j|E2=-7.38880358-0.00214790j|E3=-7.08779951-0.00524056j
26-01-04-33 #-----------------------------------------#
26-01-04-33 [Step  16] logΨ: mean=10.790+0.111j | min=5.381+0.526j | max=11.774+0.081j
26-01-04-33 梯度监控 | raw=43.6638 | natural=0.2699 | clipped=0.2699(上限20.0)
26-01-04-33 原始规范坐标 G(Re Σrow_mean) = +17.6506 | 累计|g| = 6.6585
26-01-04-33 Ψ矩阵条件数 cond(Ψ) = 2.10e+01
26-01-04-33 Loss=-29.814455 | E0=-7.68084659+0.00270262j | E1=-7.54844058+0.00234496j|E2=-7.43873870+0.00306785j|E3=-7.14642940-0.00482727j
26-01-04-33 #-----------------------------------------#
26-01-04-33 [Step  17] logΨ: mean=11.642+0.053j | min=7.480-3.110j | max=12.435+0.182j
26-01-04-33 梯度监控 | raw=22.3452 | natural=0.2250 | clipped=0.2250(上限20.0)
26-01-04-33 原始规范坐标 G(Re Σrow_mean) = +18.2793 | 累计|g| = 6.6585
26-01-04-33 Ψ矩阵条件数 cond(Ψ) = 1.14e+01
26-01-04-33 Loss=-30.064859 | E0=-7.70746603+0.00056242j | E1=-7.61941022-0.00116187j|E2=-7.50861090+0.00241553j|E3=-7.22937203+0.00043740j
26-01-04-33 #-----------------------------------------#
26-01-04-33 [Step  18] logΨ: mean=12.219-0.393j | min=7.320-1.323j | max=12.968+0.231j
26-01-04-33 梯度监控 | raw=19.8423 | natural=0.2075 | clipped=0.2075(上限20.0)
26-01-04-33 原始规范坐标 G(Re Σrow_mean) = +18.7921 | 累计|g| = 6.6585
26-01-04-33 Ψ矩阵条件数 cond(Ψ) = 1.15e+01
26-01-04-33 Loss=-30.068992 | E0=-7.71281757-0.00251740j | E1=-7.64388665+0.00029604j|E2=-7.50349501-0.00112551j|E3=-7.20879293+0.00341159j
26-01-04-33 #-----------------------------------------#
26-01-04-33 [Step  19] logΨ: mean=12.608-0.290j | min=7.120+0.947j | max=13.412+0.274j
26-01-04-33 梯度监控 | raw=30.4349 | natural=0.1683 | clipped=0.1683(上限20.0)
26-01-04-33 原始规范坐标 G(Re Σrow_mean) = +19.1265 | 累计|g| = 6.6585
26-01-04-33 Ψ矩阵条件数 cond(Ψ) = 9.79e+00
26-01-04-33 Loss=-30.092844 | E0=-7.70647744+0.00044850j | E1=-7.59751393-0.00429559j|E2=-7.52395175+0.00322935j|E3=-7.26490041+0.00197459j
26-01-04-33 #-----------------------------------------#
