26-01-05-26 
============================================================
26-01-05-26 开始多链 NES-VMC 训练 | P8: 双侧一致列规范 + 周期性 gauge reset
26-01-05-26 ============================================================
26-01-05-26 精确CAS基准：基态=-7.86364558 Ha | 1激发=-7.72153670 Ha|2激发=-7.70823970 Ha|3激发=-7.68581513 Ha|
26-01-05-26 理论 Loss 上限：-30.97923710 
26-01-05-26 超参：clip_norm=20.0, lr=0.1, QGT diag_shift=0.1, RESET_PERIOD=10
26-01-05-26 [Step   0] logΨ: mean=9.437+0.159j | min=2.061-0.595j | max=11.316+1.003j
26-01-05-26 梯度监控 | raw=18.8374 | natural=2.5138 | clipped=2.5138(上限20.0)
26-01-05-26 原始规范坐标 G(Re Σrow_mean) = +4.5425 | 累计|g| = 0.0000
26-01-05-26 Ψ矩阵条件数 cond(Ψ) = 1.16e+01
26-01-05-26 Loss=-21.911666 | E0=-5.89920687-0.00289441j | E1=-5.60829184+0.00877275j|E2=-5.27926615-0.00598902j|E3=-5.12490084-0.00504355j
26-01-05-26 #-----------------------------------------#
26-01-05-26 [Step   1] logΨ: mean=10.097-0.026j | min=5.807-2.122j | max=11.970+0.573j
26-01-05-26 梯度监控 | raw=19.3170 | natural=2.2473 | clipped=2.2473(上限20.0)
26-01-05-26 原始规范坐标 G(Re Σrow_mean) = +4.9510 | 累计|g| = 0.0000
26-01-05-26 Ψ矩阵条件数 cond(Ψ) = 2.14e+01
26-01-05-26 Loss=-22.890827 | E0=-6.19368190-0.00623941j | E1=-6.07188185+0.00787103j|E2=-5.50944591+0.00194868j|E3=-5.11581773-0.00452809j
26-01-05-26 #-----------------------------------------#
26-01-05-26 [Step   2] logΨ: mean=11.127-0.136j | min=5.042-1.157j | max=13.011+0.526j
26-01-05-26 梯度监控 | raw=17.0651 | natural=1.9330 | clipped=1.9330(上限20.0)
26-01-05-26 原始规范坐标 G(Re Σrow_mean) = +5.8173 | 累计|g| = 0.0000
26-01-05-26 Ψ矩阵条件数 cond(Ψ) = 2.07e+01
26-01-05-26 Loss=-23.780610 | E0=-6.58987353-0.01473452j | E1=-6.46327024+0.01215476j|E2=-5.62092272-0.00101425j|E3=-5.10654347+0.00181761j
26-01-05-26 #-----------------------------------------#
26-01-05-26 [Step   3] logΨ: mean=12.404-0.032j | min=5.841+1.720j | max=14.150+0.426j
26-01-05-26 梯度监控 | raw=24.7403 | natural=1.5958 | clipped=1.5958(上限20.0)
26-01-05-26 原始规范坐标 G(Re Σrow_mean) = +6.9402 | 累计|g| = 0.0000
26-01-05-26 Ψ矩阵条件数 cond(Ψ) = 8.50e+00
26-01-05-26 Loss=-24.590427 | E0=-6.92670419-0.01902277j | E1=-6.79944119+0.02142392j|E2=-5.74574796+0.00300446j|E3=-5.11853416-0.00069336j
26-01-05-26 #-----------------------------------------#
26-01-05-26 [Step   4] logΨ: mean=13.317-0.154j | min=8.615-0.644j | max=14.893+0.524j
26-01-05-26 梯度监控 | raw=31.9098 | natural=1.3251 | clipped=1.3251(上限20.0)
26-01-05-26 原始规范坐标 G(Re Σrow_mean) = +7.6566 | 累计|g| = 0.0000
26-01-05-26 Ψ矩阵条件数 cond(Ψ) = 1.96e+01
26-01-05-26 Loss=-25.082471 | E0=-7.12977234+0.00835137j | E1=-6.97942451-0.00895256j|E2=-5.84464966-0.00212131j|E3=-5.12862441+0.00637342j
26-01-05-26 #-----------------------------------------#
26-01-05-26 [Step   5] logΨ: mean=14.516-0.118j | min=6.600-2.393j | max=16.148+0.512j
26-01-05-26 梯度监控 | raw=42.6008 | natural=1.2521 | clipped=1.2521(上限20.0)
26-01-05-26 原始规范坐标 G(Re Σrow_mean) = +8.8492 | 累计|g| = 0.0000
26-01-05-26 Ψ矩阵条件数 cond(Ψ) = 8.92e+00
26-01-05-26 Loss=-25.498094 | E0=-7.26606704-0.00121433j | E1=-7.10078558+0.00226788j|E2=-5.94193291-0.00477909j|E3=-5.18930895+0.00224170j
26-01-05-26 #-----------------------------------------#
26-01-05-26 [Step   6] logΨ: mean=15.691-0.257j | min=9.936-1.764j | max=17.184+2.724j
26-01-05-26 梯度监控 | raw=47.9871 | natural=1.0827 | clipped=1.0827(上限20.0)
26-01-05-26 原始规范坐标 G(Re Σrow_mean) = +9.9114 | 累计|g| = 0.0000
26-01-05-26 Ψ矩阵条件数 cond(Ψ) = 1.53e+01
26-01-05-26 Loss=-25.931910 | E0=-7.36598201-0.00979918j | E1=-7.18592875+0.00590681j|E2=-6.16030714+0.00482787j|E3=-5.21969224+0.00178972j
26-01-05-26 #-----------------------------------------#
26-01-05-26 [Step   7] logΨ: mean=16.711-0.147j | min=8.763-0.297j | max=18.133+2.703j
26-01-05-26 梯度监控 | raw=57.8091 | natural=0.9458 | clipped=0.9458(上限20.0)
26-01-05-26 原始规范坐标 G(Re Σrow_mean) = +10.8292 | 累计|g| = 0.0000
26-01-05-26 Ψ矩阵条件数 cond(Ψ) = 3.59e+01
26-01-05-26 Loss=-26.324608 | E0=-7.47488878+0.00146759j | E1=-7.26990229-0.00114624j|E2=-6.29605071+0.00234816j|E3=-5.28376618+0.00071914j
26-01-05-26 #-----------------------------------------#
26-01-05-26 [Step   8] logΨ: mean=17.783-0.184j | min=10.668-0.239j | max=19.167+0.005j
26-01-05-26 梯度监控 | raw=86.4927 | natural=0.8373 | clipped=0.8373(上限20.0)
26-01-05-26 原始规范坐标 G(Re Σrow_mean) = +11.8910 | 累计|g| = 0.0000
26-01-05-26 Ψ矩阵条件数 cond(Ψ) = 2.16e+01
26-01-05-26 Loss=-26.757065 | E0=-7.53601880+0.00172754j | E1=-7.31983759+0.00127547j|E2=-6.52265237+0.00371029j|E3=-5.37855620-0.00497751j
26-01-05-26 #-----------------------------------------#
26-01-05-26 [Step   9] logΨ: mean=18.449+0.053j | min=11.936+0.039j | max=19.773+3.081j
26-01-05-26 梯度监控 | raw=122.2919 | natural=0.7037 | clipped=0.7037(上限20.0)
26-01-05-26 原始规范坐标 G(Re Σrow_mean) = +12.5748 | 累计|g| = 0.0000
26-01-05-26 Ψ矩阵条件数 cond(Ψ) = 2.48e+01
26-01-05-26 Loss=-27.113978 | E0=-7.55919736-0.00484134j | E1=-7.34400158-0.00032140j|E2=-6.58623762+0.00669883j|E3=-5.62454142-0.00130572j
26-01-05-26 #-----------------------------------------#
26-01-05-26 [GaugeReset@10] 吸收 Δg = Σ Re(col_mean) = +12.5748 | 新|g| = 6.6585
26-01-05-26 [Step  10] logΨ: mean=6.278-0.065j | min=0.921+0.877j | max=7.481+2.864j
26-01-05-26 梯度监控 | raw=169.6546 | natural=0.5836 | clipped=0.5836(上限20.0)
26-01-05-26 原始规范坐标 G(Re Σrow_mean) = +13.2603 | 累计|g| = 6.6585
26-01-05-26 Ψ矩阵条件数 cond(Ψ) = 7.75e+00
26-01-05-26 Loss=-27.914611 | E0=-7.60021660+0.00233259j | E1=-7.39874519-0.00280320j|E2=-6.83084251+0.00208585j|E3=-6.08480718-0.00088767j
26-01-05-26 #-----------------------------------------#
26-01-05-26 [Step  11] logΨ: mean=7.097+0.103j | min=0.861+2.836j | max=8.396+2.901j
26-01-05-26 梯度监控 | raw=167.6885 | natural=0.5908 | clipped=0.5908(上限20.0)
26-01-05-26 原始规范坐标 G(Re Σrow_mean) = +14.1291 | 累计|g| = 6.6585
26-01-05-26 Ψ矩阵条件数 cond(Ψ) = 8.94e+00
26-01-05-26 Loss=-28.324013 | E0=-7.62933248-0.00133010j | E1=-7.41065906+0.00100714j|E2=-6.92732678+0.00620980j|E3=-6.35669434-0.00344765j
26-01-05-26 #-----------------------------------------#
26-01-05-26 [Step  12] logΨ: mean=7.754-0.057j | min=2.485+0.027j | max=9.078+2.989j
26-01-05-26 梯度监控 | raw=150.6038 | natural=0.4661 | clipped=0.4661(上限20.0)
26-01-05-26 原始规范坐标 G(Re Σrow_mean) = +14.7594 | 累计|g| = 6.6585
26-01-05-26 Ψ矩阵条件数 cond(Ψ) = 8.06e+00
26-01-05-26 Loss=-28.692957 | E0=-7.64228370+0.00642050j | E1=-7.43048140+0.00250420j|E2=-7.00438154-0.00844213j|E3=-6.61581051+0.00112195j
26-01-05-26 #-----------------------------------------#
26-01-05-26 [Step  13] logΨ: mean=8.864+0.236j | min=3.378+0.452j | max=10.076+2.937j
26-01-05-26 梯度监控 | raw=116.6406 | natural=0.4727 | clipped=0.4727(上限20.0)
26-01-05-26 原始规范坐标 G(Re Σrow_mean) = +15.8741 | 累计|g| = 6.6585
26-01-05-26 Ψ矩阵条件数 cond(Ψ) = 1.03e+01
26-01-05-26 Loss=-29.221780 | E0=-7.65407640+0.00926203j | E1=-7.46101998-0.00335886j|E2=-7.19890775+0.00076261j|E3=-6.90777551-0.01081291j
26-01-05-26 #-----------------------------------------#
26-01-05-26 [Step  14] logΨ: mean=9.446+0.068j | min=4.370-2.042j | max=10.637+3.023j
26-01-05-26 梯度监控 | raw=117.4882 | natural=0.3658 | clipped=0.3658(上限20.0)
26-01-05-26 原始规范坐标 G(Re Σrow_mean) = +16.2853 | 累计|g| = 6.6585
26-01-05-26 Ψ矩阵条件数 cond(Ψ) = 1.22e+01
26-01-05-26 Loss=-29.264456 | E0=-7.66358499+0.00108853j | E1=-7.46319273+0.00048802j|E2=-7.20896805-0.01886312j|E3=-6.92871064+0.01630149j
26-01-05-26 #-----------------------------------------#
26-01-05-26 [Step  15] logΨ: mean=10.124+0.138j | min=4.334-0.043j | max=11.237+0.140j
26-01-05-26 梯度监控 | raw=69.8635 | natural=0.3223 | clipped=0.3223(上限20.0)
26-01-05-26 原始规范坐标 G(Re Σrow_mean) = +17.0453 | 累计|g| = 6.6585
26-01-05-26 Ψ矩阵条件数 cond(Ψ) = 1.04e+01
26-01-05-26 Loss=-29.664221 | E0=-7.67597852+0.00318889j | E1=-7.51163980+0.00103635j|E2=-7.38880358-0.00214790j|E3=-7.08779951-0.00524056j
26-01-05-26 #-----------------------------------------#
26-01-05-26 [Step  16] logΨ: mean=10.790+0.111j | min=5.381+0.526j | max=11.774+0.081j
26-01-05-26 梯度监控 | raw=43.6638 | natural=0.2699 | clipped=0.2699(上限20.0)
26-01-05-26 原始规范坐标 G(Re Σrow_mean) = +17.6506 | 累计|g| = 6.6585
26-01-05-26 Ψ矩阵条件数 cond(Ψ) = 2.10e+01
26-01-05-26 Loss=-29.814455 | E0=-7.68084659+0.00270262j | E1=-7.54844058+0.00234496j|E2=-7.43873870+0.00306785j|E3=-7.14642940-0.00482727j
26-01-05-26 #-----------------------------------------#
26-01-05-26 [Step  17] logΨ: mean=11.642+0.053j | min=7.480-3.110j | max=12.435+0.182j
26-01-05-26 梯度监控 | raw=22.3452 | natural=0.2250 | clipped=0.2250(上限20.0)
26-01-05-26 原始规范坐标 G(Re Σrow_mean) = +18.2793 | 累计|g| = 6.6585
26-01-05-26 Ψ矩阵条件数 cond(Ψ) = 1.14e+01
26-01-05-26 Loss=-30.064859 | E0=-7.70746603+0.00056242j | E1=-7.61941022-0.00116187j|E2=-7.50861090+0.00241553j|E3=-7.22937203+0.00043740j
26-01-05-26 #-----------------------------------------#
26-01-05-26 [Step  18] logΨ: mean=12.219-0.393j | min=7.320-1.323j | max=12.968+0.231j
26-01-05-26 梯度监控 | raw=19.8423 | natural=0.2075 | clipped=0.2075(上限20.0)
26-01-05-26 原始规范坐标 G(Re Σrow_mean) = +18.7921 | 累计|g| = 6.6585
26-01-05-26 Ψ矩阵条件数 cond(Ψ) = 1.15e+01
26-01-05-26 Loss=-30.068992 | E0=-7.71281757-0.00251740j | E1=-7.64388665+0.00029604j|E2=-7.50349501-0.00112551j|E3=-7.20879293+0.00341159j
26-01-05-26 #-----------------------------------------#
26-01-05-26 [Step  19] logΨ: mean=12.608-0.290j | min=7.120+0.947j | max=13.412+0.274j
26-01-05-26 梯度监控 | raw=30.4349 | natural=0.1683 | clipped=0.1683(上限20.0)
26-01-05-26 原始规范坐标 G(Re Σrow_mean) = +19.1265 | 累计|g| = 6.6585
26-01-05-26 Ψ矩阵条件数 cond(Ψ) = 9.79e+00
26-01-05-26 Loss=-30.092844 | E0=-7.70647744+0.00044850j | E1=-7.59751393-0.00429559j|E2=-7.52395175+0.00322935j|E3=-7.26490041+0.00197459j
26-01-05-26 #-----------------------------------------#
26-01-05-26 [保存] Step 19 → pickle 文件已更新 (20 条记录)
26-01-05-26 [GaugeReset@20] 吸收 Δg = Σ Re(col_mean) = +19.1265 | 新|g| = 10.2717
26-01-05-26 [Step  20] logΨ: mean=6.494-0.282j | min=0.295+1.229j | max=7.251+1.398j
26-01-05-26 梯度监控 | raw=25.8672 | natural=0.1545 | clipped=0.1545(上限20.0)
26-01-05-26 原始规范坐标 G(Re Σrow_mean) = +19.4629 | 累计|g| = 10.2717
26-01-05-26 Ψ矩阵条件数 cond(Ψ) = 1.02e+01
26-01-05-26 Loss=-30.194665 | E0=-7.72050628+0.00006901j | E1=-7.64947774+0.00210448j|E2=-7.54577072-0.00287838j|E3=-7.27891073+0.00109265j
26-01-05-26 #-----------------------------------------#
26-01-05-26 [Step  21] logΨ: mean=7.194-0.395j | min=0.298-2.896j | max=7.936+1.435j
26-01-05-26 梯度监控 | raw=23.6159 | natural=0.1968 | clipped=0.1968(上限20.0)
26-01-05-26 原始规范坐标 G(Re Σrow_mean) = +19.9882 | 累计|g| = 10.2717
26-01-05-26 Ψ矩阵条件数 cond(Ψ) = 6.78e+00
26-01-05-26 Loss=-30.169628 | E0=-7.72354261-0.00050866j | E1=-7.65389508-0.00044944j|E2=-7.53404673+0.00255507j|E3=-7.25814359-0.00214068j
26-01-05-26 #-----------------------------------------#
26-01-05-26 [Step  22] logΨ: mean=7.752-0.138j | min=2.666-0.326j | max=8.520+1.517j
26-01-05-26 梯度监控 | raw=33.4634 | natural=0.1594 | clipped=0.1594(上限20.0)
26-01-05-26 原始规范坐标 G(Re Σrow_mean) = +20.3243 | 累计|g| = 10.2717
26-01-05-26 Ψ矩阵条件数 cond(Ψ) = 7.57e+00
26-01-05-26 Loss=-30.268790 | E0=-7.72762596+0.00212407j | E1=-7.64814428-0.00102019j|E2=-7.57112193+0.00228714j|E3=-7.32189753-0.00350847j
26-01-05-26 #-----------------------------------------#
26-01-05-26 [Step  23] logΨ: mean=8.178-0.070j | min=3.841+2.416j | max=8.897+1.582j
26-01-05-26 梯度监控 | raw=35.0152 | natural=0.0885 | clipped=0.0885(上限20.0)
26-01-05-26 原始规范坐标 G(Re Σrow_mean) = +20.5675 | 累计|g| = 10.2717
26-01-05-26 Ψ矩阵条件数 cond(Ψ) = 7.52e+00
26-01-05-26 Loss=-30.241153 | E0=-7.73161157+0.00039294j | E1=-7.64595718-0.00003784j|E2=-7.55201482+0.00031569j|E3=-7.31156914+0.00459576j
26-01-05-26 #-----------------------------------------#
26-01-05-26 [Step  24] logΨ: mean=8.621+0.031j | min=3.115+1.373j | max=9.334+1.787j
26-01-05-26 梯度监控 | raw=35.0711 | natural=0.1109 | clipped=0.1109(上限20.0)
26-01-05-26 原始规范坐标 G(Re Σrow_mean) = +20.9193 | 累计|g| = 10.2717
26-01-05-26 Ψ矩阵条件数 cond(Ψ) = 1.24e+01
26-01-05-26 Loss=-30.304940 | E0=-7.73272564+0.00096095j | E1=-7.66102760+0.00063408j|E2=-7.58625886-0.00032212j|E3=-7.32492816+0.00006865j
26-01-05-26 #-----------------------------------------#
26-01-05-26 [Step  25] logΨ: mean=9.220+0.241j | min=5.132+0.434j | max=9.888+2.135j
26-01-05-26 梯度监控 | raw=43.3977 | natural=0.1029 | clipped=0.1029(上限20.0)
26-01-05-26 原始规范坐标 G(Re Σrow_mean) = +21.3504 | 累计|g| = 10.2717
26-01-05-26 Ψ矩阵条件数 cond(Ψ) = 9.45e+00
26-01-05-26 Loss=-30.324948 | E0=-7.72914120-0.00274247j | E1=-7.66159011-0.00160232j|E2=-7.59195252-0.00298697j|E3=-7.34226450+0.00297329j
26-01-05-26 #-----------------------------------------#
26-01-05-26 [Step  26] logΨ: mean=9.602+0.066j | min=4.492-1.742j | max=10.318+2.511j
26-01-05-26 梯度监控 | raw=47.7526 | natural=0.0941 | clipped=0.0941(上限20.0)
26-01-05-26 原始规范坐标 G(Re Σrow_mean) = +21.6574 | 累计|g| = 10.2717
26-01-05-26 Ψ矩阵条件数 cond(Ψ) = 5.92e+00
26-01-05-26 Loss=-30.352521 | E0=-7.74065701-0.00175751j | E1=-7.66310905-0.00168109j|E2=-7.59312534+0.00001384j|E3=-7.35562917+0.00120886j
26-01-05-26 #-----------------------------------------#
26-01-05-26 [Step  27] logΨ: mean=9.978+0.507j | min=4.833-0.985j | max=10.622+2.816j
26-01-05-26 梯度监控 | raw=60.1481 | natural=0.1263 | clipped=0.1263(上限20.0)
26-01-05-26 原始规范坐标 G(Re Σrow_mean) = +21.9539 | 累计|g| = 10.2717
26-01-05-26 Ψ矩阵条件数 cond(Ψ) = 1.07e+01
26-01-05-26 Loss=-30.391759 | E0=-7.73985146+0.00208773j | E1=-7.66211854+0.00146026j|E2=-7.59969737-0.00065048j|E3=-7.39009196-0.00291458j
26-01-05-26 #-----------------------------------------#
26-01-05-26 [Step  28] logΨ: mean=9.765+0.473j | min=6.220-0.043j | max=10.379+2.956j
26-01-05-26 梯度监控 | raw=58.1422 | natural=0.0475 | clipped=0.0475(上限20.0)
26-01-05-26 原始规范坐标 G(Re Σrow_mean) = +21.8715 | 累计|g| = 10.2717
26-01-05-26 Ψ矩阵条件数 cond(Ψ) = 2.56e+01
26-01-05-26 Loss=-30.368749 | E0=-7.74411582+0.00063028j | E1=-7.66108528-0.00155425j|E2=-7.59864569+0.00071599j|E3=-7.36490212+0.00637192j
26-01-05-26 #-----------------------------------------#
26-01-05-26 [Step  29] logΨ: mean=9.220+0.124j | min=4.583+3.027j | max=9.774+0.428j
26-01-05-26 梯度监控 | raw=63.7530 | natural=0.0761 | clipped=0.0761(上限20.0)
26-01-05-26 原始规范坐标 G(Re Σrow_mean) = +21.6093 | 累计|g| = 10.2717
26-01-05-26 Ψ矩阵条件数 cond(Ψ) = 1.31e+01
26-01-05-26 Loss=-30.445351 | E0=-7.74951497+0.00045324j | E1=-7.66510561+0.00067348j|E2=-7.61411754-0.00280954j|E3=-7.41661281+0.00328850j
26-01-05-26 #-----------------------------------------#
26-01-05-26 [GaugeReset@30] 吸收 Δg = Σ Re(col_mean) = +21.6093 | 新|g| = 11.5862
26-01-05-26 [Step  30] logΨ: mean=7.895+0.496j | min=2.182+1.746j | max=8.441+2.708j
26-01-05-26 梯度监控 | raw=66.3021 | natural=0.1681 | clipped=0.1681(上限20.0)
26-01-05-26 原始规范坐标 G(Re Σrow_mean) = +22.4919 | 累计|g| = 11.5862
26-01-05-26 Ψ矩阵条件数 cond(Ψ) = 6.43e+00
26-01-05-26 Loss=-30.421703 | E0=-7.74211897+0.00136404j | E1=-7.66414626+0.00147168j|E2=-7.61108920-0.00246097j|E3=-7.40434886+0.00303698j
26-01-05-26 #-----------------------------------------#
26-01-05-26 [Step  31] logΨ: mean=7.934+0.245j | min=3.751-2.206j | max=8.422+0.199j
26-01-05-26 梯度监控 | raw=64.4278 | natural=0.0674 | clipped=0.0674(上限20.0)
26-01-05-26 原始规范坐标 G(Re Σrow_mean) = +22.5338 | 累计|g| = 11.5862
26-01-05-26 Ψ矩阵条件数 cond(Ψ) = 4.54e+00
26-01-05-26 Loss=-30.524733 | E0=-7.76403148+0.00011767j | E1=-7.66568111+0.00016347j|E2=-7.63479774+0.00304183j|E3=-7.46022242-0.00381688j
26-01-05-26 #-----------------------------------------#
26-01-05-26 [Step  32] logΨ: mean=8.460+0.299j | min=3.694+1.696j | max=9.019+3.066j
26-01-05-26 梯度监控 | raw=74.3051 | natural=0.0938 | clipped=0.0938(上限20.0)
26-01-05-26 原始规范坐标 G(Re Σrow_mean) = +23.1205 | 累计|g| = 11.5862
26-01-05-26 Ψ矩阵条件数 cond(Ψ) = 6.37e+00
26-01-05-26 Loss=-30.490145 | E0=-7.75404593-0.00111874j | E1=-7.66481859+0.00012125j|E2=-7.62089558+0.00179100j|E3=-7.45038505-0.00069801j
26-01-05-26 #-----------------------------------------#
26-01-05-26 [Step  33] logΨ: mean=8.213+0.015j | min=3.716-0.444j | max=8.767+2.633j
26-01-05-26 梯度监控 | raw=66.3403 | natural=0.0990 | clipped=0.0990(上限20.0)
26-01-05-26 原始规范坐标 G(Re Σrow_mean) = +22.8494 | 累计|g| = 11.5862
26-01-05-26 Ψ矩阵条件数 cond(Ψ) = 1.37e+01
26-01-05-26 Loss=-30.514744 | E0=-7.76600483-0.00022710j | E1=-7.66587337+0.00189823j|E2=-7.63044740-0.00156603j|E3=-7.45241806+0.00118601j
26-01-05-26 #-----------------------------------------#
26-01-05-26 [Step  34] logΨ: mean=9.161+0.382j | min=2.527-0.388j | max=9.712+2.987j
26-01-05-26 梯度监控 | raw=66.9415 | natural=0.1431 | clipped=0.1431(上限20.0)
26-01-05-26 原始规范坐标 G(Re Σrow_mean) = +23.6091 | 累计|g| = 11.5862
26-01-05-26 Ψ矩阵条件数 cond(Ψ) = 6.34e+00
26-01-05-26 Loss=-30.574891 | E0=-7.76284842-0.00132881j | E1=-7.66725056-0.00222257j|E2=-7.62967762+0.00357924j|E3=-7.51511440+0.00364949j
26-01-05-26 #-----------------------------------------#
26-01-05-26 [Step  35] logΨ: mean=9.216-0.120j | min=5.799-1.519j | max=9.760+2.580j
26-01-05-26 梯度监控 | raw=75.5044 | natural=0.0603 | clipped=0.0603(上限20.0)
26-01-05-26 原始规范坐标 G(Re Σrow_mean) = +23.6744 | 累计|g| = 11.5862
26-01-05-26 Ψ矩阵条件数 cond(Ψ) = 1.45e+01
26-01-05-26 Loss=-30.556492 | E0=-7.76107900+0.00309776j | E1=-7.66819483-0.00208543j|E2=-7.64347341-0.00038706j|E3=-7.48374515-0.00114925j
26-01-05-26 #-----------------------------------------#
26-01-05-26 [Step  36] logΨ: mean=9.962+0.138j | min=4.701+1.620j | max=10.536+2.794j
26-01-05-26 梯度监控 | raw=66.8061 | natural=0.1097 | clipped=0.1097(上限20.0)
26-01-05-26 原始规范坐标 G(Re Σrow_mean) = +24.1405 | 累计|g| = 11.5862
26-01-05-26 Ψ矩阵条件数 cond(Ψ) = 1.86e+01
26-01-05-26 Loss=-30.601511 | E0=-7.77566564+0.00123186j | E1=-7.66886368+0.00178856j|E2=-7.64762756+0.00269949j|E3=-7.50935406+0.00110881j
26-01-05-26 #-----------------------------------------#
26-01-05-27 [Step  37] logΨ: mean=10.537-0.469j | min=5.024-0.480j | max=11.163+1.852j
26-01-05-27 梯度监控 | raw=76.7254 | natural=0.0556 | clipped=0.0556(上限20.0)
26-01-05-27 原始规范坐标 G(Re Σrow_mean) = +24.5634 | 累计|g| = 11.5862
26-01-05-27 Ψ矩阵条件数 cond(Ψ) = 2.09e+01
26-01-05-27 Loss=-30.603426 | E0=-7.77493938-0.00170081j | E1=-7.66673189+0.00095561j|E2=-7.64001536+0.00698568j|E3=-7.52173932-0.00239241j
26-01-05-27 #-----------------------------------------#
26-01-05-27 [Step  38] logΨ: mean=11.151-0.053j | min=5.489+1.723j | max=11.683+1.712j
26-01-05-27 梯度监控 | raw=67.7355 | natural=0.0832 | clipped=0.0832(上限20.0)
26-01-05-27 原始规范坐标 G(Re Σrow_mean) = +24.8075 | 累计|g| = 11.5862
26-01-05-27 Ψ矩阵条件数 cond(Ψ) = 4.10e+00
26-01-05-27 Loss=-30.689272 | E0=-7.78899721-0.00090867j | E1=-7.67235288+0.00090760j|E2=-7.64975959+0.00204545j|E3=-7.57816233-0.00508681j
26-01-05-27 #-----------------------------------------#
26-01-05-27 [Step  39] logΨ: mean=10.955-0.252j | min=7.322-2.085j | max=11.473+1.588j
26-01-05-27 梯度监控 | raw=66.9361 | natural=0.0238 | clipped=0.0238(上限20.0)
26-01-05-27 原始规范坐标 G(Re Σrow_mean) = +24.7571 | 累计|g| = 11.5862
26-01-05-27 Ψ矩阵条件数 cond(Ψ) = 4.09e+00
26-01-05-27 Loss=-30.693151 | E0=-7.79039847+0.00076977j | E1=-7.67373535-0.00021977j|E2=-7.65486534-0.00267117j|E3=-7.57415194+0.00021123j
26-01-05-27 #-----------------------------------------#
26-01-05-27 [保存] Step 39 → pickle 文件已更新 (40 条记录)
26-01-05-27 [GaugeReset@40] 吸收 Δg = Σ Re(col_mean) = +24.7571 | 新|g| = 13.2540
26-01-05-27 [Step  40] logΨ: mean=7.702+0.173j | min=3.688+1.740j | max=8.284+0.245j
26-01-05-27 梯度监控 | raw=66.7260 | natural=0.0796 | clipped=0.0796(上限20.0)
26-01-05-27 原始规范坐标 G(Re Σrow_mean) = +24.6978 | 累计|g| = 13.2540
26-01-05-27 Ψ矩阵条件数 cond(Ψ) = 8.32e+00
26-01-05-27 Loss=-30.685359 | E0=-7.79336097+0.00129911j | E1=-7.67268600+0.00130865j|E2=-7.64839129+0.00098030j|E3=-7.57092094-0.00263837j
26-01-05-27 #-----------------------------------------#
26-01-05-27 [Step  41] logΨ: mean=8.338-0.171j | min=3.304+2.534j | max=8.976+0.169j
26-01-05-27 梯度监控 | raw=69.2902 | natural=0.0853 | clipped=0.0853(上限20.0)
26-01-05-27 原始规范坐标 G(Re Σrow_mean) = +25.1337 | 累计|g| = 13.2540
26-01-05-27 Ψ矩阵条件数 cond(Ψ) = 7.72e+00
26-01-05-27 Loss=-30.658120 | E0=-7.78769993+0.00091202j | E1=-7.67221435-0.00113595j|E2=-7.64928868+0.00049172j|E3=-7.54891729+0.00031485j
26-01-05-27 #-----------------------------------------#
26-01-05-27 [Step  42] logΨ: mean=8.332-0.233j | min=5.430+1.861j | max=8.891+0.171j
26-01-05-27 梯度监控 | raw=60.4044 | natural=0.0191 | clipped=0.0191(上限20.0)
26-01-05-27 原始规范坐标 G(Re Σrow_mean) = +25.0832 | 累计|g| = 13.2540
26-01-05-27 Ψ矩阵条件数 cond(Ψ) = 7.61e+00
26-01-05-27 Loss=-30.727200 | E0=-7.79456088+0.00017848j | E1=-7.67982704+0.00085003j|E2=-7.65913675-0.00045434j|E3=-7.59367490-0.00317088j
26-01-05-27 #-----------------------------------------#
26-01-05-27 [Step  43] logΨ: mean=8.278+0.447j | min=2.516+1.911j | max=8.938+1.003j
26-01-05-27 梯度监控 | raw=74.2616 | natural=0.2857 | clipped=0.2857(上限20.0)
26-01-05-27 原始规范坐标 G(Re Σrow_mean) = +25.1189 | 累计|g| = 13.2540
26-01-05-27 Ψ矩阵条件数 cond(Ψ) = 6.31e+00
26-01-05-27 Loss=-30.688086 | E0=-7.79265221-0.00060697j | E1=-7.67354772+0.00014111j|E2=-7.65056717+0.00225278j|E3=-7.57131880+0.00106257j
26-01-05-27 #-----------------------------------------#
26-01-05-27 [Step  44] logΨ: mean=9.252+0.008j | min=2.591+1.819j | max=9.842+1.292j
26-01-05-27 梯度监控 | raw=62.7220 | natural=0.1179 | clipped=0.1179(上限20.0)
26-01-05-27 原始规范坐标 G(Re Σrow_mean) = +25.7134 | 累计|g| = 13.2540
26-01-05-27 Ψ矩阵条件数 cond(Ψ) = 7.55e+00
26-01-05-27 Loss=-30.714106 | E0=-7.80243661+0.00071591j | E1=-7.67622756-0.00143524j|E2=-7.65356337+0.00198303j|E3=-7.58187865-0.00191845j
26-01-05-27 #-----------------------------------------#
26-01-05-27 [Step  45] logΨ: mean=9.234+0.256j | min=3.938+0.544j | max=9.815+1.304j
26-01-05-27 梯度监控 | raw=64.1972 | natural=0.0468 | clipped=0.0468(上限20.0)
26-01-05-27 原始规范坐标 G(Re Σrow_mean) = +25.5439 | 累计|g| = 13.2540
26-01-05-27 Ψ矩阵条件数 cond(Ψ) = 6.25e+00
26-01-05-27 Loss=-30.747504 | E0=-7.80238858-0.00101655j | E1=-7.67983185+0.00295540j|E2=-7.65837826+0.00112720j|E3=-7.60690566-0.00439337j
26-01-05-27 #-----------------------------------------#
26-01-05-27 [Step  46] logΨ: mean=8.193+0.402j | min=1.234+0.416j | max=8.673+1.155j
26-01-05-27 梯度监控 | raw=54.7161 | natural=0.1205 | clipped=0.1205(上限20.0)
26-01-05-27 原始规范坐标 G(Re Σrow_mean) = +24.9604 | 累计|g| = 13.2540
26-01-05-27 Ψ矩阵条件数 cond(Ψ) = 6.89e+00
26-01-05-27 Loss=-30.782624 | E0=-7.80906552+0.00072115j | E1=-7.69069638+0.00177706j|E2=-7.66302660-0.00063572j|E3=-7.61983558-0.00114802j
26-01-05-27 #-----------------------------------------#
26-01-05-27 [Step  47] logΨ: mean=9.459-0.307j | min=3.338+0.018j | max=9.936+2.251j
26-01-05-27 梯度监控 | raw=40.8926 | natural=0.1830 | clipped=0.1830(上限20.0)
26-01-05-27 原始规范坐标 G(Re Σrow_mean) = +25.7366 | 累计|g| = 13.2540
26-01-05-27 Ψ矩阵条件数 cond(Ψ) = 1.49e+01
26-01-05-27 Loss=-30.770526 | E0=-7.80841402-0.00148639j | E1=-7.68554618-0.00158324j|E2=-7.65261460+0.00269785j|E3=-7.62395105-0.00145674j
26-01-05-27 #-----------------------------------------#
26-01-05-27 [Step  48] logΨ: mean=9.375-0.259j | min=5.522-1.758j | max=9.855+2.211j
26-01-05-27 梯度监控 | raw=90.0213 | natural=0.0164 | clipped=0.0164(上限20.0)
26-01-05-27 原始规范坐标 G(Re Σrow_mean) = +25.7584 | 累计|g| = 13.2540
26-01-05-27 Ψ矩阵条件数 cond(Ψ) = 8.89e+00
26-01-05-27 Loss=-30.769792 | E0=-7.80270258+0.00220782j | E1=-7.68688847+0.00121298j|E2=-7.66108947-0.00045646j|E3=-7.61911192-0.00154600j
26-01-05-27 #-----------------------------------------#
26-01-05-27 [Step  49] logΨ: mean=9.358-0.425j | min=5.177-1.669j | max=9.798+2.157j
26-01-05-27 梯度监控 | raw=70.3462 | natural=0.0174 | clipped=0.0174(上限20.0)
26-01-05-27 原始规范坐标 G(Re Σrow_mean) = +25.6608 | 累计|g| = 13.2540
26-01-05-27 Ψ矩阵条件数 cond(Ψ) = 9.03e+00
26-01-05-27 Loss=-30.794714 | E0=-7.80624041-0.00029779j | E1=-7.68912367-0.00111122j|E2=-7.66230125+0.00030712j|E3=-7.63704898+0.00001254j
26-01-05-27 #-----------------------------------------#
26-01-05-27 [GaugeReset@50] 吸收 Δg = Σ Re(col_mean) = +25.6608 | 新|g| = 13.8120
26-01-05-27 [Step  50] logΨ: mean=7.458+0.059j | min=1.751-1.876j | max=7.936+0.547j
26-01-05-27 梯度监控 | raw=85.2308 | natural=0.1353 | clipped=0.1353(上限20.0)
26-01-05-27 原始规范坐标 G(Re Σrow_mean) = +25.2155 | 累计|g| = 13.8120
26-01-05-27 Ψ矩阵条件数 cond(Ψ) = 4.74e+00
26-01-05-27 Loss=-30.766535 | E0=-7.80120579-0.00147558j | E1=-7.68478486+0.00121651j|E2=-7.66208054+0.00032825j|E3=-7.61846363-0.00055421j
26-01-05-27 #-----------------------------------------#
26-01-05-27 [Step  51] logΨ: mean=7.131+0.295j | min=0.813-2.645j | max=7.572+0.835j
26-01-05-27 梯度监控 | raw=66.7766 | natural=0.1968 | clipped=0.1968(上限20.0)
26-01-05-27 原始规范坐标 G(Re Σrow_mean) = +24.8206 | 累计|g| = 13.8120
26-01-05-27 Ψ矩阵条件数 cond(Ψ) = 9.69e+00
26-01-05-27 Loss=-30.777481 | E0=-7.79977903+0.00044700j | E1=-7.69128155-0.00235065j|E2=-7.66700453-0.00063099j|E3=-7.61941593+0.00336434j
26-01-05-27 #-----------------------------------------#
26-01-05-27 [Step  52] logΨ: mean=7.340-0.057j | min=2.199-2.156j | max=7.764+0.412j
26-01-05-27 梯度监控 | raw=47.2367 | natural=0.1098 | clipped=0.1098(上限20.0)
26-01-05-27 原始规范坐标 G(Re Σrow_mean) = +24.9714 | 累计|g| = 13.8120
26-01-05-27 Ψ矩阵条件数 cond(Ψ) = 4.73e+00
26-01-05-27 Loss=-30.793458 | E0=-7.79904113-0.00123804j | E1=-7.69220374-0.00163779j|E2=-7.66219862+0.00000709j|E3=-7.64001434+0.00111474j
26-01-05-27 #-----------------------------------------#
26-01-05-27 [Step  53] logΨ: mean=7.761+0.350j | min=2.235+0.319j | max=8.212+0.720j
26-01-05-27 梯度监控 | raw=51.2513 | natural=0.1007 | clipped=0.1007(上限20.0)
26-01-05-27 原始规范坐标 G(Re Σrow_mean) = +25.2142 | 累计|g| = 13.8120
26-01-05-27 Ψ矩阵条件数 cond(Ψ) = 1.05e+01
26-01-05-27 Loss=-30.797451 | E0=-7.79958713+0.00051746j | E1=-7.69161981-0.00045960j|E2=-7.66700022+0.00008096j|E3=-7.63924360+0.00086923j
26-01-05-27 #-----------------------------------------#
26-01-05-27 [Step  54] logΨ: mean=7.849+0.326j | min=0.930-0.032j | max=8.286+1.177j
26-01-05-27 梯度监控 | raw=56.4204 | natural=0.2597 | clipped=0.2597(上限20.0)
26-01-05-27 原始规范坐标 G(Re Σrow_mean) = +25.1553 | 累计|g| = 13.8120
26-01-05-27 Ψ矩阵条件数 cond(Ψ) = 8.64e+00
26-01-05-27 Loss=-30.805215 | E0=-7.80426637-0.00086267j | E1=-7.69462392+0.00257543j|E2=-7.66696354-0.00645737j|E3=-7.63936077+0.00235781j
26-01-05-27 #-----------------------------------------#
26-01-05-27 [Step  55] logΨ: mean=7.817+0.513j | min=4.485+0.862j | max=8.172+1.152j
26-01-05-27 梯度监控 | raw=37.5457 | natural=0.0153 | clipped=0.0153(上限20.0)
26-01-05-27 原始规范坐标 G(Re Σrow_mean) = +25.0952 | 累计|g| = 13.8120
26-01-05-27 Ψ矩阵条件数 cond(Ψ) = 8.20e+00
26-01-05-27 Loss=-30.836194 | E0=-7.81606644-0.00002186j | E1=-7.69955933-0.00052336j|E2=-7.66977384+0.00137378j|E3=-7.65079476-0.00036795j
26-01-05-27 #-----------------------------------------#
26-01-05-27 [Step  56] logΨ: mean=7.664+0.536j | min=3.385-0.796j | max=8.027+1.110j
26-01-05-27 梯度监控 | raw=39.0223 | natural=0.0170 | clipped=0.0170(上限20.0)
26-01-05-27 原始规范坐标 G(Re Σrow_mean) = +25.0357 | 累计|g| = 13.8120
26-01-05-27 Ψ矩阵条件数 cond(Ψ) = 6.66e+00
26-01-05-27 Loss=-30.837511 | E0=-7.81675045-0.00007371j | E1=-7.69966800+0.00115058j|E2=-7.67183159+0.00048364j|E3=-7.64926059-0.00141601j
26-01-05-27 #-----------------------------------------#
26-01-05-27 [Step  57] logΨ: mean=7.640+0.292j | min=3.648+0.196j | max=7.969+1.060j
26-01-05-27 梯度监控 | raw=34.5391 | natural=0.0164 | clipped=0.0164(上限20.0)
26-01-05-27 原始规范坐标 G(Re Σrow_mean) = +25.0206 | 累计|g| = 13.8120
26-01-05-27 Ψ矩阵条件数 cond(Ψ) = 7.47e+00
26-01-05-27 Loss=-30.848422 | E0=-7.81857430+0.00029742j | E1=-7.70186657-0.00061296j|E2=-7.67375099-0.00096669j|E3=-7.65422994+0.00017301j
26-01-05-27 #-----------------------------------------#
26-01-05-27 [Step  58] logΨ: mean=7.358-0.462j | min=0.770+1.729j | max=7.978+2.093j
26-01-05-27 梯度监控 | raw=56.8992 | natural=0.0973 | clipped=0.0973(上限20.0)
26-01-05-27 原始规范坐标 G(Re Σrow_mean) = +24.9324 | 累计|g| = 13.8120
26-01-05-27 Ψ矩阵条件数 cond(Ψ) = 6.38e+00
26-01-05-27 Loss=-30.782178 | E0=-7.80294670+0.00237720j | E1=-7.68582255-0.00096857j|E2=-7.66079746-0.00067752j|E3=-7.63261102+0.00411587j
26-01-05-27 #-----------------------------------------#
26-01-05-27 [Step  59] logΨ: mean=7.405-0.556j | min=2.838+1.007j | max=7.828+1.996j
26-01-05-27 梯度监控 | raw=51.3546 | natural=0.1232 | clipped=0.1232(上限20.0)
26-01-05-27 原始规范坐标 G(Re Σrow_mean) = +24.9776 | 累计|g| = 13.8120
26-01-05-27 Ψ矩阵条件数 cond(Ψ) = 1.59e+01
26-01-05-27 Loss=-30.838346 | E0=-7.82504506+0.00103302j | E1=-7.69696730-0.00234574j|E2=-7.67342478+0.00132141j|E3=-7.64290843+0.00009297j
26-01-05-27 #-----------------------------------------#
26-01-05-27 [保存] Step 59 → pickle 文件已更新 (60 条记录)
26-01-05-27 [GaugeReset@60] 吸收 Δg = Σ Re(col_mean) = +24.9776 | 新|g| = 13.3936
26-01-05-27 [Step  60] logΨ: mean=8.109-0.854j | min=4.367+2.596j | max=8.482+1.615j
26-01-05-27 梯度监控 | raw=37.7945 | natural=0.0173 | clipped=0.0173(上限20.0)
26-01-05-27 原始规范坐标 G(Re Σrow_mean) = +24.9886 | 累计|g| = 13.3936
26-01-05-27 Ψ矩阵条件数 cond(Ψ) = 1.35e+01
26-01-05-27 Loss=-30.864936 | E0=-7.82863997-0.00040179j | E1=-7.70378739+0.00034901j|E2=-7.67694324+0.00089064j|E3=-7.65556541+0.00104905j
26-01-05-27 #-----------------------------------------#
26-01-05-27 [Step  61] logΨ: mean=8.928+0.279j | min=2.468+2.471j | max=9.336+1.116j
26-01-05-27 梯度监控 | raw=47.1587 | natural=0.1972 | clipped=0.1972(上限20.0)
26-01-05-27 原始规范坐标 G(Re Σrow_mean) = +25.7909 | 累计|g| = 13.3936
26-01-05-27 Ψ矩阵条件数 cond(Ψ) = 7.13e+00
26-01-05-27 Loss=-30.842277 | E0=-7.82445553+0.00097646j | E1=-7.70185931+0.00090567j|E2=-7.67383048-0.00254184j|E3=-7.64213128+0.00173323j
26-01-05-27 #-----------------------------------------#
26-01-05-27 [Step  62] logΨ: mean=8.916+0.591j | min=4.339+2.265j | max=9.291+1.079j
26-01-05-27 梯度监控 | raw=38.3583 | natural=0.0242 | clipped=0.0242(上限20.0)
26-01-05-27 原始规范坐标 G(Re Σrow_mean) = +25.7034 | 累计|g| = 13.3936
26-01-05-27 Ψ矩阵条件数 cond(Ψ) = 5.74e+00
26-01-05-27 Loss=-30.868098 | E0=-7.83031128+0.00056754j | E1=-7.70275846-0.00020093j|E2=-7.67757932-0.00118162j|E3=-7.65744909+0.00007473j
26-01-05-27 #-----------------------------------------#
26-01-05-27 [Step  63] logΨ: mean=9.057+0.059j | min=3.755-2.533j | max=9.448+0.628j
26-01-05-27 梯度监控 | raw=27.9776 | natural=0.1386 | clipped=0.1386(上限20.0)
26-01-05-27 原始规范坐标 G(Re Σrow_mean) = +25.7160 | 累计|g| = 13.3936
26-01-05-27 Ψ矩阵条件数 cond(Ψ) = 6.08e+00
26-01-05-27 Loss=-30.868575 | E0=-7.83594504+0.00065249j | E1=-7.70052725-0.00239433j|E2=-7.67773323+0.00320963j|E3=-7.65436989-0.00082861j
26-01-05-27 #-----------------------------------------#
26-01-05-27 [Step  64] logΨ: mean=11.758+0.423j | min=7.148+2.820j | max=12.002+0.991j
26-01-05-27 梯度监控 | raw=23.6671 | natural=0.0770 | clipped=0.0770(上限20.0)
26-01-05-27 原始规范坐标 G(Re Σrow_mean) = +27.4322 | 累计|g| = 13.3936
26-01-05-27 Ψ矩阵条件数 cond(Ψ) = 8.57e+00
26-01-05-27 Loss=-30.884579 | E0=-7.83848790+0.00042705j | E1=-7.70710392-0.00200497j|E2=-7.68163882-0.00047129j|E3=-7.65734846-0.00029655j
26-01-05-27 #-----------------------------------------#
26-01-05-27 [Step  65] logΨ: mean=11.281+0.514j | min=6.147-0.267j | max=11.649+3.055j
26-01-05-27 梯度监控 | raw=36.5464 | natural=0.1292 | clipped=0.1292(上限20.0)
26-01-05-27 原始规范坐标 G(Re Σrow_mean) = +27.2501 | 累计|g| = 13.3936
26-01-05-27 Ψ矩阵条件数 cond(Ψ) = 2.43e+01
26-01-05-27 Loss=-30.843140 | E0=-7.81211172+0.00073851j | E1=-7.69974329+0.00044605j|E2=-7.67417951-0.00156917j|E3=-7.65710561+0.00181156j
26-01-05-27 #-----------------------------------------#
26-01-05-27 [Step  66] logΨ: mean=8.235+0.289j | min=1.967+1.041j | max=8.741+0.885j
26-01-05-27 梯度监控 | raw=33.8785 | natural=0.1815 | clipped=0.1815(上限20.0)
26-01-05-27 原始规范坐标 G(Re Σrow_mean) = +25.4891 | 累计|g| = 13.3936
26-01-05-27 Ψ矩阵条件数 cond(Ψ) = 6.33e+00
26-01-05-27 Loss=-30.848931 | E0=-7.81673066+0.00084913j | E1=-7.70378162-0.00083315j|E2=-7.67860840-0.00181893j|E3=-7.64981010+0.00233956j
26-01-05-27 #-----------------------------------------#
26-01-05-27 [Step  67] logΨ: mean=8.262-0.112j | min=5.460+2.515j | max=8.707+0.810j
26-01-05-27 梯度监控 | raw=15.6361 | natural=0.0167 | clipped=0.0167(上限20.0)
26-01-05-27 原始规范坐标 G(Re Σrow_mean) = +25.5532 | 累计|g| = 13.3936
26-01-05-27 Ψ矩阵条件数 cond(Ψ) = 7.77e+00
26-01-05-27 Loss=-30.842913 | E0=-7.79725862-0.00050871j | E1=-7.70720005-0.00141905j|E2=-7.68076788+0.00160586j|E3=-7.65768679-0.00341852j
26-01-05-27 #-----------------------------------------#
26-01-05-27 [Step  68] logΨ: mean=7.888+0.121j | min=1.715+1.705j | max=8.341+0.954j
26-01-05-27 梯度监控 | raw=19.3231 | natural=0.0818 | clipped=0.0818(上限20.0)
26-01-05-27 原始规范坐标 G(Re Σrow_mean) = +25.4605 | 累计|g| = 13.3936
26-01-05-27 Ψ矩阵条件数 cond(Ψ) = 7.73e+00
26-01-05-27 Loss=-30.829499 | E0=-7.78774396+0.00185111j | E1=-7.70495386-0.00144445j|E2=-7.68155572+0.00038296j|E3=-7.65524500-0.00009067j
26-01-05-27 #-----------------------------------------#
26-01-05-27 [Step  69] logΨ: mean=8.177-0.580j | min=3.729-2.575j | max=8.588+0.125j
26-01-05-27 梯度监控 | raw=16.8013 | natural=0.0990 | clipped=0.0990(上限20.0)
26-01-05-27 原始规范坐标 G(Re Σrow_mean) = +25.4489 | 累计|g| = 13.3936
26-01-05-27 Ψ矩阵条件数 cond(Ψ) = 7.13e+00
26-01-05-27 Loss=-30.817844 | E0=-7.77968665+0.00332536j | E1=-7.70369695-0.00073840j|E2=-7.67899874+0.00068441j|E3=-7.65546136+0.00036806j
26-01-05-27 #-----------------------------------------#
26-01-05-27 [GaugeReset@70] 吸收 Δg = Σ Re(col_mean) = +25.4489 | 新|g| = 13.6012
26-01-05-27 [Step  70] logΨ: mean=7.635-0.154j | min=2.398+1.653j | max=7.982+1.357j
26-01-05-27 梯度监控 | raw=10.9799 | natural=0.1476 | clipped=0.1476(上限20.0)
26-01-05-27 原始规范坐标 G(Re Σrow_mean) = +25.4288 | 累计|g| = 13.6012
26-01-05-27 Ψ矩阵条件数 cond(Ψ) = 5.73e+00
26-01-05-27 Loss=-30.847816 | E0=-7.79888343+0.00164978j | E1=-7.71146523+0.00044240j|E2=-7.68307482-0.00336130j|E3=-7.65439217+0.00099856j
26-01-05-27 #-----------------------------------------#
26-01-05-27 [Step  71] logΨ: mean=7.410-0.078j | min=2.708-1.444j | max=7.760+1.584j
26-01-05-27 梯度监控 | raw=13.8852 | natural=0.1507 | clipped=0.1507(上限20.0)
26-01-05-27 原始规范坐标 G(Re Σrow_mean) = +25.4909 | 累计|g| = 13.6012
26-01-05-27 Ψ矩阵条件数 cond(Ψ) = 6.90e+00
26-01-05-27 Loss=-30.844689 | E0=-7.79819962-0.00642950j | E1=-7.70947093+0.00315838j|E2=-7.68234325-0.00234790j|E3=-7.65467474+0.00103758j
26-01-05-27 #-----------------------------------------#
26-01-05-27 [Step  72] logΨ: mean=7.501-0.110j | min=3.808-2.760j | max=7.788+1.553j
26-01-05-27 梯度监控 | raw=8.4434 | natural=0.0275 | clipped=0.0275(上限20.0)
26-01-05-27 原始规范坐标 G(Re Σrow_mean) = +25.5500 | 累计|g| = 13.6012
26-01-05-27 Ψ矩阵条件数 cond(Ψ) = 6.32e+00
26-01-05-27 Loss=-30.858397 | E0=-7.80311432+0.00097463j | E1=-7.71179064-0.00027058j|E2=-7.68605772+0.00044486j|E3=-7.65743470-0.00071395j
26-01-05-27 #-----------------------------------------#
26-01-05-27 [Step  73] logΨ: mean=7.534-0.470j | min=2.798+1.801j | max=7.819+1.261j
26-01-05-27 梯度监控 | raw=9.1649 | natural=0.0392 | clipped=0.0392(上限20.0)
26-01-05-27 原始规范坐标 G(Re Σrow_mean) = +25.4940 | 累计|g| = 13.6012
26-01-05-27 Ψ矩阵条件数 cond(Ψ) = 5.80e+00
26-01-05-27 Loss=-30.853291 | E0=-7.80135155+0.00149145j | E1=-7.71122488-0.00162337j|E2=-7.68486162+0.00209666j|E3=-7.65585325-0.00074637j
26-01-05-27 #-----------------------------------------#
26-01-05-27 [Step  74] logΨ: mean=7.736-0.253j | min=1.712+0.370j | max=8.055+1.248j
26-01-05-27 梯度监控 | raw=8.3501 | natural=0.2100 | clipped=0.2100(上限20.0)
26-01-05-27 原始规范坐标 G(Re Σrow_mean) = +25.7474 | 累计|g| = 13.6012
26-01-05-27 Ψ矩阵条件数 cond(Ψ) = 5.94e+00
26-01-05-27 Loss=-30.851834 | E0=-7.80495835+0.00133886j | E1=-7.71253381+0.00007491j|E2=-7.68131326-0.00083359j|E3=-7.65302838+0.00039654j
26-01-05-27 #-----------------------------------------#
26-01-05-27 [Step  75] logΨ: mean=7.911-0.507j | min=3.520+0.422j | max=8.176+1.212j
26-01-05-27 梯度监控 | raw=9.2859 | natural=0.1095 | clipped=0.1095(上限20.0)
26-01-05-27 原始规范坐标 G(Re Σrow_mean) = +25.8621 | 累计|g| = 13.6012
26-01-05-27 Ψ矩阵条件数 cond(Ψ) = 6.07e+00
26-01-05-27 Loss=-30.860924 | E0=-7.80536209+0.00084259j | E1=-7.71394553-0.00269567j|E2=-7.68331189+0.00047127j|E3=-7.65830446+0.00049406j
26-01-05-27 #-----------------------------------------#
26-01-05-27 [Step  76] logΨ: mean=8.030-0.145j | min=3.108+2.494j | max=8.304+1.162j
26-01-05-27 梯度监控 | raw=9.0672 | natural=0.0655 | clipped=0.0655(上限20.0)
26-01-05-27 原始规范坐标 G(Re Σrow_mean) = +25.8588 | 累计|g| = 13.6012
26-01-05-27 Ψ矩阵条件数 cond(Ψ) = 6.11e+00
26-01-05-27 Loss=-30.858927 | E0=-7.80549026+0.00017229j | E1=-7.71206631-0.00021320j|E2=-7.68255218-0.00008024j|E3=-7.65881791-0.00012613j
26-01-05-27 #-----------------------------------------#
26-01-05-27 [Step  77] logΨ: mean=8.049-0.435j | min=3.351+1.294j | max=8.334+1.122j
26-01-05-27 梯度监控 | raw=9.1612 | natural=0.0153 | clipped=0.0153(上限20.0)
26-01-05-27 原始规范坐标 G(Re Σrow_mean) = +25.8377 | 累计|g| = 13.6012
26-01-05-27 Ψ矩阵条件数 cond(Ψ) = 6.01e+00
26-01-05-27 Loss=-30.863046 | E0=-7.80691990-0.00148074j | E1=-7.71173907+0.00030496j|E2=-7.68526966-0.00003118j|E3=-7.65911745+0.00009757j
26-01-05-27 #-----------------------------------------#
26-01-05-27 [Step  78] logΨ: mean=8.131-0.415j | min=4.760+2.721j | max=8.377+1.085j
26-01-05-27 梯度监控 | raw=9.4505 | natural=0.0165 | clipped=0.0165(上限20.0)
26-01-05-27 原始规范坐标 G(Re Σrow_mean) = +25.8672 | 累计|g| = 13.6012
26-01-05-27 Ψ矩阵条件数 cond(Ψ) = 5.98e+01
26-01-05-27 Loss=-30.866134 | E0=-7.80807036-0.00065458j | E1=-7.71364909-0.00019403j|E2=-7.68485777-0.00141324j|E3=-7.65955692+0.00118883j
26-01-05-27 #-----------------------------------------#
26-01-05-27 [Step  79] logΨ: mean=8.658+0.331j | min=2.651-1.369j | max=8.979+0.810j
26-01-05-27 梯度监控 | raw=8.7699 | natural=0.2193 | clipped=0.2193(上限20.0)
26-01-05-27 原始规范坐标 G(Re Σrow_mean) = +26.2202 | 累计|g| = 13.6012
26-01-05-27 Ψ矩阵条件数 cond(Ψ) = 6.99e+00
26-01-05-27 Loss=-30.847148 | E0=-7.81395930+0.00269839j | E1=-7.70962691-0.00139740j|E2=-7.68210968+0.00261564j|E3=-7.64145211-0.00191513j
26-01-05-27 #-----------------------------------------#
26-01-05-27 [保存] Step 79 → pickle 文件已更新 (80 条记录)
26-01-05-27 [GaugeReset@80] 吸收 Δg = Σ Re(col_mean) = +26.2202 | 新|g| = 13.7602
26-01-05-27 [Step  80] logΨ: mean=8.216-0.022j | min=2.668-1.349j | max=8.496+0.665j
26-01-05-27 梯度监控 | raw=12.3831 | natural=0.1281 | clipped=0.1281(上限20.0)
26-01-05-27 原始规范坐标 G(Re Σrow_mean) = +26.3742 | 累计|g| = 13.7602
26-01-05-27 Ψ矩阵条件数 cond(Ψ) = 6.65e+00
26-01-05-27 Loss=-30.861541 | E0=-7.80925932+0.00281335j | E1=-7.71139107-0.00239265j|E2=-7.68447840+0.00075534j|E3=-7.65641204-0.00210472j
26-01-05-27 #-----------------------------------------#
26-01-05-27 [Step  81] logΨ: mean=8.256+0.006j | min=3.293-1.929j | max=8.506+0.639j
26-01-05-27 梯度监控 | raw=12.1455 | natural=0.0126 | clipped=0.0126(上限20.0)
26-01-05-27 原始规范坐标 G(Re Σrow_mean) = +26.3543 | 累计|g| = 13.7602
26-01-05-27 Ψ矩阵条件数 cond(Ψ) = 6.93e+00
26-01-05-27 Loss=-30.872886 | E0=-7.81093451+0.00016895j | E1=-7.71232660-0.00016277j|E2=-7.68753318+0.00018920j|E3=-7.66209197+0.00000581j
26-01-05-27 #-----------------------------------------#
26-01-05-27 [Step  82] logΨ: mean=8.264+0.044j | min=3.242-0.277j | max=8.543+0.611j
26-01-05-27 梯度监控 | raw=10.8977 | natural=0.0126 | clipped=0.0126(上限20.0)
26-01-05-27 原始规范坐标 G(Re Σrow_mean) = +26.2901 | 累计|g| = 13.7602
26-01-05-27 Ψ矩阵条件数 cond(Ψ) = 8.70e+00
26-01-05-27 Loss=-30.877612 | E0=-7.81918270-0.00152100j | E1=-7.71062957+0.00154867j|E2=-7.68634333-0.00076848j|E3=-7.66145668+0.00069551j
26-01-05-27 #-----------------------------------------#
26-01-05-27 [Step  83] logΨ: mean=8.327-0.092j | min=3.509+0.627j | max=8.583+0.583j
26-01-05-27 梯度监控 | raw=11.8437 | natural=0.0122 | clipped=0.0122(上限20.0)
26-01-05-27 原始规范坐标 G(Re Σrow_mean) = +26.3097 | 累计|g| = 13.7602
26-01-05-27 Ψ矩阵条件数 cond(Ψ) = 5.55e+00
26-01-05-27 Loss=-30.880062 | E0=-7.81729324+0.00074683j | E1=-7.71478882+0.00059055j|E2=-7.68653422-0.00043243j|E3=-7.66144573-0.00083164j
26-01-05-27 #-----------------------------------------#
26-01-05-27 [Step  84] logΨ: mean=8.838-0.148j | min=1.528+0.367j | max=9.059+1.321j
26-01-05-27 梯度监控 | raw=14.6519 | natural=0.1635 | clipped=0.1635(上限20.0)
26-01-05-27 原始规范坐标 G(Re Σrow_mean) = +26.4248 | 累计|g| = 13.7602
26-01-05-27 Ψ矩阵条件数 cond(Ψ) = 4.96e+00
26-01-05-27 Loss=-30.866840 | E0=-7.81224258-0.00012812j | E1=-7.71267761-0.00287387j|E2=-7.68461313+0.00101743j|E3=-7.65730664-0.00089722j
26-01-05-27 #-----------------------------------------#
26-01-05-27 [Step  85] logΨ: mean=9.017-0.363j | min=3.182-2.205j | max=9.255+1.297j
26-01-05-27 梯度监控 | raw=13.2993 | natural=0.0632 | clipped=0.0632(上限20.0)
26-01-05-27 原始规范坐标 G(Re Σrow_mean) = +26.4606 | 累计|g| = 13.7602
26-01-05-27 Ψ矩阵条件数 cond(Ψ) = 6.03e+00
26-01-05-27 Loss=-30.881608 | E0=-7.81893904+0.00009696j | E1=-7.71357479+0.00041955j|E2=-7.68779415-0.00126499j|E3=-7.66130032-0.00059131j
26-01-05-27 #-----------------------------------------#
26-01-05-27 [Step  86] logΨ: mean=9.068-0.317j | min=3.289-3.114j | max=9.299+1.265j
26-01-05-27 梯度监控 | raw=13.1354 | natural=0.0126 | clipped=0.0126(上限20.0)
26-01-05-27 原始规范坐标 G(Re Σrow_mean) = +26.4262 | 累计|g| = 13.7602
26-01-05-27 Ψ矩阵条件数 cond(Ψ) = 3.37e+01
26-01-05-27 Loss=-30.883830 | E0=-7.82109950-0.00039887j | E1=-7.71374226-0.00025123j|E2=-7.68817066-0.00111397j|E3=-7.66081791+0.00052884j
26-01-05-27 #-----------------------------------------#
26-01-05-27 [Step  87] logΨ: mean=9.362-0.129j | min=3.999-0.576j | max=9.549+1.402j
26-01-05-27 梯度监控 | raw=13.8595 | natural=0.0504 | clipped=0.0504(上限20.0)
26-01-05-27 原始规范坐标 G(Re Σrow_mean) = +26.6436 | 累计|g| = 13.7602
26-01-05-27 Ψ矩阵条件数 cond(Ψ) = 1.04e+01
26-01-05-27 Loss=-30.884072 | E0=-7.81954794-0.00063056j | E1=-7.71550362-0.00019464j|E2=-7.68787746+0.00014656j|E3=-7.66114326+0.00061317j
26-01-05-27 #-----------------------------------------#
26-01-05-27 [Step  88] logΨ: mean=9.422-0.060j | min=3.792+2.845j | max=9.598+1.375j
26-01-05-27 梯度监控 | raw=14.3092 | natural=0.0261 | clipped=0.0261(上限20.0)
26-01-05-27 原始规范坐标 G(Re Σrow_mean) = +26.6328 | 累计|g| = 13.7602
26-01-05-27 Ψ矩阵条件数 cond(Ψ) = 2.95e+01
26-01-05-27 Loss=-30.888727 | E0=-7.82451038-0.00048557j | E1=-7.71560747+0.00000089j|E2=-7.68691000-0.00035222j|E3=-7.66169934+0.00036583j
26-01-05-27 #-----------------------------------------#
26-01-05-27 [Step  89] logΨ: mean=9.429-0.266j | min=5.685+0.212j | max=9.637+0.353j
26-01-05-27 梯度监控 | raw=14.6568 | natural=0.0112 | clipped=0.0112(上限20.0)
26-01-05-27 原始规范坐标 G(Re Σrow_mean) = +26.5938 | 累计|g| = 13.7602
26-01-05-27 Ψ矩阵条件数 cond(Ψ) = 4.17e+00
26-01-05-27 Loss=-30.889128 | E0=-7.82220326-0.00013291j | E1=-7.71498872+0.00046755j|E2=-7.68755396-0.00057577j|E3=-7.66438237+0.00060192j
26-01-05-27 #-----------------------------------------#
26-01-05-27 [GaugeReset@90] 吸收 Δg = Σ Re(col_mean) = +26.5938 | 新|g| = 13.8687
26-01-05-27 [Step  90] logΨ: mean=9.190+0.284j | min=5.901+0.605j | max=9.314+3.102j
26-01-05-27 梯度监控 | raw=15.1651 | natural=0.0080 | clipped=0.0080(上限20.0)
26-01-05-27 原始规范坐标 G(Re Σrow_mean) = +26.6580 | 累计|g| = 13.8687
26-01-05-27 Ψ矩阵条件数 cond(Ψ) = 9.31e+00
26-01-05-27 Loss=-30.888580 | E0=-7.82423920+0.00011193j | E1=-7.71602533-0.00002584j|E2=-7.68775353+0.00088514j|E3=-7.66056156-0.00179967j
26-01-05-27 #-----------------------------------------#
26-01-05-27 [Step  91] logΨ: mean=9.424-0.404j | min=4.248-2.236j | max=9.597+0.070j
26-01-05-27 梯度监控 | raw=13.2458 | natural=0.0463 | clipped=0.0463(上限20.0)
26-01-05-27 原始规范坐标 G(Re Σrow_mean) = +26.7341 | 累计|g| = 13.8687
26-01-05-27 Ψ矩阵条件数 cond(Ψ) = 3.00e+01
26-01-05-27 Loss=-30.891459 | E0=-7.82739445-0.00045144j | E1=-7.71566195+0.00057591j|E2=-7.68665048-0.00053791j|E3=-7.66175206+0.00091812j
26-01-05-27 #-----------------------------------------#
26-01-05-27 [Step  92] logΨ: mean=9.441-0.283j | min=4.449-2.100j | max=9.641+0.024j
26-01-05-27 梯度监控 | raw=16.2248 | natural=0.0110 | clipped=0.0110(上限20.0)
26-01-05-27 原始规范坐标 G(Re Σrow_mean) = +26.7418 | 累计|g| = 13.8687
26-01-05-27 Ψ矩阵条件数 cond(Ψ) = 6.51e+00
26-01-05-27 Loss=-30.889517 | E0=-7.82244269-0.00054750j | E1=-7.71438000+0.00055662j|E2=-7.68778061+0.00035684j|E3=-7.66491409-0.00008314j
26-01-05-27 #-----------------------------------------#
26-01-05-27 [Step  93] logΨ: mean=9.500+0.342j | min=5.037+0.755j | max=9.687+3.129j
26-01-05-27 梯度监控 | raw=15.7404 | natural=0.0094 | clipped=0.0094(上限20.0)
26-01-05-27 原始规范坐标 G(Re Σrow_mean) = +26.7228 | 累计|g| = 13.8687
26-01-05-27 Ψ矩阵条件数 cond(Ψ) = 2.60e+01
26-01-05-27 Loss=-30.892286 | E0=-7.82519727-0.00005955j | E1=-7.71544690+0.00068596j|E2=-7.68847943+0.00048441j|E3=-7.66316246-0.00090123j
26-01-05-27 #-----------------------------------------#
26-01-05-27 [Step  94] logΨ: mean=9.571+0.301j | min=4.370-2.041j | max=9.771+3.083j
26-01-05-27 梯度监控 | raw=15.5549 | natural=0.0106 | clipped=0.0106(上限20.0)
26-01-05-27 原始规范坐标 G(Re Σrow_mean) = +26.7321 | 累计|g| = 13.8687
26-01-05-27 Ψ矩阵条件数 cond(Ψ) = 6.39e+00
26-01-05-27 Loss=-30.894221 | E0=-7.82610801+0.00021257j | E1=-7.71543914+0.00030511j|E2=-7.68839488-0.00038561j|E3=-7.66427849+0.00047403j
26-01-05-27 #-----------------------------------------#
26-01-05-27 [Step  95] logΨ: mean=9.643+0.312j | min=5.545+0.199j | max=9.839+3.029j
26-01-05-27 梯度监控 | raw=14.4843 | natural=0.0088 | clipped=0.0088(上限20.0)
26-01-05-27 原始规范坐标 G(Re Σrow_mean) = +26.7414 | 累计|g| = 13.8687
26-01-05-27 Ψ矩阵条件数 cond(Ψ) = 9.60e+00
26-01-05-27 Loss=-30.897551 | E0=-7.83106856+0.00004211j | E1=-7.71490297-0.00113244j|E2=-7.68823036+0.00010476j|E3=-7.66334869+0.00022098j
26-01-05-27 #-----------------------------------------#
26-01-05-27 [Step  96] logΨ: mean=9.690+0.237j | min=5.579-2.882j | max=9.929+2.977j
26-01-05-27 梯度监控 | raw=16.2022 | natural=0.0089 | clipped=0.0089(上限20.0)
26-01-05-27 原始规范坐标 G(Re Σrow_mean) = +26.7622 | 累计|g| = 13.8687
26-01-05-27 Ψ矩阵条件数 cond(Ψ) = 4.29e+00
26-01-05-27 Loss=-30.893955 | E0=-7.82770471+0.00049665j | E1=-7.71488406-0.00053258j|E2=-7.68730412+0.00059649j|E3=-7.66406255-0.00017993j
26-01-05-27 #-----------------------------------------#
26-01-05-27 [Step  97] logΨ: mean=10.061+0.072j | min=3.829-2.117j | max=10.252+0.673j
26-01-05-27 梯度监控 | raw=18.9366 | natural=0.1500 | clipped=0.1500(上限20.0)
26-01-05-27 原始规范坐标 G(Re Σrow_mean) = +26.9469 | 累计|g| = 13.8687
26-01-05-27 Ψ矩阵条件数 cond(Ψ) = 6.04e+00
26-01-05-27 Loss=-30.892797 | E0=-7.82822724-0.00026267j | E1=-7.71549208-0.00017805j|E2=-7.68913679+0.00116624j|E3=-7.65994065+0.00104116j
26-01-05-27 #-----------------------------------------#
26-01-05-27 [Step  98] logΨ: mean=10.524+0.040j | min=3.762-2.171j | max=10.713+0.679j
26-01-05-27 梯度监控 | raw=11.2939 | natural=0.0723 | clipped=0.0723(上限20.0)
26-01-05-27 原始规范坐标 G(Re Σrow_mean) = +27.0829 | 累计|g| = 13.8687
26-01-05-27 Ψ矩阵条件数 cond(Ψ) = 4.75e+00
26-01-05-27 Loss=-30.893620 | E0=-7.83300605+0.00004990j | E1=-7.71530228-0.00053861j|E2=-7.68572169-0.00188236j|E3=-7.65958953+0.00096753j
26-01-05-27 #-----------------------------------------#
26-01-05-27 [Step  99] logΨ: mean=10.981+0.473j | min=4.503+2.060j | max=11.163+3.131j
26-01-05-27 梯度监控 | raw=13.7889 | natural=0.1558 | clipped=0.1558(上限20.0)
26-01-05-27 原始规范坐标 G(Re Σrow_mean) = +27.0558 | 累计|g| = 13.8687
26-01-05-27 Ψ矩阵条件数 cond(Ψ) = 7.05e+00
26-01-05-27 Loss=-30.899320 | E0=-7.83522117-0.00003214j | E1=-7.71685375-0.00166719j|E2=-7.68693159-0.00098819j|E3=-7.66031400-0.00068162j
26-01-05-27 #-----------------------------------------#
26-01-05-27 [保存] Step 99 → pickle 文件已更新 (100 条记录)
26-01-05-27 [GaugeReset@100] 吸收 Δg = Σ Re(col_mean) = +27.0558 | 新|g| = 14.0556
26-01-05-27 训练耗时：99.99 秒
26-01-05-27 
============================================================
26-01-05-27 训练完成!
26-01-05-27 ============================================================
26-01-05-27 [保存] 训练结束，pickle 最终写入 100 条记录 → ./data/26-09-01-05-26_history_natural_gradient_LiH_molecule_K4.pkl
26-01-05-27 Loss 曲线已保存: ./日志/26-09-01-05-26_loss_curve_gauge_reset_min120.png
26-01-05-27 logΨ mean 曲线已保存: ./日志/26-09-01-05-26_logPsi_mean_curve_gauge_reset_min120.png
26-01-05-27 Loss 曲线已保存: ./日志/26-09-01-05-26_loss_curve_gauge_reset_min120.png
26-01-05-27 logΨ mean 曲线已保存: ./日志/26-09-01-05-26_logPsi_mean_curve_gauge_reset_min120.png
