
============================================================
开始多链 NES-VMC 训练 | 行规范投影版（row-gauge-projected）
============================================================
精确CAS基准：基态=-7.86364558 Ha | 1激发=-7.72153670 Ha|2激发=-7.70823970 Ha|3激发=-7.68581513 Ha|
理论 Loss 上限：-30.97923710 
超参：clip_norm=20.0, lr=0.1, QGT diag_shift=0.1
[Step   0] logΨ: mean=7.682+0.889j | min=1.620-1.951j | max=9.476+1.238j
梯度监控 | raw=25.4200 | natural=1.9753 | clipped=1.9753(上限20.0)
Ψ矩阵条件数 cond(Ψ) = 1.52e+01
Loss=-21.989181 | E0=-5.90165091+0.01112421j | E1=-5.64291648+0.01155631j|E2=-5.33633014-0.02197863j|E3=-5.10828311-0.00074582j
#-----------------------------------------#
[值一致性校验@Step0] max|ΔRe|=2.665e-15 | max|ΔIm|=6.283e+00（模2π=-1.776e-15）
[Step   1] logΨ: mean=8.181+0.828j | min=2.648-1.237j | max=10.068+1.384j
梯度监控 | raw=27.9721 | natural=1.9633 | clipped=1.9633(上限20.0)
Ψ矩阵条件数 cond(Ψ) = 1.66e+01
Loss=-22.684239 | E0=-6.23048604+0.00561231j | E1=-5.91731794-0.01678573j|E2=-5.44499649+0.00612807j|E3=-5.09143835+0.00652095j
#-----------------------------------------#
[Step   2] logΨ: mean=8.890+0.807j | min=3.172+1.476j | max=10.711+1.452j
梯度监控 | raw=26.4251 | natural=1.7966 | clipped=1.7966(上限20.0)
Ψ矩阵条件数 cond(Ψ) = 6.85e+01
Loss=-23.235806 | E0=-6.48959380+0.01068995j | E1=-6.19239246-0.01517649j|E2=-5.48761113+0.00341249j|E3=-5.06620813+0.00055049j
#-----------------------------------------#
[Step   3] logΨ: mean=9.334+0.599j | min=2.275+3.487j | max=11.092+1.401j
梯度监控 | raw=26.4346 | natural=1.6794 | clipped=1.6794(上限20.0)
Ψ矩阵条件数 cond(Ψ) = 7.12e+00
Loss=-23.668276 | E0=-6.64467850+0.00902152j | E1=-6.47271061-0.00243552j|E2=-5.49508401-0.00599157j|E3=-5.05580271-0.00106769j
#-----------------------------------------#
[Step   4] logΨ: mean=9.873+0.733j | min=1.623+1.285j | max=11.498+1.407j
梯度监控 | raw=35.3033 | natural=1.6062 | clipped=1.6062(上限20.0)
Ψ矩阵条件数 cond(Ψ) = 1.45e+01
Loss=-23.874460 | E0=-6.72859189-0.01282147j | E1=-6.54898203+0.00796104j|E2=-5.52361544+0.00828206j|E3=-5.07327063+0.00006093j
#-----------------------------------------#
[Step   5] logΨ: mean=10.397+0.629j | min=2.861+4.239j | max=11.901+1.394j
梯度监控 | raw=34.9037 | natural=1.3877 | clipped=1.3877(上限20.0)
Ψ矩阵条件数 cond(Ψ) = 2.25e+01
Loss=-24.161355 | E0=-6.89969020+0.00858667j | E1=-6.65953701-0.00804586j|E2=-5.52642308-0.00281124j|E3=-5.07570460-0.00162386j
#-----------------------------------------#
[Step   6] logΨ: mean=11.184+0.620j | min=4.739-1.190j | max=12.678+1.632j
梯度监控 | raw=32.1877 | natural=1.2597 | clipped=1.2597(上限20.0)
Ψ矩阵条件数 cond(Ψ) = 1.99e+01
Loss=-24.338329 | E0=-7.02142539-0.00754610j | E1=-6.71999340+0.00528924j|E2=-5.52717540+0.00507856j|E3=-5.06973515-0.00079000j
#-----------------------------------------#
[Step   7] logΨ: mean=12.058+0.497j | min=6.778+1.957j | max=13.587+1.598j
梯度监控 | raw=47.0736 | natural=0.9613 | clipped=0.9613(上限20.0)
Ψ矩阵条件数 cond(Ψ) = 2.35e+01
Loss=-24.530385 | E0=-7.20332685-0.00189629j | E1=-6.73498028+0.00183811j|E2=-5.52391322-0.00209357j|E3=-5.06816438+0.00170466j
#-----------------------------------------#
[Step   8] logΨ: mean=13.393+0.542j | min=5.810+0.319j | max=14.730+1.538j
梯度监控 | raw=46.5544 | natural=0.8657 | clipped=0.8657(上限20.0)
Ψ矩阵条件数 cond(Ψ) = 1.09e+01
Loss=-24.778949 | E0=-7.39579305+0.00225440j | E1=-6.77348275-0.00204625j|E2=-5.53244400-0.00057312j|E3=-5.07722894-0.00069942j
#-----------------------------------------#
[Step   9] logΨ: mean=10.310+0.429j | min=3.077+2.311j | max=11.462+1.326j
梯度监控 | raw=59.4617 | natural=0.5632 | clipped=0.5632(上限20.0)
Ψ矩阵条件数 cond(Ψ) = 1.42e+01
Loss=-24.915833 | E0=-7.53686817+0.00068944j | E1=-6.75319576-0.00188291j|E2=-5.53460203-0.00008010j|E3=-5.09116690-0.00015171j
#-----------------------------------------#
[Step  10] logΨ: mean=11.353+0.618j | min=6.007+0.636j | max=12.629+1.326j
梯度监控 | raw=108.5312 | natural=0.5028 | clipped=0.5028(上限20.0)
Ψ矩阵条件数 cond(Ψ) = 1.98e+01
Loss=-23.747711 | E0=-7.65871045-0.00149393j | E1=-6.64333669+0.00474033j|E2=-5.53449405-0.00346335j|E3=-3.91116944-0.00203784j
#-----------------------------------------#
[Step  11] logΨ: mean=12.475+0.438j | min=5.950+2.633j | max=13.665+1.348j
梯度监控 | raw=137.8188 | natural=0.4441 | clipped=0.4441(上限20.0)
Ψ矩阵条件数 cond(Ψ) = 2.54e+01
Loss=-24.239340 | E0=-7.67633932+0.00052469j | E1=-6.86097905+0.00141243j|E2=-5.54090027+0.00235562j|E3=-4.16112135-0.00062072j
#-----------------------------------------#
[Step  12] logΨ: mean=13.760+0.325j | min=7.213-0.143j | max=14.855+1.322j
梯度监控 | raw=144.0981 | natural=0.5417 | clipped=0.5417(上限20.0)
Ψ矩阵条件数 cond(Ψ) = 2.22e+01
Loss=-24.547249 | E0=-7.70177558-0.00162703j | E1=-6.77628380+0.00300778j|E2=-5.54165012-0.00020503j|E3=-4.52753922-0.00036234j
#-----------------------------------------#
[Step  13] logΨ: mean=14.904+0.403j | min=8.954+3.212j | max=15.820+1.250j
梯度监控 | raw=120.8387 | natural=0.4816 | clipped=0.4816(上限20.0)
Ψ矩阵条件数 cond(Ψ) = 3.54e+01
Loss=-24.747354 | E0=-7.70669794+0.00400340j | E1=-6.81526848-0.00018525j|E2=-5.52951142-0.00177895j|E3=-4.69587593-0.00319892j
#-----------------------------------------#
[Step  14] logΨ: mean=16.219+0.436j | min=10.975+3.177j | max=17.471+3.659j
梯度监控 | raw=135.4799 | natural=0.4354 | clipped=0.4354(上限20.0)
Ψ矩阵条件数 cond(Ψ) = 1.44e+01
Loss=-25.001024 | E0=-7.70923352-0.00074121j | E1=-6.82627225-0.00073442j|E2=-5.53335835-0.00012486j|E3=-4.93215952+0.00167076j
#-----------------------------------------#
[Step  15] logΨ: mean=16.535+0.520j | min=9.072+2.694j | max=17.486+1.490j
梯度监控 | raw=120.8286 | natural=0.4936 | clipped=0.4936(上限20.0)
Ψ矩阵条件数 cond(Ψ) = 2.31e+01
Loss=-25.075556 | E0=-7.71030322-0.00106522j | E1=-6.89726152-0.00206869j|E2=-5.54135424-0.00371992j|E3=-4.92663732+0.00055469j
#-----------------------------------------#
[Step  16] logΨ: mean=17.758+0.055j | min=10.126+2.270j | max=18.679+1.718j
梯度监控 | raw=95.9637 | natural=0.2803 | clipped=0.2803(上限20.0)
Ψ矩阵条件数 cond(Ψ) = 2.40e+01
Loss=-25.193491 | E0=-7.70802495-0.00030571j | E1=-6.92263601-0.00051113j|E2=-5.53752269+0.00177079j|E3=-5.02530780-0.00068338j
#-----------------------------------------#
[Step  17] logΨ: mean=18.771+2.293j | min=12.958+1.227j | max=19.255+4.239j
梯度监控 | raw=96.3778 | natural=0.3012 | clipped=0.3012(上限20.0)
Ψ矩阵条件数 cond(Ψ) = 1.61e+01
Loss=-25.293840 | E0=-7.71064975-0.00023501j | E1=-6.96454141+0.00098656j|E2=-5.53464407-0.00152911j|E3=-5.08400465-0.00052540j
#-----------------------------------------#
[Step  18] logΨ: mean=19.925+2.076j | min=12.655+2.753j | max=20.557+4.284j
梯度监控 | raw=110.4980 | natural=0.2354 | clipped=0.2354(上限20.0)
Ψ矩阵条件数 cond(Ψ) = 1.63e+01
Loss=-25.209760 | E0=-7.70891793-0.00009508j | E1=-6.87356093+0.00037980j|E2=-5.53215195+0.00117648j|E3=-5.09512919+0.00030143j
#-----------------------------------------#
[Step  19] logΨ: mean=21.778+2.156j | min=15.860+0.833j | max=22.315+4.341j
梯度监控 | raw=119.3933 | natural=0.1342 | clipped=0.1342(上限20.0)
Ψ矩阵条件数 cond(Ψ) = 2.63e+01
Loss=-25.254815 | E0=-7.71001204-0.00016228j | E1=-6.91309511+0.00280377j|E2=-5.53110661+0.00113412j|E3=-5.10060120-0.00035811j
#-----------------------------------------#
[Step  20] logΨ: mean=22.225+1.085j | min=16.351+0.396j | max=22.664+3.683j
梯度监控 | raw=197.7480 | natural=0.2036 | clipped=0.2036(上限20.0)
Ψ矩阵条件数 cond(Ψ) = 5.62e+01
Loss=-25.222728 | E0=-7.71081041+0.00004917j | E1=-6.87623685-0.00034150j|E2=-5.53040639+0.00118647j|E3=-5.10527439+0.00017161j
#-----------------------------------------#
[Step  21] logΨ: mean=22.602+1.579j | min=17.869+0.086j | max=23.046+3.482j
梯度监控 | raw=259.0424 | natural=0.1182 | clipped=0.1182(上限20.0)
Ψ矩阵条件数 cond(Ψ) = 1.74e+01
Loss=-25.098945 | E0=-7.71018479+0.00011858j | E1=-6.73997891+0.00188816j|E2=-5.53616284+0.00116658j|E3=-5.11261869-0.00040250j
#-----------------------------------------#
[Step  22] logΨ: mean=22.974+1.633j | min=17.427+2.935j | max=23.377+3.338j
梯度监控 | raw=285.7914 | natural=0.1604 | clipped=0.1604(上限20.0)
Ψ矩阵条件数 cond(Ψ) = 3.29e+01
Loss=-25.090863 | E0=-7.71030545+0.00013692j | E1=-6.72865997+0.00207411j|E2=-5.53444852-0.00076920j|E3=-5.11744866+0.00065491j
#-----------------------------------------#
[Step  23] logΨ: mean=23.348+0.867j | min=16.744-0.178j | max=23.717+2.711j
梯度监控 | raw=463.7843 | natural=0.1521 | clipped=0.1521(上限20.0)
Ψ矩阵条件数 cond(Ψ) = 1.80e+01
Loss=-24.961541 | E0=-7.70999983+0.00024959j | E1=-6.59155290-0.00350218j|E2=-5.52915459+0.00146272j|E3=-5.13083363+0.00058645j
#-----------------------------------------#
[Step  24] logΨ: mean=23.078+0.494j | min=17.564-0.664j | max=23.472+2.045j
梯度监控 | raw=525.0495 | natural=0.2067 | clipped=0.2067(上限20.0)
Ψ矩阵条件数 cond(Ψ) = 1.83e+01
Loss=-24.963799 | E0=-7.71017803+0.00007356j | E1=-6.56162267+0.00118668j|E2=-5.53972094-0.00225040j|E3=-5.15227701-0.00044376j
#-----------------------------------------#
[Step  25] logΨ: mean=22.985+0.761j | min=16.591+3.884j | max=23.476+1.994j
梯度监控 | raw=628.2848 | natural=0.1244 | clipped=0.1244(上限20.0)
Ψ矩阵条件数 cond(Ψ) = 9.73e+00
Loss=-24.731416 | E0=-7.70966022-0.00006079j | E1=-6.32881128-0.00229924j|E2=-5.53219640-0.00070637j|E3=-5.16074802+0.00020899j
#-----------------------------------------#
[Step  26] logΨ: mean=23.291+0.536j | min=18.638-1.229j | max=23.826+1.543j
梯度监控 | raw=692.7245 | natural=0.1595 | clipped=0.1595(上限20.0)
Ψ矩阵条件数 cond(Ψ) = 9.16e+00
Loss=-24.637977 | E0=-7.70949174-0.00018608j | E1=-6.23048471-0.00157927j|E2=-5.53037634-0.00017971j|E3=-5.16762454+0.00068594j
#-----------------------------------------#
[Step  27] logΨ: mean=23.348+0.039j | min=18.983-1.477j | max=23.808+1.287j
梯度监控 | raw=782.2454 | natural=0.0575 | clipped=0.0575(上限20.0)
Ψ矩阵条件数 cond(Ψ) = 2.46e+01
Loss=-24.555045 | E0=-7.70915990-0.00050425j | E1=-6.09741102-0.00081111j|E2=-5.53189581+0.00004095j|E3=-5.21657787-0.00089293j
#-----------------------------------------#
[Step  28] logΨ: mean=23.831-0.450j | min=18.655+3.196j | max=24.388+0.889j
梯度监控 | raw=1054.6676 | natural=0.1398 | clipped=0.1398(上限20.0)
Ψ矩阵条件数 cond(Ψ) = 8.30e+00
Loss=-24.624543 | E0=-7.70920745-0.00061166j | E1=-6.21159675+0.00115889j|E2=-5.53499032+0.00033812j|E3=-5.16874890-0.00018248j
#-----------------------------------------#
[Step  29] logΨ: mean=23.655-0.822j | min=17.801+1.903j | max=24.217+0.939j
梯度监控 | raw=1181.7998 | natural=0.1852 | clipped=0.1852(上限20.0)
Ψ矩阵条件数 cond(Ψ) = 7.67e+00
Loss=-24.557586 | E0=-7.70857824-0.00065821j | E1=-6.13687533+0.00070745j|E2=-5.53424053-0.00077305j|E3=-5.17789185+0.00050464j
#-----------------------------------------#
训练耗时：66.36 秒

============================================================
训练完成!
============================================================
