
============================================================
开始多链 NES-VMC 训练 | 规范方向脊约束版（gauge-direction ridge）
============================================================
精确CAS基准：基态=-7.86364558 Ha | 1激发=-7.72153670 Ha|2激发=-7.70823970 Ha|3激发=-7.68581513 Ha|
理论 Loss 上限：-30.97923710 
超参：clip_norm=20.0, lr=0.1, QGT diag_shift=0.1, gauge_ridge μ=20.0
[Step   0] logΨ: mean=9.245+0.137j | min=3.393-2.240j | max=11.015+0.968j
梯度监控 | raw=20.1724 | natural=2.4723 | clipped=2.4723(上限20.0)
行规范坐标 G(Re Σrow_mean) = +4.2798 | ΔG from init = +0.0000
Ψ矩阵条件数 cond(Ψ) = 1.16e+01
Loss=-21.989181 | E0=-5.90165091+0.01112421j | E1=-5.64291648+0.01155631j|E2=-5.33633014-0.02197863j|E3=-5.10828311-0.00074582j
#-----------------------------------------#
[Step   1] logΨ: mean=9.979+0.011j | min=5.069+1.189j | max=11.786+0.946j
梯度监控 | raw=21.0156 | natural=2.2084 | clipped=2.2084(上限20.0)
行规范坐标 G(Re Σrow_mean) = +4.8176 | ΔG from init = +0.5378
Ψ矩阵条件数 cond(Ψ) = 2.13e+01
Loss=-23.057703 | E0=-6.25582638-0.02223180j | E1=-6.16867550+0.04165280j|E2=-5.53798549-0.01442966j|E3=-5.09521542-0.00080819j
#-----------------------------------------#
[Step   2] logΨ: mean=11.361-0.065j | min=3.896-0.880j | max=13.246+0.900j
梯度监控 | raw=21.3853 | natural=1.9242 | clipped=1.9242(上限20.0)
行规范坐标 G(Re Σrow_mean) = +6.0130 | ΔG from init = +1.7332
Ψ矩阵条件数 cond(Ψ) = 1.25e+01
Loss=-23.847033 | E0=-6.58076332-0.01157746j | E1=-6.52094368+0.00915204j|E2=-5.63734436+0.00075640j|E3=-5.10798170+0.00242501j
#-----------------------------------------#
[Step   3] logΨ: mean=12.485-0.119j | min=6.188+1.292j | max=14.274+1.215j
梯度监控 | raw=27.8037 | natural=1.6484 | clipped=1.6484(上限20.0)
行规范坐标 G(Re Σrow_mean) = +6.9576 | ΔG from init = +2.6778
Ψ矩阵条件数 cond(Ψ) = 1.08e+01
Loss=-24.509612 | E0=-6.89019768+0.00631476j | E1=-6.76313270-0.00187143j|E2=-5.74097379-0.00323913j|E3=-5.11530738+0.00226350j
#-----------------------------------------#
[Step   4] logΨ: mean=13.434+0.027j | min=7.847-2.597j | max=15.130+1.327j
梯度监控 | raw=34.5443 | natural=1.4360 | clipped=1.4360(上限20.0)
行规范坐标 G(Re Σrow_mean) = +7.8102 | ΔG from init = +3.5304
Ψ矩阵条件数 cond(Ψ) = 9.47e+00
Loss=-25.084584 | E0=-7.11723601+0.00596454j | E1=-6.96984863-0.01161115j|E2=-5.83514075-0.00054026j|E3=-5.16235831-0.00072441j
#-----------------------------------------#
[Step   5] logΨ: mean=14.309-0.169j | min=7.818+2.482j | max=15.912+1.211j
梯度监控 | raw=41.2810 | natural=1.1862 | clipped=1.1862(上限20.0)
行规范坐标 G(Re Σrow_mean) = +8.6177 | ΔG from init = +4.3379
Ψ矩阵条件数 cond(Ψ) = 9.81e+00
Loss=-25.511492 | E0=-7.29509955-0.00004369j | E1=-7.06824228+0.00298827j|E2=-5.98065550+0.00191710j|E3=-5.16749425-0.00096762j
#-----------------------------------------#
[Step   6] logΨ: mean=15.440-0.264j | min=8.460-2.094j | max=16.931+0.031j
梯度监控 | raw=60.4240 | natural=1.0728 | clipped=1.0728(上限20.0)
行规范坐标 G(Re Σrow_mean) = +9.7216 | ΔG from init = +5.4418
Ψ矩阵条件数 cond(Ψ) = 9.65e+00
Loss=-25.993692 | E0=-7.38527044+0.00361659j | E1=-7.18612225+0.00612111j|E2=-6.15441336-0.00277343j|E3=-5.26788582-0.00392683j
#-----------------------------------------#
[Step   7] logΨ: mean=16.298-0.154j | min=10.104+1.762j | max=17.771+0.099j
梯度监控 | raw=76.4354 | natural=0.9756 | clipped=0.9756(上限20.0)
行规范坐标 G(Re Σrow_mean) = +10.5494 | ΔG from init = +6.2696
Ψ矩阵条件数 cond(Ψ) = 9.60e+00
Loss=-26.333503 | E0=-7.45982867-0.01171313j | E1=-7.25896725+0.00750216j|E2=-6.27014676+0.00428722j|E3=-5.34456003-0.00055889j
#-----------------------------------------#
[Step   8] logΨ: mean=17.117-0.203j | min=11.115-2.158j | max=18.550+0.035j
梯度监控 | raw=91.1983 | natural=0.7920 | clipped=0.7920(上限20.0)
行规范坐标 G(Re Σrow_mean) = +11.3638 | ΔG from init = +7.0841
Ψ矩阵条件数 cond(Ψ) = 1.00e+01
Loss=-26.727562 | E0=-7.52583953-0.00304446j | E1=-7.31143296+0.00500871j|E2=-6.44274484-0.00576878j|E3=-5.44754480+0.00370491j
#-----------------------------------------#
[Step   9] logΨ: mean=17.898+0.016j | min=10.421-2.567j | max=19.266+2.955j
梯度监控 | raw=114.1462 | natural=0.7452 | clipped=0.7452(上限20.0)
行规范坐标 G(Re Σrow_mean) = +12.2107 | ΔG from init = +7.9310
Ψ矩阵条件数 cond(Ψ) = 8.12e+00
Loss=-27.089508 | E0=-7.57422323-0.00413231j | E1=-7.33864337+0.00195739j|E2=-6.58320157+0.00531572j|E3=-5.59343947+0.00026349j
#-----------------------------------------#
[Step  10] logΨ: mean=19.075+0.027j | min=11.067-2.454j | max=32.784+2.900j
梯度监控 | raw=128.5647 | natural=0.6648 | clipped=0.6648(上限20.0)
行规范坐标 G(Re Σrow_mean) = +13.4494 | ΔG from init = +9.1697
Ψ矩阵条件数 cond(Ψ) = 1.13e+01
Loss=-27.517001 | E0=-7.60846950+0.00014974j | E1=-7.37768539+0.00917614j|E2=-6.72428253-0.00890340j|E3=-5.80656329-0.00165578j
#-----------------------------------------#
【Step 11 告警】梯度异常！nan=False, raw_grad_norm=271714947.13
[Step  11] logΨ: mean=18.496-0.323j | min=4.930+0.804j | max=28.832+1.410j
梯度监控 | raw=271714947.1280 | natural=109347.0440 | clipped=20.0000(上限20.0)
行规范坐标 G(Re Σrow_mean) = +7.0732 | ΔG from init = +2.7934
Ψ矩阵条件数 cond(Ψ) = 2.63e+01
Loss=7011.487224 | E0=-7.61708576-0.00526023j | E1=-7.39800490+0.01503441j|E2=-6.20076394+0.08799183j|E3=7032.70307905+2744.44979587j
#-----------------------------------------#
【Step 12 告警】梯度异常！nan=False, raw_grad_norm=2767969.88
[Step  12] logΨ: mean=8.653-0.456j | min=5.917-1.510j | max=14.865+2.785j
梯度监控 | raw=2767969.8805 | natural=664.0832 | clipped=20.0000(上限20.0)
行规范坐标 G(Re Σrow_mean) = +4.0708 | ΔG from init = -0.2090
Ψ矩阵条件数 cond(Ψ) = 3.30e+01
Loss=1171.065044 | E0=-7.36566175-0.07302896j | E1=-6.03131343+0.30370747j|E2=-1.88857348+0.37906925j|E3=1186.35059311+475.61185960j
#-----------------------------------------#
[Step  13] logΨ: mean=8.745-0.366j | min=6.890-0.713j | max=13.341+0.229j
梯度监控 | raw=897.8969 | natural=0.4388 | clipped=0.4388(上限20.0)
行规范坐标 G(Re Σrow_mean) = +4.0292 | ΔG from init = -0.2506
Ψ矩阵条件数 cond(Ψ) = 3.07e+01
Loss=-23.904518 | E0=-7.56934094-0.00602517j | E1=-6.98994139+0.09706943j|E2=-6.17479136-0.17283241j|E3=-3.17044384+1.08674899j
#-----------------------------------------#
[Step  14] logΨ: mean=8.954-0.418j | min=6.741-0.766j | max=14.030+0.273j
梯度监控 | raw=984.0395 | natural=0.4395 | clipped=0.4395(上限20.0)
行规范坐标 G(Re Σrow_mean) = +4.1510 | ΔG from init = -0.1288
Ψ矩阵条件数 cond(Ψ) = 3.50e+01
Loss=-23.665238 | E0=-7.56149701-0.00945708j | E1=-7.01441928+0.05121660j|E2=-6.23500669-0.16258867j|E3=-2.85431530+0.29465023j
#-----------------------------------------#
[Step  15] logΨ: mean=9.283-0.411j | min=6.697-0.736j | max=14.846+0.269j
梯度监控 | raw=1015.6113 | natural=0.3855 | clipped=0.3855(上限20.0)
行规范坐标 G(Re Σrow_mean) = +4.4166 | ΔG from init = +0.1368
Ψ矩阵条件数 cond(Ψ) = 5.29e+01
Loss=-23.820891 | E0=-7.57583143-0.04486002j | E1=-7.02946194-0.02546026j|E2=-6.40699676-0.00175597j|E3=-2.80860037+0.15235883j
#-----------------------------------------#
[Step  16] logΨ: mean=9.746-0.466j | min=6.774-0.736j | max=15.666+0.212j
梯度监控 | raw=1028.9664 | natural=0.3467 | clipped=0.3467(上限20.0)
行规范坐标 G(Re Σrow_mean) = +4.7598 | ΔG from init = +0.4801
Ψ矩阵条件数 cond(Ψ) = 3.08e+01
Loss=-24.033009 | E0=-7.64734331-0.04721850j | E1=-7.03744911+0.02165531j|E2=-6.57789822+0.10107679j|E3=-2.77031808+0.13318639j
#-----------------------------------------#
[Step  17] logΨ: mean=10.402-0.280j | min=7.034-0.719j | max=17.027-0.015j
梯度监控 | raw=1077.5326 | natural=0.3290 | clipped=0.3290(上限20.0)
行规范坐标 G(Re Σrow_mean) = +5.0637 | ΔG from init = +0.7839
Ψ矩阵条件数 cond(Ψ) = 9.43e+00
Loss=-24.260458 | E0=-7.76537860+0.06243104j | E1=-6.91783772-0.11363110j|E2=-6.85199599+0.21781870j|E3=-2.72524524+0.22922194j
#-----------------------------------------#
[Step  18] logΨ: mean=11.430-0.516j | min=7.782-0.829j | max=18.409-0.206j
梯度监控 | raw=1279.9006 | natural=0.3931 | clipped=0.3931(上限20.0)
行规范坐标 G(Re Σrow_mean) = +5.5154 | ΔG from init = +1.2357
Ψ矩阵条件数 cond(Ψ) = 1.07e+01
Loss=-24.668933 | E0=-8.45811400-0.72913600j | E1=-7.29601263-0.09050344j|E2=-6.60576109+0.73569825j|E3=-2.30904488+0.95300623j
#-----------------------------------------#
[Step  19] logΨ: mean=13.736+0.131j | min=9.984-0.243j | max=20.480+0.683j
梯度监控 | raw=2510.1253 | natural=0.9786 | clipped=0.9786(上限20.0)
行规范坐标 G(Re Σrow_mean) = +7.2094 | ΔG from init = +2.9296
Ψ矩阵条件数 cond(Ψ) = 1.96e+01
Loss=-27.307074 | E0=-12.67807855+3.25631061j | E1=-7.30157011-0.12025592j|E2=-7.15916869+0.21428959j|E3=-0.16825700+1.37647914j
#-----------------------------------------#
[Step  20] logΨ: mean=13.276-0.165j | min=8.739-0.720j | max=20.433+1.831j
梯度监控 | raw=4714.1242 | natural=0.3558 | clipped=0.3558(上限20.0)
行规范坐标 G(Re Σrow_mean) = +6.5576 | ΔG from init = +2.2778
Ψ矩阵条件数 cond(Ψ) = 1.22e+01
Loss=-22.924992 | E0=-11.36718606+7.31306400j | E1=-7.89399807-0.14379506j|E2=-7.28482252-0.00170669j|E3=3.62101490-1.62400560j
#-----------------------------------------#
【Step 21 告警】梯度异常！nan=False, raw_grad_norm=35190.14
[Step  21] logΨ: mean=15.789+0.966j | min=8.367-1.006j | max=46.863-2.265j
梯度监控 | raw=35190.1415 | natural=2.4609 | clipped=2.4609(上限20.0)
行规范坐标 G(Re Σrow_mean) = +5.8710 | ΔG from init = +1.5913
Ψ矩阵条件数 cond(Ψ) = 1.33e+01
Loss=-5.495349 | E0=-8.65157284-0.35684364j | E1=-7.32623703+0.05434448j|E2=-0.27287191-14.60452573j|E3=10.75533234+48.24852053j
#-----------------------------------------#
【Step 22 告警】梯度异常！nan=False, raw_grad_norm=3379087935750986.50
[Step  22] logΨ: mean=9.190-0.743j | min=7.202-2.871j | max=15.995+1.314j
梯度监控 | raw=3379087935750986.5000 | natural=77626722096.3322 | clipped=20.0000(上限20.0)
行规范坐标 G(Re Σrow_mean) = +3.7447 | ΔG from init = -0.5350
Ψ矩阵条件数 cond(Ψ) = 9.51e+00
Loss=30048480893.650265 | E0=-7.42061406-0.00982418j | E1=-3.39948036-0.15625212j|E2=61.43986623-38.86300503j|E3=30048480843.03053284+64991290759.94732666j
#-----------------------------------------#
[Step  23] logΨ: mean=9.901+0.072j | min=7.824-0.997j | max=13.620-2.001j
梯度监控 | raw=1176.4614 | natural=0.6644 | clipped=0.6644(上限20.0)
行规范坐标 G(Re Σrow_mean) = +4.3759 | ΔG from init = +0.0961
Ψ矩阵条件数 cond(Ψ) = 1.36e+01
Loss=-23.843932 | E0=-9.32792264-0.99273255j | E1=-7.72847987+0.00283578j|E2=-6.24265508+0.52126928j|E3=-0.54487480+6.01168831j
#-----------------------------------------#
[Step  24] logΨ: mean=10.400+0.209j | min=8.286-0.596j | max=14.533-2.184j
梯度监控 | raw=136.5457 | natural=0.3054 | clipped=0.3054(上限20.0)
行规范坐标 G(Re Σrow_mean) = +4.4268 | ΔG from init = +0.1470
Ψ矩阵条件数 cond(Ψ) = 1.27e+01
Loss=-25.276844 | E0=-7.94691851+1.44291369j | E1=-7.75975654-0.09281045j|E2=-5.84477730+1.10790252j|E3=-3.72539195-3.76844350j
#-----------------------------------------#
[Step  25] logΨ: mean=10.885-0.515j | min=9.161-0.948j | max=15.011-2.462j
梯度监控 | raw=71.0773 | natural=0.3594 | clipped=0.3594(上限20.0)
行规范坐标 G(Re Σrow_mean) = +4.7247 | ΔG from init = +0.4449
Ψ矩阵条件数 cond(Ψ) = 1.33e+01
Loss=-25.875320 | E0=-8.65069734+1.07260753j | E1=-7.77252645-0.03674265j|E2=-6.07596706+0.44642313j|E3=-3.37612911-2.17016542j
#-----------------------------------------#
[Step  26] logΨ: mean=11.239+0.104j | min=9.461+0.824j | max=15.289-2.607j
梯度监控 | raw=89.7097 | natural=0.2965 | clipped=0.2965(上限20.0)
行规范坐标 G(Re Σrow_mean) = +5.0261 | ΔG from init = +0.7463
Ψ矩阵条件数 cond(Ψ) = 1.37e+01
Loss=-25.388767 | E0=-7.67113940-0.03092780j | E1=-7.27230633+1.19033537j|E2=-6.19211655-0.13433115j|E3=-4.25320473-1.22879225j
#-----------------------------------------#
[Step  27] logΨ: mean=11.691+0.074j | min=9.595+0.871j | max=15.749-2.578j
梯度监控 | raw=320.4036 | natural=0.1218 | clipped=0.1218(上限20.0)
行规范坐标 G(Re Σrow_mean) = +5.2562 | ΔG from init = +0.9764
Ψ矩阵条件数 cond(Ψ) = 1.33e+01
Loss=-25.116618 | E0=-7.62207758+0.02871047j | E1=-7.01664868-0.73997627j|E2=-6.50045697+0.97161765j|E3=-3.97743445-0.21266784j
#-----------------------------------------#
[Step  28] logΨ: mean=12.087+0.065j | min=9.752+0.950j | max=16.215-2.509j
梯度监控 | raw=471.5069 | natural=0.0697 | clipped=0.0697(上限20.0)
行规范坐标 G(Re Σrow_mean) = +5.4285 | ΔG from init = +1.1488
Ψ矩阵条件数 cond(Ψ) = 1.28e+01
Loss=-25.055834 | E0=-7.62343077+0.08371410j | E1=-7.34841807-0.71341469j|E2=-6.26527494+0.99166031j|E3=-3.81871032-0.03089589j
#-----------------------------------------#
[Step  29] logΨ: mean=12.457+0.089j | min=9.931+1.037j | max=16.672-2.404j
梯度监控 | raw=603.7644 | natural=0.0605 | clipped=0.0605(上限20.0)
行规范坐标 G(Re Σrow_mean) = +5.5743 | ΔG from init = +1.2945
Ψ矩阵条件数 cond(Ψ) = 1.23e+01
Loss=-25.018193 | E0=-7.61184271+0.13194948j | E1=-7.41622869-0.58477359j|E2=-6.16601783+1.08072739j|E3=-3.82410350-0.06145215j
#-----------------------------------------#
训练耗时：49.62 秒

============================================================
训练完成!
============================================================
