
============================================================
开始多链 NES-VMC 训练 | 使用自然梯度
============================================================
精确CAS基准：基态=-7.86364558 Ha | 1激发=-7.72153670 Ha|2激发=-7.70823970 Ha|3激发=-7.68581513 Ha|
理论 Loss 上限：-30.97923710 
超参：clip_norm=20.0, lr=0.1, QGT diag_shift=0.1
[Step   0] logΨ: mean=9.264+0.151j | min=3.413-2.258j | max=11.034+0.951j
梯度监控 | raw=20.1724 | natural=2.4716 | clipped=2.4716(上限20.0)
Ψ矩阵条件数 cond(Ψ) = 1.15e+01
Loss=-21.989181 | E0=-5.90165091+0.01112421j | E1=-5.64291648+0.01155631j|E2=-5.33633014-0.02197863j|E3=-5.10828311-0.00074582j
#-----------------------------------------#
[Step   1] logΨ: mean=10.157+0.006j | min=4.232+2.681j | max=11.978+0.750j
梯度监控 | raw=18.2645 | natural=2.2214 | clipped=2.2214(上限20.0)
Ψ矩阵条件数 cond(Ψ) = 2.24e+01
Loss=-23.039504 | E0=-6.25111479-0.00799138j | E1=-6.17457742+0.01573088j|E2=-5.51916180-0.00165410j|E3=-5.09464972-0.00346046j
#-----------------------------------------#
[Step   2] logΨ: mean=11.319-0.110j | min=5.511-1.072j | max=13.181+0.772j
梯度监控 | raw=22.4896 | natural=1.9624 | clipped=1.9624(上限20.0)
Ψ矩阵条件数 cond(Ψ) = 1.21e+01
Loss=-23.837653 | E0=-6.56157928-0.00692675j | E1=-6.53924431+0.00741288j|E2=-5.62545520-0.00275761j|E3=-5.11137464+0.00096283j
#-----------------------------------------#
[Step   3] logΨ: mean=12.535-0.001j | min=6.445-1.608j | max=14.282+0.795j
梯度监控 | raw=22.8226 | natural=1.5774 | clipped=1.5774(上限20.0)
Ψ矩阵条件数 cond(Ψ) = 1.70e+01
Loss=-24.619943 | E0=-6.95088743+0.00133226j | E1=-6.81019649+0.00297482j|E2=-5.73528259-0.00402479j|E3=-5.12357600+0.00117683j
#-----------------------------------------#
[Step   4] logΨ: mean=13.860-0.025j | min=7.956-2.166j | max=15.541+0.789j
梯度监控 | raw=35.4105 | natural=1.3917 | clipped=1.3917(上限20.0)
Ψ矩阵条件数 cond(Ψ) = 9.74e+00
Loss=-25.092177 | E0=-7.14499420+0.00053944j | E1=-6.94074720+0.00442820j|E2=-5.84372217-0.00241488j|E3=-5.16271314-0.00125241j
#-----------------------------------------#
[Step   5] logΨ: mean=14.765-0.115j | min=9.024-2.356j | max=16.302+0.628j
梯度监控 | raw=38.0193 | natural=1.1114 | clipped=1.1114(上限20.0)
Ψ矩阵条件数 cond(Ψ) = 3.62e+01
Loss=-25.552852 | E0=-7.30340536+0.00669234j | E1=-7.08857121+0.00357096j|E2=-5.99652116-0.01024595j|E3=-5.16435411-0.00152744j
#-----------------------------------------#
[Step   6] logΨ: mean=15.861-0.056j | min=9.760-1.824j | max=17.358+2.896j
梯度监控 | raw=60.9172 | natural=0.9886 | clipped=0.9886(上限20.0)
Ψ矩阵条件数 cond(Ψ) = 1.03e+01
Loss=-25.961873 | E0=-7.38143612-0.00491563j | E1=-7.17178130+0.00628440j|E2=-6.13618192-0.00021350j|E3=-5.27247382+0.00132448j
#-----------------------------------------#
[Step   7] logΨ: mean=16.673-0.130j | min=7.679+0.691j | max=18.110+2.668j
梯度监控 | raw=57.0022 | natural=0.8430 | clipped=0.8430(上限20.0)
Ψ矩阵条件数 cond(Ψ) = 1.92e+01
Loss=-26.354389 | E0=-7.46670568-0.00488928j | E1=-7.26509190+0.00142276j|E2=-6.35252552+0.00659222j|E3=-5.27006562-0.00065947j
#-----------------------------------------#
[Step   8] logΨ: mean=17.227+0.069j | min=10.204-1.075j | max=18.687+2.531j
梯度监控 | raw=88.2571 | natural=0.8485 | clipped=0.8485(上限20.0)
Ψ矩阵条件数 cond(Ψ) = 1.06e+01
Loss=-26.709629 | E0=-7.51175417+0.00190525j | E1=-7.31899423-0.01055753j|E2=-6.46090004+0.00802946j|E3=-5.41798100+0.00058470j
#-----------------------------------------#
[Step   9] logΨ: mean=18.124+0.110j | min=11.277+2.805j | max=19.503+2.496j
梯度监控 | raw=113.0472 | natural=0.6968 | clipped=0.6968(上限20.0)
Ψ矩阵条件数 cond(Ψ) = 9.83e+00
Loss=-27.129383 | E0=-7.56881392-0.00235884j | E1=-7.34931745+0.00100132j|E2=-6.62287802+0.00057961j|E3=-5.58837332+0.00338262j
#-----------------------------------------#
[Step  10] logΨ: mean=18.971+0.114j | min=13.951+0.977j | max=20.247+2.520j
梯度监控 | raw=133.6663 | natural=0.5998 | clipped=0.5998(上限20.0)
Ψ矩阵条件数 cond(Ψ) = 4.28e+01
Loss=-27.610118 | E0=-7.60347244+0.00534508j | E1=-7.38328758+0.00068080j|E2=-6.76772646-0.00113435j|E3=-5.85563121-0.00412371j
#-----------------------------------------#
[Step  11] logΨ: mean=19.987+0.020j | min=14.054-0.799j | max=21.271+1.145j
梯度监控 | raw=146.9343 | natural=0.5683 | clipped=0.5683(上限20.0)
Ψ矩阵条件数 cond(Ψ) = 1.30e+01
Loss=-28.123334 | E0=-7.62979766-0.00020502j | E1=-7.41658650-0.00470131j|E2=-6.89804128+0.00089601j|E3=-6.17890808+0.00092933j
#-----------------------------------------#
[Step  12] logΨ: mean=20.883+0.005j | min=15.675-2.132j | max=22.069+1.361j
梯度监控 | raw=143.7383 | natural=0.4443 | clipped=0.4443(上限20.0)
Ψ矩阵条件数 cond(Ψ) = 2.06e+01
Loss=-28.691945 | E0=-7.64593258+0.00084972j | E1=-7.43594849+0.00507720j|E2=-7.05569756-0.00053719j|E3=-6.55436616-0.00216979j
#-----------------------------------------#
[Step  13] logΨ: mean=21.355-0.018j | min=15.549-1.441j | max=22.607+1.167j
梯度监控 | raw=128.8841 | natural=0.4385 | clipped=0.4385(上限20.0)
Ψ矩阵条件数 cond(Ψ) = 4.72e+01
Loss=-28.840830 | E0=-7.64974872+0.00102097j | E1=-7.44821440+0.00077256j|E2=-7.11978618-0.00737181j|E3=-6.62308072+0.00767729j
#-----------------------------------------#
[Step  14] logΨ: mean=21.623+0.037j | min=14.485+1.275j | max=22.781+1.367j
梯度监控 | raw=95.2719 | natural=0.4091 | clipped=0.4091(上限20.0)
Ψ矩阵条件数 cond(Ψ) = 1.33e+01
Loss=-29.329310 | E0=-7.66514041+0.00182026j | E1=-7.48457442+0.00476142j|E2=-7.23764223-0.00398349j|E3=-6.94195257+0.00021830j
#-----------------------------------------#
[Step  15] logΨ: mean=22.374-0.000j | min=15.504-0.072j | max=23.394+1.735j
梯度监控 | raw=59.9304 | natural=0.3427 | clipped=0.3427(上限20.0)
Ψ矩阵条件数 cond(Ψ) = 8.68e+00
Loss=-29.666422 | E0=-7.67961908-0.00322060j | E1=-7.50682136+0.00807875j|E2=-7.37847727-0.00558487j|E3=-7.10150395+0.00234497j
#-----------------------------------------#
[Step  16] logΨ: mean=23.287-0.280j | min=16.087+0.163j | max=24.339+1.493j
梯度监控 | raw=60.0693 | natural=0.3170 | clipped=0.3170(上限20.0)
Ψ矩阵条件数 cond(Ψ) = 1.04e+01
Loss=-29.670571 | E0=-7.67651384+0.00164513j | E1=-7.49261205+0.00399812j|E2=-7.38430902-0.00710064j|E3=-7.11713587+0.00019957j
#-----------------------------------------#
[Step  17] logΨ: mean=24.103-0.345j | min=16.402+2.179j | max=25.008+1.494j
梯度监控 | raw=31.1927 | natural=0.2378 | clipped=0.2378(上限20.0)
Ψ矩阵条件数 cond(Ψ) = 2.32e+01
Loss=-29.980869 | E0=-7.69183530-0.00293137j | E1=-7.56530977-0.00379052j|E2=-7.47601972+0.00479954j|E3=-7.24770415+0.00203474j
#-----------------------------------------#
[Step  18] logΨ: mean=24.748-0.094j | min=18.795-2.186j | max=25.609+1.667j
梯度监控 | raw=24.3024 | natural=0.2370 | clipped=0.2370(上限20.0)
Ψ矩阵条件数 cond(Ψ) = 2.20e+01
Loss=-30.056098 | E0=-7.69711494+0.00044262j | E1=-7.60979569+0.00022432j|E2=-7.50758350+0.00347448j|E3=-7.24160427-0.00390870j
#-----------------------------------------#
[Step  19] logΨ: mean=25.599+0.135j | min=18.938+3.009j | max=26.449+1.883j
梯度监控 | raw=25.2857 | natural=0.2277 | clipped=0.2277(上限20.0)
Ψ矩阵条件数 cond(Ψ) = 1.67e+01
Loss=-30.125900 | E0=-7.70778936+0.00035265j | E1=-7.62656053+0.00155222j|E2=-7.51942429-0.00217209j|E3=-7.27212583+0.00348417j
#-----------------------------------------#
[Step  20] logΨ: mean=26.246+0.109j | min=20.494-1.598j | max=27.049+2.001j
梯度监控 | raw=31.6309 | natural=0.1750 | clipped=0.1750(上限20.0)
Ψ矩阵条件数 cond(Ψ) = 1.14e+01
Loss=-30.198359 | E0=-7.71449406-0.00185905j | E1=-7.62644368-0.00203369j|E2=-7.55065021+0.00090646j|E3=-7.30677132+0.00139652j
#-----------------------------------------#
[Step  21] logΨ: mean=26.836+0.160j | min=21.196+2.185j | max=27.555+1.980j
梯度监控 | raw=37.5069 | natural=0.1239 | clipped=0.1239(上限20.0)
Ψ矩阵条件数 cond(Ψ) = 1.09e+01
Loss=-30.221400 | E0=-7.72240101-0.00079160j | E1=-7.64521329+0.00043958j|E2=-7.55139258-0.00122015j|E3=-7.30239302+0.00331304j
#-----------------------------------------#
[Step  22] logΨ: mean=27.687+0.383j | min=21.983+1.427j | max=28.450+2.394j
梯度监控 | raw=41.1483 | natural=0.2139 | clipped=0.2139(上限20.0)
Ψ矩阵条件数 cond(Ψ) = 1.81e+01
Loss=-30.266128 | E0=-7.72052275-0.00058699j | E1=-7.64539999-0.00026051j|E2=-7.56432607+0.00171811j|E3=-7.33587931-0.00040710j
#-----------------------------------------#
[Step  23] logΨ: mean=28.306+0.262j | min=22.584+2.535j | max=29.038+2.549j
梯度监控 | raw=56.5764 | natural=0.2009 | clipped=0.2009(上限20.0)
Ψ矩阵条件数 cond(Ψ) = 1.86e+01
Loss=-30.277090 | E0=-7.72436600-0.00062753j | E1=-7.64833717+0.00148036j|E2=-7.56306330+0.00164187j|E3=-7.34132402-0.00087860j
#-----------------------------------------#
[Step  24] logΨ: mean=28.849+0.405j | min=22.393-1.724j | max=29.514+2.381j
梯度监控 | raw=60.4669 | natural=0.1237 | clipped=0.1237(上限20.0)
Ψ矩阵条件数 cond(Ψ) = 2.15e+01
Loss=-30.333332 | E0=-7.72985645+0.00056734j | E1=-7.65714198+0.00092083j|E2=-7.58027569-0.00227309j|E3=-7.36605798-0.00005417j
#-----------------------------------------#
[Step  25] logΨ: mean=29.426+0.232j | min=24.351-3.034j | max=30.038+2.602j
梯度监控 | raw=66.3287 | natural=0.0855 | clipped=0.0855(上限20.0)
Ψ矩阵条件数 cond(Ψ) = 1.40e+01
Loss=-30.378477 | E0=-7.73164277-0.00072669j | E1=-7.66254237-0.00087920j|E2=-7.60072972+0.00087254j|E3=-7.38356229-0.00318772j
#-----------------------------------------#
[Step  26] logΨ: mean=29.938+0.403j | min=24.248+0.731j | max=30.536+2.651j
梯度监控 | raw=73.2171 | natural=0.0880 | clipped=0.0880(上限20.0)
Ψ矩阵条件数 cond(Ψ) = 7.52e+01
Loss=-30.375310 | E0=-7.73539544-0.00063771j | E1=-7.65922127+0.00129780j|E2=-7.60723754-0.00060857j|E3=-7.37345550-0.00160710j
#-----------------------------------------#
[Step  27] logΨ: mean=30.500+0.282j | min=24.306+2.675j | max=31.118+2.766j
梯度监控 | raw=85.4157 | natural=0.0759 | clipped=0.0759(上限20.0)
Ψ矩阵条件数 cond(Ψ) = 2.23e+01
Loss=-30.430443 | E0=-7.73834961+0.00000361j | E1=-7.65686012-0.00031265j|E2=-7.60847343+0.00255028j|E3=-7.42676033-0.00377662j
#-----------------------------------------#
[Step  28] logΨ: mean=31.119+0.438j | min=25.724-1.344j | max=31.708+2.059j
梯度监控 | raw=91.1278 | natural=0.0597 | clipped=0.0597(上限20.0)
Ψ矩阵条件数 cond(Ψ) = 2.01e+01
Loss=-30.446678 | E0=-7.74172910-0.00029194j | E1=-7.66358804+0.00096308j|E2=-7.61080559+0.00034044j|E3=-7.43055523-0.00104432j
#-----------------------------------------#
[Step  29] logΨ: mean=31.532+0.100j | min=27.104+1.058j | max=32.136+2.403j
梯度监控 | raw=92.7319 | natural=0.0669 | clipped=0.0669(上限20.0)
Ψ矩阵条件数 cond(Ψ) = 8.85e+00
Loss=-30.483267 | E0=-7.74832269-0.00139937j | E1=-7.66521905-0.00150747j|E2=-7.61827135+0.00098819j|E3=-7.45145424+0.00154890j
#-----------------------------------------#
训练耗时：54.62 秒

============================================================
训练完成!
============================================================
