
============================================================
开始多链 NES-VMC 训练 | P5: per-walker 按列 sg 均值归一化
============================================================
精确CAS基准：基态=-7.86364558 Ha | 1激发=-7.72153670 Ha|2激发=-7.70823970 Ha|3激发=-7.68581513 Ha|
理论 Loss 上限：-30.97923710 
超参：clip_norm=20.0, lr=0.1, QGT diag_shift=0.1
[Step   0] logΨ: mean=8.824-0.089j | min=-0.546-2.537j | max=12.803+2.666j
梯度监控 | raw=566.6582 | natural=11.8501 | clipped=11.8501(上限20.0)
行规范坐标 G(Re Σrow_mean) = +10.1281 | P5 列均值补偿 offset = +10.1281
Ψ矩阵条件数 cond(Ψ) = 3.27e+01
Loss=-54.975621 | E0=-31.94512646-7.37163953j | E1=-11.25694720+0.74031171j|E2=-6.77210782-1.96238830j|E3=-5.00143904-1.51380745j
#-----------------------------------------#
【Step 1 告警】梯度异常！nan=False, raw_grad_norm=30803.98
[Step   1] logΨ: mean=4.435-0.081j | min=0.389-1.047j | max=9.237+0.415j
梯度监控 | raw=30803.9836 | natural=470.1595 | clipped=20.0000(上限20.0)
行规范坐标 G(Re Σrow_mean) = +5.0094 | P5 列均值补偿 offset = +5.0094
Ψ矩阵条件数 cond(Ψ) = 2.86e+01
Loss=-1014.041653 | E0=-964.16009316-231.79435309j | E1=-30.47184264+346.06152454j|E2=-13.30710461-6.72704612j|E3=-6.10261306-3.09895291j
#-----------------------------------------#
【Step 2 告警】梯度异常！nan=False, raw_grad_norm=28276.35
[Step   2] logΨ: mean=5.644+0.819j | min=0.856-2.737j | max=7.670+3.002j
梯度监控 | raw=28276.3469 | natural=36.4671 | clipped=20.0000(上限20.0)
行规范坐标 G(Re Σrow_mean) = +2.7561 | P5 列均值补偿 offset = +2.7561
Ψ矩阵条件数 cond(Ψ) = 2.74e+01
Loss=47.540847 | E0=-8.74578392+36.02296534j | E1=-5.37364476+9.20651552j|E2=-1.30817852+4.43651462j|E3=62.96845423-2.75174041j
#-----------------------------------------#
【Step 3 告警】梯度异常！nan=False, raw_grad_norm=43445.46
[Step   3] logΨ: mean=7.724-0.048j | min=3.306-0.216j | max=12.254-1.142j
梯度监控 | raw=43445.4609 | natural=89.4005 | clipped=20.0000(上限20.0)
行规范坐标 G(Re Σrow_mean) = +4.7985 | P5 列均值补偿 offset = +4.7985
Ψ矩阵条件数 cond(Ψ) = 1.99e+01
Loss=121.581772 | E0=-1.75447628+3.70016975j | E1=-0.80880092-0.99807720j|E2=13.48367636+3.83535642j|E3=110.66137240-82.36240581j
#-----------------------------------------#
【Step 4 告警】梯度异常！nan=False, raw_grad_norm=24172.95
[Step   4] logΨ: mean=9.393-0.060j | min=3.638+0.500j | max=13.223-2.958j
梯度监控 | raw=24172.9483 | natural=225.7215 | clipped=20.0000(上限20.0)
行规范坐标 G(Re Σrow_mean) = +9.4892 | P5 列均值补偿 offset = +9.4892
Ψ矩阵条件数 cond(Ψ) = 2.02e+01
Loss=-282.723059 | E0=-263.73644749-30.38040950j | E1=-11.93392026+10.23670911j|E2=-6.34156880+5.30093681j|E3=-0.71112255-0.46717273j
#-----------------------------------------#
【Step 5 告警】梯度异常！nan=False, raw_grad_norm=54630.85
[Step   5] logΨ: mean=13.836+0.120j | min=5.868-2.339j | max=18.401+0.333j
梯度监控 | raw=54630.8511 | natural=216.8521 | clipped=20.0000(上限20.0)
行规范坐标 G(Re Σrow_mean) = +8.1725 | P5 列均值补偿 offset = +8.1725
Ψ矩阵条件数 cond(Ψ) = 1.91e+01
Loss=-230.058867 | E0=-193.36631455+85.56560727j | E1=-14.84995733+11.73755964j|E2=-13.43559648+6.84460395j|E3=-8.40699862-21.63498175j
#-----------------------------------------#
【Step 6 告警】梯度异常！nan=False, raw_grad_norm=516629.65
[Step   6] logΨ: mean=8.415+0.410j | min=3.528-2.036j | max=13.885+1.631j
梯度监控 | raw=516629.6450 | natural=833.5985 | clipped=20.0000(上限20.0)
行规范坐标 G(Re Σrow_mean) = +7.6243 | P5 列均值补偿 offset = +7.6243
Ψ矩阵条件数 cond(Ψ) = 1.62e+01
Loss=-619.608892 | E0=-443.11014597+276.24783459j | E1=-85.41087927-4.54803732j|E2=-77.30820991+157.76049325j|E3=-13.77965683+12.57126480j
#-----------------------------------------#
【Step 7 告警】梯度异常！nan=False, raw_grad_norm=11209.02
[Step   7] logΨ: mean=7.715-0.413j | min=3.973-2.656j | max=10.987-1.521j
梯度监控 | raw=11209.0160 | natural=37.2367 | clipped=20.0000(上限20.0)
行规范坐标 G(Re Σrow_mean) = +4.4327 | P5 列均值补偿 offset = +4.4327
Ψ矩阵条件数 cond(Ψ) = 3.48e+01
Loss=-211.333392 | E0=-125.96019064+118.57138975j | E1=-64.10149948-20.33140195j|E2=-18.71274919+12.74150795j|E3=-2.55895286-3.77792842j
#-----------------------------------------#
【Step 8 告警】梯度异常！nan=False, raw_grad_norm=7125.60
[Step   8] logΨ: mean=9.175+0.007j | min=1.578+1.464j | max=11.383+1.830j
梯度监控 | raw=7125.5977 | natural=32.0529 | clipped=20.0000(上限20.0)
行规范坐标 G(Re Σrow_mean) = +11.4822 | P5 列均值补偿 offset = +11.4822
Ψ矩阵条件数 cond(Ψ) = 5.55e+00
Loss=-88.197395 | E0=-50.74065494+25.94016859j | E1=-36.31455661-8.69881605j|E2=-5.65659649-8.44701771j|E3=4.51441257-3.34122818j
#-----------------------------------------#
【Step 9 告警】梯度异常！nan=False, raw_grad_norm=165458.06
[Step   9] logΨ: mean=6.239+0.444j | min=3.327+2.476j | max=9.938+3.137j
梯度监控 | raw=165458.0575 | natural=70.1206 | clipped=20.0000(上限20.0)
行规范坐标 G(Re Σrow_mean) = +6.1133 | P5 列均值补偿 offset = +6.1133
Ψ矩阵条件数 cond(Ψ) = 1.47e+01
Loss=-724.043277 | E0=-534.64307718-234.14518535j | E1=-147.56865742+248.34825981j|E2=-32.50132784+5.87428424j|E3=-9.33021439+11.03470351j
#-----------------------------------------#
【Step 10 告警】梯度异常！nan=False, raw_grad_norm=19661.78
[Step  10] logΨ: mean=4.840+1.040j | min=2.973-1.431j | max=6.890+2.173j
梯度监控 | raw=19661.7809 | natural=10.7997 | clipped=10.7997(上限20.0)
行规范坐标 G(Re Σrow_mean) = +3.6671 | P5 列均值补偿 offset = +3.6671
Ψ矩阵条件数 cond(Ψ) = 2.47e+01
Loss=-63.569364 | E0=-18.15665741+6.91327826j | E1=-18.08402712+162.37959155j|E2=-16.79383631-7.63103646j|E3=-10.53484311+14.80652106j
#-----------------------------------------#
[Step  11] logΨ: mean=5.819-0.339j | min=4.716-3.098j | max=7.306+1.701j
梯度监控 | raw=2815.6402 | natural=12.0616 | clipped=12.0616(上限20.0)
行规范坐标 G(Re Σrow_mean) = +5.8302 | P5 列均值补偿 offset = +5.8302
Ψ矩阵条件数 cond(Ψ) = 1.39e+01
Loss=-67.950513 | E0=-77.32421619-8.25279049j | E1=-5.91263129+3.04836821j|E2=0.38392198-0.55987299j|E3=14.90241285+20.96267007j
#-----------------------------------------#
【Step 12 告警】梯度异常！nan=False, raw_grad_norm=16451.96
[Step  12] logΨ: mean=5.383+0.571j | min=2.595-1.468j | max=6.662+1.440j
梯度监控 | raw=16451.9592 | natural=7.4748 | clipped=7.4748(上限20.0)
行规范坐标 G(Re Σrow_mean) = +6.4375 | P5 列均值补偿 offset = +6.4375
Ψ矩阵条件数 cond(Ψ) = 8.66e+00
Loss=-74.830520 | E0=-62.62192822+21.57591415j | E1=-8.42897574+33.03982685j|E2=-2.64841388+0.75531673j|E3=-1.13120186+23.82230218j
#-----------------------------------------#
【Step 13 告警】梯度异常！nan=False, raw_grad_norm=107614189.83
[Step  13] logΨ: mean=5.676-0.432j | min=1.963+1.980j | max=9.165+3.105j
梯度监控 | raw=107614189.8346 | natural=71380.4652 | clipped=20.0000(上限20.0)
行规范坐标 G(Re Σrow_mean) = +5.6418 | P5 列均值补偿 offset = +5.6418
Ψ矩阵条件数 cond(Ψ) = 3.61e+00
Loss=-131194.108463 | E0=-131331.94252994+67279.06717626j | E1=-5.00009577+13.53657158j|E2=5.41077912+27.98102123j|E3=137.42338386+46.48270054j
#-----------------------------------------#
【Step 14 告警】梯度异常！nan=False, raw_grad_norm=97703.89
[Step  14] logΨ: mean=4.193+0.831j | min=2.706+2.521j | max=6.673+1.340j
梯度监控 | raw=97703.8882 | natural=5.6518 | clipped=5.6518(上限20.0)
行规范坐标 G(Re Σrow_mean) = +4.9194 | P5 列均值补偿 offset = +4.9194
Ψ矩阵条件数 cond(Ψ) = 1.08e+01
Loss=-9.764827 | E0=-19.58125143+82.98413373j | E1=-12.09281034-7.54932582j|E2=2.70366731+5.08026728j|E3=19.20556772-1.70850832j
#-----------------------------------------#
【Step 15 告警】梯度异常！nan=False, raw_grad_norm=12106.12
[Step  15] logΨ: mean=6.971+0.646j | min=4.229+0.514j | max=8.812+2.939j
梯度监控 | raw=12106.1168 | natural=9.9758 | clipped=9.9758(上限20.0)
行规范坐标 G(Re Σrow_mean) = +6.1063 | P5 列均值补偿 offset = +6.1063
Ψ矩阵条件数 cond(Ψ) = 1.57e+01
Loss=-45.603796 | E0=-27.38613246+37.68805764j | E1=-10.35284264+5.07731350j|E2=-8.10030383+13.13637033j|E3=0.23548327+6.37834434j
#-----------------------------------------#
【Step 16 告警】梯度异常！nan=False, raw_grad_norm=23814.63
[Step  16] logΨ: mean=11.927-0.168j | min=1.866-2.597j | max=16.372+1.363j
梯度监控 | raw=23814.6303 | natural=20.8135 | clipped=20.0000(上限20.0)
行规范坐标 G(Re Σrow_mean) = +3.9407 | P5 列均值补偿 offset = +3.9407
Ψ矩阵条件数 cond(Ψ) = 4.26e+01
Loss=18.531184 | E0=-3.67201761+61.39225105j | E1=-3.52082928+3.26644230j|E2=-2.47344903+8.41099640j|E3=28.19747943+38.13660606j
#-----------------------------------------#
【Step 17 告警】梯度异常！nan=False, raw_grad_norm=25602246.53
[Step  17] logΨ: mean=9.245-0.026j | min=4.311-0.473j | max=13.953+2.043j
梯度监控 | raw=25602246.5304 | natural=6775.9823 | clipped=20.0000(上限20.0)
行规范坐标 G(Re Σrow_mean) = +7.5581 | P5 列均值补偿 offset = +7.5581
Ψ矩阵条件数 cond(Ψ) = 6.13e+01
Loss=10462.281702 | E0=-2.10398071+1.16488133j | E1=-1.89764360+0.38828461j|E2=9.94572187+7.12204719j|E3=10456.33760450+17700.96517157j
#-----------------------------------------#
【Step 18 告警】梯度异常！nan=False, raw_grad_norm=1512372.92
[Step  18] logΨ: mean=6.397+0.241j | min=3.431-0.875j | max=18.470-1.717j
梯度监控 | raw=1512372.9173 | natural=2956.9193 | clipped=20.0000(上限20.0)
行规范坐标 G(Re Σrow_mean) = +6.1908 | P5 列均值补偿 offset = +6.1908
Ψ矩阵条件数 cond(Ψ) = 6.18e+00
Loss=-17387.946538 | E0=-17390.86135693-7547.08753142j | E1=-3.40762437+0.53090347j|E2=3.09970525+0.17306746j|E3=3.22273758+4.89083307j
#-----------------------------------------#
【Step 19 告警】梯度异常！nan=False, raw_grad_norm=74380.75
[Step  19] logΨ: mean=5.585-0.270j | min=3.135-0.345j | max=15.693+1.667j
梯度监控 | raw=74380.7524 | natural=77.4890 | clipped=20.0000(上限20.0)
行规范坐标 G(Re Σrow_mean) = +5.2339 | P5 列均值补偿 offset = +5.2339
Ψ矩阵条件数 cond(Ψ) = 5.86e+00
Loss=152.104790 | E0=-3.90266233+2.61931004j | E1=12.71983345+9.76739007j|E2=16.63773212-147.52768273j|E3=126.64988634+137.05836481j
#-----------------------------------------#
【Step 20 告警】梯度异常！nan=False, raw_grad_norm=163568.24
[Step  20] logΨ: mean=4.934+0.494j | min=3.770+2.205j | max=10.489-1.586j
梯度监控 | raw=163568.2416 | natural=552.8111 | clipped=20.0000(上限20.0)
行规范坐标 G(Re Σrow_mean) = +3.0507 | P5 列均值补偿 offset = +3.0507
Ψ矩阵条件数 cond(Ψ) = 9.08e+00
Loss=343.282384 | E0=-47.96045543+3.19779170j | E1=-6.15402863-4.38914633j|E2=73.96391167+47.88171130j|E3=323.43295599-946.20027629j
#-----------------------------------------#
[Step  21] logΨ: mean=6.141-0.218j | min=3.337-1.216j | max=7.903+0.387j
梯度监控 | raw=4943.7610 | natural=5.4661 | clipped=5.4661(上限20.0)
行规范坐标 G(Re Σrow_mean) = +1.7701 | P5 列均值补偿 offset = +1.7701
Ψ矩阵条件数 cond(Ψ) = 9.12e+00
Loss=-69.754677 | E0=-70.09822196+16.19171590j | E1=-1.21904414+3.53830156j|E2=-0.54714682-2.55720225j|E3=2.10973633+46.26615244j
#-----------------------------------------#
【Step 22 告警】梯度异常！nan=False, raw_grad_norm=5567.65
[Step  22] logΨ: mean=6.627-0.232j | min=3.072-1.061j | max=7.916+2.012j
梯度监控 | raw=5567.6474 | natural=2.2135 | clipped=2.2135(上限20.0)
行规范坐标 G(Re Σrow_mean) = +1.9748 | P5 列均值补偿 offset = +1.9748
Ψ矩阵条件数 cond(Ψ) = 5.51e+00
Loss=0.417851 | E0=-3.25466372-2.92863541j | E1=-0.74540605+2.43703393j|E2=0.35743376+45.07946936j|E3=4.06048669-0.58140213j
#-----------------------------------------#
[Step  23] logΨ: mean=5.422-0.537j | min=3.086-1.993j | max=7.105+0.751j
梯度监控 | raw=1860.0582 | natural=5.7883 | clipped=5.7883(上限20.0)
行规范坐标 G(Re Σrow_mean) = +3.9017 | P5 列均值补偿 offset = +3.9017
Ψ矩阵条件数 cond(Ψ) = 1.82e+01
Loss=-19.384076 | E0=-11.14034339-8.51699579j | E1=-4.16282758+47.16223960j|E2=-3.21960156-3.04792441j|E3=-0.86130331+2.92815548j
#-----------------------------------------#
【Step 24 告警】梯度异常！nan=False, raw_grad_norm=11202.69
[Step  24] logΨ: mean=4.093-0.280j | min=2.949+2.901j | max=6.219-0.839j
梯度监控 | raw=11202.6910 | natural=6.0312 | clipped=6.0312(上限20.0)
行规范坐标 G(Re Σrow_mean) = +3.9592 | P5 列均值补偿 offset = +3.9592
Ψ矩阵条件数 cond(Ψ) = 1.04e+01
Loss=-32.445269 | E0=-28.58953945+7.14372817j | E1=-5.24317413-1.73118911j|E2=-4.55450680+43.62387102j|E3=5.94195125+11.13328968j
#-----------------------------------------#
[Step  25] logΨ: mean=5.607-0.137j | min=4.564-1.603j | max=7.765+0.160j
梯度监控 | raw=1438.0939 | natural=3.2461 | clipped=3.2461(上限20.0)
行规范坐标 G(Re Σrow_mean) = +2.9071 | P5 列均值补偿 offset = +2.9071
Ψ矩阵条件数 cond(Ψ) = 8.88e+00
Loss=-31.075974 | E0=-32.21119887+20.55507611j | E1=-10.45328321+25.15428990j|E2=-2.37587966+0.90310473j|E3=13.96438747+11.97241570j
#-----------------------------------------#
[Step  26] logΨ: mean=6.958-0.223j | min=4.057-1.904j | max=10.986-2.376j
梯度监控 | raw=1285.7457 | natural=1.9197 | clipped=1.9197(上限20.0)
行规范坐标 G(Re Σrow_mean) = +5.5901 | P5 列均值补偿 offset = +5.5901
Ψ矩阵条件数 cond(Ψ) = 7.74e+00
Loss=-23.280489 | E0=-19.06945146+22.27558508j | E1=-10.19138621+15.86537220j|E2=-2.48291214+1.33378737j|E3=8.46326103+8.27930435j
#-----------------------------------------#
【Step 27 告警】梯度异常！nan=False, raw_grad_norm=15482.51
[Step  27] logΨ: mean=7.188+0.467j | min=5.280+0.996j | max=9.132-2.651j
梯度监控 | raw=15482.5074 | natural=6.5414 | clipped=6.5414(上限20.0)
行规范坐标 G(Re Σrow_mean) = +3.3361 | P5 列均值补偿 offset = +3.3361
Ψ矩阵条件数 cond(Ψ) = 1.83e+01
Loss=-13.048394 | E0=-17.39294180+32.93284911j | E1=-8.97166758+25.84554351j|E2=1.16736968+5.39263888j|E3=12.14884561+58.39680451j
#-----------------------------------------#
【Step 28 告警】梯度异常！nan=False, raw_grad_norm=32235.89
[Step  28] logΨ: mean=6.726-0.135j | min=2.936-2.398j | max=17.786-2.468j
梯度监控 | raw=32235.8863 | natural=10.0728 | clipped=10.0728(上限20.0)
行规范坐标 G(Re Σrow_mean) = +3.3724 | P5 列均值补偿 offset = +3.3724
Ψ矩阵条件数 cond(Ψ) = 1.49e+01
Loss=27.518422 | E0=-15.40884896-21.91139908j | E1=-5.49408202-4.22425165j|E2=-2.42951964-0.25330207j|E3=50.85087269+140.07388764j
#-----------------------------------------#
【Step 29 告警】梯度异常！nan=False, raw_grad_norm=15765.80
[Step  29] logΨ: mean=6.331+0.684j | min=3.084+2.828j | max=14.328-2.804j
梯度监控 | raw=15765.8022 | natural=19.5808 | clipped=19.5808(上限20.0)
行规范坐标 G(Re Σrow_mean) = -1.0718 | P5 列均值补偿 offset = -1.0718
Ψ矩阵条件数 cond(Ψ) = 1.74e+01
Loss=82.111750 | E0=-5.04121672-0.45275359j | E1=-2.11584257+0.65499024j|E2=5.10719660+39.57986723j|E3=84.16161290-21.09828148j
#-----------------------------------------#
训练耗时：107.06 秒

============================================================
训练完成!
============================================================
