
============================================================
开始多链 NES-VMC 训练 | P8: 双侧一致列规范 + 周期性 gauge reset
============================================================
精确CAS基准：基态=-7.86364558 Ha | 1激发=-7.72153670 Ha|2激发=-7.70823970 Ha|3激发=-7.68581513 Ha|
理论 Loss 上限：-30.97923710 
超参：clip_norm=20.0, lr=0.1, QGT diag_shift=0.1, RESET_PERIOD=10
[Step   0] logΨ: mean=9.264+0.151j | min=3.413-2.258j | max=11.034+0.951j
梯度监控 | raw=20.1724 | natural=2.4716 | clipped=2.4716(上限20.0)
原始规范坐标 G(Re Σrow_mean) = +4.2997 | 累计|g| = 0.0000
Ψ矩阵条件数 cond(Ψ) = 1.15e+01
Loss=-21.989181 | E0=-5.90165091+0.01112421j | E1=-5.64291648+0.01155631j|E2=-5.33633014-0.02197863j|E3=-5.10828311-0.00074582j
#-----------------------------------------#
[Step   1] logΨ: mean=10.157+0.006j | min=4.232+2.681j | max=11.978+0.750j
梯度监控 | raw=18.2645 | natural=2.2214 | clipped=2.2214(上限20.0)
原始规范坐标 G(Re Σrow_mean) = +4.9352 | 累计|g| = 0.0000
Ψ矩阵条件数 cond(Ψ) = 2.24e+01
Loss=-23.039504 | E0=-6.25111479-0.00799138j | E1=-6.17457742+0.01573088j|E2=-5.51916180-0.00165410j|E3=-5.09464972-0.00346046j
#-----------------------------------------#
[Step   2] logΨ: mean=11.319-0.110j | min=5.511-1.072j | max=13.181+0.772j
梯度监控 | raw=22.4896 | natural=1.9624 | clipped=1.9624(上限20.0)
原始规范坐标 G(Re Σrow_mean) = +5.8836 | 累计|g| = 0.0000
Ψ矩阵条件数 cond(Ψ) = 1.21e+01
Loss=-23.837653 | E0=-6.56157928-0.00692675j | E1=-6.53924431+0.00741288j|E2=-5.62545520-0.00275761j|E3=-5.11137464+0.00096283j
#-----------------------------------------#
[Step   3] logΨ: mean=12.535-0.001j | min=6.445-1.608j | max=14.282+0.795j
梯度监控 | raw=22.8226 | natural=1.5774 | clipped=1.5774(上限20.0)
原始规范坐标 G(Re Σrow_mean) = +6.9288 | 累计|g| = 0.0000
Ψ矩阵条件数 cond(Ψ) = 1.70e+01
Loss=-24.619943 | E0=-6.95088743+0.00133226j | E1=-6.81019649+0.00297482j|E2=-5.73528259-0.00402479j|E3=-5.12357600+0.00117683j
#-----------------------------------------#
[Step   4] logΨ: mean=13.860-0.025j | min=7.956-2.166j | max=15.541+0.789j
梯度监控 | raw=35.4105 | natural=1.3917 | clipped=1.3917(上限20.0)
原始规范坐标 G(Re Σrow_mean) = +8.1604 | 累计|g| = 0.0000
Ψ矩阵条件数 cond(Ψ) = 9.74e+00
Loss=-25.092177 | E0=-7.14499420+0.00053944j | E1=-6.94074720+0.00442820j|E2=-5.84372217-0.00241488j|E3=-5.16271314-0.00125241j
#-----------------------------------------#
[Step   5] logΨ: mean=14.765-0.115j | min=9.024-2.356j | max=16.302+0.628j
梯度监控 | raw=38.0193 | natural=1.1114 | clipped=1.1114(上限20.0)
原始规范坐标 G(Re Σrow_mean) = +8.9855 | 累计|g| = 0.0000
Ψ矩阵条件数 cond(Ψ) = 3.62e+01
Loss=-25.552852 | E0=-7.30340536+0.00669234j | E1=-7.08857121+0.00357096j|E2=-5.99652116-0.01024595j|E3=-5.16435411-0.00152744j
#-----------------------------------------#
[Step   6] logΨ: mean=15.861-0.056j | min=9.760-1.824j | max=17.358+2.896j
梯度监控 | raw=60.9172 | natural=0.9886 | clipped=0.9886(上限20.0)
原始规范坐标 G(Re Σrow_mean) = +10.1133 | 累计|g| = 0.0000
Ψ矩阵条件数 cond(Ψ) = 1.03e+01
Loss=-25.961873 | E0=-7.38143612-0.00491563j | E1=-7.17178130+0.00628440j|E2=-6.13618192-0.00021350j|E3=-5.27247382+0.00132448j
#-----------------------------------------#
[Step   7] logΨ: mean=16.673-0.130j | min=7.679+0.691j | max=18.110+2.668j
梯度监控 | raw=57.0022 | natural=0.8430 | clipped=0.8430(上限20.0)
原始规范坐标 G(Re Σrow_mean) = +10.8882 | 累计|g| = 0.0000
Ψ矩阵条件数 cond(Ψ) = 1.92e+01
Loss=-26.354389 | E0=-7.46670568-0.00488928j | E1=-7.26509190+0.00142276j|E2=-6.35252552+0.00659222j|E3=-5.27006562-0.00065947j
#-----------------------------------------#
[Step   8] logΨ: mean=17.227+0.069j | min=10.204-1.075j | max=18.687+2.531j
梯度监控 | raw=88.2571 | natural=0.8485 | clipped=0.8485(上限20.0)
原始规范坐标 G(Re Σrow_mean) = +11.4731 | 累计|g| = 0.0000
Ψ矩阵条件数 cond(Ψ) = 1.06e+01
Loss=-26.709629 | E0=-7.51175417+0.00190525j | E1=-7.31899423-0.01055753j|E2=-6.46090004+0.00802946j|E3=-5.41798100+0.00058470j
#-----------------------------------------#
[Step   9] logΨ: mean=18.124+0.110j | min=11.277+2.805j | max=19.503+2.496j
梯度监控 | raw=113.0472 | natural=0.6968 | clipped=0.6968(上限20.0)
原始规范坐标 G(Re Σrow_mean) = +12.4144 | 累计|g| = 0.0000
Ψ矩阵条件数 cond(Ψ) = 9.83e+00
Loss=-27.129383 | E0=-7.56881392-0.00235884j | E1=-7.34931745+0.00100132j|E2=-6.62287802+0.00057961j|E3=-5.58837332+0.00338262j
#-----------------------------------------#
[GaugeReset@10] 吸收 Δg = Σ Re(col_mean) = +12.4144 | 新|g| = 6.5486
[Step  10] logΨ: mean=6.556-0.095j | min=1.537-0.679j | max=7.832+0.864j
梯度监控 | raw=133.6663 | natural=0.5998 | clipped=0.5998(上限20.0)
原始规范坐标 G(Re Σrow_mean) = +13.3889 | 累计|g| = 6.5486
Ψ矩阵条件数 cond(Ψ) = 2.12e+01
Loss=-27.610118 | E0=-7.60347246+0.00534505j | E1=-7.38328757+0.00068081j|E2=-6.76772645-0.00113423j|E3=-5.85563124-0.00412363j
#-----------------------------------------#
[Step  11] logΨ: mean=7.572-0.022j | min=1.640-2.455j | max=8.857+2.631j
梯度监控 | raw=146.9343 | natural=0.5683 | clipped=0.5683(上限20.0)
原始规范坐标 G(Re Σrow_mean) = +14.5571 | 累计|g| = 6.5486
Ψ矩阵条件数 cond(Ψ) = 8.33e+00
Loss=-28.123333 | E0=-7.62979760-0.00020508j | E1=-7.41658653-0.00470126j|E2=-6.89804124+0.00089600j|E3=-6.17890810+0.00092932j
#-----------------------------------------#
[Step  12] logΨ: mean=8.469+0.079j | min=3.261+2.495j | max=9.655+2.846j
梯度监控 | raw=143.7383 | natural=0.4443 | clipped=0.4443(上限20.0)
原始规范坐标 G(Re Σrow_mean) = +15.5376 | 累计|g| = 6.5486
Ψ矩阵条件数 cond(Ψ) = 3.15e+01
Loss=-28.691945 | E0=-7.64593253+0.00084970j | E1=-7.43594844+0.00507716j|E2=-7.05569768-0.00053716j|E3=-6.55436598-0.00216980j
#-----------------------------------------#
[Step  13] logΨ: mean=8.941+0.219j | min=3.135-3.097j | max=10.192+2.653j
梯度监控 | raw=128.8841 | natural=0.4385 | clipped=0.4385(上限20.0)
原始规范坐标 G(Re Σrow_mean) = +15.9420 | 累计|g| = 6.5486
Ψ矩阵条件数 cond(Ψ) = 3.26e+01
Loss=-28.840830 | E0=-7.64974878+0.00102098j | E1=-7.44821435+0.00077255j|E2=-7.11978612-0.00737186j|E3=-6.62308056+0.00767726j
#-----------------------------------------#
[Step  14] logΨ: mean=9.208+0.175j | min=2.070-0.381j | max=10.366+2.853j
梯度监控 | raw=95.2719 | natural=0.4091 | clipped=0.4091(上限20.0)
原始规范坐标 G(Re Σrow_mean) = +16.3293 | 累计|g| = 6.5486
Ψ矩阵条件数 cond(Ψ) = 7.62e+00
Loss=-29.329309 | E0=-7.66514048+0.00182027j | E1=-7.48457435+0.00476138j|E2=-7.23764221-0.00398335j|E3=-6.94195238+0.00021831j
#-----------------------------------------#
[Step  15] logΨ: mean=9.959+0.030j | min=3.090-1.728j | max=10.980+0.079j
梯度监控 | raw=59.9304 | natural=0.3427 | clipped=0.3427(上限20.0)
原始规范坐标 G(Re Σrow_mean) = +17.1245 | 累计|g| = 6.5486
Ψ矩阵条件数 cond(Ψ) = 7.00e+00
Loss=-29.666422 | E0=-7.67961911-0.00322063j | E1=-7.50682146+0.00807873j|E2=-7.37847726-0.00558496j|E3=-7.10150407+0.00234488j
#-----------------------------------------#
[Step  16] logΨ: mean=10.873+0.379j | min=3.672-1.493j | max=11.925+2.979j
梯度监控 | raw=60.0693 | natural=0.3170 | clipped=0.3170(上限20.0)
原始规范坐标 G(Re Σrow_mean) = +17.9371 | 累计|g| = 6.5486
Ψ矩阵条件数 cond(Ψ) = 8.35e+00
Loss=-29.670571 | E0=-7.67651374+0.00164517j | E1=-7.49261205+0.00399819j|E2=-7.38430913-0.00710056j|E3=-7.11713592+0.00019956j
#-----------------------------------------#
[Step  17] logΨ: mean=11.689+0.485j | min=3.988+0.522j | max=12.594+2.980j
梯度监控 | raw=31.1927 | natural=0.2378 | clipped=0.2378(上限20.0)
原始规范坐标 G(Re Σrow_mean) = +18.7675 | 累计|g| = 6.5486
Ψ矩阵条件数 cond(Ψ) = 1.52e+01
Loss=-29.980869 | E0=-7.69183500-0.00293141j | E1=-7.56530971-0.00379055j|E2=-7.47601973+0.00479960j|E3=-7.24770409+0.00203483j
#-----------------------------------------#
[Step  18] logΨ: mean=12.334+0.044j | min=6.380+2.442j | max=13.195+0.011j
梯度监控 | raw=24.3024 | natural=0.2370 | clipped=0.2370(上限20.0)
原始规范坐标 G(Re Σrow_mean) = +19.2964 | 累计|g| = 6.5486
Ψ矩阵条件数 cond(Ψ) = 1.46e+01
Loss=-30.056098 | E0=-7.69711480+0.00044261j | E1=-7.60979601+0.00022436j|E2=-7.50758329+0.00347436j|E3=-7.24160439-0.00390882j
#-----------------------------------------#
[Step  19] logΨ: mean=13.185-0.162j | min=6.524+1.353j | max=14.035+0.227j
梯度监控 | raw=25.2857 | natural=0.2277 | clipped=0.2277(上限20.0)
原始规范坐标 G(Re Σrow_mean) = +20.0389 | 累计|g| = 6.5486
Ψ矩阵条件数 cond(Ψ) = 1.31e+01
Loss=-30.125900 | E0=-7.70778949+0.00035267j | E1=-7.62656019+0.00155217j|E2=-7.51942415-0.00217215j|E3=-7.27212569+0.00348424j
#-----------------------------------------#
[GaugeReset@20] 吸收 Δg = Σ Re(col_mean) = +20.0389 | 新|g| = 17.3236
[Step  20] logΨ: mean=-6.207+0.009j | min=-11.959-0.440j | max=-5.405+0.017j
梯度监控 | raw=31.6309 | natural=0.1750 | clipped=0.1750(上限20.0)
原始规范坐标 G(Re Σrow_mean) = +20.5579 | 累计|g| = 17.3236
Ψ矩阵条件数 cond(Ψ) = 1.44e+01
Loss=-30.198359 | E0=-7.71449389-0.00185904j | E1=-7.62644355-0.00203369j|E2=-7.55065006+0.00090644j|E3=-7.30677113+0.00139649j
#-----------------------------------------#
[Step  21] logΨ: mean=-5.617+0.603j | min=-11.257-2.941j | max=-4.899+3.138j
梯度监控 | raw=37.5069 | natural=0.1239 | clipped=0.1239(上限20.0)
原始规范坐标 G(Re Σrow_mean) = +21.0065 | 累计|g| = 17.3236
Ψ矩阵条件数 cond(Ψ) = 1.37e+01
Loss=-30.221400 | E0=-7.72240090-0.00079162j | E1=-7.64521324+0.00043960j|E2=-7.55139246-0.00122017j|E3=-7.30239316+0.00331309j
#-----------------------------------------#
[Step  22] logΨ: mean=-4.766-0.250j | min=-10.471+2.585j | max=-4.003+0.410j
梯度监控 | raw=41.1483 | natural=0.2139 | clipped=0.2139(上限20.0)
原始规范坐标 G(Re Σrow_mean) = +21.8290 | 累计|g| = 17.3236
Ψ矩阵条件数 cond(Ψ) = 9.39e+00
Loss=-30.266128 | E0=-7.72052263-0.00058698j | E1=-7.64539993-0.00026048j|E2=-7.56432600+0.00171813j|E3=-7.33587924-0.00040721j
#-----------------------------------------#
[Step  23] logΨ: mean=-4.147-0.253j | min=-9.869-2.591j | max=-3.415+0.566j
梯度监控 | raw=56.5764 | natural=0.2009 | clipped=0.2009(上限20.0)
原始规范坐标 G(Re Σrow_mean) = +22.1431 | 累计|g| = 17.3236
Ψ矩阵条件数 cond(Ψ) = 1.83e+01
Loss=-30.277091 | E0=-7.72436625-0.00062745j | E1=-7.64833741+0.00148036j|E2=-7.56306340+0.00164191j|E3=-7.34132400-0.00087864j
#-----------------------------------------#
[Step  24] logΨ: mean=-3.604-0.280j | min=-10.060-0.566j | max=-2.939+0.397j
梯度监控 | raw=60.4670 | natural=0.1237 | clipped=0.1237(上限20.0)
原始规范坐标 G(Re Σrow_mean) = +22.5033 | 累计|g| = 17.3236
Ψ矩阵条件数 cond(Ψ) = 9.86e+00
Loss=-30.333332 | E0=-7.72985632+0.00056736j | E1=-7.65714208+0.00092083j|E2=-7.58027552-0.00227311j|E3=-7.36605788-0.00005413j
#-----------------------------------------#
[Step  25] logΨ: mean=-3.028-0.201j | min=-8.102-1.876j | max=-2.415+0.619j
梯度监控 | raw=66.3288 | natural=0.0855 | clipped=0.0855(上限20.0)
原始规范坐标 G(Re Σrow_mean) = +22.9341 | 累计|g| = 17.3236
Ψ矩阵条件数 cond(Ψ) = 1.48e+01
Loss=-30.378477 | E0=-7.73164248-0.00072674j | E1=-7.66254233-0.00087922j|E2=-7.60072957+0.00087252j|E3=-7.38356232-0.00318754j
#-----------------------------------------#
[Step  26] logΨ: mean=-2.515-0.149j | min=-8.205+1.889j | max=-1.917+0.668j
梯度监控 | raw=73.2171 | natural=0.0880 | clipped=0.0880(上限20.0)
原始规范坐标 G(Re Σrow_mean) = +23.2329 | 累计|g| = 17.3236
Ψ矩阵条件数 cond(Ψ) = 3.32e+01
Loss=-30.375310 | E0=-7.73539542-0.00063770j | E1=-7.65922148+0.00129790j|E2=-7.60723734-0.00060861j|E3=-7.37345556-0.00160705j
#-----------------------------------------#
[Step  27] logΨ: mean=-1.953-0.371j | min=-8.147-2.450j | max=-1.335+0.782j
梯度监控 | raw=85.4158 | natural=0.0759 | clipped=0.0759(上限20.0)
原始规范坐标 G(Re Σrow_mean) = +23.6554 | 累计|g| = 17.3236
Ψ矩阵条件数 cond(Ψ) = 1.05e+01
Loss=-30.430444 | E0=-7.73834962+0.00000361j | E1=-7.65686043-0.00031261j|E2=-7.60847341+0.00255023j|E3=-7.42676030-0.00377676j
#-----------------------------------------#
[Step  28] logΨ: mean=-1.334-0.637j | min=-6.729-0.186j | max=-0.746+0.075j
梯度监控 | raw=91.1276 | natural=0.0597 | clipped=0.0597(上限20.0)
原始规范坐标 G(Re Σrow_mean) = +24.0936 | 累计|g| = 17.3236
Ψ矩阵条件数 cond(Ψ) = 2.33e+01
Loss=-30.446678 | E0=-7.74172926-0.00029188j | E1=-7.66358833+0.00096313j|E2=-7.61080563+0.00034050j|E3=-7.43055501-0.00104441j
#-----------------------------------------#
[Step  29] logΨ: mean=-0.922-0.358j | min=-5.349+2.216j | max=-0.318+0.420j
梯度监控 | raw=92.7318 | natural=0.0669 | clipped=0.0669(上限20.0)
原始规范坐标 G(Re Σrow_mean) = +24.4606 | 累计|g| = 17.3236
Ψ矩阵条件数 cond(Ψ) = 6.04e+00
Loss=-30.483268 | E0=-7.74832285-0.00139938j | E1=-7.66521904-0.00150762j|E2=-7.61827144+0.00098819j|E3=-7.45145433+0.00154883j
#-----------------------------------------#
[GaugeReset@30] 吸收 Δg = Σ Re(col_mean) = +24.4606 | 新|g| = 30.5191
训练耗时：59.75 秒

============================================================
训练完成!
============================================================
