
============================================================
开始多链 NES-VMC 训练 | diag_shift 放大版（P3 方案）
============================================================
精确CAS基准：基态=-7.86364558 Ha | 1激发=-7.72153670 Ha|2激发=-7.70823970 Ha|3激发=-7.68581513 Ha|
理论 Loss 上限：-30.97923710 
超参：clip_norm=20.0, lr=0.1, QGT diag_shift=1.0, gauge_ridge μ=0.0
[Step   0] logΨ: mean=8.487+0.171j | min=2.646-2.143j | max=10.228+1.117j
梯度监控 | raw=20.1724 | natural=1.0117 | clipped=1.0117(上限20.0)
行规范坐标 G(Re Σrow_mean) = +3.5591 | ΔG from init = +0.0000
Ψ矩阵条件数 cond(Ψ) = 1.27e+01
Loss=-21.989181 | E0=-5.90165091+0.01112421j | E1=-5.64291648+0.01155631j|E2=-5.33633014-0.02197863j|E3=-5.10828311-0.00074582j
#-----------------------------------------#
[Step   1] logΨ: mean=8.951+0.076j | min=4.095+2.640j | max=10.800+1.231j
梯度监控 | raw=20.3168 | natural=0.9197 | clipped=0.9197(上限20.0)
行规范坐标 G(Re Σrow_mean) = +3.8071 | ΔG from init = +0.2480
Ψ矩阵条件数 cond(Ψ) = 2.33e+01
Loss=-22.661688 | E0=-6.19206708-0.00514367j | E1=-5.90064457+0.01108146j|E2=-5.47653484-0.00938867j|E3=-5.09244186-0.00046900j
#-----------------------------------------#
[Step   2] logΨ: mean=9.508+0.115j | min=3.313+0.671j | max=11.394+1.309j
梯度监控 | raw=18.8635 | natural=0.7857 | clipped=0.7857(上限20.0)
行规范坐标 G(Re Σrow_mean) = +4.1590 | ΔG from init = +0.6000
Ψ矩阵条件数 cond(Ψ) = 1.16e+01
Loss=-23.431539 | E0=-6.59655083+0.00359799j | E1=-6.17961758+0.00246715j|E2=-5.55977954-0.00798528j|E3=-5.09559092+0.00241321j
#-----------------------------------------#
[Step   3] logΨ: mean=10.133+0.016j | min=4.226-1.914j | max=11.947+1.346j
梯度监控 | raw=26.0651 | natural=0.7185 | clipped=0.7185(上限20.0)
行规范坐标 G(Re Σrow_mean) = +4.5185 | ΔG from init = +0.9595
Ψ矩阵条件数 cond(Ψ) = 9.13e+00
Loss=-23.938135 | E0=-6.84692178-0.01118408j | E1=-6.38410077+0.01035007j|E2=-5.60855794-0.00318385j|E3=-5.09855492-0.00109297j
#-----------------------------------------#
[Step   4] logΨ: mean=10.586-0.026j | min=4.988-0.981j | max=12.352+1.458j
梯度监控 | raw=33.5168 | natural=0.6283 | clipped=0.6283(上限20.0)
行规范坐标 G(Re Σrow_mean) = +4.8273 | ΔG from init = +1.2682
Ψ矩阵条件数 cond(Ψ) = 7.88e+00
Loss=-24.484269 | E0=-7.08228330+0.00168282j | E1=-6.60538627-0.00336319j|E2=-5.69983459-0.00107752j|E3=-5.09676466-0.00114554j
#-----------------------------------------#
[Step   5] logΨ: mean=11.185+0.044j | min=5.786+2.221j | max=12.840+1.483j
梯度监控 | raw=37.4033 | natural=0.5560 | clipped=0.5560(上限20.0)
行规范坐标 G(Re Σrow_mean) = +5.1581 | ΔG from init = +1.5991
Ψ矩阵条件数 cond(Ψ) = 9.59e+00
Loss=-24.830957 | E0=-7.23316316-0.00205623j | E1=-6.75246060+0.00016067j|E2=-5.74742884+0.00897226j|E3=-5.09790444-0.00161420j
#-----------------------------------------#
[Step   6] logΨ: mean=11.918+0.016j | min=4.951-0.588j | max=13.460+1.547j
梯度监控 | raw=46.2148 | natural=0.5367 | clipped=0.5367(上限20.0)
行规范坐标 G(Re Σrow_mean) = +5.6695 | ΔG from init = +2.1105
Ψ矩阵条件数 cond(Ψ) = 9.49e+00
Loss=-25.179684 | E0=-7.34162070-0.00294348j | E1=-6.85474476+0.00750493j|E2=-5.87367792-0.00364548j|E3=-5.10964088+0.00196885j
#-----------------------------------------#
[Step   7] logΨ: mean=12.475-0.094j | min=6.900+0.958j | max=13.765+1.552j
梯度监控 | raw=45.1442 | natural=0.4592 | clipped=0.4592(上限20.0)
行规范坐标 G(Re Σrow_mean) = +5.9469 | ΔG from init = +2.3878
Ψ矩阵条件数 cond(Ψ) = 6.46e+00
Loss=-25.515203 | E0=-7.47414144+0.00122570j | E1=-6.98912191-0.00154330j|E2=-5.94242506+0.00044440j|E3=-5.10951426-0.00193935j
#-----------------------------------------#
[Step   8] logΨ: mean=12.933-0.217j | min=7.612-3.101j | max=14.168+1.453j
梯度监控 | raw=49.7195 | natural=0.4540 | clipped=0.4540(上限20.0)
行规范坐标 G(Re Σrow_mean) = +6.2611 | ΔG from init = +2.7021
Ψ矩阵条件数 cond(Ψ) = 1.46e+01
Loss=-25.735332 | E0=-7.52039969+0.00313146j | E1=-7.04571332-0.00249971j|E2=-6.03784709+0.00110283j|E3=-5.13137232-0.00170462j
#-----------------------------------------#
[Step   9] logΨ: mean=13.455-0.165j | min=6.589-2.185j | max=14.591+0.595j
梯度监控 | raw=56.6730 | natural=0.3880 | clipped=0.3880(上限20.0)
行规范坐标 G(Re Σrow_mean) = +6.5415 | ΔG from init = +2.9825
Ψ矩阵条件数 cond(Ψ) = 9.81e+00
Loss=-25.959443 | E0=-7.54033714+0.00090862j | E1=-7.14282870-0.00516679j|E2=-6.16404919+0.00402166j|E3=-5.11222824-0.00086104j
#-----------------------------------------#
[Step  10] logΨ: mean=14.062-0.240j | min=7.322+2.364j | max=15.256+0.539j
梯度监控 | raw=61.2314 | natural=0.3862 | clipped=0.3862(上限20.0)
行规范坐标 G(Re Σrow_mean) = +6.9931 | ΔG from init = +3.4341
Ψ矩阵条件数 cond(Ψ) = 8.59e+00
Loss=-26.193703 | E0=-7.56934580+0.00395391j | E1=-7.17570303-0.01165112j|E2=-6.29646836+0.00992943j|E3=-5.15218565+0.00122498j
#-----------------------------------------#
[Step  11] logΨ: mean=14.742-0.290j | min=7.814+1.349j | max=15.930+0.452j
梯度监控 | raw=68.7753 | natural=0.3609 | clipped=0.3609(上限20.0)
行规范坐标 G(Re Σrow_mean) = +7.3811 | ΔG from init = +3.8221
Ψ矩阵条件数 cond(Ψ) = 1.09e+01
Loss=-26.379658 | E0=-7.60133133+0.00249508j | E1=-7.23744747-0.00088807j|E2=-6.37041244+0.00079691j|E3=-5.17046632+0.00152211j
#-----------------------------------------#
[Step  12] logΨ: mean=15.425-0.352j | min=10.128+0.310j | max=16.536+0.455j
梯度监控 | raw=71.3603 | natural=0.3005 | clipped=0.3005(上限20.0)
行规范坐标 G(Re Σrow_mean) = +7.9166 | ΔG from init = +4.3576
Ψ矩阵条件数 cond(Ψ) = 9.55e+00
Loss=-26.678004 | E0=-7.61088964-0.00012616j | E1=-7.28663273+0.00361967j|E2=-6.55112286-0.00489878j|E3=-5.22935887+0.00115390j
#-----------------------------------------#
[Step  13] logΨ: mean=15.918-0.540j | min=10.331+0.900j | max=17.051+0.311j
梯度监控 | raw=81.7046 | natural=0.3069 | clipped=0.3069(上限20.0)
行规范坐标 G(Re Σrow_mean) = +8.2644 | ΔG from init = +4.7053
Ψ矩阵条件数 cond(Ψ) = 6.87e+00
Loss=-27.011111 | E0=-7.62646753+0.00160756j | E1=-7.32704158-0.00438115j|E2=-6.69244060+0.00503487j|E3=-5.36516137+0.00378228j
#-----------------------------------------#
[Step  14] logΨ: mean=16.466-0.587j | min=10.250+1.760j | max=17.495+0.201j
梯度监控 | raw=94.9982 | natural=0.2547 | clipped=0.2547(上限20.0)
行规范坐标 G(Re Σrow_mean) = +8.7309 | ΔG from init = +5.1718
Ψ矩阵条件数 cond(Ψ) = 7.34e+00
Loss=-27.357719 | E0=-7.63956159-0.00076553j | E1=-7.37290425-0.00874088j|E2=-6.78723668+0.00058453j|E3=-5.55801624+0.00571241j
#-----------------------------------------#
[Step  15] logΨ: mean=16.928-0.543j | min=10.699+2.563j | max=17.819+0.080j
梯度监控 | raw=122.1776 | natural=0.2298 | clipped=0.2298(上限20.0)
行规范坐标 G(Re Σrow_mean) = +8.8026 | ΔG from init = +5.2435
Ψ矩阵条件数 cond(Ψ) = 1.14e+01
Loss=-27.774856 | E0=-7.63973239+0.00037830j | E1=-7.39623306-0.00445664j|E2=-6.94042848-0.00311575j|E3=-5.79846161+0.00689894j
#-----------------------------------------#
[Step  16] logΨ: mean=18.475-0.583j | min=9.809-0.224j | max=47.892-0.834j
梯度监控 | raw=120.9636 | natural=0.2171 | clipped=0.2171(上限20.0)
行规范坐标 G(Re Σrow_mean) = +10.0058 | ΔG from init = +6.4468
Ψ矩阵条件数 cond(Ψ) = 7.48e+01
Loss=-27.913081 | E0=-7.65237839+0.00214221j | E1=-7.41156856-0.00002300j|E2=-7.01445538+0.00265232j|E3=-5.83467877-0.00196593j
#-----------------------------------------#
【Step 17 告警】梯度异常！nan=False, raw_grad_norm=2752164658402.48
[Step  17] logΨ: mean=13.065-0.031j | min=8.333-0.160j | max=40.548+0.303j
梯度监控 | raw=2752164658402.4766 | natural=659331441.6081 | clipped=20.0000(上限20.0)
行规范坐标 G(Re Σrow_mean) = +7.7662 | ΔG from init = +4.2071
Ψ矩阵条件数 cond(Ψ) = 1.82e+01
Loss=14837854.065465 | E0=-7.54438426+0.01359142j | E1=-7.15736260+0.05200634j|E2=-6.34854008-0.02162457j|E3=14837875.11575229-66539134.97170755j
#-----------------------------------------#
【Step 18 告警】梯度异常！nan=False, raw_grad_norm=4325622705672.07
[Step  18] logΨ: mean=3.658-0.496j | min=2.729-2.788j | max=4.044+0.964j
梯度监控 | raw=4325622705672.0679 | natural=375337697.5559 | clipped=20.0000(上限20.0)
行规范坐标 G(Re Σrow_mean) = +2.6256 | ΔG from init = -0.9335
Ψ矩阵条件数 cond(Ψ) = 2.17e+01
Loss=2358927967.886839 | E0=-7.75934748+0.20906884j | E1=-7.47470360-0.00060449j|E2=-6.97726531-0.25192103j|E3=2358927990.09815979-11357503586.49103165j
#-----------------------------------------#
[Step  19] logΨ: mean=3.769-0.344j | min=2.699-2.304j | max=4.175-1.355j
梯度监控 | raw=27.1983 | natural=0.2246 | clipped=0.2246(上限20.0)
行规范坐标 G(Re Σrow_mean) = +2.6635 | ΔG from init = -0.8956
Ψ矩阵条件数 cond(Ψ) = 1.69e+01
Loss=-29.077895 | E0=-7.64402229+0.03605681j | E1=-7.58292542+0.25491250j|E2=-7.14411402-0.04612060j|E3=-6.70683348-0.24602326j
#-----------------------------------------#
[Step  20] logΨ: mean=3.358-0.087j | min=0.963-1.682j | max=4.087-1.131j
梯度监控 | raw=27.1113 | natural=0.2080 | clipped=0.2080(上限20.0)
行规范坐标 G(Re Σrow_mean) = +2.6468 | ΔG from init = -0.9123
Ψ矩阵条件数 cond(Ψ) = 1.30e+01
Loss=-29.075824 | E0=-7.64594256+0.03351031j | E1=-7.51136272+0.28731181j|E2=-7.14709242-0.07378681j|E3=-6.77142594-0.23550374j
#-----------------------------------------#
[Step  21] logΨ: mean=3.222-0.195j | min=1.227-2.378j | max=3.996-1.137j
梯度监控 | raw=140.9055 | natural=0.1552 | clipped=0.1552(上限20.0)
行规范坐标 G(Re Σrow_mean) = +2.5085 | ΔG from init = -1.0505
Ψ矩阵条件数 cond(Ψ) = 1.06e+01
Loss=-29.158369 | E0=-7.64058899+0.02033819j | E1=-7.52072943+0.77429503j|E2=-7.11797678-0.04767159j|E3=-6.87907371-0.73011349j
#-----------------------------------------#
[Step  22] logΨ: mean=3.038-0.202j | min=0.900-2.561j | max=3.924-1.097j
梯度监控 | raw=317.0914 | natural=0.1215 | clipped=0.1215(上限20.0)
行规范坐标 G(Re Σrow_mean) = +2.4584 | ΔG from init = -1.1006
Ψ矩阵条件数 cond(Ψ) = 9.88e+00
Loss=-29.150387 | E0=-7.77113349+0.50956828j | E1=-7.62366328+0.01352421j|E2=-7.15782039-0.11158437j|E3=-6.59777034-0.38344513j
#-----------------------------------------#
[Step  23] logΨ: mean=2.882-0.174j | min=0.480-2.466j | max=3.878-1.053j
梯度监控 | raw=759.4459 | natural=0.1001 | clipped=0.1001(上限20.0)
行规范坐标 G(Re Σrow_mean) = +2.4301 | ΔG from init = -1.1289
Ψ矩阵条件数 cond(Ψ) = 9.55e+00
Loss=-29.216182 | E0=-7.91796716+0.45340647j | E1=-7.60439225+0.00150307j|E2=-7.19479384-0.16310425j|E3=-6.49902830-0.27154910j
#-----------------------------------------#
[Step  24] logΨ: mean=2.754-0.113j | min=0.154-2.053j | max=3.845-1.006j
梯度监控 | raw=1573.6967 | natural=0.0797 | clipped=0.0797(上限20.0)
行规范坐标 G(Re Σrow_mean) = +2.4113 | ΔG from init = -1.1477
Ψ矩阵条件数 cond(Ψ) = 9.34e+00
Loss=-29.322725 | E0=-8.03358166+0.41333284j | E1=-7.57506645-0.00866948j|E2=-7.26856984-0.24489449j|E3=-6.44550750-0.19230425j
#-----------------------------------------#
[Step  25] logΨ: mean=2.665-0.045j | min=0.134-1.632j | max=3.824-0.960j
梯度监控 | raw=2217.9182 | natural=0.0614 | clipped=0.0614(上限20.0)
行规范坐标 G(Re Σrow_mean) = +2.4007 | ΔG from init = -1.1584
Ψ矩阵条件数 cond(Ψ) = 9.20e+00
Loss=-29.492820 | E0=-8.08244527+0.42375975j | E1=-7.52795850-0.00171602j|E2=-7.43862800-0.34324195j|E3=-6.44378853-0.14943569j
#-----------------------------------------#
[Step  26] logΨ: mean=2.597+0.013j | min=0.207-1.396j | max=3.809-0.918j
梯度监控 | raw=1476.6712 | natural=0.0518 | clipped=0.0518(上限20.0)
行规范坐标 G(Re Σrow_mean) = +2.3986 | ΔG from init = -1.1604
Ψ矩阵条件数 cond(Ψ) = 9.12e+00
Loss=-29.610555 | E0=-8.02770117+0.41644946j | E1=-7.62259844-0.38388977j|E2=-7.49299953+0.03223354j|E3=-6.46725624-0.09092697j
#-----------------------------------------#
[Step  27] logΨ: mean=2.542+0.062j | min=0.259-1.270j | max=3.799-0.879j
梯度监控 | raw=977.3468 | natural=0.0490 | clipped=0.0490(上限20.0)
行规范坐标 G(Re Σrow_mean) = +2.4042 | ΔG from init = -1.1549
Ψ矩阵条件数 cond(Ψ) = 9.11e+00
Loss=-29.662386 | E0=-7.96615811+0.36316849j | E1=-7.74362136-0.39249415j|E2=-7.47709304+0.06420514j|E3=-6.47551311-0.02838871j
#-----------------------------------------#
[Step  28] logΨ: mean=2.495+0.105j | min=0.281-1.195j | max=3.794-0.842j
梯度监控 | raw=1067.9184 | natural=0.0496 | clipped=0.0496(上限20.0)
行规范坐标 G(Re Σrow_mean) = +2.4160 | ΔG from init = -1.1430
Ψ矩阵条件数 cond(Ψ) = 9.16e+00
Loss=-29.703666 | E0=-7.92833973+0.30463612j | E1=-7.83645629-0.39984344j|E2=-7.46811784+0.08992131j|E3=-6.47075180+0.02753331j
#-----------------------------------------#
[Step  29] logΨ: mean=2.456+0.144j | min=0.161+2.282j | max=3.796-1.682j
梯度监控 | raw=1283.9027 | natural=0.0515 | clipped=0.0515(上限20.0)
行规范坐标 G(Re Σrow_mean) = +2.4328 | ΔG from init = -1.1263
Ψ矩阵条件数 cond(Ψ) = 9.25e+00
Loss=-29.744760 | E0=-7.91875080-0.40685364j | E1=-7.90631078+0.25519550j|E2=-7.46145926+0.11118499j|E3=-6.45823952+0.07543469j
#-----------------------------------------#
训练耗时：48.15 秒

============================================================
训练完成!
============================================================
