
============================================================
开始多链 NES-VMC 训练 | P8: 双侧一致列规范 + 周期性 gauge reset | N_ITER=50
============================================================
精确CAS基准：基态=-7.86364558 Ha | 1激发=-7.72153670 Ha|2激发=-7.70823970 Ha|3激发=-7.68581513 Ha|
理论 Loss 上限：-30.97923710 
超参：clip_norm=20.0, lr=0.1, QGT diag_shift=0.1, RESET_PERIOD=10
[Step   0] logΨ: mean=9.264+0.151j | min=3.413-2.258j | max=11.034+0.951j
梯度监控 | raw=20.1724 | natural=2.4716 | clipped=2.4716(上限20.0)
原始规范坐标 G(Re Σrow_mean) = +4.2997 | 累计|g| = 0.0000
Ψ矩阵条件数 cond(Ψ) = 1.15e+01
Loss=-21.989181 | E0=-5.90165091+0.01112421j | E1=-5.64291648+0.01155631j|E2=-5.33633014-0.02197863j|E3=-5.10828311-0.00074582j
#-----------------------------------------#
[Step   1] logΨ: mean=10.157+0.006j | min=4.232+2.681j | max=11.978+0.750j
梯度监控 | raw=18.2645 | natural=2.2214 | clipped=2.2214(上限20.0)
原始规范坐标 G(Re Σrow_mean) = +4.9352 | 累计|g| = 0.0000
Ψ矩阵条件数 cond(Ψ) = 2.24e+01
Loss=-23.039504 | E0=-6.25111479-0.00799138j | E1=-6.17457742+0.01573088j|E2=-5.51916180-0.00165410j|E3=-5.09464972-0.00346046j
#-----------------------------------------#
[Step   2] logΨ: mean=11.319-0.110j | min=5.511-1.072j | max=13.181+0.772j
梯度监控 | raw=22.4896 | natural=1.9624 | clipped=1.9624(上限20.0)
原始规范坐标 G(Re Σrow_mean) = +5.8836 | 累计|g| = 0.0000
Ψ矩阵条件数 cond(Ψ) = 1.21e+01
Loss=-23.837653 | E0=-6.56157928-0.00692675j | E1=-6.53924431+0.00741288j|E2=-5.62545520-0.00275761j|E3=-5.11137464+0.00096283j
#-----------------------------------------#
[Step   3] logΨ: mean=12.535-0.001j | min=6.445-1.608j | max=14.282+0.795j
梯度监控 | raw=22.8226 | natural=1.5774 | clipped=1.5774(上限20.0)
原始规范坐标 G(Re Σrow_mean) = +6.9288 | 累计|g| = 0.0000
Ψ矩阵条件数 cond(Ψ) = 1.70e+01
Loss=-24.619943 | E0=-6.95088743+0.00133226j | E1=-6.81019649+0.00297482j|E2=-5.73528259-0.00402479j|E3=-5.12357600+0.00117683j
#-----------------------------------------#
[Step   4] logΨ: mean=13.860-0.025j | min=7.956-2.166j | max=15.541+0.789j
梯度监控 | raw=35.4105 | natural=1.3917 | clipped=1.3917(上限20.0)
原始规范坐标 G(Re Σrow_mean) = +8.1604 | 累计|g| = 0.0000
Ψ矩阵条件数 cond(Ψ) = 9.74e+00
Loss=-25.092177 | E0=-7.14499420+0.00053944j | E1=-6.94074720+0.00442820j|E2=-5.84372217-0.00241488j|E3=-5.16271314-0.00125241j
#-----------------------------------------#
[Step   5] logΨ: mean=14.765-0.115j | min=9.024-2.356j | max=16.302+0.628j
梯度监控 | raw=38.0193 | natural=1.1114 | clipped=1.1114(上限20.0)
原始规范坐标 G(Re Σrow_mean) = +8.9855 | 累计|g| = 0.0000
Ψ矩阵条件数 cond(Ψ) = 3.62e+01
Loss=-25.552852 | E0=-7.30340536+0.00669234j | E1=-7.08857121+0.00357096j|E2=-5.99652116-0.01024595j|E3=-5.16435411-0.00152744j
#-----------------------------------------#
[Step   6] logΨ: mean=15.861-0.056j | min=9.760-1.824j | max=17.358+2.896j
梯度监控 | raw=60.9172 | natural=0.9886 | clipped=0.9886(上限20.0)
原始规范坐标 G(Re Σrow_mean) = +10.1133 | 累计|g| = 0.0000
Ψ矩阵条件数 cond(Ψ) = 1.03e+01
Loss=-25.961873 | E0=-7.38143612-0.00491563j | E1=-7.17178130+0.00628440j|E2=-6.13618192-0.00021350j|E3=-5.27247382+0.00132448j
#-----------------------------------------#
[Step   7] logΨ: mean=16.673-0.130j | min=7.679+0.691j | max=18.110+2.668j
梯度监控 | raw=57.0022 | natural=0.8430 | clipped=0.8430(上限20.0)
原始规范坐标 G(Re Σrow_mean) = +10.8882 | 累计|g| = 0.0000
Ψ矩阵条件数 cond(Ψ) = 1.92e+01
Loss=-26.354389 | E0=-7.46670568-0.00488928j | E1=-7.26509190+0.00142276j|E2=-6.35252552+0.00659222j|E3=-5.27006562-0.00065947j
#-----------------------------------------#
[Step   8] logΨ: mean=17.227+0.069j | min=10.204-1.075j | max=18.687+2.531j
梯度监控 | raw=88.2571 | natural=0.8485 | clipped=0.8485(上限20.0)
原始规范坐标 G(Re Σrow_mean) = +11.4731 | 累计|g| = 0.0000
Ψ矩阵条件数 cond(Ψ) = 1.06e+01
Loss=-26.709629 | E0=-7.51175417+0.00190525j | E1=-7.31899423-0.01055753j|E2=-6.46090004+0.00802946j|E3=-5.41798100+0.00058470j
#-----------------------------------------#
[Step   9] logΨ: mean=18.124+0.110j | min=11.277+2.805j | max=19.503+2.496j
梯度监控 | raw=113.0472 | natural=0.6968 | clipped=0.6968(上限20.0)
原始规范坐标 G(Re Σrow_mean) = +12.4144 | 累计|g| = 0.0000
Ψ矩阵条件数 cond(Ψ) = 9.83e+00
Loss=-27.129383 | E0=-7.56881392-0.00235884j | E1=-7.34931745+0.00100132j|E2=-6.62287802+0.00057961j|E3=-5.58837332+0.00338262j
#-----------------------------------------#
[GaugeReset@10] 吸收 Δg = Σ Re(col_mean) = +12.4144 | 新|g| = 6.5486
[Step  10] logΨ: mean=6.556-0.095j | min=1.537-0.679j | max=7.832+0.864j
梯度监控 | raw=133.6663 | natural=0.5998 | clipped=0.5998(上限20.0)
原始规范坐标 G(Re Σrow_mean) = +13.3889 | 累计|g| = 6.5486
Ψ矩阵条件数 cond(Ψ) = 2.12e+01
Loss=-27.610118 | E0=-7.60347246+0.00534505j | E1=-7.38328757+0.00068081j|E2=-6.76772645-0.00113423j|E3=-5.85563124-0.00412363j
#-----------------------------------------#
[Step  11] logΨ: mean=7.572-0.022j | min=1.640-2.455j | max=8.857+2.631j
梯度监控 | raw=146.9343 | natural=0.5683 | clipped=0.5683(上限20.0)
原始规范坐标 G(Re Σrow_mean) = +14.5571 | 累计|g| = 6.5486
Ψ矩阵条件数 cond(Ψ) = 8.33e+00
Loss=-28.123333 | E0=-7.62979760-0.00020508j | E1=-7.41658653-0.00470126j|E2=-6.89804124+0.00089600j|E3=-6.17890810+0.00092932j
#-----------------------------------------#
[Step  12] logΨ: mean=8.469+0.079j | min=3.261+2.495j | max=9.655+2.846j
梯度监控 | raw=143.7383 | natural=0.4443 | clipped=0.4443(上限20.0)
原始规范坐标 G(Re Σrow_mean) = +15.5376 | 累计|g| = 6.5486
Ψ矩阵条件数 cond(Ψ) = 3.15e+01
Loss=-28.691945 | E0=-7.64593253+0.00084970j | E1=-7.43594844+0.00507716j|E2=-7.05569768-0.00053716j|E3=-6.55436598-0.00216980j
#-----------------------------------------#
[Step  13] logΨ: mean=8.941+0.219j | min=3.135-3.097j | max=10.192+2.653j
梯度监控 | raw=128.8841 | natural=0.4385 | clipped=0.4385(上限20.0)
原始规范坐标 G(Re Σrow_mean) = +15.9420 | 累计|g| = 6.5486
Ψ矩阵条件数 cond(Ψ) = 3.26e+01
Loss=-28.840830 | E0=-7.64974878+0.00102098j | E1=-7.44821435+0.00077255j|E2=-7.11978612-0.00737186j|E3=-6.62308056+0.00767726j
#-----------------------------------------#
[Step  14] logΨ: mean=9.208+0.175j | min=2.070-0.381j | max=10.366+2.853j
梯度监控 | raw=95.2719 | natural=0.4091 | clipped=0.4091(上限20.0)
原始规范坐标 G(Re Σrow_mean) = +16.3293 | 累计|g| = 6.5486
Ψ矩阵条件数 cond(Ψ) = 7.62e+00
Loss=-29.329309 | E0=-7.66514048+0.00182027j | E1=-7.48457435+0.00476138j|E2=-7.23764221-0.00398335j|E3=-6.94195238+0.00021831j
#-----------------------------------------#
[Step  15] logΨ: mean=9.959+0.030j | min=3.090-1.728j | max=10.980+0.079j
梯度监控 | raw=59.9304 | natural=0.3427 | clipped=0.3427(上限20.0)
原始规范坐标 G(Re Σrow_mean) = +17.1245 | 累计|g| = 6.5486
Ψ矩阵条件数 cond(Ψ) = 7.00e+00
Loss=-29.666422 | E0=-7.67961911-0.00322063j | E1=-7.50682146+0.00807873j|E2=-7.37847726-0.00558496j|E3=-7.10150407+0.00234488j
#-----------------------------------------#
[Step  16] logΨ: mean=10.873+0.379j | min=3.672-1.493j | max=11.925+2.979j
梯度监控 | raw=60.0693 | natural=0.3170 | clipped=0.3170(上限20.0)
原始规范坐标 G(Re Σrow_mean) = +17.9371 | 累计|g| = 6.5486
Ψ矩阵条件数 cond(Ψ) = 8.35e+00
Loss=-29.670571 | E0=-7.67651374+0.00164517j | E1=-7.49261205+0.00399819j|E2=-7.38430913-0.00710056j|E3=-7.11713592+0.00019956j
#-----------------------------------------#
[Step  17] logΨ: mean=11.689+0.485j | min=3.988+0.522j | max=12.594+2.980j
梯度监控 | raw=31.1927 | natural=0.2378 | clipped=0.2378(上限20.0)
原始规范坐标 G(Re Σrow_mean) = +18.7675 | 累计|g| = 6.5486
Ψ矩阵条件数 cond(Ψ) = 1.52e+01
Loss=-29.980869 | E0=-7.69183500-0.00293141j | E1=-7.56530971-0.00379055j|E2=-7.47601973+0.00479960j|E3=-7.24770409+0.00203483j
#-----------------------------------------#
[Step  18] logΨ: mean=12.334+0.044j | min=6.380+2.442j | max=13.195+0.011j
梯度监控 | raw=24.3024 | natural=0.2370 | clipped=0.2370(上限20.0)
原始规范坐标 G(Re Σrow_mean) = +19.2964 | 累计|g| = 6.5486
Ψ矩阵条件数 cond(Ψ) = 1.46e+01
Loss=-30.056098 | E0=-7.69711480+0.00044261j | E1=-7.60979601+0.00022436j|E2=-7.50758329+0.00347436j|E3=-7.24160439-0.00390882j
#-----------------------------------------#
[Step  19] logΨ: mean=13.185-0.162j | min=6.524+1.353j | max=14.035+0.227j
梯度监控 | raw=25.2857 | natural=0.2277 | clipped=0.2277(上限20.0)
原始规范坐标 G(Re Σrow_mean) = +20.0389 | 累计|g| = 6.5486
Ψ矩阵条件数 cond(Ψ) = 1.31e+01
Loss=-30.125900 | E0=-7.70778949+0.00035267j | E1=-7.62656019+0.00155217j|E2=-7.51942415-0.00217215j|E3=-7.27212569+0.00348424j
#-----------------------------------------#
[GaugeReset@20] 吸收 Δg = Σ Re(col_mean) = +20.0389 | 新|g| = 17.3236
[Step  20] logΨ: mean=-6.207+0.009j | min=-11.959-0.440j | max=-5.405+0.017j
梯度监控 | raw=31.6309 | natural=0.1750 | clipped=0.1750(上限20.0)
原始规范坐标 G(Re Σrow_mean) = +20.5579 | 累计|g| = 17.3236
Ψ矩阵条件数 cond(Ψ) = 1.44e+01
Loss=-30.198359 | E0=-7.71449389-0.00185904j | E1=-7.62644355-0.00203369j|E2=-7.55065006+0.00090644j|E3=-7.30677113+0.00139649j
#-----------------------------------------#
[Step  21] logΨ: mean=-5.617+0.603j | min=-11.257-2.941j | max=-4.899+3.138j
梯度监控 | raw=37.5069 | natural=0.1239 | clipped=0.1239(上限20.0)
原始规范坐标 G(Re Σrow_mean) = +21.0065 | 累计|g| = 17.3236
Ψ矩阵条件数 cond(Ψ) = 1.37e+01
Loss=-30.221400 | E0=-7.72240090-0.00079162j | E1=-7.64521324+0.00043960j|E2=-7.55139246-0.00122017j|E3=-7.30239316+0.00331309j
#-----------------------------------------#
[Step  22] logΨ: mean=-4.766-0.250j | min=-10.471+2.585j | max=-4.003+0.410j
梯度监控 | raw=41.1483 | natural=0.2139 | clipped=0.2139(上限20.0)
原始规范坐标 G(Re Σrow_mean) = +21.8290 | 累计|g| = 17.3236
Ψ矩阵条件数 cond(Ψ) = 9.39e+00
Loss=-30.266128 | E0=-7.72052263-0.00058698j | E1=-7.64539993-0.00026048j|E2=-7.56432600+0.00171813j|E3=-7.33587924-0.00040721j
#-----------------------------------------#
[Step  23] logΨ: mean=-4.147-0.253j | min=-9.869-2.591j | max=-3.415+0.566j
梯度监控 | raw=56.5764 | natural=0.2009 | clipped=0.2009(上限20.0)
原始规范坐标 G(Re Σrow_mean) = +22.1431 | 累计|g| = 17.3236
Ψ矩阵条件数 cond(Ψ) = 1.83e+01
Loss=-30.277091 | E0=-7.72436625-0.00062745j | E1=-7.64833741+0.00148036j|E2=-7.56306340+0.00164191j|E3=-7.34132400-0.00087864j
#-----------------------------------------#
[Step  24] logΨ: mean=-3.604-0.280j | min=-10.060-0.566j | max=-2.939+0.397j
梯度监控 | raw=60.4670 | natural=0.1237 | clipped=0.1237(上限20.0)
原始规范坐标 G(Re Σrow_mean) = +22.5033 | 累计|g| = 17.3236
Ψ矩阵条件数 cond(Ψ) = 9.86e+00
Loss=-30.333332 | E0=-7.72985632+0.00056736j | E1=-7.65714208+0.00092083j|E2=-7.58027552-0.00227311j|E3=-7.36605788-0.00005413j
#-----------------------------------------#
[Step  25] logΨ: mean=-3.028-0.201j | min=-8.102-1.876j | max=-2.415+0.619j
梯度监控 | raw=66.3288 | natural=0.0855 | clipped=0.0855(上限20.0)
原始规范坐标 G(Re Σrow_mean) = +22.9341 | 累计|g| = 17.3236
Ψ矩阵条件数 cond(Ψ) = 1.48e+01
Loss=-30.378477 | E0=-7.73164248-0.00072674j | E1=-7.66254233-0.00087922j|E2=-7.60072957+0.00087252j|E3=-7.38356232-0.00318754j
#-----------------------------------------#
[Step  26] logΨ: mean=-2.515-0.149j | min=-8.205+1.889j | max=-1.917+0.668j
梯度监控 | raw=73.2171 | natural=0.0880 | clipped=0.0880(上限20.0)
原始规范坐标 G(Re Σrow_mean) = +23.2329 | 累计|g| = 17.3236
Ψ矩阵条件数 cond(Ψ) = 3.32e+01
Loss=-30.375310 | E0=-7.73539542-0.00063770j | E1=-7.65922148+0.00129790j|E2=-7.60723734-0.00060861j|E3=-7.37345556-0.00160705j
#-----------------------------------------#
[Step  27] logΨ: mean=-1.953-0.371j | min=-8.147-2.450j | max=-1.335+0.782j
梯度监控 | raw=85.4158 | natural=0.0759 | clipped=0.0759(上限20.0)
原始规范坐标 G(Re Σrow_mean) = +23.6554 | 累计|g| = 17.3236
Ψ矩阵条件数 cond(Ψ) = 1.05e+01
Loss=-30.430444 | E0=-7.73834962+0.00000361j | E1=-7.65686043-0.00031261j|E2=-7.60847341+0.00255023j|E3=-7.42676030-0.00377676j
#-----------------------------------------#
[Step  28] logΨ: mean=-1.334-0.637j | min=-6.729-0.186j | max=-0.746+0.075j
梯度监控 | raw=91.1276 | natural=0.0597 | clipped=0.0597(上限20.0)
原始规范坐标 G(Re Σrow_mean) = +24.0936 | 累计|g| = 17.3236
Ψ矩阵条件数 cond(Ψ) = 2.33e+01
Loss=-30.446678 | E0=-7.74172926-0.00029188j | E1=-7.66358833+0.00096313j|E2=-7.61080563+0.00034050j|E3=-7.43055501-0.00104441j
#-----------------------------------------#
[Step  29] logΨ: mean=-0.922-0.358j | min=-5.349+2.216j | max=-0.318+0.420j
梯度监控 | raw=92.7318 | natural=0.0669 | clipped=0.0669(上限20.0)
原始规范坐标 G(Re Σrow_mean) = +24.4606 | 累计|g| = 17.3236
Ψ矩阵条件数 cond(Ψ) = 6.04e+00
Loss=-30.483268 | E0=-7.74832285-0.00139938j | E1=-7.66521904-0.00150762j|E2=-7.61827144+0.00098819j|E3=-7.45145433+0.00154883j
#-----------------------------------------#
[GaugeReset@30] 吸收 Δg = Σ Re(col_mean) = +24.4606 | 新|g| = 30.5191
[Step  30] logΨ: mean=-25.195+0.043j | min=-29.981-0.836j | max=-24.590+2.790j
梯度监控 | raw=96.7398 | natural=0.0932 | clipped=0.0932(上限20.0)
原始规范坐标 G(Re Σrow_mean) = +24.6806 | 累计|g| = 30.5191
Ψ矩阵条件数 cond(Ψ) = 2.80e+01
Loss=-30.480721 | E0=-7.74951475+0.00034617j | E1=-7.66443466+0.00012474j|E2=-7.62658831-0.00149929j|E3=-7.44018330+0.00001622j
#-----------------------------------------#
[Step  31] logΨ: mean=-24.741+0.141j | min=-30.103+0.789j | max=-24.052+2.729j
梯度监控 | raw=87.8090 | natural=0.0816 | clipped=0.0816(上限20.0)
原始规范坐标 G(Re Σrow_mean) = +24.9582 | 累计|g| = 30.5191
Ψ矩阵条件数 cond(Ψ) = 1.42e+01
Loss=-30.530464 | E0=-7.75308003+0.00044736j | E1=-7.66548687-0.00017426j|E2=-7.63228149-0.00114154j|E3=-7.47961597-0.00004979j
#-----------------------------------------#
[Step  32] logΨ: mean=-24.264+0.438j | min=-29.398+0.111j | max=-23.612+2.243j
梯度监控 | raw=88.4424 | natural=0.0502 | clipped=0.0502(上限20.0)
原始规范坐标 G(Re Σrow_mean) = +25.3666 | 累计|g| = 30.5191
Ψ矩阵条件数 cond(Ψ) = 2.40e+01
Loss=-30.569499 | E0=-7.75709805+0.00037320j | E1=-7.66609889-0.00096566j|E2=-7.63500396+0.00002661j|E3=-7.51129854+0.00049807j
#-----------------------------------------#
[Step  33] logΨ: mean=-24.394+0.472j | min=-30.444+2.535j | max=-23.717+2.098j
梯度监控 | raw=100.2543 | natural=0.1666 | clipped=0.1666(上限20.0)
原始规范坐标 G(Re Σrow_mean) = +25.2376 | 累计|g| = 30.5191
Ψ矩阵条件数 cond(Ψ) = 1.99e+01
Loss=-30.573509 | E0=-7.76063761-0.00012130j | E1=-7.66529019-0.00367066j|E2=-7.63752986+0.00018702j|E3=-7.51005143+0.00299720j
#-----------------------------------------#
[Step  34] logΨ: mean=-24.805+0.475j | min=-30.536-2.835j | max=-24.123+2.284j
梯度监控 | raw=93.9959 | natural=0.1081 | clipped=0.1081(上限20.0)
原始规范坐标 G(Re Σrow_mean) = +24.8808 | 累计|g| = 30.5191
Ψ矩阵条件数 cond(Ψ) = 1.59e+01
Loss=-30.614112 | E0=-7.76369851-0.00010282j | E1=-7.66832790+0.00034713j|E2=-7.63856970-0.00084976j|E3=-7.54351562+0.00113273j
#-----------------------------------------#
[Step  35] logΨ: mean=-24.997+0.541j | min=-28.681+2.465j | max=-24.275+2.312j
梯度监控 | raw=81.0853 | natural=0.0201 | clipped=0.0201(上限20.0)
原始规范坐标 G(Re Σrow_mean) = +24.8092 | 累计|g| = 30.5191
Ψ矩阵条件数 cond(Ψ) = 1.84e+01
Loss=-30.605993 | E0=-7.76727447-0.00035296j | E1=-7.66808187+0.00101988j|E2=-7.63576672+0.00008744j|E3=-7.53487002+0.00403378j
#-----------------------------------------#
[Step  36] logΨ: mean=-24.787+0.322j | min=-30.149-2.448j | max=-24.140+3.084j
梯度监控 | raw=71.1094 | natural=0.0761 | clipped=0.0761(上限20.0)
原始规范坐标 G(Re Σrow_mean) = +24.9925 | 累计|g| = 30.5191
Ψ矩阵条件数 cond(Ψ) = 1.47e+01
Loss=-30.641729 | E0=-7.77046695-0.00045023j | E1=-7.66508210+0.00075334j|E2=-7.64368510+0.00042666j|E3=-7.56249462+0.00155602j
#-----------------------------------------#
[Step  37] logΨ: mean=-25.188+0.268j | min=-31.823+1.833j | max=-24.547+2.698j
梯度监控 | raw=73.3400 | natural=0.0942 | clipped=0.0942(上限20.0)
原始规范坐标 G(Re Σrow_mean) = +24.7031 | 累计|g| = 30.5191
Ψ矩阵条件数 cond(Ψ) = 1.48e+01
Loss=-30.663948 | E0=-7.77194962+0.00050882j | E1=-7.67033732+0.00031274j|E2=-7.64876272+0.00145247j|E3=-7.57289792-0.00084436j
#-----------------------------------------#
[Step  38] logΨ: mean=-24.184+0.127j | min=-30.132+0.245j | max=-23.525+2.713j
梯度监控 | raw=55.5245 | natural=0.1303 | clipped=0.1303(上限20.0)
原始规范坐标 G(Re Σrow_mean) = +25.3899 | 累计|g| = 30.5191
Ψ矩阵条件数 cond(Ψ) = 1.13e+01
Loss=-30.656616 | E0=-7.77215535-0.00077556j | E1=-7.66681035-0.00220546j|E2=-7.64866523+0.00066403j|E3=-7.56898548+0.00099568j
#-----------------------------------------#
[Step  39] logΨ: mean=-24.746-0.655j | min=-30.012+0.712j | max=-24.148+0.141j
梯度监控 | raw=65.4266 | natural=0.0719 | clipped=0.0719(上限20.0)
原始规范坐标 G(Re Σrow_mean) = +25.1930 | 累计|g| = 30.5191
Ψ矩阵条件数 cond(Ψ) = 9.19e+00
Loss=-30.707571 | E0=-7.77777452-0.00026106j | E1=-7.67710119-0.00223858j|E2=-7.65526697-0.00143829j|E3=-7.59742863+0.00301550j
#-----------------------------------------#
[GaugeReset@40] 吸收 Δg = Σ Re(col_mean) = +25.1930 | 新|g| = 44.3107
[Step  40] logΨ: mean=-50.106+0.313j | min=-54.934-1.738j | max=-49.500+2.078j
梯度监控 | raw=69.0235 | natural=0.0546 | clipped=0.0546(上限20.0)
原始规范坐标 G(Re Σrow_mean) = +25.0120 | 累计|g| = 44.3107
Ψ矩阵条件数 cond(Ψ) = 1.57e+01
Loss=-30.703436 | E0=-7.78179793-0.00120095j | E1=-7.67298911+0.00167331j|E2=-7.65449088+0.00101529j|E3=-7.59415817-0.00144940j
#-----------------------------------------#
[Step  41] logΨ: mean=-49.808+0.186j | min=-56.565+1.218j | max=-49.337+1.380j
梯度监控 | raw=49.0920 | natural=0.0752 | clipped=0.0752(上限20.0)
原始规范坐标 G(Re Σrow_mean) = +25.1624 | 累计|g| = 44.3107
Ψ矩阵条件数 cond(Ψ) = 1.64e+01
Loss=-30.738088 | E0=-7.78240805-0.00192168j | E1=-7.67841591+0.00116020j|E2=-7.65796292-0.00162541j|E3=-7.61930107-0.00013562j
#-----------------------------------------#
[Step  42] logΨ: mean=-49.260-0.164j | min=-56.859-0.835j | max=-48.730+0.915j
梯度监控 | raw=46.4639 | natural=0.1271 | clipped=0.1271(上限20.0)
原始规范坐标 G(Re Σrow_mean) = +25.3868 | 累计|g| = 44.3107
Ψ矩阵条件数 cond(Ψ) = 2.21e+01
Loss=-30.739299 | E0=-7.79002238+0.00111543j | E1=-7.67782843+0.00038867j|E2=-7.65032921-0.00288732j|E3=-7.62111879+0.00093714j
#-----------------------------------------#
[Step  43] logΨ: mean=-48.823+0.103j | min=-55.533-1.342j | max=-48.298+1.155j
梯度监控 | raw=46.8575 | natural=0.0945 | clipped=0.0945(上限20.0)
原始规范坐标 G(Re Σrow_mean) = +25.6274 | 累计|g| = 44.3107
Ψ矩阵条件数 cond(Ψ) = 1.46e+01
Loss=-30.746919 | E0=-7.79716212+0.00023925j | E1=-7.67836272-0.00095162j|E2=-7.65344741-0.00128028j|E3=-7.61794664-0.00019865j
#-----------------------------------------#
[Step  44] logΨ: mean=-48.893+0.369j | min=-53.489+1.655j | max=-48.394+1.447j
梯度监控 | raw=45.2788 | natural=0.0878 | clipped=0.0878(上限20.0)
原始规范坐标 G(Re Σrow_mean) = +25.6890 | 累计|g| = 44.3107
Ψ矩阵条件数 cond(Ψ) = 1.11e+01
Loss=-30.761323 | E0=-7.79383608+0.00152435j | E1=-7.68224249-0.00131960j|E2=-7.65880901+0.00084255j|E3=-7.62643583+0.00123099j
#-----------------------------------------#
[Step  45] logΨ: mean=-48.571+0.355j | min=-54.061-0.218j | max=-48.165+1.471j
梯度监控 | raw=33.5363 | natural=0.0694 | clipped=0.0694(上限20.0)
原始规范坐标 G(Re Σrow_mean) = +26.0015 | 累计|g| = 44.3107
Ψ矩阵条件数 cond(Ψ) = 2.44e+01
Loss=-30.797175 | E0=-7.80052372-0.00042644j | E1=-7.68977316+0.00201131j|E2=-7.66175195+0.00100259j|E3=-7.64512595-0.00384708j
#-----------------------------------------#
[Step  46] logΨ: mean=-48.343+0.301j | min=-53.279-0.886j | max=-47.874+1.415j
梯度监控 | raw=41.6966 | natural=0.0337 | clipped=0.0337(上限20.0)
原始规范坐标 G(Re Σrow_mean) = +26.1628 | 累计|g| = 44.3107
Ψ矩阵条件数 cond(Ψ) = 1.83e+01
Loss=-30.772228 | E0=-7.79888533+0.00111993j | E1=-7.68128032-0.00085995j|E2=-7.65797003+0.00068861j|E3=-7.63409267-0.00073200j
#-----------------------------------------#
[Step  47] logΨ: mean=-48.767+0.427j | min=-55.596-2.283j | max=-48.188+0.635j
梯度监控 | raw=34.9666 | natural=0.1460 | clipped=0.1460(上限20.0)
原始规范坐标 G(Re Σrow_mean) = +26.1214 | 累计|g| = 44.3107
Ψ矩阵条件数 cond(Ψ) = 3.32e+01
Loss=-30.802883 | E0=-7.80279364-0.00044104j | E1=-7.69068452+0.00046283j|E2=-7.66438113-0.00027618j|E3=-7.64502330+0.00051048j
#-----------------------------------------#
[Step  48] logΨ: mean=-48.601-0.280j | min=-53.329+0.171j | max=-48.054+1.027j
梯度监控 | raw=18.9691 | natural=0.0537 | clipped=0.0537(上限20.0)
原始规范坐标 G(Re Σrow_mean) = +26.4325 | 累计|g| = 44.3107
Ψ矩阵条件数 cond(Ψ) = 2.82e+01
Loss=-30.825925 | E0=-7.80335437-0.00036402j | E1=-7.69443338-0.00012094j|E2=-7.66917929+0.00002121j|E3=-7.65895838-0.00057206j
#-----------------------------------------#
[Step  49] logΨ: mean=-48.121-0.646j | min=-54.943-0.297j | max=-47.587+1.157j
梯度监控 | raw=29.5453 | natural=0.0818 | clipped=0.0818(上限20.0)
原始规范坐标 G(Re Σrow_mean) = +26.7870 | 累计|g| = 44.3107
Ψ矩阵条件数 cond(Ψ) = 1.45e+01
Loss=-30.819610 | E0=-7.79617508-0.00187114j | E1=-7.69951048+0.00160096j|E2=-7.66385152+0.00132801j|E3=-7.66007289+0.00131730j
#-----------------------------------------#
[GaugeReset@50] 吸收 Δg = Σ Re(col_mean) = +26.7870 | 新|g| = 59.3240
训练耗时：78.83 秒

============================================================
训练完成!
============================================================
Loss 曲线已保存: ./日志/nes_vmc_0829_K4_LiH_STO-3G_min50_gauge_reset_loss.png
===== reset 边界 Loss 对比（reset 前最后一步 → reset 后第一步）=====
reset@ 10: Loss -27.129383 -> -27.610118  (Δ = -0.480735)
reset@ 20: Loss -30.125900 -> -30.198359  (Δ = -0.072459)
reset@ 30: Loss -30.483268 -> -30.480721  (Δ = +0.002547)
reset@ 40: Loss -30.707571 -> -30.703436  (Δ = +0.004135)
