
============================================================
开始多链 NES-VMC 训练 | P8: 双侧一致列规范 + 周期性 gauge reset
============================================================
精确CAS基准：基态=-7.86364558 Ha | 1激发=-7.72153670 Ha|2激发=-7.70823970 Ha|3激发=-7.68581513 Ha|
理论 Loss 上限：-30.97923710 
超参：clip_norm=20.0, lr=0.1, QGT diag_shift=0.1, RESET_PERIOD=10
[Step   0] logΨ: mean=8.952+0.104j | min=3.233+1.136j | max=10.674+1.011j
梯度监控 | raw=17.9797 | natural=2.4442 | clipped=2.4442(上限20.0)
原始规范坐标 G(Re Σrow_mean) = +3.9880 | 累计|g| = 0.0000
Ψ矩阵条件数 cond(Ψ) = 1.50e+01
Loss=-22.081133 | E0=-5.92222000+0.00821805j | E1=-5.70733825+0.01472619j|E2=-5.34986628-0.02331380j|E3=-5.10170822+0.00050194j
#-----------------------------------------#
[Step   1] logΨ: mean=10.040+0.059j | min=5.044+2.444j | max=11.894+1.249j
梯度监控 | raw=19.1001 | natural=2.2081 | clipped=2.2081(上限20.0)
原始规范坐标 G(Re Σrow_mean) = +4.8662 | 累计|g| = 0.0000
Ψ矩阵条件数 cond(Ψ) = 1.20e+01
Loss=-23.071938 | E0=-6.25832071-0.00866364j | E1=-6.17628761+0.00961890j|E2=-5.54296904+0.00163091j|E3=-5.09436014+0.00197095j
#-----------------------------------------#
[Step   2] logΨ: mean=10.913+0.005j | min=5.117-3.077j | max=12.761+1.218j
梯度监控 | raw=17.5865 | natural=1.9210 | clipped=1.9210(上限20.0)
原始规范坐标 G(Re Σrow_mean) = +5.5565 | 累计|g| = 0.0000
Ψ矩阵条件数 cond(Ψ) = 1.51e+01
Loss=-23.859346 | E0=-6.61559763+0.00455511j | E1=-6.53390018-0.00009167j|E2=-5.60691742-0.00618755j|E3=-5.10293120-0.00095256j
#-----------------------------------------#
[Step   3] logΨ: mean=11.880-0.085j | min=5.886+2.444j | max=13.679+1.048j
梯度监控 | raw=27.1702 | natural=1.5739 | clipped=1.5739(上限20.0)
原始规范坐标 G(Re Σrow_mean) = +6.3797 | 累计|g| = 0.0000
Ψ矩阵条件数 cond(Ψ) = 9.03e+00
Loss=-24.529893 | E0=-6.91956345-0.00870494j | E1=-6.74854671+0.00033745j|E2=-5.74509156+0.00670165j|E3=-5.11669093+0.00324347j
#-----------------------------------------#
[Step   4] logΨ: mean=12.669-0.166j | min=5.743+1.252j | max=14.327+0.914j
梯度监控 | raw=30.3398 | natural=1.4052 | clipped=1.4052(上限20.0)
原始规范坐标 G(Re Σrow_mean) = +6.9939 | 累计|g| = 0.0000
Ψ矩阵条件数 cond(Ψ) = 9.16e+00
Loss=-25.087829 | E0=-7.13945885-0.00151610j | E1=-6.98945756+0.00086952j|E2=-5.83152187-0.00170706j|E3=-5.12739044-0.00210693j
#-----------------------------------------#
[Step   5] logΨ: mean=13.832-0.086j | min=8.215+2.557j | max=15.402+0.706j
梯度监控 | raw=42.3014 | natural=1.2130 | clipped=1.2130(上限20.0)
原始规范坐标 G(Re Σrow_mean) = +8.0957 | 累计|g| = 0.0000
Ψ矩阵条件数 cond(Ψ) = 2.13e+01
Loss=-25.476179 | E0=-7.25726916+0.00952771j | E1=-7.09360202-0.00877290j|E2=-5.95984157-0.00238150j|E3=-5.16546580+0.00078267j
#-----------------------------------------#
[Step   6] logΨ: mean=14.757-0.158j | min=8.300+2.108j | max=16.232+2.881j
梯度监控 | raw=47.5736 | natural=1.0836 | clipped=1.0836(上限20.0)
原始规范坐标 G(Re Σrow_mean) = +8.9804 | 累计|g| = 0.0000
Ψ矩阵条件数 cond(Ψ) = 8.96e+00
Loss=-25.903335 | E0=-7.38599887+0.00040047j | E1=-7.18783479-0.00668647j|E2=-6.12828557+0.00245722j|E3=-5.20121574+0.00297123j
#-----------------------------------------#
[Step   7] logΨ: mean=16.171+0.036j | min=9.311-1.681j | max=17.660+2.465j
梯度监控 | raw=56.1417 | natural=0.9383 | clipped=0.9383(上限20.0)
原始规范坐标 G(Re Σrow_mean) = +10.3891 | 累计|g| = 0.0000
Ψ矩阵条件数 cond(Ψ) = 1.10e+01
Loss=-26.341122 | E0=-7.47234711-0.00573944j | E1=-7.25596456+0.00869816j|E2=-6.35101618-0.00640472j|E3=-5.26179426+0.00211065j
#-----------------------------------------#
[Step   8] logΨ: mean=17.211+0.056j | min=11.859-2.800j | max=18.667+2.444j
梯度监控 | raw=77.1077 | natural=0.8434 | clipped=0.8434(上限20.0)
原始规范坐标 G(Re Σrow_mean) = +11.4312 | 累计|g| = 0.0000
Ψ矩阵条件数 cond(Ψ) = 1.16e+01
Loss=-26.740334 | E0=-7.53828236+0.00199404j | E1=-7.31229200-0.00314663j|E2=-6.49767780+0.00430358j|E3=-5.39208160-0.00040816j
#-----------------------------------------#
[Step   9] logΨ: mean=18.562+0.236j | min=13.405-2.508j | max=19.924+2.036j
梯度监控 | raw=96.1392 | natural=0.7269 | clipped=0.7269(上限20.0)
原始规范坐标 G(Re Σrow_mean) = +12.7675 | 累计|g| = 0.0000
Ψ矩阵条件数 cond(Ψ) = 8.64e+01
Loss=-27.046526 | E0=-7.56812739-0.00670353j | E1=-7.34075626+0.00328611j|E2=-6.64269479-0.00019397j|E3=-5.49494750+0.00176566j
#-----------------------------------------#
[GaugeReset@10] 吸收 Δg = Σ Re(col_mean) = +12.7675 | 新|g| = 6.7355
[Step  10] logΨ: mean=6.975-0.216j | min=0.129-1.453j | max=8.214+0.258j
梯度监控 | raw=129.5253 | natural=0.5859 | clipped=0.5859(上限20.0)
原始规范坐标 G(Re Σrow_mean) = +14.0433 | 累计|g| = 6.7355
Ψ矩阵条件数 cond(Ψ) = 1.61e+01
Loss=-27.524932 | E0=-7.60215963-0.00249250j | E1=-7.39830759-0.00162325j|E2=-6.79894614-0.00239125j|E3=-5.72551908+0.00608583j
#-----------------------------------------#
[Step  11] logΨ: mean=8.791-0.057j | min=1.456+1.620j | max=10.059+2.556j
梯度监控 | raw=144.4326 | natural=0.6104 | clipped=0.6104(上限20.0)
原始规范坐标 G(Re Σrow_mean) = +15.9561 | 累计|g| = 6.7355
Ψ矩阵条件数 cond(Ψ) = 1.10e+01
Loss=-27.937537 | E0=-7.62620470-0.00072792j | E1=-7.40771499+0.00232964j|E2=-6.92324569+0.00060867j|E3=-5.98037149+0.00101166j
#-----------------------------------------#
[Step  12] logΨ: mean=10.609-0.127j | min=4.739+1.167j | max=11.832+0.292j
梯度监控 | raw=159.9632 | natural=0.4563 | clipped=0.4563(上限20.0)
原始规范坐标 G(Re Σrow_mean) = +17.8430 | 累计|g| = 6.7355
Ψ矩阵条件数 cond(Ψ) = 1.28e+01
Loss=-28.437929 | E0=-7.63471106-0.00065152j | E1=-7.43199923-0.00380355j|E2=-7.04323152+0.00384820j|E3=-6.32798677+0.00171443j
#-----------------------------------------#
[Step  13] logΨ: mean=11.550-0.135j | min=5.744-0.962j | max=12.728+0.573j
梯度监控 | raw=138.7173 | natural=0.4024 | clipped=0.4024(上限20.0)
原始规范坐标 G(Re Σrow_mean) = +18.9100 | 累计|g| = 6.7355
Ψ矩阵条件数 cond(Ψ) = 3.58e+01
Loss=-28.928181 | E0=-7.65341856-0.00032918j | E1=-7.46485896-0.00343388j|E2=-7.11769960+0.00865559j|E3=-6.69220422-0.00653491j
#-----------------------------------------#
[Step  14] logΨ: mean=11.719-0.006j | min=4.825-1.461j | max=12.836+1.953j
梯度监控 | raw=113.1344 | natural=0.3738 | clipped=0.3738(上限20.0)
原始规范坐标 G(Re Σrow_mean) = +19.0508 | 累计|g| = 6.7355
Ψ矩阵条件数 cond(Ψ) = 9.99e+00
Loss=-29.257244 | E0=-7.66114497-0.00010128j | E1=-7.47159681+0.00224165j|E2=-7.23150849+0.00270117j|E3=-6.89299379-0.00131755j
#-----------------------------------------#
[Step  15] logΨ: mean=11.734+0.103j | min=4.147-2.585j | max=12.770+1.988j
梯度监控 | raw=79.4544 | natural=0.3588 | clipped=0.3588(上限20.0)
原始规范坐标 G(Re Σrow_mean) = +19.0579 | 累计|g| = 6.7355
Ψ矩阵条件数 cond(Ψ) = 3.25e+01
Loss=-29.590480 | E0=-7.67809393-0.00041758j | E1=-7.50202433+0.00296274j|E2=-7.33330171-0.00169406j|E3=-7.07705968+0.00127845j
#-----------------------------------------#
[Step  16] logΨ: mean=11.934-0.408j | min=6.740-1.337j | max=12.918+0.538j
梯度监控 | raw=58.7579 | natural=0.2864 | clipped=0.2864(上限20.0)
原始规范坐标 G(Re Σrow_mean) = +19.2151 | 累计|g| = 6.7355
Ψ矩阵条件数 cond(Ψ) = 2.18e+01
Loss=-29.765917 | E0=-7.68155628-0.00141798j | E1=-7.52050054-0.00292839j|E2=-7.40718694+0.00105242j|E3=-7.15667371+0.00495889j
#-----------------------------------------#
[Step  17] logΨ: mean=11.683-0.280j | min=5.746-0.194j | max=12.582+0.412j
梯度监控 | raw=37.0930 | natural=0.2480 | clipped=0.2480(上限20.0)
原始规范坐标 G(Re Σrow_mean) = +18.8769 | 累计|g| = 6.7355
Ψ矩阵条件数 cond(Ψ) = 4.26e+01
Loss=-29.959689 | E0=-7.69586611-0.00034782j | E1=-7.55949435-0.00180407j|E2=-7.48965343-0.00589409j|E3=-7.21467542+0.00642531j
#-----------------------------------------#
[Step  18] logΨ: mean=8.836+0.085j | min=1.732+2.271j | max=9.700+1.836j
梯度监控 | raw=29.1962 | natural=0.2546 | clipped=0.2546(上限20.0)
原始规范坐标 G(Re Σrow_mean) = +15.8861 | 累计|g| = 6.7355
Ψ矩阵条件数 cond(Ψ) = 2.25e+01
Loss=-30.048300 | E0=-7.69433555+0.00212896j | E1=-7.59762488-0.00051083j|E2=-7.51183113+0.00037021j|E3=-7.24450881-0.00082982j
#-----------------------------------------#
[Step  19] logΨ: mean=7.716+0.548j | min=0.223+2.748j | max=9.219+2.239j
梯度监控 | raw=1742.5250 | natural=2.2546 | clipped=2.2546(上限20.0)
原始规范坐标 G(Re Σrow_mean) = +12.7683 | 累计|g| = 6.7355
Ψ矩阵条件数 cond(Ψ) = 1.18e+01
Loss=-27.849027 | E0=-7.70400503-0.00410770j | E1=-7.62471657-0.00056207j|E2=-7.52721900+0.00357271j|E3=-4.99308594+0.04466558j
#-----------------------------------------#
[GaugeReset@20] 吸收 Δg = Σ Re(col_mean) = +12.7683 | 新|g| = 14.0242
[Step  20] logΨ: mean=-3.853-0.646j | min=-9.650-0.810j | max=-2.994+0.443j
梯度监控 | raw=416.9212 | natural=0.1554 | clipped=0.1554(上限20.0)
原始规范坐标 G(Re Σrow_mean) = +12.3478 | 累计|g| = 14.0242
Ψ矩阵条件数 cond(Ψ) = 1.17e+01
Loss=-25.745850 | E0=-7.71432384-0.00157446j | E1=-7.62792513+0.00149734j|E2=-7.53734535-0.00176088j|E3=-2.86625580-0.00044271j
#-----------------------------------------#
[Step  21] logΨ: mean=-3.127-0.690j | min=-9.916+0.230j | max=-2.323+0.465j
梯度监控 | raw=688.8551 | natural=0.1964 | clipped=0.1964(上限20.0)
原始规范坐标 G(Re Σrow_mean) = +13.3837 | 累计|g| = 14.0242
Ψ矩阵条件数 cond(Ψ) = 1.02e+01
Loss=-26.311848 | E0=-7.72177979-0.00014732j | E1=-7.63509552+0.00268476j|E2=-7.55237844-0.00214549j|E3=-3.40259388+0.00035318j
#-----------------------------------------#
[Step  22] logΨ: mean=-2.491-0.603j | min=-8.192-2.000j | max=-1.619+1.251j
梯度监控 | raw=957.4194 | natural=0.1153 | clipped=0.1153(上限20.0)
原始规范坐标 G(Re Σrow_mean) = +14.7775 | 累计|g| = 14.0242
Ψ矩阵条件数 cond(Ψ) = 1.28e+01
Loss=-27.504845 | E0=-7.72177972-0.00036953j | E1=-7.65150259+0.00082090j|E2=-7.56540729-0.00189634j|E3=-4.56615586-0.00059748j
#-----------------------------------------#
[Step  23] logΨ: mean=-1.658-0.278j | min=-7.442+2.018j | max=-0.703+1.047j
梯度监控 | raw=688.6307 | natural=0.1360 | clipped=0.1360(上限20.0)
原始规范坐标 G(Re Σrow_mean) = +16.4096 | 累计|g| = 14.0242
Ψ矩阵条件数 cond(Ψ) = 1.13e+01
Loss=-29.002538 | E0=-7.72770074+0.00125128j | E1=-7.65397177-0.00083621j|E2=-7.56823531+0.00008654j|E3=-6.05262983-0.00021837j
#-----------------------------------------#
[Step  24] logΨ: mean=-0.852-0.303j | min=-5.994-0.984j | max=0.137+0.851j
梯度监控 | raw=572.5359 | natural=0.1078 | clipped=0.1078(上限20.0)
原始规范坐标 G(Re Σrow_mean) = +17.1946 | 累计|g| = 14.0242
Ψ矩阵条件数 cond(Ψ) = 2.08e+01
Loss=-29.292782 | E0=-7.72844051+0.00146451j | E1=-7.65736911+0.00151684j|E2=-7.57657711+0.00042341j|E3=-6.33039520-0.00195326j
#-----------------------------------------#
[Step  25] logΨ: mean=0.214-0.338j | min=-6.148-3.092j | max=1.036+0.881j
梯度监控 | raw=151.3694 | natural=0.1000 | clipped=0.1000(上限20.0)
原始规范坐标 G(Re Σrow_mean) = +18.4579 | 累计|g| = 14.0242
Ψ矩阵条件数 cond(Ψ) = 1.10e+01
Loss=-30.073612 | E0=-7.73932162+0.00061913j | E1=-7.65879344-0.00012138j|E2=-7.58696327+0.00094615j|E3=-7.08853395-0.00155723j
#-----------------------------------------#
[Step  26] logΨ: mean=1.245-0.198j | min=-4.919-0.583j | max=2.089+0.531j
梯度监控 | raw=149.3215 | natural=0.1451 | clipped=0.1451(上限20.0)
原始规范坐标 G(Re Σrow_mean) = +19.1252 | 累计|g| = 14.0242
Ψ矩阵条件数 cond(Ψ) = 6.84e+00
Loss=-30.112800 | E0=-7.74054384-0.00016791j | E1=-7.66267257+0.00115015j|E2=-7.59338386-0.00097475j|E3=-7.11619944+0.00033864j
#-----------------------------------------#
[Step  27] logΨ: mean=2.296-0.116j | min=-2.775-2.145j | max=3.026+0.459j
梯度监控 | raw=51.8229 | natural=0.0809 | clipped=0.0809(上限20.0)
原始规范坐标 G(Re Σrow_mean) = +19.8182 | 累计|g| = 14.0242
Ψ矩阵条件数 cond(Ψ) = 1.41e+01
Loss=-30.331880 | E0=-7.74330679+0.00048261j | E1=-7.66483987+0.00064558j|E2=-7.60461025-0.00298488j|E3=-7.31912317+0.00196219j
#-----------------------------------------#
[Step  28] logΨ: mean=3.106-0.192j | min=-2.572+0.399j | max=3.826+0.314j
梯度监控 | raw=62.3046 | natural=0.1258 | clipped=0.1258(上限20.0)
原始规范坐标 G(Re Σrow_mean) = +20.4210 | 累计|g| = 14.0242
Ψ矩阵条件数 cond(Ψ) = 9.64e+00
Loss=-30.360500 | E0=-7.74942706-0.00042851j | E1=-7.66422280+0.00006409j|E2=-7.60938262+0.00251081j|E3=-7.33746702-0.00214103j
#-----------------------------------------#
[Step  29] logΨ: mean=3.860+0.225j | min=-3.649-0.198j | max=4.485+2.270j
梯度监控 | raw=58.3602 | natural=0.1206 | clipped=0.1206(上限20.0)
原始规范坐标 G(Re Σrow_mean) = +21.0241 | 累计|g| = 14.0242
Ψ矩阵条件数 cond(Ψ) = 8.72e+00
Loss=-30.380819 | E0=-7.75248457+0.00004275j | E1=-7.66482358+0.00036883j|E2=-7.61232747+0.00206585j|E3=-7.35118306-0.00005724j
#-----------------------------------------#
[GaugeReset@30] 吸收 Δg = Σ Re(col_mean) = +21.0241 | 新|g| = 25.9398
[Step  30] logΨ: mean=-16.460+0.529j | min=-22.303+1.581j | max=-15.889+3.122j
梯度监控 | raw=99.9346 | natural=0.0489 | clipped=0.0489(上限20.0)
原始规范坐标 G(Re Σrow_mean) = +21.4872 | 累计|g| = 25.9398
Ψ矩阵条件数 cond(Ψ) = 1.07e+01
Loss=-30.424861 | E0=-7.75539234+0.00067375j | E1=-7.66471922+0.00132047j|E2=-7.62223379-0.00002649j|E3=-7.38251601-0.00210373j
#-----------------------------------------#
[Step  31] logΨ: mean=-16.461+0.540j | min=-22.557+0.563j | max=-15.982+3.119j
梯度监控 | raw=103.1490 | natural=0.0578 | clipped=0.0578(上限20.0)
原始规范坐标 G(Re Σrow_mean) = +21.5022 | 累计|g| = 25.9398
Ψ矩阵条件数 cond(Ψ) = 7.64e+00
Loss=-30.457609 | E0=-7.75507092-0.00031437j | E1=-7.66674201-0.00160658j|E2=-7.62752207+0.00164181j|E3=-7.40827424-0.00219705j
#-----------------------------------------#
[Step  32] logΨ: mean=-16.715+0.073j | min=-21.397-2.804j | max=-16.249+0.159j
梯度监控 | raw=123.1039 | natural=0.0441 | clipped=0.0441(上限20.0)
原始规范坐标 G(Re Σrow_mean) = +21.3490 | 累计|g| = 25.9398
Ψ矩阵条件数 cond(Ψ) = 1.13e+01
Loss=-30.479966 | E0=-7.76450255+0.00005288j | E1=-7.66726759-0.00056982j|E2=-7.62645734+0.00042081j|E3=-7.42173886+0.00050912j
#-----------------------------------------#
[Step  33] logΨ: mean=-16.953+0.033j | min=-21.404+0.323j | max=-16.513+2.656j
梯度监控 | raw=121.9779 | natural=0.0363 | clipped=0.0363(上限20.0)
原始规范坐标 G(Re Σrow_mean) = +21.3262 | 累计|g| = 25.9398
Ψ矩阵条件数 cond(Ψ) = 2.70e+01
Loss=-30.501344 | E0=-7.76495076+0.00057844j | E1=-7.66837542-0.00049248j|E2=-7.62941401+0.00054727j|E3=-7.43860342+0.00013104j
#-----------------------------------------#
[Step  34] logΨ: mean=-17.331+0.443j | min=-22.839+2.518j | max=-16.864+1.790j
梯度监控 | raw=123.3647 | natural=0.0812 | clipped=0.0812(上限20.0)
原始规范坐标 G(Re Σrow_mean) = +21.0180 | 累计|g| = 25.9398
Ψ矩阵条件数 cond(Ψ) = 2.31e+01
Loss=-30.525267 | E0=-7.77192888+0.00033231j | E1=-7.66838029+0.00069187j|E2=-7.63607632-0.00207267j|E3=-7.44888134+0.00081945j
#-----------------------------------------#
[Step  35] logΨ: mean=-16.786+0.538j | min=-23.908-1.827j | max=-16.284+2.006j
梯度监控 | raw=118.3533 | natural=0.0813 | clipped=0.0813(上限20.0)
原始规范坐标 G(Re Σrow_mean) = +21.2769 | 累计|g| = 25.9398
Ψ矩阵条件数 cond(Ψ) = 2.62e+01
Loss=-30.537492 | E0=-7.77344926-0.00145918j | E1=-7.66972857+0.00083219j|E2=-7.63828513+0.00039217j|E3=-7.45602904+0.00145479j
#-----------------------------------------#
[Step  36] logΨ: mean=-16.260-0.066j | min=-22.197+0.048j | max=-15.746+2.652j
梯度监控 | raw=129.5847 | natural=0.0751 | clipped=0.0751(上限20.0)
原始规范坐标 G(Re Σrow_mean) = +21.5422 | 累计|g| = 25.9398
Ψ矩阵条件数 cond(Ψ) = 1.39e+01
Loss=-30.562474 | E0=-7.77717379-0.00099988j | E1=-7.67006896+0.00044033j|E2=-7.64053183+0.00229874j|E3=-7.47469965-0.00082442j
#-----------------------------------------#
[Step  37] logΨ: mean=-16.619+0.077j | min=-19.879+2.165j | max=-16.116+2.609j
梯度监控 | raw=130.5724 | natural=0.0214 | clipped=0.0214(上限20.0)
原始规范坐标 G(Re Σrow_mean) = +21.4094 | 累计|g| = 25.9398
Ψ矩阵条件数 cond(Ψ) = 2.66e+01
Loss=-30.597142 | E0=-7.77809137-0.00049067j | E1=-7.67208346+0.00043975j|E2=-7.64483787-0.00173041j|E3=-7.50212900+0.00199174j
#-----------------------------------------#
[Step  38] logΨ: mean=-15.649-0.809j | min=-21.490-1.594j | max=-15.104+0.160j
梯度监控 | raw=123.6233 | natural=0.0747 | clipped=0.0747(上限20.0)
原始规范坐标 G(Re Σrow_mean) = +21.8659 | 累计|g| = 25.9398
Ψ矩阵条件数 cond(Ψ) = 1.36e+01
Loss=-30.606142 | E0=-7.78240868-0.00025991j | E1=-7.67042403+0.00022442j|E2=-7.64628949+0.00064831j|E3=-7.50702008-0.00107274j
#-----------------------------------------#
[Step  39] logΨ: mean=-15.333-0.582j | min=-20.741-0.464j | max=-14.785+0.458j
梯度监控 | raw=126.0519 | natural=0.0421 | clipped=0.0421(上限20.0)
原始规范坐标 G(Re Σrow_mean) = +21.9369 | 累计|g| = 25.9398
Ψ矩阵条件数 cond(Ψ) = 9.06e+00
Loss=-30.628286 | E0=-7.78965880-0.00081395j | E1=-7.66896371+0.00033425j|E2=-7.64562029-0.00152621j|E3=-7.52404306+0.00356990j
#-----------------------------------------#
[GaugeReset@40] 吸收 Δg = Σ Re(col_mean) = +21.9369 | 新|g| = 38.5198
[Step  40] logΨ: mean=-37.737-0.478j | min=-42.432-1.364j | max=-37.183+0.508j
梯度监控 | raw=133.0717 | natural=0.0328 | clipped=0.0328(上限20.0)
原始规范坐标 G(Re Σrow_mean) = +21.7078 | 累计|g| = 38.5198
Ψ矩阵条件数 cond(Ψ) = 8.78e+00
Loss=-30.649947 | E0=-7.78962374+0.00001032j | E1=-7.67460532-0.00063718j|E2=-7.64848854-0.00071190j|E3=-7.53722892+0.00055040j
#-----------------------------------------#
[Step  41] logΨ: mean=-39.426+0.078j | min=-46.241-1.018j | max=-38.712+1.445j
梯度监控 | raw=123.8749 | natural=0.3005 | clipped=0.3005(上限20.0)
原始规范坐标 G(Re Σrow_mean) = +19.9179 | 累计|g| = 38.5198
Ψ矩阵条件数 cond(Ψ) = 1.45e+01
Loss=-30.668405 | E0=-7.79270204+0.00045126j | E1=-7.67773778-0.00046411j|E2=-7.64947180-0.00112344j|E3=-7.54849377+0.00130862j
#-----------------------------------------#
[Step  42] logΨ: mean=-38.640-0.278j | min=-44.918+0.053j | max=-38.011+0.843j
梯度监控 | raw=82.4809 | natural=0.0855 | clipped=0.0855(上限20.0)
原始规范坐标 G(Re Σrow_mean) = +20.3549 | 累计|g| = 38.5198
Ψ矩阵条件数 cond(Ψ) = 8.01e+01
Loss=-30.674628 | E0=-7.81237835+0.00020448j | E1=-7.67487659+0.00012002j|E2=-7.65524698+0.00067154j|E3=-7.53212559-0.00239970j
#-----------------------------------------#
[Step  43] logΨ: mean=-39.058-0.307j | min=-44.230+3.057j | max=-38.420+0.841j
梯度监控 | raw=93.8071 | natural=0.0705 | clipped=0.0705(上限20.0)
原始规范坐标 G(Re Σrow_mean) = +20.0950 | 累计|g| = 38.5198
Ψ矩阵条件数 cond(Ψ) = 2.39e+01
Loss=-30.698391 | E0=-7.81524446+0.00071049j | E1=-7.67999807+0.00018706j|E2=-7.65967687+0.00161385j|E3=-7.54347158-0.00099232j
#-----------------------------------------#
[Step  44] logΨ: mean=-39.159-0.202j | min=-44.203-0.407j | max=-38.551+1.003j
梯度监控 | raw=83.4716 | natural=0.0634 | clipped=0.0634(上限20.0)
原始规范坐标 G(Re Σrow_mean) = +20.0360 | 累计|g| = 38.5198
Ψ矩阵条件数 cond(Ψ) = 1.30e+01
Loss=-30.719913 | E0=-7.81828253+0.00069121j | E1=-7.67850943+0.00025762j|E2=-7.66018074-0.00022294j|E3=-7.56294063-0.00060038j
#-----------------------------------------#
[Step  45] logΨ: mean=-38.880-0.172j | min=-44.469-0.565j | max=-38.284+1.032j
梯度监控 | raw=78.0690 | natural=0.0428 | clipped=0.0428(上限20.0)
原始规范坐标 G(Re Σrow_mean) = +20.1254 | 累计|g| = 38.5198
Ψ矩阵条件数 cond(Ψ) = 2.89e+01
Loss=-30.737289 | E0=-7.82096250+0.00011700j | E1=-7.68112347-0.00025824j|E2=-7.66120719-0.00036429j|E3=-7.57399549-0.00032791j
#-----------------------------------------#
[Step  46] logΨ: mean=-39.123-0.229j | min=-43.014+0.942j | max=-38.522+1.002j
梯度监控 | raw=77.2736 | natural=0.0243 | clipped=0.0243(上限20.0)
原始规范坐标 G(Re Σrow_mean) = +20.0571 | 累计|g| = 38.5198
Ψ矩阵条件数 cond(Ψ) = 9.65e+00
Loss=-30.740917 | E0=-7.82036065-0.00041630j | E1=-7.67941707+0.00044939j|E2=-7.66016092-0.00086495j|E3=-7.58097838+0.00137259j
#-----------------------------------------#
[Step  47] logΨ: mean=-38.978-0.270j | min=-42.983+1.977j | max=-38.405+1.009j
梯度监控 | raw=71.7783 | natural=0.0539 | clipped=0.0539(上限20.0)
原始规范坐标 G(Re Σrow_mean) = +20.1331 | 累计|g| = 38.5198
Ψ矩阵条件数 cond(Ψ) = 2.77e+01
Loss=-30.760873 | E0=-7.82251120-0.00042871j | E1=-7.68177331+0.00083850j|E2=-7.66387911-0.00067463j|E3=-7.59270980+0.00017087j
#-----------------------------------------#
[Step  48] logΨ: mean=-37.990-0.208j | min=-43.797-1.366j | max=-37.422+1.241j
梯度监控 | raw=66.7832 | natural=0.1289 | clipped=0.1289(上限20.0)
原始规范坐标 G(Re Σrow_mean) = +20.7125 | 累计|g| = 38.5198
Ψ矩阵条件数 cond(Ψ) = 2.66e+01
Loss=-30.771525 | E0=-7.82589645+0.00010801j | E1=-7.68189494-0.00202422j|E2=-7.66423239-0.00298106j|E3=-7.59950133+0.00298762j
#-----------------------------------------#
[Step  49] logΨ: mean=-38.480-0.504j | min=-43.899-1.954j | max=-38.109+0.788j
梯度监控 | raw=70.2374 | natural=0.1530 | clipped=0.1530(上限20.0)
原始规范坐标 G(Re Σrow_mean) = +20.8089 | 累计|g| = 38.5198
Ψ矩阵条件数 cond(Ψ) = 3.33e+01
Loss=-30.785698 | E0=-7.82664243-0.00009463j | E1=-7.68605294-0.00147948j|E2=-7.66460806+0.00052635j|E3=-7.60839447+0.00157435j
#-----------------------------------------#
[GaugeReset@50] 吸收 Δg = Σ Re(col_mean) = +20.8089 | 新|g| = 50.3252
训练耗时：462.91 秒

============================================================
训练完成!
============================================================
Loss 曲线图已保存: ./日志/loss_curve_gauge_reset_50.png
