26-17-18-42 
============================================================
26-17-18-42 开始多链 NES-VMC 训练 | P8: 双侧一致列规范 + 周期性 gauge reset
26-17-18-42 超参数配置:

N_CHAINS =16

N_SAMPLES_PER_CHAIN =400

SWEEP_SIZE = 20

N_ITER = 300

Natural_Grad = True

clip_norm = 20.0

lr = 0.1

qgt_diag_shift = 0.1

RESET_PERIOD = 10
       
SAVE_INTERVAL = 20
26-17-18-42 ============================================================
26-17-18-42 精确CAS基准：基态=-1.05434745 Ha | 1激发=-0.95790573 Ha|2激发=-0.66895227 Ha|3激发=-0.55140192 Ha|
26-17-18-42 理论 Loss 上限：-3.23260738 
26-17-18-42 超参：clip_norm=20.0, lr=0.1, QGT diag_shift=0.1, RESET_PERIOD=10
26-17-18-42 [Step   0] logΨ: mean=1.040+0.031j | min=-2.090-1.213j | max=2.301+2.041j
26-17-18-42 梯度监控 | raw=3.9738 | per_param=0.1194 |  natural=1.0086 | clipped=1.0086(上限20.0)
26-17-18-42 原始规范坐标 G(Re Σrow_mean) = +1.0562 | 累计|g| = 0.0000
26-17-18-42 Ψ矩阵条件数 cond(Ψ) = 6.72e+00
26-17-18-42 Loss=0.886526 | E0=-0.46869216 | E1=0.04879148|E2=0.19763501|E3=1.02876649
26-17-18-42 #-----------------------------------------#
26-17-18-42 [Step   1] logΨ: mean=1.406+0.080j | min=-1.605+1.308j | max=2.629+1.996j
26-17-18-42 梯度监控 | raw=3.8741 | per_param=0.1164 |  natural=1.0164 | clipped=1.0164(上限20.0)
26-17-18-42 原始规范坐标 G(Re Σrow_mean) = +1.3697 | 累计|g| = 0.0000
26-17-18-42 Ψ矩阵条件数 cond(Ψ) = 7.44e+00
26-17-18-42 Loss=0.600787 | E0=-0.57964716 | E1=-0.00537354|E2=0.09118599|E3=0.92596783
26-17-18-42 #-----------------------------------------#
26-17-18-42 [Step   2] logΨ: mean=1.794+0.061j | min=-2.428+1.096j | max=2.996+1.725j
26-17-18-42 梯度监控 | raw=3.7251 | per_param=0.1119 |  natural=1.0320 | clipped=1.0320(上限20.0)
26-17-18-42 原始规范坐标 G(Re Σrow_mean) = +1.7179 | 累计|g| = 0.0000
26-17-18-42 Ψ矩阵条件数 cond(Ψ) = 9.26e+00
26-17-18-42 Loss=0.356225 | E0=-0.65248150 | E1=-0.11360855|E2=0.04494426|E3=0.81029969
26-17-18-42 #-----------------------------------------#
26-17-18-42 [Step   3] logΨ: mean=2.287+0.048j | min=-0.858-0.196j | max=3.465+1.699j
26-17-18-42 梯度监控 | raw=3.3799 | per_param=0.1015 |  natural=1.0207 | clipped=1.0207(上限20.0)
26-17-18-42 原始规范坐标 G(Re Σrow_mean) = +2.1241 | 累计|g| = 0.0000
26-17-18-42 Ψ矩阵条件数 cond(Ψ) = 1.58e+01
26-17-18-42 Loss=0.082453 | E0=-0.73296843 | E1=-0.24169146|E2=0.01482042|E3=0.69295083
26-17-18-42 #-----------------------------------------#
26-17-18-43 [Step   4] logΨ: mean=2.833+0.116j | min=-0.186+2.051j | max=3.986+1.752j
26-17-18-43 梯度监控 | raw=3.3296 | per_param=0.1000 |  natural=1.0186 | clipped=1.0186(上限20.0)
26-17-18-43 原始规范坐标 G(Re Σrow_mean) = +2.5741 | 累计|g| = 0.0000
26-17-18-43 Ψ矩阵条件数 cond(Ψ) = 1.13e+01
26-17-18-43 Loss=-0.162967 | E0=-0.78696627 | E1=-0.34785426|E2=-0.01207578|E3=0.57127069
26-17-18-43 #-----------------------------------------#
26-17-18-43 [Step   5] logΨ: mean=3.451+0.081j | min=-0.480+1.213j | max=4.608+1.728j
26-17-18-43 梯度监控 | raw=3.1024 | per_param=0.0932 |  natural=1.0261 | clipped=1.0261(上限20.0)
26-17-18-43 原始规范坐标 G(Re Σrow_mean) = +3.0699 | 累计|g| = 0.0000
26-17-18-43 Ψ矩阵条件数 cond(Ψ) = 1.52e+01
26-17-18-43 Loss=-0.412611 | E0=-0.83814687 | E1=-0.45764158|E2=-0.04167869|E3=0.44437029
26-17-18-43 #-----------------------------------------#
26-17-18-43 [Step   6] logΨ: mean=4.106+0.048j | min=0.501+1.485j | max=5.256+1.719j
26-17-18-43 梯度监控 | raw=3.0969 | per_param=0.0930 |  natural=1.0204 | clipped=1.0204(上限20.0)
26-17-18-43 原始规范坐标 G(Re Σrow_mean) = +3.6290 | 累计|g| = 0.0000
26-17-18-43 Ψ矩阵条件数 cond(Ψ) = 2.70e+01
26-17-18-43 Loss=-0.669599 | E0=-0.87656165 | E1=-0.56131241|E2=-0.09044898|E3=0.33152405
26-17-18-43 #-----------------------------------------#
26-17-18-43 [Step   7] logΨ: mean=4.802+0.124j | min=1.836+3.140j | max=5.913+1.723j
26-17-18-43 梯度监控 | raw=3.3610 | per_param=0.1010 |  natural=0.9725 | clipped=0.9725(上限20.0)
26-17-18-43 原始规范坐标 G(Re Σrow_mean) = +4.1844 | 累计|g| = 0.0000
26-17-18-43 Ψ矩阵条件数 cond(Ψ) = 8.88e+00
26-17-18-43 Loss=-0.836561 | E0=-0.90143275 | E1=-0.63512071|E2=-0.12874244|E3=0.25584455
26-17-18-43 #-----------------------------------------#
26-17-18-43 [Step   8] logΨ: mean=5.573+0.166j | min=1.713+0.537j | max=6.683+1.907j
26-17-18-43 梯度监控 | raw=3.2509 | per_param=0.0977 |  natural=0.9642 | clipped=0.9642(上限20.0)
26-17-18-43 原始规范坐标 G(Re Σrow_mean) = +4.8275 | 累计|g| = 0.0000
26-17-18-43 Ψ矩阵条件数 cond(Ψ) = 1.62e+01
26-17-18-43 Loss=-1.102021 | E0=-0.92827906 | E1=-0.70243968|E2=-0.20911481|E3=0.18088632
26-17-18-43 #-----------------------------------------#
26-17-18-43 [Step   9] logΨ: mean=6.374+0.170j | min=2.050-1.137j | max=7.490+1.938j
26-17-18-43 梯度监控 | raw=3.4279 | per_param=0.1030 |  natural=0.9400 | clipped=0.9400(上限20.0)
26-17-18-43 原始规范坐标 G(Re Σrow_mean) = +5.4966 | 累计|g| = 0.0000
26-17-18-43 Ψ矩阵条件数 cond(Ψ) = 9.99e+00
26-17-18-43 Loss=-1.283192 | E0=-0.94584203 | E1=-0.76716416|E2=-0.26634126|E3=0.13700333
26-17-18-43 #-----------------------------------------#
26-17-18-43 [GaugeReset@10] 吸收 Δg = Σ Re(col_mean) = +5.4966 | 新|g| = 3.0062
26-17-18-43 [Step  10] logΨ: mean=1.656+0.292j | min=-3.142-1.113j | max=2.779+2.932j
26-17-18-43 梯度监控 | raw=3.4495 | per_param=0.1036 |  natural=0.9135 | clipped=0.9135(上限20.0)
26-17-18-43 原始规范坐标 G(Re Σrow_mean) = +6.1520 | 累计|g| = 3.0062
26-17-18-43 Ψ矩阵条件数 cond(Ψ) = 2.15e+01
26-17-18-43 Loss=-1.448279 | E0=-0.96411961 | E1=-0.81732391|E2=-0.32953230|E3=0.10762260
26-17-18-43 #-----------------------------------------#
26-17-18-43 [Step  11] logΨ: mean=2.503+0.258j | min=-2.034+2.527j | max=3.623+2.926j
26-17-18-43 梯度监控 | raw=3.5959 | per_param=0.1080 |  natural=0.9340 | clipped=0.9340(上限20.0)
26-17-18-43 原始规范坐标 G(Re Σrow_mean) = +6.8722 | 累计|g| = 3.0062
26-17-18-43 Ψ矩阵条件数 cond(Ψ) = 3.13e+01
26-17-18-43 Loss=-1.590946 | E0=-0.97502833 | E1=-0.85271024|E2=-0.38270143|E3=0.08485448
26-17-18-43 #-----------------------------------------#
26-17-18-43 [Step  12] logΨ: mean=3.392+0.353j | min=-0.964+0.811j | max=4.433+3.121j
26-17-18-43 梯度监控 | raw=3.6152 | per_param=0.1086 |  natural=0.8300 | clipped=0.8300(上限20.0)
26-17-18-43 原始规范坐标 G(Re Σrow_mean) = +7.6104 | 累计|g| = 3.0062
26-17-18-43 Ψ矩阵条件数 cond(Ψ) = 4.71e+01
26-17-18-43 Loss=-1.760169 | E0=-0.98759448 | E1=-0.88608954|E2=-0.43225047|E3=0.06372133
26-17-18-43 #-----------------------------------------#
26-17-18-43 [Step  13] logΨ: mean=4.219+0.397j | min=-0.390-0.483j | max=5.235+3.126j
26-17-18-43 梯度监控 | raw=3.7906 | per_param=0.1139 |  natural=0.7834 | clipped=0.7834(上限20.0)
26-17-18-43 原始规范坐标 G(Re Σrow_mean) = +8.3430 | 累计|g| = 3.0062
26-17-18-43 Ψ矩阵条件数 cond(Ψ) = 1.70e+01
26-17-18-43 Loss=-1.897449 | E0=-0.99829765 | E1=-0.90941722|E2=-0.46943395|E3=0.04757847
26-17-18-43 #-----------------------------------------#
26-17-18-43 [Step  14] logΨ: mean=4.982+0.222j | min=-0.073+2.352j | max=5.989+0.066j
26-17-18-43 梯度监控 | raw=3.9496 | per_param=0.1187 |  natural=0.7440 | clipped=0.7440(上限20.0)
26-17-18-43 原始规范坐标 G(Re Σrow_mean) = +8.9911 | 累计|g| = 3.0062
26-17-18-43 Ψ矩阵条件数 cond(Ψ) = 1.17e+01
26-17-18-43 Loss=-1.990789 | E0=-1.01041189 | E1=-0.92441901|E2=-0.49029195|E3=0.03193469
26-17-18-43 #-----------------------------------------#
26-17-18-43 [Step  15] logΨ: mean=5.729+0.197j | min=0.572+3.101j | max=6.655+0.036j
26-17-18-43 梯度监控 | raw=4.1538 | per_param=0.1248 |  natural=0.6573 | clipped=0.6573(上限20.0)
26-17-18-43 原始规范坐标 G(Re Σrow_mean) = +9.6586 | 累计|g| = 3.0062
26-17-18-43 Ψ矩阵条件数 cond(Ψ) = 1.27e+01
26-17-18-43 Loss=-2.105410 | E0=-1.01792239 | E1=-0.93730656|E2=-0.51915569|E3=0.02063892
26-17-18-43 #-----------------------------------------#
26-17-18-43 [Step  16] logΨ: mean=6.365+0.009j | min=1.479-2.032j | max=7.303+0.155j
26-17-18-43 梯度监控 | raw=4.5748 | per_param=0.1374 |  natural=0.6515 | clipped=0.6515(上限20.0)
26-17-18-43 原始规范坐标 G(Re Σrow_mean) = +10.2411 | 累计|g| = 3.0062
26-17-18-43 Ψ矩阵条件数 cond(Ψ) = 9.84e+00
26-17-18-43 Loss=-2.178981 | E0=-1.02678165 | E1=-0.94391608|E2=-0.53240574|E3=0.00096356
26-17-18-43 #-----------------------------------------#
26-17-18-43 [Step  17] logΨ: mean=7.019-0.005j | min=2.867-0.385j | max=7.923+0.150j
26-17-18-43 梯度监控 | raw=5.4589 | per_param=0.1640 |  natural=0.6182 | clipped=0.6182(上限20.0)
26-17-18-43 原始规范坐标 G(Re Σrow_mean) = +10.8289 | 累计|g| = 3.0062
26-17-18-43 Ψ矩阵条件数 cond(Ψ) = 1.21e+01
26-17-18-43 Loss=-2.245103 | E0=-1.03184365 | E1=-0.94888577|E2=-0.54620926|E3=-0.01319564
26-17-18-43 #-----------------------------------------#
26-17-18-43 [Step  18] logΨ: mean=7.600-0.274j | min=2.407+1.120j | max=8.457+0.274j
26-17-18-43 梯度监控 | raw=5.9904 | per_param=0.1800 |  natural=0.5463 | clipped=0.5463(上限20.0)
26-17-18-43 原始规范坐标 G(Re Σrow_mean) = +11.3698 | 累计|g| = 3.0062
26-17-18-43 Ψ矩阵条件数 cond(Ψ) = 1.64e+01
26-17-18-43 Loss=-2.306191 | E0=-1.03725596 | E1=-0.95251318|E2=-0.55690331|E3=-0.02644966
26-17-18-43 #-----------------------------------------#
26-17-18-43 [Step  19] logΨ: mean=8.026-0.142j | min=2.856+0.161j | max=8.866+0.375j
26-17-18-43 梯度监控 | raw=6.6290 | per_param=0.1991 |  natural=0.5421 | clipped=0.5421(上限20.0)
26-17-18-43 原始规范坐标 G(Re Σrow_mean) = +11.7677 | 累计|g| = 3.0062
26-17-18-43 Ψ矩阵条件数 cond(Ψ) = 1.39e+01
26-17-18-43 Loss=-2.360719 | E0=-1.04062576 | E1=-0.95414810|E2=-0.56318106|E3=-0.04895544
26-17-18-43 #-----------------------------------------#
26-17-18-43 [保存] Step 19 → pickle 文件已更新 (20 条记录)
26-17-18-43 [GaugeReset@20] 吸收 Δg = Σ Re(col_mean) = +11.7677 | 新|g| = 6.2941
26-17-18-43 [Step  20] logΨ: mean=2.237-0.335j | min=-3.091+0.917j | max=3.052+0.462j
26-17-18-43 梯度监控 | raw=7.5824 | per_param=0.2278 |  natural=0.5880 | clipped=0.5880(上限20.0)
26-17-18-43 原始规范坐标 G(Re Σrow_mean) = +12.2116 | 累计|g| = 6.2941
26-17-18-43 Ψ矩阵条件数 cond(Ψ) = 2.05e+01
26-17-18-43 Loss=-2.392862 | E0=-1.04259409 | E1=-0.95517483|E2=-0.56960275|E3=-0.06510118
26-17-18-43 #-----------------------------------------#
26-17-18-43 [Step  21] logΨ: mean=2.642-0.196j | min=-1.938+0.488j | max=3.429+0.437j
26-17-18-43 梯度监控 | raw=8.6121 | per_param=0.2587 |  natural=0.4417 | clipped=0.4417(上限20.0)
26-17-18-43 原始规范坐标 G(Re Σrow_mean) = +12.5775 | 累计|g| = 6.2941
26-17-18-43 Ψ矩阵条件数 cond(Ψ) = 1.41e+01
26-17-18-43 Loss=-2.437891 | E0=-1.04509695 | E1=-0.95598653|E2=-0.57426207|E3=-0.08002638
26-17-18-43 #-----------------------------------------#
26-17-18-43 [Step  22] logΨ: mean=3.123-0.288j | min=-3.532+2.112j | max=3.911+0.460j
26-17-18-43 梯度监控 | raw=9.9914 | per_param=0.3002 |  natural=0.4877 | clipped=0.4877(上限20.0)
26-17-18-43 原始规范坐标 G(Re Σrow_mean) = +13.0097 | 累计|g| = 6.2941
26-17-18-43 Ψ矩阵条件数 cond(Ψ) = 2.11e+01
26-17-18-43 Loss=-2.458693 | E0=-1.04786519 | E1=-0.95619605|E2=-0.57781364|E3=-0.09799466
26-17-18-43 #-----------------------------------------#
26-17-18-43 [Step  23] logΨ: mean=3.581-0.127j | min=-1.061-1.977j | max=4.329+0.404j
26-17-18-43 梯度监控 | raw=11.1240 | per_param=0.3342 |  natural=0.4247 | clipped=0.4247(上限20.0)
26-17-18-43 原始规范坐标 G(Re Σrow_mean) = +13.4900 | 累计|g| = 6.2941
26-17-18-43 Ψ矩阵条件数 cond(Ψ) = 2.57e+01
26-17-18-43 Loss=-2.501252 | E0=-1.04978690 | E1=-0.95671554|E2=-0.58268349|E3=-0.11405205
26-17-18-43 #-----------------------------------------#
26-17-18-43 [Step  24] logΨ: mean=3.924-0.091j | min=-0.396+3.121j | max=4.622+0.299j
26-17-18-43 梯度监控 | raw=13.4986 | per_param=0.4055 |  natural=0.3963 | clipped=0.3963(上限20.0)
26-17-18-43 原始规范坐标 G(Re Σrow_mean) = +13.8232 | 累计|g| = 6.2941
26-17-18-43 Ψ矩阵条件数 cond(Ψ) = 4.34e+01
26-17-18-43 Loss=-2.542978 | E0=-1.04941672 | E1=-0.95700320|E2=-0.58512387|E3=-0.13835282
26-17-18-43 #-----------------------------------------#
26-17-18-43 [Step  25] logΨ: mean=4.193-0.122j | min=-1.021-2.889j | max=4.884+0.323j
26-17-18-43 梯度监控 | raw=16.1676 | per_param=0.4857 |  natural=0.4197 | clipped=0.4197(上限20.0)
26-17-18-43 原始规范坐标 G(Re Σrow_mean) = +14.1139 | 累计|g| = 6.2941
26-17-18-43 Ψ矩阵条件数 cond(Ψ) = 3.77e+01
26-17-18-43 Loss=-2.548972 | E0=-1.04945772 | E1=-0.95673371|E2=-0.58759636|E3=-0.14072470
26-17-18-43 #-----------------------------------------#
26-17-18-43 [Step  26] logΨ: mean=4.497-0.220j | min=-0.802-1.252j | max=5.162+0.283j
26-17-18-43 梯度监控 | raw=18.9890 | per_param=0.5705 |  natural=0.3025 | clipped=0.3025(上限20.0)
26-17-18-43 原始规范坐标 G(Re Σrow_mean) = +14.4303 | 累计|g| = 6.2941
26-17-18-43 Ψ矩阵条件数 cond(Ψ) = 1.04e+01
26-17-18-43 Loss=-2.582002 | E0=-1.05026141 | E1=-0.95710531|E2=-0.59032350|E3=-0.15827564
26-17-18-43 #-----------------------------------------#
26-17-18-43 [Step  27] logΨ: mean=4.797-0.029j | min=-0.374-2.227j | max=5.437+0.231j
26-17-18-43 梯度监控 | raw=20.4050 | per_param=0.6130 |  natural=0.2799 | clipped=0.2799(上限20.0)
26-17-18-43 原始规范坐标 G(Re Σrow_mean) = +14.7117 | 累计|g| = 6.2941
26-17-18-43 Ψ矩阵条件数 cond(Ψ) = 1.11e+01
26-17-18-43 Loss=-2.591677 | E0=-1.05042023 | E1=-0.95676897|E2=-0.59232571|E3=-0.17560913
26-17-18-43 #-----------------------------------------#
26-17-18-43 [Step  28] logΨ: mean=4.974-0.001j | min=-0.652-0.507j | max=5.606+0.204j
26-17-18-43 梯度监控 | raw=22.7605 | per_param=0.6838 |  natural=0.2509 | clipped=0.2509(上限20.0)
26-17-18-43 原始规范坐标 G(Re Σrow_mean) = +14.8543 | 累计|g| = 6.2941
26-17-18-43 Ψ矩阵条件数 cond(Ψ) = 2.45e+01
26-17-18-43 Loss=-2.614465 | E0=-1.05085674 | E1=-0.95675977|E2=-0.59473762|E3=-0.19232148
26-17-18-43 #-----------------------------------------#
26-17-18-43 [Step  29] logΨ: mean=5.427-0.072j | min=-1.149+2.037j | max=6.067+3.083j
26-17-18-43 梯度监控 | raw=29.5151 | per_param=0.8867 |  natural=0.3299 | clipped=0.3299(上限20.0)
26-17-18-43 原始规范坐标 G(Re Σrow_mean) = +15.3776 | 累计|g| = 6.2941
26-17-18-43 Ψ矩阵条件数 cond(Ψ) = 1.25e+01
26-17-18-43 Loss=-2.633307 | E0=-1.05150363 | E1=-0.95658274|E2=-0.59696565|E3=-0.20792372
26-17-18-43 #-----------------------------------------#
26-17-18-43 [GaugeReset@30] 吸收 Δg = Σ Re(col_mean) = +15.3776 | 新|g| = 8.2924
26-17-18-43 [Step  30] logΨ: mean=1.845+0.615j | min=-3.280-2.939j | max=2.507+2.808j
26-17-18-43 梯度监控 | raw=32.6657 | per_param=0.9813 |  natural=0.3526 | clipped=0.3526(上限20.0)
26-17-18-43 原始规范坐标 G(Re Σrow_mean) = +15.4321 | 累计|g| = 8.2924
26-17-18-43 Ψ矩阵条件数 cond(Ψ) = 9.18e+00
26-17-18-43 Loss=-2.639065 | E0=-1.05086407 | E1=-0.95621435|E2=-0.59891493|E3=-0.22431758
26-17-18-43 #-----------------------------------------#
26-17-18-43 [Step  31] logΨ: mean=2.080+0.715j | min=-3.107-1.417j | max=2.753+2.843j
26-17-18-43 梯度监控 | raw=38.3903 | per_param=1.1533 |  natural=0.2374 | clipped=0.2374(上限20.0)
26-17-18-43 原始规范坐标 G(Re Σrow_mean) = +15.6242 | 累计|g| = 8.2924
26-17-18-43 Ψ矩阵条件数 cond(Ψ) = 2.16e+01
26-17-18-43 Loss=-2.658266 | E0=-1.05077906 | E1=-0.95593295|E2=-0.60074213|E3=-0.24675713
26-17-18-43 #-----------------------------------------#
26-17-18-44 [Step  32] logΨ: mean=2.286+0.580j | min=-2.714-2.349j | max=2.982+2.830j
26-17-18-44 梯度监控 | raw=41.9021 | per_param=1.2588 |  natural=0.2307 | clipped=0.2307(上限20.0)
26-17-18-44 原始规范坐标 G(Re Σrow_mean) = +15.8454 | 累计|g| = 8.2924
26-17-18-44 Ψ矩阵条件数 cond(Ψ) = 1.02e+01
26-17-18-44 Loss=-2.666295 | E0=-1.05091191 | E1=-0.95569376|E2=-0.60267204|E3=-0.25313908
26-17-18-44 #-----------------------------------------#
26-17-18-44 [Step  33] logΨ: mean=2.436+0.694j | min=-2.526-3.009j | max=3.147+2.857j
26-17-18-44 梯度监控 | raw=52.1453 | per_param=1.5666 |  natural=0.2150 | clipped=0.2150(上限20.0)
26-17-18-44 原始规范坐标 G(Re Σrow_mean) = +16.0688 | 累计|g| = 8.2924
26-17-18-44 Ψ矩阵条件数 cond(Ψ) = 3.58e+01
26-17-18-44 Loss=-2.691788 | E0=-1.05059652 | E1=-0.95545663|E2=-0.60421613|E3=-0.28131882
26-17-18-44 #-----------------------------------------#
26-17-18-44 [Step  34] logΨ: mean=2.612+0.546j | min=-3.959-0.713j | max=3.397+2.744j
26-17-18-44 梯度监控 | raw=55.2823 | per_param=1.6608 |  natural=0.2328 | clipped=0.2328(上限20.0)
26-17-18-44 原始规范坐标 G(Re Σrow_mean) = +16.2171 | 累计|g| = 8.2924
26-17-18-44 Ψ矩阵条件数 cond(Ψ) = 9.62e+00
26-17-18-44 Loss=-2.688719 | E0=-1.05009326 | E1=-0.95537185|E2=-0.60514609|E3=-0.30595078
26-17-18-44 #-----------------------------------------#
26-17-18-44 [Step  35] logΨ: mean=2.710+0.580j | min=-2.074+0.881j | max=3.531+2.749j
26-17-18-44 梯度监控 | raw=62.3605 | per_param=1.8734 |  natural=0.2458 | clipped=0.2458(上限20.0)
26-17-18-44 原始规范坐标 G(Re Σrow_mean) = +16.3608 | 累计|g| = 8.2924
26-17-18-44 Ψ矩阵条件数 cond(Ψ) = 9.83e+00
26-17-18-44 Loss=-2.721953 | E0=-1.05009717 | E1=-0.95510975|E2=-0.60740673|E3=-0.34547574
26-17-18-44 #-----------------------------------------#
26-17-18-44 [Step  36] logΨ: mean=2.956+0.721j | min=-1.953-1.579j | max=3.787+2.759j
26-17-18-44 梯度监控 | raw=69.6816 | per_param=2.0934 |  natural=0.2509 | clipped=0.2509(上限20.0)
26-17-18-44 原始规范坐标 G(Re Σrow_mean) = +16.6426 | 累计|g| = 8.2924
26-17-18-44 Ψ矩阵条件数 cond(Ψ) = 1.01e+01
26-17-18-44 Loss=-2.741285 | E0=-1.04986513 | E1=-0.95496429|E2=-0.60965763|E3=-0.36830793
26-17-18-44 #-----------------------------------------#
26-17-18-44 [Step  37] logΨ: mean=3.076+0.638j | min=-4.556+2.550j | max=3.928+2.756j
26-17-18-44 梯度监控 | raw=74.7396 | per_param=2.2453 |  natural=0.1859 | clipped=0.1859(上限20.0)
26-17-18-44 原始规范坐标 G(Re Σrow_mean) = +16.7815 | 累计|g| = 8.2924
26-17-18-44 Ψ矩阵条件数 cond(Ψ) = 9.76e+00
26-17-18-44 Loss=-2.758891 | E0=-1.04929156 | E1=-0.95478546|E2=-0.61265497|E3=-0.38561118
26-17-18-44 #-----------------------------------------#
26-17-18-44 [Step  38] logΨ: mean=3.271+0.585j | min=-2.366-2.217j | max=4.188+2.740j
26-17-18-44 梯度监控 | raw=74.3115 | per_param=2.2325 |  natural=0.2909 | clipped=0.2909(上限20.0)
26-17-18-44 原始规范坐标 G(Re Σrow_mean) = +16.9776 | 累计|g| = 8.2924
26-17-18-44 Ψ矩阵条件数 cond(Ψ) = 2.03e+01
26-17-18-44 Loss=-2.766826 | E0=-1.04943568 | E1=-0.95449611|E2=-0.61446379|E3=-0.41585840
26-17-18-44 #-----------------------------------------#
26-17-18-44 [Step  39] logΨ: mean=3.518+0.750j | min=-1.226-3.084j | max=4.378+2.711j
26-17-18-44 梯度监控 | raw=87.5464 | per_param=2.6301 |  natural=0.1408 | clipped=0.1408(上限20.0)
26-17-18-44 原始规范坐标 G(Re Σrow_mean) = +17.3005 | 累计|g| = 8.2924
26-17-18-44 Ψ矩阵条件数 cond(Ψ) = 1.22e+01
26-17-18-44 Loss=-2.809205 | E0=-1.04896564 | E1=-0.95439219|E2=-0.61755253|E3=-0.44289257
26-17-18-44 #-----------------------------------------#
26-17-18-44 [保存] Step 39 → pickle 文件已更新 (40 条记录)
26-17-18-44 [GaugeReset@40] 吸收 Δg = Σ Re(col_mean) = +17.3005 | 新|g| = 9.3302
26-17-18-44 [Step  40] logΨ: mean=1.739+0.568j | min=-3.319-0.633j | max=2.625+2.608j
26-17-18-44 梯度监控 | raw=84.5169 | per_param=2.5391 |  natural=0.2404 | clipped=0.2404(上限20.0)
26-17-18-44 原始规范坐标 G(Re Σrow_mean) = +17.3809 | 累计|g| = 9.3302
26-17-18-44 Ψ矩阵条件数 cond(Ψ) = 3.29e+01
26-17-18-44 Loss=-2.815742 | E0=-1.04903572 | E1=-0.95428608|E2=-0.62043014|E3=-0.45414554
26-17-18-44 #-----------------------------------------#
26-17-18-44 [Step  41] logΨ: mean=1.862+0.699j | min=-3.883+0.106j | max=2.731+2.640j
26-17-18-44 梯度监控 | raw=84.5498 | per_param=2.5401 |  natural=0.1227 | clipped=0.1227(上限20.0)
26-17-18-44 原始规范坐标 G(Re Σrow_mean) = +17.5435 | 累计|g| = 9.3302
26-17-18-44 Ψ矩阵条件数 cond(Ψ) = 2.63e+01
26-17-18-44 Loss=-2.848542 | E0=-1.04879086 | E1=-0.95423716|E2=-0.62312690|E3=-0.47003220
26-17-18-44 #-----------------------------------------#
26-17-18-44 [Step  42] logΨ: mean=1.954+0.649j | min=-2.665-0.491j | max=2.867+2.679j
26-17-18-44 梯度监控 | raw=83.7398 | per_param=2.5157 |  natural=0.1977 | clipped=0.1977(上限20.0)
26-17-18-44 原始规范坐标 G(Re Σrow_mean) = +17.6215 | 累计|g| = 9.3302
26-17-18-44 Ψ矩阵条件数 cond(Ψ) = 4.36e+01
26-17-18-44 Loss=-2.840531 | E0=-1.04934363 | E1=-0.95435209|E2=-0.62618191|E3=-0.47783405
26-17-18-44 #-----------------------------------------#
26-17-18-44 [Step  43] logΨ: mean=2.201+0.751j | min=-3.363+1.372j | max=3.058+2.707j
26-17-18-44 梯度监控 | raw=85.6512 | per_param=2.5731 |  natural=0.2349 | clipped=0.2349(上限20.0)
26-17-18-44 原始规范坐标 G(Re Σrow_mean) = +17.9148 | 累计|g| = 9.3302
26-17-18-44 Ψ矩阵条件数 cond(Ψ) = 3.51e+01
26-17-18-44 Loss=-2.882183 | E0=-1.04857423 | E1=-0.95418842|E2=-0.62900233|E3=-0.49644227
26-17-18-44 #-----------------------------------------#
26-17-18-44 [Step  44] logΨ: mean=2.345+0.772j | min=-2.329+1.861j | max=3.177+2.694j
26-17-18-44 梯度监控 | raw=85.3175 | per_param=2.5631 |  natural=0.1418 | clipped=0.1418(上限20.0)
26-17-18-44 原始规范坐标 G(Re Σrow_mean) = +18.0921 | 累计|g| = 9.3302
26-17-18-44 Ψ矩阵条件数 cond(Ψ) = 2.18e+01
26-17-18-44 Loss=-2.908300 | E0=-1.04881094 | E1=-0.95404957|E2=-0.63258892|E3=-0.50657066
26-17-18-44 #-----------------------------------------#
26-17-18-44 [Step  45] logΨ: mean=2.455+0.833j | min=-3.563+2.213j | max=3.321+2.688j
26-17-18-44 梯度监控 | raw=82.6062 | per_param=2.4817 |  natural=0.2121 | clipped=0.2121(上限20.0)
26-17-18-44 原始规范坐标 G(Re Σrow_mean) = +18.2278 | 累计|g| = 9.3302
26-17-18-44 Ψ矩阵条件数 cond(Ψ) = 2.14e+01
26-17-18-44 Loss=-2.915970 | E0=-1.04861976 | E1=-0.95422014|E2=-0.63517380|E3=-0.51492455
26-17-18-44 #-----------------------------------------#
26-17-18-44 [Step  46] logΨ: mean=2.748+0.384j | min=-3.943-2.020j | max=3.608+2.238j
26-17-18-44 梯度监控 | raw=78.1500 | per_param=2.3478 |  natural=0.4183 | clipped=0.4183(上限20.0)
26-17-18-44 原始规范坐标 G(Re Σrow_mean) = +18.4323 | 累计|g| = 9.3302
26-17-18-44 Ψ矩阵条件数 cond(Ψ) = 1.53e+01
26-17-18-44 Loss=-2.923342 | E0=-1.04867735 | E1=-0.95397176|E2=-0.63775074|E3=-0.51508153
26-17-18-44 #-----------------------------------------#
26-17-18-44 [Step  47] logΨ: mean=2.950+0.519j | min=-3.088-0.796j | max=3.685+2.239j
26-17-18-44 梯度监控 | raw=74.3066 | per_param=2.2323 |  natural=0.1444 | clipped=0.1444(上限20.0)
26-17-18-44 原始规范坐标 G(Re Σrow_mean) = +18.7149 | 累计|g| = 9.3302
26-17-18-44 Ψ矩阵条件数 cond(Ψ) = 1.50e+01
26-17-18-44 Loss=-2.971230 | E0=-1.04825135 | E1=-0.95383084|E2=-0.64244222|E3=-0.52922401
26-17-18-44 #-----------------------------------------#
26-17-18-44 [Step  48] logΨ: mean=3.198+0.572j | min=-2.125-2.831j | max=3.863+2.253j
26-17-18-44 梯度监控 | raw=70.4546 | per_param=2.1166 |  natural=0.1234 | clipped=0.1234(上限20.0)
26-17-18-44 原始规范坐标 G(Re Σrow_mean) = +18.9952 | 累计|g| = 9.3302
26-17-18-44 Ψ矩阵条件数 cond(Ψ) = 1.47e+01
26-17-18-44 Loss=-3.003704 | E0=-1.04811129 | E1=-0.95384985|E2=-0.64530124|E3=-0.53561518
26-17-18-44 #-----------------------------------------#
26-17-18-44 [Step  49] logΨ: mean=3.113+0.342j | min=-2.885-0.229j | max=3.901+2.170j
26-17-18-44 梯度监控 | raw=72.3600 | per_param=2.1738 |  natural=0.1719 | clipped=0.1719(上限20.0)
26-17-18-44 原始规范坐标 G(Re Σrow_mean) = +18.8193 | 累计|g| = 9.3302
26-17-18-44 Ψ矩阵条件数 cond(Ψ) = 1.48e+01
26-17-18-44 Loss=-2.980301 | E0=-1.04812299 | E1=-0.95359010|E2=-0.64533179|E3=-0.53224362
26-17-18-44 #-----------------------------------------#
26-17-18-44 [GaugeReset@50] 吸收 Δg = Σ Re(col_mean) = +18.8193 | 新|g| = 10.2435
26-17-18-44 [Step  50] logΨ: mean=1.704+0.416j | min=-4.681-0.571j | max=2.434+2.206j
26-17-18-44 梯度监控 | raw=68.0431 | per_param=2.0442 |  natural=0.1085 | clipped=0.1085(上限20.0)
26-17-18-44 原始规范坐标 G(Re Σrow_mean) = +18.9092 | 累计|g| = 10.2435
26-17-18-44 Ψ矩阵条件数 cond(Ψ) = 1.61e+01
26-17-18-44 Loss=-3.002568 | E0=-1.04800798 | E1=-0.95365576|E2=-0.64799467|E3=-0.53710016
26-17-18-44 #-----------------------------------------#
26-17-18-44 [Step  51] logΨ: mean=1.859+0.647j | min=-4.436+2.346j | max=2.549+2.199j
26-17-18-44 梯度监控 | raw=60.9515 | per_param=1.8311 |  natural=0.1282 | clipped=0.1282(上限20.0)
26-17-18-44 原始规范坐标 G(Re Σrow_mean) = +19.0581 | 累计|g| = 10.2435
26-17-18-44 Ψ矩阵条件数 cond(Ψ) = 1.60e+01
26-17-18-44 Loss=-3.024448 | E0=-1.04773336 | E1=-0.95355819|E2=-0.64986674|E3=-0.54003846
26-17-18-44 #-----------------------------------------#
26-17-18-44 [Step  52] logΨ: mean=1.877+0.561j | min=-4.459+2.549j | max=2.510+2.317j
26-17-18-44 梯度监控 | raw=58.6687 | per_param=1.7625 |  natural=0.2791 | clipped=0.2791(上限20.0)
26-17-18-44 原始规范坐标 G(Re Σrow_mean) = +19.0468 | 累计|g| = 10.2435
26-17-18-44 Ψ矩阵条件数 cond(Ψ) = 1.71e+01
26-17-18-44 Loss=-3.043373 | E0=-1.04777828 | E1=-0.95354910|E2=-0.65245410|E3=-0.54370849
26-17-18-44 #-----------------------------------------#
26-17-18-44 [Step  53] logΨ: mean=1.945+0.752j | min=-5.004-0.505j | max=2.600+2.330j
26-17-18-44 梯度监控 | raw=54.6907 | per_param=1.6430 |  natural=0.1233 | clipped=0.1233(上限20.0)
26-17-18-44 原始规范坐标 G(Re Σrow_mean) = +19.0765 | 累计|g| = 10.2435
26-17-18-44 Ψ矩阵条件数 cond(Ψ) = 1.70e+01
26-17-18-44 Loss=-3.045362 | E0=-1.04782381 | E1=-0.95361237|E2=-0.65399778|E3=-0.54479867
26-17-18-44 #-----------------------------------------#
26-17-18-44 [Step  54] logΨ: mean=2.138+0.454j | min=-5.604-2.279j | max=2.811+2.343j
26-17-18-44 梯度监控 | raw=52.3129 | per_param=1.5716 |  natural=0.1382 | clipped=0.1382(上限20.0)
26-17-18-44 原始规范坐标 G(Re Σrow_mean) = +19.2031 | 累计|g| = 10.2435
26-17-18-44 Ψ矩阵条件数 cond(Ψ) = 1.70e+01
26-17-18-44 Loss=-3.049294 | E0=-1.04765778 | E1=-0.95353721|E2=-0.65469359|E3=-0.54455274
26-17-18-44 #-----------------------------------------#
26-17-18-44 [Step  55] logΨ: mean=2.278+0.755j | min=-3.207+1.521j | max=2.830+2.346j
26-17-18-44 梯度监控 | raw=46.6364 | per_param=1.4011 |  natural=0.1061 | clipped=0.1061(上限20.0)
26-17-18-44 原始规范坐标 G(Re Σrow_mean) = +19.3636 | 累计|g| = 10.2435
26-17-18-44 Ψ矩阵条件数 cond(Ψ) = 1.68e+01
26-17-18-44 Loss=-3.087179 | E0=-1.04757032 | E1=-0.95356221|E2=-0.65665250|E3=-0.54715948
26-17-18-44 #-----------------------------------------#
26-17-18-44 [Step  56] logΨ: mean=2.407+0.710j | min=-4.409+0.174j | max=2.878+2.328j
26-17-18-44 梯度监控 | raw=36.8042 | per_param=1.1057 |  natural=0.1073 | clipped=0.1073(上限20.0)
26-17-18-44 原始规范坐标 G(Re Σrow_mean) = +19.4691 | 累计|g| = 10.2435
26-17-18-44 Ψ矩阵条件数 cond(Ψ) = 2.50e+01
26-17-18-44 Loss=-3.110581 | E0=-1.04735766 | E1=-0.95351742|E2=-0.65818595|E3=-0.54947066
26-17-18-44 #-----------------------------------------#
26-17-18-44 [Step  57] logΨ: mean=2.394+0.613j | min=-3.494-0.108j | max=2.958+2.336j
26-17-18-44 梯度监控 | raw=44.4913 | per_param=1.3366 |  natural=0.0958 | clipped=0.0958(上限20.0)
26-17-18-44 原始规范坐标 G(Re Σrow_mean) = +19.3984 | 累计|g| = 10.2435
26-17-18-44 Ψ矩阵条件数 cond(Ψ) = 1.67e+01
26-17-18-44 Loss=-3.088159 | E0=-1.04733324 | E1=-0.95352527|E2=-0.65788727|E3=-0.54875170
26-17-18-44 #-----------------------------------------#
26-17-18-44 [Step  58] logΨ: mean=2.660+0.549j | min=-2.490-2.434j | max=3.082+2.452j
26-17-18-44 梯度监控 | raw=36.7180 | per_param=1.1031 |  natural=0.3241 | clipped=0.3241(上限20.0)
26-17-18-44 原始规范坐标 G(Re Σrow_mean) = +19.7028 | 累计|g| = 10.2435
26-17-18-44 Ψ矩阵条件数 cond(Ψ) = 1.68e+01
26-17-18-44 Loss=-3.124980 | E0=-1.04719457 | E1=-0.95356062|E2=-0.65938278|E3=-0.55227240
26-17-18-44 #-----------------------------------------#
26-17-18-44 [Step  59] logΨ: mean=2.764+0.743j | min=-3.314-2.709j | max=3.136+2.432j
26-17-18-44 梯度监控 | raw=30.4892 | per_param=0.9160 |  natural=0.0865 | clipped=0.0865(上限20.0)
26-17-18-44 原始规范坐标 G(Re Σrow_mean) = +19.7821 | 累计|g| = 10.2435
26-17-18-44 Ψ矩阵条件数 cond(Ψ) = 1.70e+01
26-17-18-44 Loss=-3.142898 | E0=-1.04704322 | E1=-0.95364209|E2=-0.65986628|E3=-0.55247815
26-17-18-44 #-----------------------------------------#
26-17-18-44 [保存] Step 59 → pickle 文件已更新 (60 条记录)
26-17-18-44 [GaugeReset@60] 吸收 Δg = Σ Re(col_mean) = +19.7821 | 新|g| = 10.6698
26-17-18-45 [Step  60] logΨ: mean=1.886+0.541j | min=-2.999+3.095j | max=2.257+2.009j
26-17-18-45 梯度监控 | raw=30.2037 | per_param=0.9074 |  natural=0.0999 | clipped=0.0999(上限20.0)
26-17-18-45 原始规范坐标 G(Re Σrow_mean) = +19.7973 | 累计|g| = 10.6698
26-17-18-45 Ψ矩阵条件数 cond(Ψ) = 2.06e+01
26-17-18-45 Loss=-3.141746 | E0=-1.04698194 | E1=-0.95366845|E2=-0.65985201|E3=-0.55190028
26-17-18-45 #-----------------------------------------#
26-17-18-45 [Step  61] logΨ: mean=2.071+0.121j | min=-4.200-0.833j | max=2.481+2.044j
26-17-18-45 梯度监控 | raw=29.3331 | per_param=0.8812 |  natural=0.4112 | clipped=0.4112(上限20.0)
26-17-18-45 原始规范坐标 G(Re Σrow_mean) = +19.8890 | 累计|g| = 10.6698
26-17-18-45 Ψ矩阵条件数 cond(Ψ) = 6.08e+01
26-17-18-45 Loss=-3.141484 | E0=-1.04723378 | E1=-0.95334653|E2=-0.66029912|E3=-0.55133197
26-17-18-45 #-----------------------------------------#
26-17-18-45 [Step  62] logΨ: mean=2.239+0.729j | min=-3.821-2.634j | max=2.599+2.031j
26-17-18-45 梯度监控 | raw=24.4400 | per_param=0.7342 |  natural=0.1203 | clipped=0.1203(上限20.0)
26-17-18-45 原始规范坐标 G(Re Σrow_mean) = +19.9813 | 累计|g| = 10.6698
26-17-18-45 Ψ矩阵条件数 cond(Ψ) = 1.98e+01
26-17-18-45 Loss=-3.150986 | E0=-1.04699712 | E1=-0.95330222|E2=-0.66066603|E3=-0.55120324
26-17-18-45 #-----------------------------------------#
26-17-18-45 [Step  63] logΨ: mean=2.207+0.422j | min=-6.151+2.928j | max=2.622+2.042j
26-17-18-45 梯度监控 | raw=25.0994 | per_param=0.7540 |  natural=0.3591 | clipped=0.3591(上限20.0)
26-17-18-45 原始规范坐标 G(Re Σrow_mean) = +19.9210 | 累计|g| = 10.6698
26-17-18-45 Ψ矩阵条件数 cond(Ψ) = 2.01e+01
26-17-18-45 Loss=-3.142464 | E0=-1.04697195 | E1=-0.95307561|E2=-0.66150322|E3=-0.55054008
26-17-18-45 #-----------------------------------------#
26-17-18-45 [Step  64] logΨ: mean=2.363+0.693j | min=-5.237+2.017j | max=2.719+2.062j
26-17-18-45 梯度监控 | raw=24.4299 | per_param=0.7339 |  natural=0.0854 | clipped=0.0854(上限20.0)
26-17-18-45 原始规范坐标 G(Re Σrow_mean) = +20.0492 | 累计|g| = 10.6698
26-17-18-45 Ψ矩阵条件数 cond(Ψ) = 2.01e+01
26-17-18-45 Loss=-3.157349 | E0=-1.04676013 | E1=-0.95313766|E2=-0.66145641|E3=-0.55103696
26-17-18-45 #-----------------------------------------#
26-17-18-45 [Step  65] logΨ: mean=2.453+0.820j | min=-3.638-0.299j | max=2.711+2.073j
26-17-18-45 梯度监控 | raw=14.4442 | per_param=0.4339 |  natural=0.1128 | clipped=0.1128(上限20.0)
26-17-18-45 原始规范坐标 G(Re Σrow_mean) = +20.1149 | 累计|g| = 10.6698
26-17-18-45 Ψ矩阵条件数 cond(Ψ) = 1.97e+01
26-17-18-45 Loss=-3.178530 | E0=-1.04666561 | E1=-0.95324716|E2=-0.66196350|E3=-0.55150113
26-17-18-45 #-----------------------------------------#
26-17-18-45 [Step  66] logΨ: mean=2.485+0.329j | min=-2.797+2.100j | max=2.798+2.061j
26-17-18-45 梯度监控 | raw=17.6143 | per_param=0.5292 |  natural=0.1135 | clipped=0.1135(上限20.0)
26-17-18-45 原始规范坐标 G(Re Σrow_mean) = +20.0767 | 累计|g| = 10.6698
26-17-18-45 Ψ矩阵条件数 cond(Ψ) = 1.98e+01
26-17-18-45 Loss=-3.170231 | E0=-1.04653917 | E1=-0.95336725|E2=-0.66197124|E3=-0.55117172
26-17-18-45 #-----------------------------------------#
26-17-18-45 [Step  67] logΨ: mean=2.499+0.499j | min=-3.136+2.828j | max=2.815+2.109j
26-17-18-45 梯度监控 | raw=18.1154 | per_param=0.5442 |  natural=0.1169 | clipped=0.1169(上限20.0)
26-17-18-45 原始规范坐标 G(Re Σrow_mean) = +20.0787 | 累计|g| = 10.6698
26-17-18-45 Ψ矩阵条件数 cond(Ψ) = 1.97e+01
26-17-18-45 Loss=-3.174938 | E0=-1.04641371 | E1=-0.95355368|E2=-0.66212596|E3=-0.55142769
26-17-18-45 #-----------------------------------------#
26-17-18-45 [Step  68] logΨ: mean=2.588+1.206j | min=-2.855+3.021j | max=2.857+2.118j
26-17-18-45 梯度监控 | raw=15.0892 | per_param=0.4533 |  natural=0.1069 | clipped=0.1069(上限20.0)
26-17-18-45 原始规范坐标 G(Re Σrow_mean) = +20.1367 | 累计|g| = 10.6698
26-17-18-45 Ψ矩阵条件数 cond(Ψ) = 1.93e+01
26-17-18-45 Loss=-3.182899 | E0=-1.04638266 | E1=-0.95337969|E2=-0.66242059|E3=-0.55138175
26-17-18-45 #-----------------------------------------#
26-17-18-45 [Step  69] logΨ: mean=2.605+0.696j | min=-2.659+2.563j | max=2.923+2.207j
26-17-18-45 梯度监控 | raw=13.6947 | per_param=0.4114 |  natural=0.1644 | clipped=0.1644(上限20.0)
26-17-18-45 原始规范坐标 G(Re Σrow_mean) = +20.1251 | 累计|g| = 10.6698
26-17-18-45 Ψ矩阵条件数 cond(Ψ) = 1.94e+01
26-17-18-45 Loss=-3.180659 | E0=-1.04633323 | E1=-0.95322999|E2=-0.66253094|E3=-0.55134562
26-17-18-45 #-----------------------------------------#
26-17-18-45 [GaugeReset@70] 吸收 Δg = Σ Re(col_mean) = +20.1251 | 新|g| = 10.8189
26-17-18-45 [Step  70] logΨ: mean=2.423-0.188j | min=-3.985+2.123j | max=2.671+1.668j
26-17-18-45 梯度监控 | raw=11.1627 | per_param=0.3353 |  natural=0.1240 | clipped=0.1240(上限20.0)
26-17-18-45 原始规范坐标 G(Re Σrow_mean) = +20.2376 | 累计|g| = 10.8189
26-17-18-45 Ψ矩阵条件数 cond(Ψ) = 1.65e+01
26-17-18-45 Loss=-3.185946 | E0=-1.04619388 | E1=-0.95327628|E2=-0.66248674|E3=-0.55141031
26-17-18-45 #-----------------------------------------#
26-17-18-45 [Step  71] logΨ: mean=2.515+0.191j | min=-3.129+1.747j | max=2.730+1.675j
26-17-18-45 梯度监控 | raw=11.2433 | per_param=0.3378 |  natural=0.1179 | clipped=0.1179(上限20.0)
26-17-18-45 原始规范坐标 G(Re Σrow_mean) = +20.3126 | 累计|g| = 10.8189
26-17-18-45 Ψ矩阵条件数 cond(Ψ) = 2.57e+01
26-17-18-45 Loss=-3.194171 | E0=-1.04610177 | E1=-0.95349363|E2=-0.66263261|E3=-0.55140261
26-17-18-45 #-----------------------------------------#
26-17-18-45 [Step  72] logΨ: mean=2.611+0.313j | min=-2.985+2.182j | max=2.818+1.758j
26-17-18-45 梯度监控 | raw=8.5548 | per_param=0.2570 |  natural=0.1008 | clipped=0.1008(上限20.0)
26-17-18-45 原始规范坐标 G(Re Σrow_mean) = +20.3804 | 累计|g| = 10.8189
26-17-18-45 Ψ矩阵条件数 cond(Ψ) = 2.55e+01
26-17-18-45 Loss=-3.193648 | E0=-1.04607265 | E1=-0.95333750|E2=-0.66247383|E3=-0.55129335
26-17-18-45 #-----------------------------------------#
26-17-18-45 [Step  73] logΨ: mean=2.724+0.110j | min=-3.154+1.558j | max=2.898+1.745j
26-17-18-45 梯度监控 | raw=5.6283 | per_param=0.1691 |  natural=0.1018 | clipped=0.1018(上限20.0)
26-17-18-45 原始规范坐标 G(Re Σrow_mean) = +20.4745 | 累计|g| = 10.8189
26-17-18-45 Ψ矩阵条件数 cond(Ψ) = 4.88e+01
26-17-18-45 Loss=-3.199873 | E0=-1.04592961 | E1=-0.95355475|E2=-0.66255946|E3=-0.55137541
26-17-18-45 #-----------------------------------------#
26-17-18-45 [Step  74] logΨ: mean=2.732-0.150j | min=-4.996+0.369j | max=2.989+1.761j
26-17-18-45 梯度监控 | raw=9.2511 | per_param=0.2779 |  natural=0.1224 | clipped=0.1224(上限20.0)
26-17-18-45 原始规范坐标 G(Re Σrow_mean) = +20.4652 | 累计|g| = 10.8189
26-17-18-45 Ψ矩阵条件数 cond(Ψ) = 2.59e+01
26-17-18-45 Loss=-3.193444 | E0=-1.04592194 | E1=-0.95373807|E2=-0.66261631|E3=-0.55107083
26-17-18-45 #-----------------------------------------#
26-17-18-45 [Step  75] logΨ: mean=2.773+0.114j | min=-2.225+2.515j | max=2.948+1.890j
26-17-18-45 梯度监控 | raw=6.9273 | per_param=0.2081 |  natural=0.1181 | clipped=0.1181(上限20.0)
26-17-18-45 原始规范坐标 G(Re Σrow_mean) = +20.5050 | 累计|g| = 10.8189
26-17-18-45 Ψ矩阵条件数 cond(Ψ) = 2.54e+01
26-17-18-45 Loss=-3.203880 | E0=-1.04593728 | E1=-0.95376399|E2=-0.66280347|E3=-0.55121074
26-17-18-45 #-----------------------------------------#
26-17-18-45 [Step  76] logΨ: mean=2.952+0.423j | min=-5.706+0.346j | max=3.165+1.900j
26-17-18-45 梯度监控 | raw=5.5915 | per_param=0.1680 |  natural=0.3638 | clipped=0.3638(上限20.0)
26-17-18-45 原始规范坐标 G(Re Σrow_mean) = +20.7006 | 累计|g| = 10.8189
26-17-18-45 Ψ矩阵条件数 cond(Ψ) = 2.76e+01
26-17-18-45 Loss=-3.193823 | E0=-1.04572557 | E1=-0.95283364|E2=-0.66336647|E3=-0.55055227
26-17-18-45 #-----------------------------------------#
26-17-18-45 [Step  77] logΨ: mean=2.955+0.053j | min=-2.676+2.219j | max=3.173+1.913j
26-17-18-45 梯度监控 | raw=9.1166 | per_param=0.2739 |  natural=0.2435 | clipped=0.2435(上限20.0)
26-17-18-45 原始规范坐标 G(Re Σrow_mean) = +20.6871 | 累计|g| = 10.8189
26-17-18-45 Ψ矩阵条件数 cond(Ψ) = 2.87e+01
26-17-18-45 Loss=-3.199026 | E0=-1.04563696 | E1=-0.95280643|E2=-0.66340736|E3=-0.55027636
26-17-18-45 #-----------------------------------------#
26-17-18-45 [Step  78] logΨ: mean=2.941+0.051j | min=-2.745+0.534j | max=3.175+1.993j
26-17-18-45 梯度监控 | raw=7.6838 | per_param=0.2308 |  natural=0.1528 | clipped=0.1528(上限20.0)
26-17-18-45 原始规范坐标 G(Re Σrow_mean) = +20.6706 | 累计|g| = 10.8189
26-17-18-45 Ψ矩阵条件数 cond(Ψ) = 2.88e+01
26-17-18-45 Loss=-3.201557 | E0=-1.04559487 | E1=-0.95304735|E2=-0.66345672|E3=-0.55023082
26-17-18-45 #-----------------------------------------#
26-17-18-45 [Step  79] logΨ: mean=2.899+0.868j | min=-3.672-0.215j | max=3.160+1.973j
26-17-18-45 梯度监控 | raw=5.9311 | per_param=0.1782 |  natural=0.1145 | clipped=0.1145(上限20.0)
26-17-18-45 原始规范坐标 G(Re Σrow_mean) = +20.6044 | 累计|g| = 10.8189
26-17-18-45 Ψ矩阵条件数 cond(Ψ) = 2.79e+01
26-17-18-45 Loss=-3.197711 | E0=-1.04561074 | E1=-0.95321819|E2=-0.66327190|E3=-0.55020598
26-17-18-45 #-----------------------------------------#
26-17-18-45 [保存] Step 79 → pickle 文件已更新 (80 条记录)
26-17-18-45 [GaugeReset@80] 吸收 Δg = Σ Re(col_mean) = +20.6044 | 新|g| = 11.0443
26-17-18-45 [Step  80] logΨ: mean=2.516-0.548j | min=-3.504-1.888j | max=2.748+1.359j
26-17-18-45 梯度监控 | raw=10.8804 | per_param=0.3269 |  natural=0.1011 | clipped=0.1011(上限20.0)
26-17-18-45 原始规范坐标 G(Re Σrow_mean) = +20.7002 | 累计|g| = 11.0443
26-17-18-45 Ψ矩阵条件数 cond(Ψ) = 3.43e+01
26-17-18-45 Loss=-3.201849 | E0=-1.04544441 | E1=-0.95342198|E2=-0.66317835|E3=-0.55042278
26-17-18-45 #-----------------------------------------#
26-17-18-45 [Step  81] logΨ: mean=2.709-0.661j | min=-1.995+1.500j | max=2.838+1.309j
26-17-18-45 梯度监控 | raw=5.5593 | per_param=0.1670 |  natural=0.0821 | clipped=0.0821(上限20.0)
26-17-18-45 原始规范坐标 G(Re Σrow_mean) = +20.8846 | 累计|g| = 11.0443
26-17-18-45 Ψ矩阵条件数 cond(Ψ) = 3.38e+01
26-17-18-45 Loss=-3.208980 | E0=-1.04538966 | E1=-0.95362057|E2=-0.66351896|E3=-0.55057025
26-17-18-45 #-----------------------------------------#
26-17-18-45 [Step  82] logΨ: mean=2.685-0.619j | min=-4.247-1.156j | max=2.873+1.293j
26-17-18-45 梯度监控 | raw=10.7562 | per_param=0.3231 |  natural=0.0874 | clipped=0.0874(上限20.0)
26-17-18-45 原始规范坐标 G(Re Σrow_mean) = +20.8829 | 累计|g| = 11.0443
26-17-18-45 Ψ矩阵条件数 cond(Ψ) = 3.27e+01
26-17-18-45 Loss=-3.208504 | E0=-1.04537107 | E1=-0.95386156|E2=-0.66369328|E3=-0.55046866
26-17-18-45 #-----------------------------------------#
26-17-18-45 [Step  83] logΨ: mean=2.568-0.088j | min=-3.447+2.217j | max=2.767+1.620j
26-17-18-45 梯度监控 | raw=7.0010 | per_param=0.2103 |  natural=0.1447 | clipped=0.1447(上限20.0)
26-17-18-45 原始规范坐标 G(Re Σrow_mean) = +20.7482 | 累计|g| = 11.0443
26-17-18-45 Ψ矩阵条件数 cond(Ψ) = 3.17e+01
26-17-18-45 Loss=-3.208091 | E0=-1.04549890 | E1=-0.95369940|E2=-0.66362675|E3=-0.55068820
26-17-18-45 #-----------------------------------------#
26-17-18-45 [Step  84] logΨ: mean=2.629+0.456j | min=-3.341-1.504j | max=2.823+1.653j
26-17-18-45 梯度监控 | raw=2.9740 | per_param=0.0893 |  natural=0.1582 | clipped=0.1582(上限20.0)
26-17-18-45 原始规范坐标 G(Re Σrow_mean) = +20.7899 | 累计|g| = 11.0443
26-17-18-45 Ψ矩阵条件数 cond(Ψ) = 3.21e+01
26-17-18-45 Loss=-3.209532 | E0=-1.04545226 | E1=-0.95337570|E2=-0.66394269|E3=-0.55045639
26-17-18-45 #-----------------------------------------#
26-17-18-45 [Step  85] logΨ: mean=2.828+0.642j | min=-3.171+1.446j | max=2.948+1.627j
26-17-18-45 梯度监控 | raw=4.8363 | per_param=0.1453 |  natural=0.0605 | clipped=0.0605(上限20.0)
26-17-18-45 原始规范坐标 G(Re Σrow_mean) = +20.9639 | 累计|g| = 11.0443
26-17-18-45 Ψ矩阵条件数 cond(Ψ) = 3.22e+01
26-17-18-45 Loss=-3.207356 | E0=-1.04535330 | E1=-0.95350449|E2=-0.66378660|E3=-0.55058225
26-17-18-45 #-----------------------------------------#
26-17-18-45 [Step  86] logΨ: mean=2.945+0.250j | min=-3.840-2.242j | max=3.058+1.651j
26-17-18-45 梯度监控 | raw=2.4580 | per_param=0.0738 |  natural=0.0626 | clipped=0.0626(上限20.0)
26-17-18-45 原始规范坐标 G(Re Σrow_mean) = +21.0387 | 累计|g| = 11.0443
26-17-18-45 Ψ矩阵条件数 cond(Ψ) = 3.18e+01
26-17-18-45 Loss=-3.210496 | E0=-1.04528721 | E1=-0.95355945|E2=-0.66394201|E3=-0.55059586
26-17-18-45 #-----------------------------------------#
26-17-18-45 [Step  87] logΨ: mean=2.840-0.154j | min=-3.253-0.386j | max=3.020+1.652j
26-17-18-45 梯度监控 | raw=7.3779 | per_param=0.2216 |  natural=0.1064 | clipped=0.1064(上限20.0)
26-17-18-45 原始规范坐标 G(Re Σrow_mean) = +20.9382 | 累计|g| = 11.0443
26-17-18-45 Ψ矩阵条件数 cond(Ψ) = 3.10e+01
26-17-18-45 Loss=-3.204484 | E0=-1.04533190 | E1=-0.95365205|E2=-0.66380301|E3=-0.55050895
26-17-18-45 #-----------------------------------------#
26-17-18-46 [Step  88] logΨ: mean=2.902-0.087j | min=-3.113+1.666j | max=3.045+1.664j
26-17-18-46 梯度监控 | raw=2.6975 | per_param=0.0810 |  natural=0.0625 | clipped=0.0625(上限20.0)
26-17-18-46 原始规范坐标 G(Re Σrow_mean) = +20.9977 | 累计|g| = 11.0443
26-17-18-46 Ψ矩阵条件数 cond(Ψ) = 4.53e+01
26-17-18-46 Loss=-3.208394 | E0=-1.04527531 | E1=-0.95388675|E2=-0.66361957|E3=-0.55064323
26-17-18-46 #-----------------------------------------#
26-17-18-46 [Step  89] logΨ: mean=3.073-0.063j | min=-2.642-1.649j | max=3.204+1.785j
26-17-18-46 梯度监控 | raw=2.7827 | per_param=0.0836 |  natural=0.0842 | clipped=0.0842(上限20.0)
26-17-18-46 原始规范坐标 G(Re Σrow_mean) = +21.1635 | 累计|g| = 11.0443
26-17-18-46 Ψ矩阵条件数 cond(Ψ) = 3.22e+01
26-17-18-46 Loss=-3.212353 | E0=-1.04522419 | E1=-0.95410429|E2=-0.66373245|E3=-0.55052585
26-17-18-46 #-----------------------------------------#
26-17-18-46 [GaugeReset@90] 吸收 Δg = Σ Re(col_mean) = +21.1635 | 新|g| = 11.3262
26-17-18-46 [Step  90] logΨ: mean=2.561-0.679j | min=-2.564-1.370j | max=2.644+1.223j
26-17-18-46 梯度监控 | raw=2.3160 | per_param=0.0696 |  natural=0.0448 | clipped=0.0448(上限20.0)
26-17-18-46 原始规范坐标 G(Re Σrow_mean) = +21.1929 | 累计|g| = 11.3262
26-17-18-46 Ψ矩阵条件数 cond(Ψ) = 3.75e+01
26-17-18-46 Loss=-3.213375 | E0=-1.04519714 | E1=-0.95424003|E2=-0.66372929|E3=-0.55055849
26-17-18-46 #-----------------------------------------#
26-17-18-46 [Step  91] logΨ: mean=2.470-0.389j | min=-4.176+0.786j | max=2.656+1.273j
26-17-18-46 梯度监控 | raw=5.2948 | per_param=0.1591 |  natural=0.0932 | clipped=0.0932(上限20.0)
26-17-18-46 原始规范坐标 G(Re Σrow_mean) = +21.0876 | 累计|g| = 11.3262
26-17-18-46 Ψ矩阵条件数 cond(Ψ) = 3.52e+01
26-17-18-46 Loss=-3.207407 | E0=-1.04525016 | E1=-0.95428142|E2=-0.66357473|E3=-0.55043972
26-17-18-46 #-----------------------------------------#
26-17-18-46 [Step  92] logΨ: mean=2.570-0.536j | min=-4.552+0.931j | max=2.744+1.269j
26-17-18-46 梯度监控 | raw=2.9332 | per_param=0.0881 |  natural=0.1008 | clipped=0.1008(上限20.0)
26-17-18-46 原始规范坐标 G(Re Σrow_mean) = +21.1943 | 累计|g| = 11.3262
26-17-18-46 Ψ矩阵条件数 cond(Ψ) = 3.58e+01
26-17-18-46 Loss=-3.208639 | E0=-1.04514788 | E1=-0.95443378|E2=-0.66351451|E3=-0.55049446
26-17-18-46 #-----------------------------------------#
26-17-18-46 [Step  93] logΨ: mean=2.905-0.376j | min=-2.497+1.137j | max=3.063+1.114j
26-17-18-46 梯度监控 | raw=4.6374 | per_param=0.1393 |  natural=0.0860 | clipped=0.0860(上限20.0)
26-17-18-46 原始规范坐标 G(Re Σrow_mean) = +21.4952 | 累计|g| = 11.3262
26-17-18-46 Ψ矩阵条件数 cond(Ψ) = 3.69e+01
26-17-18-46 Loss=-3.209572 | E0=-1.04504168 | E1=-0.95447949|E2=-0.66362908|E3=-0.55054995
26-17-18-46 #-----------------------------------------#
26-17-18-46 [Step  94] logΨ: mean=3.041-0.130j | min=-2.383+1.144j | max=3.158+1.136j
26-17-18-46 梯度监控 | raw=4.8406 | per_param=0.1454 |  natural=0.0583 | clipped=0.0583(上限20.0)
26-17-18-46 原始规范坐标 G(Re Σrow_mean) = +21.5895 | 累计|g| = 11.3262
26-17-18-46 Ψ矩阵条件数 cond(Ψ) = 3.66e+01
26-17-18-46 Loss=-3.209797 | E0=-1.04509111 | E1=-0.95446607|E2=-0.66330394|E3=-0.55042050
26-17-18-46 #-----------------------------------------#
26-17-18-46 [Step  95] logΨ: mean=3.099+0.069j | min=-2.975+1.524j | max=3.230+1.123j
26-17-18-46 梯度监控 | raw=3.5258 | per_param=0.1059 |  natural=0.0390 | clipped=0.0390(上限20.0)
26-17-18-46 原始规范坐标 G(Re Σrow_mean) = +21.6174 | 累计|g| = 11.3262
26-17-18-46 Ψ矩阵条件数 cond(Ψ) = 2.10e+01
26-17-18-46 Loss=-3.212687 | E0=-1.04506678 | E1=-0.95447323|E2=-0.66343734|E3=-0.55043193
26-17-18-46 #-----------------------------------------#
26-17-18-46 [Step  96] logΨ: mean=3.017-0.025j | min=-2.688-2.122j | max=3.207+1.131j
26-17-18-46 梯度监控 | raw=6.8923 | per_param=0.2071 |  natural=0.1240 | clipped=0.1240(上限20.0)
26-17-18-46 原始规范坐标 G(Re Σrow_mean) = +21.5957 | 累计|g| = 11.3262
26-17-18-46 Ψ矩阵条件数 cond(Ψ) = 3.81e+01
26-17-18-46 Loss=-3.210722 | E0=-1.04502097 | E1=-0.95484756|E2=-0.66335795|E3=-0.55019150
26-17-18-46 #-----------------------------------------#
26-17-18-46 [Step  97] logΨ: mean=3.047+0.373j | min=-2.323-2.257j | max=3.170+1.110j
26-17-18-46 梯度监控 | raw=1.9360 | per_param=0.0582 |  natural=0.0732 | clipped=0.0732(上限20.0)
26-17-18-46 原始规范坐标 G(Re Σrow_mean) = +21.6719 | 累计|g| = 11.3262
26-17-18-46 Ψ矩阵条件数 cond(Ψ) = 3.90e+01
26-17-18-46 Loss=-3.214294 | E0=-1.04500879 | E1=-0.95514623|E2=-0.66329051|E3=-0.55014917
26-17-18-46 #-----------------------------------------#
26-17-18-46 [Step  98] logΨ: mean=3.071+0.139j | min=-1.346-1.625j | max=3.190+1.114j
26-17-18-46 梯度监控 | raw=3.7468 | per_param=0.1126 |  natural=0.0446 | clipped=0.0446(上限20.0)
26-17-18-46 原始规范坐标 G(Re Σrow_mean) = +21.6914 | 累计|g| = 11.3262
26-17-18-46 Ψ矩阵条件数 cond(Ψ) = 3.98e+01
26-17-18-46 Loss=-3.210854 | E0=-1.04503073 | E1=-0.95524248|E2=-0.66317103|E3=-0.55019115
26-17-18-46 #-----------------------------------------#
26-17-18-46 [Step  99] logΨ: mean=3.139-0.142j | min=-2.552+1.135j | max=3.312+1.139j
26-17-18-46 梯度监控 | raw=3.6058 | per_param=0.1083 |  natural=0.0700 | clipped=0.0700(上限20.0)
26-17-18-46 原始规范坐标 G(Re Σrow_mean) = +21.7101 | 累计|g| = 11.3262
26-17-18-46 Ψ矩阵条件数 cond(Ψ) = 3.94e+01
26-17-18-46 Loss=-3.211831 | E0=-1.04509731 | E1=-0.95500936|E2=-0.66335320|E3=-0.55005804
26-17-18-46 #-----------------------------------------#
26-17-18-46 [保存] Step 99 → pickle 文件已更新 (100 条记录)
26-17-18-46 [GaugeReset@100] 吸收 Δg = Σ Re(col_mean) = +21.7101 | 新|g| = 11.5905
26-17-18-46 [Step 100] logΨ: mean=2.517-0.464j | min=-3.135+1.225j | max=2.666+1.071j
26-17-18-46 梯度监控 | raw=1.7785 | per_param=0.0534 |  natural=0.0846 | clipped=0.0846(上限20.0)
26-17-18-46 原始规范坐标 G(Re Σrow_mean) = +21.6657 | 累计|g| = 11.5905
26-17-18-46 Ψ矩阵条件数 cond(Ψ) = 4.29e+01
26-17-18-46 Loss=-3.215680 | E0=-1.04507508 | E1=-0.95540633|E2=-0.66343950|E3=-0.55006816
26-17-18-46 #-----------------------------------------#
26-17-18-46 [Step 101] logΨ: mean=2.514-0.430j | min=-2.150-2.084j | max=2.693+1.131j
26-17-18-46 梯度监控 | raw=2.9961 | per_param=0.0900 |  natural=0.0879 | clipped=0.0879(上限20.0)
26-17-18-46 原始规范坐标 G(Re Σrow_mean) = +21.6503 | 累计|g| = 11.5905
26-17-18-46 Ψ矩阵条件数 cond(Ψ) = 4.08e+01
26-17-18-46 Loss=-3.213178 | E0=-1.04506753 | E1=-0.95545950|E2=-0.66401085|E3=-0.55007475
26-17-18-46 #-----------------------------------------#
26-17-18-46 [Step 102] logΨ: mean=2.511-0.803j | min=-4.192+2.116j | max=2.737+1.146j
26-17-18-46 梯度监控 | raw=5.0371 | per_param=0.1513 |  natural=0.0572 | clipped=0.0572(上限20.0)
26-17-18-46 原始规范坐标 G(Re Σrow_mean) = +21.6251 | 累计|g| = 11.5905
26-17-18-46 Ψ矩阵条件数 cond(Ψ) = 4.06e+01
26-17-18-46 Loss=-3.212510 | E0=-1.04507522 | E1=-0.95550287|E2=-0.66379624|E3=-0.55008386
26-17-18-46 #-----------------------------------------#
26-17-18-46 [Step 103] logΨ: mean=2.717-0.223j | min=-2.476+1.319j | max=2.906+1.149j
26-17-18-46 梯度监控 | raw=0.9740 | per_param=0.0293 |  natural=0.0633 | clipped=0.0633(上限20.0)
26-17-18-46 原始规范坐标 G(Re Σrow_mean) = +21.7937 | 累计|g| = 11.5905
26-17-18-46 Ψ矩阵条件数 cond(Ψ) = 4.17e+01
26-17-18-46 Loss=-3.209583 | E0=-1.04503428 | E1=-0.95533121|E2=-0.66372501|E3=-0.55012827
26-17-18-46 #-----------------------------------------#
26-17-18-46 [Step 104] logΨ: mean=3.002-0.078j | min=-3.300+1.108j | max=3.149+1.328j
26-17-18-46 梯度监控 | raw=10.2700 | per_param=0.3085 |  natural=0.1104 | clipped=0.1104(上限20.0)
26-17-18-46 原始规范坐标 G(Re Σrow_mean) = +22.1026 | 累计|g| = 11.5905
26-17-18-46 Ψ矩阵条件数 cond(Ψ) = 4.39e+01
26-17-18-46 Loss=-3.210650 | E0=-1.04491631 | E1=-0.95546672|E2=-0.66371302|E3=-0.55005867
26-17-18-46 #-----------------------------------------#
26-17-18-46 [Step 105] logΨ: mean=2.957-0.484j | min=-2.836+1.930j | max=3.063+1.315j
26-17-18-46 梯度监控 | raw=3.8947 | per_param=0.1170 |  natural=0.0791 | clipped=0.0791(上限20.0)
26-17-18-46 原始规范坐标 G(Re Σrow_mean) = +22.1017 | 累计|g| = 11.5905
26-17-18-46 Ψ矩阵条件数 cond(Ψ) = 4.60e+01
26-17-18-46 Loss=-3.214840 | E0=-1.04499518 | E1=-0.95579795|E2=-0.66369019|E3=-0.55012090
26-17-18-46 #-----------------------------------------#
26-17-18-46 [Step 106] logΨ: mean=2.872-0.721j | min=-2.929+1.187j | max=3.036+1.355j
26-17-18-46 梯度监控 | raw=1.4142 | per_param=0.0425 |  natural=0.0842 | clipped=0.0842(上限20.0)
26-17-18-46 原始规范坐标 G(Re Σrow_mean) = +22.0108 | 累计|g| = 11.5905
26-17-18-46 Ψ矩阵条件数 cond(Ψ) = 4.44e+01
26-17-18-46 Loss=-3.213673 | E0=-1.04501641 | E1=-0.95579314|E2=-0.66357655|E3=-0.55017618
26-17-18-46 #-----------------------------------------#
26-17-18-46 [Step 107] logΨ: mean=2.718-0.393j | min=-3.654+1.395j | max=2.967+1.364j
26-17-18-46 梯度监控 | raw=3.1394 | per_param=0.0943 |  natural=0.1357 | clipped=0.1357(上限20.0)
26-17-18-46 原始规范坐标 G(Re Σrow_mean) = +21.9126 | 累计|g| = 11.5905
26-17-18-46 Ψ矩阵条件数 cond(Ψ) = 4.23e+01
26-17-18-46 Loss=-3.218025 | E0=-1.04505058 | E1=-0.95601318|E2=-0.66344026|E3=-0.54999738
26-17-18-46 #-----------------------------------------#
26-17-18-46 [Step 108] logΨ: mean=2.876-0.314j | min=-0.829+1.648j | max=2.926+1.372j
26-17-18-46 梯度监控 | raw=1.4246 | per_param=0.0428 |  natural=0.0143 | clipped=0.0143(上限20.0)
26-17-18-46 原始规范坐标 G(Re Σrow_mean) = +22.0746 | 累计|g| = 11.5905
26-17-18-46 Ψ矩阵条件数 cond(Ψ) = 4.04e+01
26-17-18-46 Loss=-3.213910 | E0=-1.04499363 | E1=-0.95617111|E2=-0.66344678|E3=-0.55015543
26-17-18-46 #-----------------------------------------#
26-17-18-46 [Step 109] logΨ: mean=2.889-0.006j | min=-2.974+1.264j | max=3.071+1.351j
26-17-18-46 梯度监控 | raw=4.2745 | per_param=0.1284 |  natural=0.0872 | clipped=0.0872(上限20.0)
26-17-18-46 原始规范坐标 G(Re Σrow_mean) = +22.1000 | 累计|g| = 11.5905
26-17-18-46 Ψ矩阵条件数 cond(Ψ) = 4.16e+01
26-17-18-46 Loss=-3.211966 | E0=-1.04498843 | E1=-0.95619731|E2=-0.66341100|E3=-0.55022728
26-17-18-46 #-----------------------------------------#
26-17-18-46 [GaugeReset@110] 吸收 Δg = Σ Re(col_mean) = +22.1000 | 新|g| = 11.8150
26-17-18-46 [Step 110] logΨ: mean=2.407-0.908j | min=-6.183+3.085j | max=2.699+0.896j
26-17-18-46 梯度监控 | raw=5.8056 | per_param=0.1744 |  natural=0.1357 | clipped=0.1357(上限20.0)
26-17-18-46 原始规范坐标 G(Re Σrow_mean) = +22.0766 | 累计|g| = 11.8150
26-17-18-46 Ψ矩阵条件数 cond(Ψ) = 4.70e+01
26-17-18-46 Loss=-3.211497 | E0=-1.04512925 | E1=-0.95621981|E2=-0.66338284|E3=-0.55018889
26-17-18-46 #-----------------------------------------#
26-17-18-46 [Step 111] logΨ: mean=2.629-1.025j | min=-2.500+1.079j | max=2.702+0.899j
26-17-18-46 梯度监控 | raw=1.2214 | per_param=0.0367 |  natural=0.0251 | clipped=0.0251(上限20.0)
26-17-18-46 原始规范坐标 G(Re Σrow_mean) = +22.2947 | 累计|g| = 11.8150
26-17-18-46 Ψ矩阵条件数 cond(Ψ) = 4.60e+01
26-17-18-46 Loss=-3.213884 | E0=-1.04500775 | E1=-0.95617071|E2=-0.66342136|E3=-0.55023405
26-17-18-46 #-----------------------------------------#
26-17-18-47 [Step 112] logΨ: mean=2.996-1.197j | min=-3.010-1.666j | max=3.250+0.605j
26-17-18-47 梯度监控 | raw=3.6538 | per_param=0.1098 |  natural=0.1000 | clipped=0.1000(上限20.0)
26-17-18-47 原始规范坐标 G(Re Σrow_mean) = +22.6426 | 累计|g| = 11.8150
26-17-18-47 Ψ矩阵条件数 cond(Ψ) = 5.14e+01
26-17-18-47 Loss=-3.213746 | E0=-1.04482251 | E1=-0.95622432|E2=-0.66355070|E3=-0.55019890
26-17-18-47 #-----------------------------------------#
26-17-18-47 [Step 113] logΨ: mean=3.019-1.340j | min=-3.466-2.193j | max=3.260+0.479j
26-17-18-47 梯度监控 | raw=6.1734 | per_param=0.1855 |  natural=0.0948 | clipped=0.0948(上限20.0)
26-17-18-47 原始规范坐标 G(Re Σrow_mean) = +22.6940 | 累计|g| = 11.8150
26-17-18-47 Ψ矩阵条件数 cond(Ψ) = 4.84e+01
26-17-18-47 Loss=-3.217260 | E0=-1.04487080 | E1=-0.95684962|E2=-0.66355592|E3=-0.55017328
26-17-18-47 #-----------------------------------------#
26-17-18-47 [Step 114] logΨ: mean=3.133-1.395j | min=-4.492-2.644j | max=3.260+0.494j
26-17-18-47 梯度监控 | raw=7.0739 | per_param=0.2125 |  natural=0.0458 | clipped=0.0458(上限20.0)
26-17-18-47 原始规范坐标 G(Re Σrow_mean) = +22.8366 | 累计|g| = 11.8150
26-17-18-47 Ψ矩阵条件数 cond(Ψ) = 4.88e+01
26-17-18-47 Loss=-3.213356 | E0=-1.04495159 | E1=-0.95684373|E2=-0.66352777|E3=-0.55022633
26-17-18-47 #-----------------------------------------#
26-17-18-47 [Step 115] logΨ: mean=3.274-1.403j | min=-2.683-2.566j | max=3.468+0.364j
26-17-18-47 梯度监控 | raw=6.1689 | per_param=0.1853 |  natural=0.0617 | clipped=0.0617(上限20.0)
26-17-18-47 原始规范坐标 G(Re Σrow_mean) = +22.8869 | 累计|g| = 11.8150
26-17-18-47 Ψ矩阵条件数 cond(Ψ) = 5.68e+01
26-17-18-47 Loss=-3.212368 | E0=-1.04497196 | E1=-0.95628319|E2=-0.66351583|E3=-0.55009396
26-17-18-47 #-----------------------------------------#
26-17-18-47 [Step 116] logΨ: mean=3.287-1.380j | min=-2.429+1.973j | max=3.427+0.433j
26-17-18-47 梯度监控 | raw=5.4399 | per_param=0.1634 |  natural=0.0505 | clipped=0.0505(上限20.0)
26-17-18-47 原始规范坐标 G(Re Σrow_mean) = +22.9326 | 累计|g| = 11.8150
26-17-18-47 Ψ矩阵条件数 cond(Ψ) = 3.79e+01
26-17-18-47 Loss=-3.214474 | E0=-1.04491722 | E1=-0.95655775|E2=-0.66360874|E3=-0.55012956
26-17-18-47 #-----------------------------------------#
26-17-18-47 [Step 117] logΨ: mean=3.307-1.194j | min=-2.738+0.634j | max=3.463+0.431j
26-17-18-47 梯度监控 | raw=2.9490 | per_param=0.0886 |  natural=0.0499 | clipped=0.0499(上限20.0)
26-17-18-47 原始规范坐标 G(Re Σrow_mean) = +22.9739 | 累计|g| = 11.8150
26-17-18-47 Ψ矩阵条件数 cond(Ψ) = 5.01e+01
26-17-18-47 Loss=-3.216693 | E0=-1.04493957 | E1=-0.95674781|E2=-0.66355478|E3=-0.55034085
26-17-18-47 #-----------------------------------------#
26-17-18-47 [Step 118] logΨ: mean=3.178-0.719j | min=-2.160+0.431j | max=3.435+0.474j
26-17-18-47 梯度监控 | raw=5.9552 | per_param=0.1789 |  natural=0.0556 | clipped=0.0556(上限20.0)
26-17-18-47 原始规范坐标 G(Re Σrow_mean) = +22.8798 | 累计|g| = 11.8150
26-17-18-47 Ψ矩阵条件数 cond(Ψ) = 4.43e+01
26-17-18-47 Loss=-3.215001 | E0=-1.04503187 | E1=-0.95674301|E2=-0.66356225|E3=-0.55020246
26-17-18-47 #-----------------------------------------#
26-17-18-47 [Step 119] logΨ: mean=3.677+1.067j | min=-4.861+1.054j | max=3.816+2.882j
26-17-18-47 梯度监控 | raw=5.2954 | per_param=0.1591 |  natural=0.3230 | clipped=0.3230(上限20.0)
26-17-18-47 原始规范坐标 G(Re Σrow_mean) = +23.5048 | 累计|g| = 11.8150
26-17-18-47 Ψ矩阵条件数 cond(Ψ) = 4.03e+01
26-17-18-47 Loss=-3.211387 | E0=-1.04466870 | E1=-0.95629590|E2=-0.66443177|E3=-0.55015877
26-17-18-47 #-----------------------------------------#
26-17-18-47 [保存] Step 119 → pickle 文件已更新 (120 条记录)
26-17-18-47 [GaugeReset@120] 吸收 Δg = Σ Re(col_mean) = +23.5048 | 新|g| = 12.4637
26-17-18-47 [Step 120] logΨ: mean=2.108-1.012j | min=-3.603-1.920j | max=2.287+0.702j
26-17-18-47 梯度监控 | raw=32.2165 | per_param=0.9679 |  natural=0.0767 | clipped=0.0767(上限20.0)
26-17-18-47 原始规范坐标 G(Re Σrow_mean) = +23.3685 | 累计|g| = 12.4637
26-17-18-47 Ψ矩阵条件数 cond(Ψ) = 4.49e+01
26-17-18-47 Loss=-3.211306 | E0=-1.04481267 | E1=-0.95671859|E2=-0.66441833|E3=-0.54998412
26-17-18-47 #-----------------------------------------#
26-17-18-47 [Step 121] logΨ: mean=2.026-1.354j | min=-4.306+2.197j | max=2.254+0.843j
26-17-18-47 梯度监控 | raw=28.6960 | per_param=0.8621 |  natural=0.0696 | clipped=0.0696(上限20.0)
26-17-18-47 原始规范坐标 G(Re Σrow_mean) = +23.2954 | 累计|g| = 12.4637
26-17-18-47 Ψ矩阵条件数 cond(Ψ) = 4.17e+01
26-17-18-47 Loss=-3.212951 | E0=-1.04485939 | E1=-0.95703260|E2=-0.66424975|E3=-0.55007304
26-17-18-47 #-----------------------------------------#
26-17-18-47 [Step 122] logΨ: mean=2.139-1.530j | min=-3.884+1.816j | max=2.325+0.974j
26-17-18-47 梯度监控 | raw=21.4971 | per_param=0.6458 |  natural=0.0508 | clipped=0.0508(上限20.0)
26-17-18-47 原始规范坐标 G(Re Σrow_mean) = +23.4254 | 累计|g| = 12.4637
26-17-18-47 Ψ矩阵条件数 cond(Ψ) = 3.94e+01
26-17-18-47 Loss=-3.210895 | E0=-1.04486377 | E1=-0.95696927|E2=-0.66406297|E3=-0.55011666
26-17-18-47 #-----------------------------------------#
26-17-18-47 [Step 123] logΨ: mean=2.190-1.288j | min=-4.516-2.254j | max=2.365+1.020j
26-17-18-47 梯度监控 | raw=24.0804 | per_param=0.7234 |  natural=0.0541 | clipped=0.0541(上限20.0)
26-17-18-47 原始规范坐标 G(Re Σrow_mean) = +23.5337 | 累计|g| = 12.4637
26-17-18-47 Ψ矩阵条件数 cond(Ψ) = 3.58e+01
26-17-18-47 Loss=-3.213643 | E0=-1.04489824 | E1=-0.95695873|E2=-0.66388120|E3=-0.54991835
26-17-18-47 #-----------------------------------------#
26-17-18-47 [Step 124] logΨ: mean=2.683-1.287j | min=-2.561+1.062j | max=2.794+1.163j
26-17-18-47 梯度监控 | raw=13.8994 | per_param=0.4176 |  natural=0.0649 | clipped=0.0649(上限20.0)
26-17-18-47 原始规范坐标 G(Re Σrow_mean) = +23.9254 | 累计|g| = 12.4637
26-17-18-47 Ψ矩阵条件数 cond(Ψ) = 4.04e+01
26-17-18-47 Loss=-3.213258 | E0=-1.04488207 | E1=-0.95624355|E2=-0.66344175|E3=-0.55023256
26-17-18-47 #-----------------------------------------#
26-17-18-47 [Step 125] logΨ: mean=2.812-0.888j | min=-2.398-1.937j | max=3.052+1.278j
26-17-18-47 梯度监控 | raw=12.1682 | per_param=0.3656 |  natural=0.0911 | clipped=0.0911(上限20.0)
26-17-18-47 原始规范坐标 G(Re Σrow_mean) = +24.0041 | 累计|g| = 12.4637
26-17-18-47 Ψ矩阵条件数 cond(Ψ) = 3.98e+01
26-17-18-47 Loss=-3.210744 | E0=-1.04496646 | E1=-0.95620857|E2=-0.66344915|E3=-0.54999947
26-17-18-47 #-----------------------------------------#
26-17-18-47 [Step 126] logΨ: mean=2.832-0.485j | min=-3.796-0.326j | max=3.045+1.367j
26-17-18-47 梯度监控 | raw=17.0689 | per_param=0.5128 |  natural=0.0463 | clipped=0.0463(上限20.0)
26-17-18-47 原始规范坐标 G(Re Σrow_mean) = +24.0575 | 累计|g| = 12.4637
26-17-18-47 Ψ矩阵条件数 cond(Ψ) = 3.49e+01
26-17-18-47 Loss=-3.212501 | E0=-1.04496498 | E1=-0.95628050|E2=-0.66352959|E3=-0.55005285
26-17-18-47 #-----------------------------------------#
26-17-18-47 [Step 127] logΨ: mean=3.005-0.251j | min=-4.244-1.468j | max=3.183+1.338j
26-17-18-47 梯度监控 | raw=9.6848 | per_param=0.2910 |  natural=0.0518 | clipped=0.0518(上限20.0)
26-17-18-47 原始规范坐标 G(Re Σrow_mean) = +24.2583 | 累计|g| = 12.4637
26-17-18-47 Ψ矩阵条件数 cond(Ψ) = 3.76e+01
26-17-18-47 Loss=-3.212277 | E0=-1.04500021 | E1=-0.95616396|E2=-0.66344291|E3=-0.54991413
26-17-18-47 #-----------------------------------------#
26-17-18-47 [Step 128] logΨ: mean=3.106-0.227j | min=-3.223-1.083j | max=3.220+1.408j
26-17-18-47 梯度监控 | raw=5.8784 | per_param=0.1766 |  natural=0.0407 | clipped=0.0407(上限20.0)
26-17-18-47 原始规范坐标 G(Re Σrow_mean) = +24.3919 | 累计|g| = 12.4637
26-17-18-47 Ψ矩阵条件数 cond(Ψ) = 3.78e+01
26-17-18-47 Loss=-3.214090 | E0=-1.04494529 | E1=-0.95631008|E2=-0.66338403|E3=-0.55010178
26-17-18-47 #-----------------------------------------#
26-17-18-47 [Step 129] logΨ: mean=3.258-0.216j | min=-1.624-1.037j | max=3.355+1.331j
26-17-18-47 梯度监控 | raw=2.1970 | per_param=0.0660 |  natural=0.0459 | clipped=0.0459(上限20.0)
26-17-18-47 原始规范坐标 G(Re Σrow_mean) = +24.5672 | 累计|g| = 12.4637
26-17-18-47 Ψ矩阵条件数 cond(Ψ) = 3.74e+01
26-17-18-47 Loss=-3.214930 | E0=-1.04486322 | E1=-0.95646735|E2=-0.66345391|E3=-0.54923032
26-17-18-47 #-----------------------------------------#
26-17-18-47 [GaugeReset@130] 吸收 Δg = Σ Re(col_mean) = +24.5672 | 新|g| = 13.0325
26-17-18-47 [Step 130] logΨ: mean=2.496-1.132j | min=-3.891+0.575j | max=2.687+0.508j
26-17-18-47 梯度监控 | raw=19.2417 | per_param=0.5781 |  natural=0.0951 | clipped=0.0951(上限20.0)
26-17-18-47 原始规范坐标 G(Re Σrow_mean) = +24.7764 | 累计|g| = 13.0325
26-17-18-47 Ψ矩阵条件数 cond(Ψ) = 4.18e+01
26-17-18-47 Loss=-3.212481 | E0=-1.04493071 | E1=-0.95591335|E2=-0.66326776|E3=-0.54898867
26-17-18-47 #-----------------------------------------#
26-17-18-47 [Step 131] logΨ: mean=2.505-1.525j | min=-3.000+0.549j | max=2.649+0.512j
26-17-18-47 梯度监控 | raw=38.2447 | per_param=1.1490 |  natural=0.0524 | clipped=0.0524(上限20.0)
26-17-18-47 原始规范坐标 G(Re Σrow_mean) = +24.9014 | 累计|g| = 13.0325
26-17-18-47 Ψ矩阵条件数 cond(Ψ) = 3.70e+01
26-17-18-47 Loss=-3.208320 | E0=-1.04486146 | E1=-0.95599951|E2=-0.66348307|E3=-0.54820561
26-17-18-47 #-----------------------------------------#
26-17-18-47 [Step 132] logΨ: mean=2.264-1.797j | min=-3.798+0.306j | max=2.404+0.474j
26-17-18-47 梯度监控 | raw=21.4183 | per_param=0.6434 |  natural=0.0672 | clipped=0.0672(上限20.0)
26-17-18-47 原始规范坐标 G(Re Σrow_mean) = +24.6549 | 累计|g| = 13.0325
26-17-18-47 Ψ矩阵条件数 cond(Ψ) = 3.56e+01
26-17-18-47 Loss=-3.213635 | E0=-1.04483059 | E1=-0.95635344|E2=-0.66352337|E3=-0.54841084
26-17-18-47 #-----------------------------------------#
26-17-18-47 [Step 133] logΨ: mean=2.192-1.350j | min=-4.573+2.102j | max=2.362+0.409j
26-17-18-47 梯度监控 | raw=21.8626 | per_param=0.6568 |  natural=0.0605 | clipped=0.0605(上限20.0)
26-17-18-47 原始规范坐标 G(Re Σrow_mean) = +24.6678 | 累计|g| = 13.0325
26-17-18-47 Ψ矩阵条件数 cond(Ψ) = 3.30e+01
26-17-18-47 Loss=-3.212823 | E0=-1.04477665 | E1=-0.95633772|E2=-0.66361882|E3=-0.54787314
26-17-18-47 #-----------------------------------------#
26-17-18-48 [Step 134] logΨ: mean=2.345-0.590j | min=-3.167+1.586j | max=2.463+0.450j
26-17-18-48 梯度监控 | raw=19.1167 | per_param=0.5743 |  natural=0.0720 | clipped=0.0720(上限20.0)
26-17-18-48 原始规范坐标 G(Re Σrow_mean) = +24.7499 | 累计|g| = 13.0325
26-17-18-48 Ψ矩阵条件数 cond(Ψ) = 3.42e+01
26-17-18-48 Loss=-3.211581 | E0=-1.04480879 | E1=-0.95626226|E2=-0.66354250|E3=-0.54804705
26-17-18-48 #-----------------------------------------#
26-17-18-48 [Step 135] logΨ: mean=2.290-1.136j | min=-2.672-2.474j | max=2.496+0.546j
26-17-18-48 梯度监控 | raw=42.3891 | per_param=1.2735 |  natural=0.0599 | clipped=0.0599(上限20.0)
26-17-18-48 原始规范坐标 G(Re Σrow_mean) = +24.6652 | 累计|g| = 13.0325
26-17-18-48 Ψ矩阵条件数 cond(Ψ) = 3.38e+01
26-17-18-48 Loss=-3.210914 | E0=-1.04482262 | E1=-0.95640354|E2=-0.66348771|E3=-0.54816080
26-17-18-48 #-----------------------------------------#
26-17-18-48 [Step 136] logΨ: mean=2.308-1.170j | min=-4.765-0.821j | max=2.541+0.706j
26-17-18-48 梯度监控 | raw=32.2783 | per_param=0.9697 |  natural=0.0699 | clipped=0.0699(上限20.0)
26-17-18-48 原始规范坐标 G(Re Σrow_mean) = +24.6381 | 累计|g| = 13.0325
26-17-18-48 Ψ矩阵条件数 cond(Ψ) = 3.42e+01
26-17-18-48 Loss=-3.216370 | E0=-1.04478354 | E1=-0.95642873|E2=-0.66353331|E3=-0.54830767
26-17-18-48 #-----------------------------------------#
26-17-18-48 [Step 137] logΨ: mean=2.413-0.655j | min=-2.903+0.797j | max=2.563+0.751j
26-17-18-48 梯度监控 | raw=20.5725 | per_param=0.6180 |  natural=0.0593 | clipped=0.0593(上限20.0)
26-17-18-48 原始规范坐标 G(Re Σrow_mean) = +24.7423 | 累计|g| = 13.0325
26-17-18-48 Ψ矩阵条件数 cond(Ψ) = 3.46e+01
26-17-18-48 Loss=-3.214130 | E0=-1.04484180 | E1=-0.95656731|E2=-0.66346622|E3=-0.54909102
26-17-18-48 #-----------------------------------------#
26-17-18-48 [Step 138] logΨ: mean=2.477-0.481j | min=-2.947+0.531j | max=2.590+0.639j
26-17-18-48 梯度监控 | raw=9.5338 | per_param=0.2864 |  natural=0.0232 | clipped=0.0232(上限20.0)
26-17-18-48 原始规范坐标 G(Re Σrow_mean) = +24.8123 | 累计|g| = 13.0325
26-17-18-48 Ψ矩阵条件数 cond(Ψ) = 3.51e+01
26-17-18-48 Loss=-3.213841 | E0=-1.04482035 | E1=-0.95644822|E2=-0.66346182|E3=-0.54929968
26-17-18-48 #-----------------------------------------#
26-17-18-48 [Step 139] logΨ: mean=2.413-0.793j | min=-2.903-2.446j | max=2.567+0.652j
26-17-18-48 梯度监控 | raw=5.1688 | per_param=0.1553 |  natural=0.0378 | clipped=0.0378(上限20.0)
26-17-18-48 原始规范坐标 G(Re Σrow_mean) = +24.7915 | 累计|g| = 13.0325
26-17-18-48 Ψ矩阵条件数 cond(Ψ) = 3.45e+01
26-17-18-48 Loss=-3.215225 | E0=-1.04481013 | E1=-0.95656734|E2=-0.66353109|E3=-0.54931296
26-17-18-48 #-----------------------------------------#
26-17-18-48 [保存] Step 139 → pickle 文件已更新 (140 条记录)
26-17-18-48 [GaugeReset@140] 吸收 Δg = Σ Re(col_mean) = +24.7915 | 新|g| = 13.1109
26-17-18-48 [Step 140] logΨ: mean=2.133-0.684j | min=-3.894+0.976j | max=2.259+0.809j
26-17-18-48 梯度监控 | raw=11.0671 | per_param=0.3325 |  natural=0.0279 | clipped=0.0279(上限20.0)
26-17-18-48 原始规范坐标 G(Re Σrow_mean) = +24.7834 | 累计|g| = 13.1109
26-17-18-48 Ψ矩阵条件数 cond(Ψ) = 3.62e+01
26-17-18-48 Loss=-3.213854 | E0=-1.04479494 | E1=-0.95662864|E2=-0.66367013|E3=-0.54948274
26-17-18-48 #-----------------------------------------#
26-17-18-48 [Step 141] logΨ: mean=2.078-0.835j | min=-4.840-2.120j | max=2.186+0.779j
26-17-18-48 梯度监控 | raw=7.0934 | per_param=0.2131 |  natural=0.0315 | clipped=0.0315(上限20.0)
26-17-18-48 原始规范坐标 G(Re Σrow_mean) = +24.8308 | 累计|g| = 13.1109
26-17-18-48 Ψ矩阵条件数 cond(Ψ) = 3.53e+01
26-17-18-48 Loss=-3.213876 | E0=-1.04478445 | E1=-0.95682643|E2=-0.66387961|E3=-0.54905543
26-17-18-48 #-----------------------------------------#
26-17-18-48 [Step 142] logΨ: mean=2.036-0.718j | min=-3.770-2.397j | max=2.168+0.744j
26-17-18-48 梯度监控 | raw=18.6837 | per_param=0.5613 |  natural=0.0415 | clipped=0.0415(上限20.0)
26-17-18-48 原始规范坐标 G(Re Σrow_mean) = +24.8849 | 累计|g| = 13.1109
26-17-18-48 Ψ矩阵条件数 cond(Ψ) = 3.60e+01
26-17-18-48 Loss=-3.215399 | E0=-1.04477268 | E1=-0.95687227|E2=-0.66396671|E3=-0.54888561
26-17-18-48 #-----------------------------------------#
26-17-18-48 [Step 143] logΨ: mean=2.055-0.733j | min=-3.662+1.343j | max=2.262+0.708j
26-17-18-48 梯度监控 | raw=28.1430 | per_param=0.8455 |  natural=0.0620 | clipped=0.0620(上限20.0)
26-17-18-48 原始规范坐标 G(Re Σrow_mean) = +24.9201 | 累计|g| = 13.1109
26-17-18-48 Ψ矩阵条件数 cond(Ψ) = 3.68e+01
26-17-18-48 Loss=-3.214487 | E0=-1.04477545 | E1=-0.95654090|E2=-0.66399155|E3=-0.54888780
26-17-18-48 #-----------------------------------------#
26-17-18-48 [Step 144] logΨ: mean=2.105-1.100j | min=-3.050-2.331j | max=2.314+0.751j
26-17-18-48 梯度监控 | raw=44.7755 | per_param=1.3451 |  natural=0.0423 | clipped=0.0423(上限20.0)
26-17-18-48 原始规范坐标 G(Re Σrow_mean) = +25.0104 | 累计|g| = 13.1109
26-17-18-48 Ψ矩阵条件数 cond(Ψ) = 3.82e+01
26-17-18-48 Loss=-3.215994 | E0=-1.04480787 | E1=-0.95653193|E2=-0.66396030|E3=-0.54885862
26-17-18-48 #-----------------------------------------#
26-17-18-48 [Step 145] logΨ: mean=2.199-1.155j | min=-3.972+1.691j | max=2.351+0.794j
26-17-18-48 梯度监控 | raw=39.1465 | per_param=1.1760 |  natural=0.0296 | clipped=0.0296(上限20.0)
26-17-18-48 原始规范坐标 G(Re Σrow_mean) = +25.1252 | 累计|g| = 13.1109
26-17-18-48 Ψ矩阵条件数 cond(Ψ) = 4.49e+01
26-17-18-48 Loss=-3.213291 | E0=-1.04477487 | E1=-0.95662917|E2=-0.66398005|E3=-0.54898298
26-17-18-48 #-----------------------------------------#
26-17-18-48 [Step 146] logΨ: mean=2.077-0.592j | min=-4.734+1.174j | max=2.233+0.828j
26-17-18-48 梯度监控 | raw=53.2015 | per_param=1.5983 |  natural=0.0441 | clipped=0.0441(上限20.0)
26-17-18-48 原始规范坐标 G(Re Σrow_mean) = +25.0117 | 累计|g| = 13.1109
26-17-18-48 Ψ矩阵条件数 cond(Ψ) = 3.70e+01
26-17-18-48 Loss=-3.214159 | E0=-1.04478055 | E1=-0.95696834|E2=-0.66397262|E3=-0.54914016
26-17-18-48 #-----------------------------------------#
26-17-18-48 [Step 147] logΨ: mean=2.055-0.527j | min=-3.347-2.307j | max=2.241+0.820j
26-17-18-48 梯度监控 | raw=34.2389 | per_param=1.0286 |  natural=0.0482 | clipped=0.0482(上限20.0)
26-17-18-48 原始规范坐标 G(Re Σrow_mean) = +24.9509 | 累计|g| = 13.1109
26-17-18-48 Ψ矩阵条件数 cond(Ψ) = 3.69e+01
26-17-18-48 Loss=-3.214068 | E0=-1.04479158 | E1=-0.95700316|E2=-0.66406898|E3=-0.54914304
26-17-18-48 #-----------------------------------------#
26-17-18-48 [Step 148] logΨ: mean=2.099-0.410j | min=-4.353+1.975j | max=2.311+0.844j
26-17-18-48 梯度监控 | raw=63.9713 | per_param=1.9218 |  natural=0.0449 | clipped=0.0449(上限20.0)
26-17-18-48 原始规范坐标 G(Re Σrow_mean) = +24.9899 | 累计|g| = 13.1109
26-17-18-48 Ψ矩阵条件数 cond(Ψ) = 3.65e+01
26-17-18-48 Loss=-3.214368 | E0=-1.04483396 | E1=-0.95692407|E2=-0.66393569|E3=-0.54922609
26-17-18-48 #-----------------------------------------#
26-17-18-48 [Step 149] logΨ: mean=2.265-0.356j | min=-4.360-2.542j | max=2.470+0.838j
26-17-18-48 梯度监控 | raw=22.7141 | per_param=0.6824 |  natural=0.0563 | clipped=0.0563(上限20.0)
26-17-18-48 原始规范坐标 G(Re Σrow_mean) = +25.1037 | 累计|g| = 13.1109
26-17-18-48 Ψ矩阵条件数 cond(Ψ) = 3.80e+01
26-17-18-48 Loss=-3.216471 | E0=-1.04481152 | E1=-0.95698488|E2=-0.66387908|E3=-0.54921862
26-17-18-48 #-----------------------------------------#
26-17-18-48 [GaugeReset@150] 吸收 Δg = Σ Re(col_mean) = +25.1037 | 新|g| = 13.2430
26-17-18-48 [Step 150] logΨ: mean=1.939-0.451j | min=-4.413+0.905j | max=2.019+0.903j
26-17-18-48 梯度监控 | raw=10.3209 | per_param=0.3101 |  natural=0.0213 | clipped=0.0213(上限20.0)
26-17-18-48 原始规范坐标 G(Re Σrow_mean) = +25.1490 | 累计|g| = 13.2430
26-17-18-48 Ψ矩阵条件数 cond(Ψ) = 3.55e+01
26-17-18-48 Loss=-3.214774 | E0=-1.04476426 | E1=-0.95729785|E2=-0.66397262|E3=-0.54937948
26-17-18-48 #-----------------------------------------#
26-17-18-48 [Step 151] logΨ: mean=1.932-0.457j | min=-3.706-2.084j | max=2.049+1.100j
26-17-18-48 梯度监控 | raw=28.7642 | per_param=0.8641 |  natural=0.0426 | clipped=0.0426(上限20.0)
26-17-18-48 原始规范坐标 G(Re Σrow_mean) = +25.1988 | 累计|g| = 13.2430
26-17-18-48 Ψ矩阵条件数 cond(Ψ) = 3.67e+01
26-17-18-48 Loss=-3.214157 | E0=-1.04474618 | E1=-0.95734910|E2=-0.66412992|E3=-0.54939955
26-17-18-48 #-----------------------------------------#
26-17-18-48 [Step 152] logΨ: mean=2.023-0.697j | min=-3.640-2.319j | max=2.188+1.037j
26-17-18-48 梯度监控 | raw=18.8057 | per_param=0.5650 |  natural=0.0367 | clipped=0.0367(上限20.0)
26-17-18-48 原始规范坐标 G(Re Σrow_mean) = +25.2450 | 累计|g| = 13.2430
26-17-18-48 Ψ矩阵条件数 cond(Ψ) = 3.77e+01
26-17-18-48 Loss=-3.213920 | E0=-1.04476767 | E1=-0.95730648|E2=-0.66415350|E3=-0.54954743
26-17-18-48 #-----------------------------------------#
26-17-18-48 [Step 153] logΨ: mean=2.370-0.926j | min=-3.500-2.431j | max=2.460+1.076j
26-17-18-48 梯度监控 | raw=23.8688 | per_param=0.7171 |  natural=0.3249 | clipped=0.3249(上限20.0)
26-17-18-48 原始规范坐标 G(Re Σrow_mean) = +25.0056 | 累计|g| = 13.2430
26-17-18-48 Ψ矩阵条件数 cond(Ψ) = 2.95e+01
26-17-18-48 Loss=-3.216447 | E0=-1.04472721 | E1=-0.95572687|E2=-0.66313482|E3=-0.54688164
26-17-18-48 #-----------------------------------------#
26-17-18-48 [Step 154] logΨ: mean=2.290-0.835j | min=-3.317+1.297j | max=2.455+1.142j
26-17-18-48 梯度监控 | raw=60.5172 | per_param=1.8181 |  natural=0.0810 | clipped=0.0810(上限20.0)
26-17-18-48 原始规范坐标 G(Re Σrow_mean) = +25.0027 | 累计|g| = 13.2430
26-17-18-48 Ψ矩阵条件数 cond(Ψ) = 2.92e+01
26-17-18-48 Loss=-3.185992 | E0=-1.04472449 | E1=-0.95601234|E2=-0.66309334|E3=-0.54712115
26-17-18-48 #-----------------------------------------#
26-17-18-48 [Step 155] logΨ: mean=2.319-1.065j | min=-3.177-2.580j | max=2.552+1.144j
26-17-18-48 梯度监控 | raw=74.9066 | per_param=2.2504 |  natural=0.0555 | clipped=0.0555(上限20.0)
26-17-18-48 原始规范坐标 G(Re Σrow_mean) = +25.0877 | 累计|g| = 13.2430
26-17-18-48 Ψ矩阵条件数 cond(Ψ) = 2.94e+01
26-17-18-48 Loss=-3.191543 | E0=-1.04475787 | E1=-0.95599596|E2=-0.66317413|E3=-0.54737300
26-17-18-48 #-----------------------------------------#
26-17-18-48 [Step 156] logΨ: mean=3.171-0.964j | min=-3.500+0.493j | max=3.317+1.456j
26-17-18-48 梯度监控 | raw=44.1816 | per_param=1.3273 |  natural=0.2660 | clipped=0.2660(上限20.0)
26-17-18-48 原始规范坐标 G(Re Σrow_mean) = +25.9434 | 累计|g| = 13.2430
26-17-18-48 Ψ矩阵条件数 cond(Ψ) = 2.97e+01
26-17-18-48 Loss=-3.200283 | E0=-1.04469864 | E1=-0.95638235|E2=-0.66336035|E3=-0.54762524
26-17-18-48 #-----------------------------------------#
26-17-18-48 [Step 157] logΨ: mean=3.083-0.317j | min=-3.536-1.016j | max=3.264+1.421j
26-17-18-48 梯度监控 | raw=59.6205 | per_param=1.7911 |  natural=0.0318 | clipped=0.0318(上限20.0)
26-17-18-48 原始规范坐标 G(Re Σrow_mean) = +25.9688 | 累计|g| = 13.2430
26-17-18-48 Ψ矩阵条件数 cond(Ψ) = 3.15e+01
26-17-18-48 Loss=-3.204097 | E0=-1.04471395 | E1=-0.95676204|E2=-0.66337342|E3=-0.54783692
26-17-18-48 #-----------------------------------------#
26-17-18-49 [Step 158] logΨ: mean=2.938+0.105j | min=-1.843-1.608j | max=3.114+1.436j
26-17-18-49 梯度监控 | raw=85.3811 | per_param=2.5650 |  natural=0.0380 | clipped=0.0380(上限20.0)
26-17-18-49 原始规范坐标 G(Re Σrow_mean) = +25.8573 | 累计|g| = 13.2430
26-17-18-49 Ψ矩阵条件数 cond(Ψ) = 3.10e+01
26-17-18-49 Loss=-3.202550 | E0=-1.04468620 | E1=-0.95690403|E2=-0.66338485|E3=-0.54817335
26-17-18-49 #-----------------------------------------#
26-17-18-49 [Step 159] logΨ: mean=2.897+0.188j | min=-2.913+1.439j | max=3.083+1.287j
26-17-18-49 梯度监控 | raw=51.3024 | per_param=1.5412 |  natural=0.0568 | clipped=0.0568(上限20.0)
26-17-18-49 原始规范坐标 G(Re Σrow_mean) = +25.7715 | 累计|g| = 13.2430
26-17-18-49 Ψ矩阵条件数 cond(Ψ) = 3.04e+01
26-17-18-49 Loss=-3.208090 | E0=-1.04467597 | E1=-0.95698761|E2=-0.66340251|E3=-0.54844343
26-17-18-49 #-----------------------------------------#
26-17-18-49 [保存] Step 159 → pickle 文件已更新 (160 条记录)
26-17-18-49 [GaugeReset@160] 吸收 Δg = Σ Re(col_mean) = +25.7715 | 新|g| = 13.6351
26-17-18-49 [Step 160] logΨ: mean=1.874-0.369j | min=-3.996-3.137j | max=2.002+1.172j
26-17-18-49 梯度监控 | raw=17.5477 | per_param=0.5272 |  natural=0.1670 | clipped=0.1670(上限20.0)
26-17-18-49 原始规范坐标 G(Re Σrow_mean) = +25.7690 | 累计|g| = 13.6351
26-17-18-49 Ψ矩阵条件数 cond(Ψ) = 4.12e+01
26-17-18-49 Loss=-3.211814 | E0=-1.04479899 | E1=-0.95704861|E2=-0.66523829|E3=-0.55242905
26-17-18-49 #-----------------------------------------#
26-17-18-49 【Step 161 告警】梯度异常！nan=False, raw_grad_norm=203.51
26-17-18-49 [Step 161] logΨ: mean=2.123-0.542j | min=-4.858+0.309j | max=2.454+1.123j
26-17-18-49 梯度监控 | raw=203.5132 | per_param=6.1140 |  natural=0.0658 | clipped=0.0658(上限20.0)
26-17-18-49 原始规范坐标 G(Re Σrow_mean) = +26.0331 | 累计|g| = 13.6351
26-17-18-49 Ψ矩阵条件数 cond(Ψ) = 1.75e+02
26-17-18-49 Loss=-3.193200 | E0=-1.04501360 | E1=-0.95698868|E2=-0.66487933|E3=-0.55158096
26-17-18-49 #-----------------------------------------#
26-17-18-49 【Step 162 告警】梯度异常！nan=False, raw_grad_norm=142.07
26-17-18-49 [Step 162] logΨ: mean=2.354-0.015j | min=-3.510-1.414j | max=2.555+1.079j
26-17-18-49 梯度监控 | raw=142.0688 | per_param=4.2680 |  natural=0.0430 | clipped=0.0430(上限20.0)
26-17-18-49 原始规范坐标 G(Re Σrow_mean) = +26.2409 | 累计|g| = 13.6351
26-17-18-49 Ψ矩阵条件数 cond(Ψ) = 4.44e+01
26-17-18-49 Loss=-3.206400 | E0=-1.04495945 | E1=-0.95693341|E2=-0.66470672|E3=-0.55167162
26-17-18-49 #-----------------------------------------#
26-17-18-49 【Step 163 告警】梯度异常！nan=False, raw_grad_norm=165.59
26-17-18-49 [Step 163] logΨ: mean=2.349-0.209j | min=-3.731+1.189j | max=2.542+1.028j
26-17-18-49 梯度监控 | raw=165.5916 | per_param=4.9747 |  natural=0.0349 | clipped=0.0349(上限20.0)
26-17-18-49 原始规范坐标 G(Re Σrow_mean) = +26.2087 | 累计|g| = 13.6351
26-17-18-49 Ψ矩阵条件数 cond(Ψ) = 4.32e+01
26-17-18-49 Loss=-3.208194 | E0=-1.04492846 | E1=-0.95704269|E2=-0.66457719|E3=-0.55163871
26-17-18-49 #-----------------------------------------#
26-17-18-49 [Step 164] logΨ: mean=2.094-0.815j | min=-3.086-2.335j | max=2.253+1.005j
26-17-18-49 梯度监控 | raw=80.9484 | per_param=2.4319 |  natural=0.2297 | clipped=0.2297(上限20.0)
26-17-18-49 原始规范坐标 G(Re Σrow_mean) = +25.8978 | 累计|g| = 13.6351
26-17-18-49 Ψ矩阵条件数 cond(Ψ) = 4.56e+01
26-17-18-49 Loss=-3.213512 | E0=-1.04512311 | E1=-0.95582110|E2=-0.66470221|E3=-0.55147802
26-17-18-49 #-----------------------------------------#
26-17-18-49 【Step 165 告警】梯度异常！nan=False, raw_grad_norm=100.17
26-17-18-49 [Step 165] logΨ: mean=2.336-0.224j | min=-5.996+0.595j | max=2.556+1.236j
26-17-18-49 梯度监控 | raw=100.1717 | per_param=3.0094 |  natural=0.0721 | clipped=0.0721(上限20.0)
26-17-18-49 原始规范坐标 G(Re Σrow_mean) = +26.0442 | 累计|g| = 13.6351
26-17-18-49 Ψ矩阵条件数 cond(Ψ) = 4.44e+01
26-17-18-49 Loss=-3.203459 | E0=-1.04516259 | E1=-0.95589947|E2=-0.66442768|E3=-0.55131180
26-17-18-49 #-----------------------------------------#
26-17-18-49 [Step 166] logΨ: mean=2.531-0.308j | min=-4.635+2.951j | max=2.696+1.210j
26-17-18-49 梯度监控 | raw=64.8840 | per_param=1.9493 |  natural=0.0650 | clipped=0.0650(上限20.0)
26-17-18-49 原始规范坐标 G(Re Σrow_mean) = +26.1919 | 累计|g| = 13.6351
26-17-18-49 Ψ矩阵条件数 cond(Ψ) = 4.29e+01
26-17-18-49 Loss=-3.211100 | E0=-1.04519204 | E1=-0.95591034|E2=-0.66433780|E3=-0.55134327
26-17-18-49 #-----------------------------------------#
26-17-18-49 [Step 167] logΨ: mean=2.713-0.563j | min=-1.527-1.140j | max=2.774+1.243j
26-17-18-49 梯度监控 | raw=32.3548 | per_param=0.9720 |  natural=0.0224 | clipped=0.0224(上限20.0)
26-17-18-49 原始规范坐标 G(Re Σrow_mean) = +26.3737 | 累计|g| = 13.6351
26-17-18-49 Ψ矩阵条件数 cond(Ψ) = 4.32e+01
26-17-18-49 Loss=-3.213552 | E0=-1.04515664 | E1=-0.95597619|E2=-0.66422679|E3=-0.55142759
26-17-18-49 #-----------------------------------------#
26-17-18-49 [Step 168] logΨ: mean=2.790-0.370j | min=-3.441+1.548j | max=3.028+1.411j
26-17-18-49 梯度监控 | raw=87.0755 | per_param=2.6159 |  natural=0.0691 | clipped=0.0691(上限20.0)
26-17-18-49 原始规范坐标 G(Re Σrow_mean) = +26.4061 | 累计|g| = 13.6351
26-17-18-49 Ψ矩阵条件数 cond(Ψ) = 4.36e+01
26-17-18-49 Loss=-3.203768 | E0=-1.04525561 | E1=-0.95599897|E2=-0.66410085|E3=-0.55128829
26-17-18-49 #-----------------------------------------#
26-17-18-49 【Step 169 告警】梯度异常！nan=False, raw_grad_norm=109.68
26-17-18-49 [Step 169] logΨ: mean=2.633-0.333j | min=-3.068+2.234j | max=2.930+1.380j
26-17-18-49 梯度监控 | raw=109.6786 | per_param=3.2950 |  natural=0.0309 | clipped=0.0309(上限20.0)
26-17-18-49 原始规范坐标 G(Re Σrow_mean) = +26.2388 | 累计|g| = 13.6351
26-17-18-49 Ψ矩阵条件数 cond(Ψ) = 4.76e+01
26-17-18-49 Loss=-3.200588 | E0=-1.04532685 | E1=-0.95614473|E2=-0.66403041|E3=-0.55117464
26-17-18-49 #-----------------------------------------#
26-17-18-49 [GaugeReset@170] 吸收 Δg = Σ Re(col_mean) = +26.2388 | 新|g| = 13.8983
26-17-18-49 [Step 170] logΨ: mean=2.437-0.976j | min=-3.825-2.060j | max=2.546+0.762j
26-17-18-49 梯度监控 | raw=23.7174 | per_param=0.7125 |  natural=0.0347 | clipped=0.0347(上限20.0)
26-17-18-49 原始规范坐标 G(Re Σrow_mean) = +26.5324 | 累计|g| = 13.8983
26-17-18-49 Ψ矩阵条件数 cond(Ψ) = 4.27e+01
26-17-18-49 Loss=-3.213885 | E0=-1.04516863 | E1=-0.95629357|E2=-0.66407647|E3=-0.55146178
26-17-18-49 #-----------------------------------------#
26-17-18-49 [Step 171] logΨ: mean=3.314+0.327j | min=-4.554+3.130j | max=3.516+1.539j
26-17-18-49 梯度监控 | raw=64.8250 | per_param=1.9475 |  natural=0.3114 | clipped=0.3114(上限20.0)
26-17-18-49 原始规范坐标 G(Re Σrow_mean) = +27.3319 | 累计|g| = 13.8983
26-17-18-49 Ψ矩阵条件数 cond(Ψ) = 3.88e+01
26-17-18-49 Loss=-3.207317 | E0=-1.04530564 | E1=-0.95653406|E2=-0.66425389|E3=-0.55037856
26-17-18-49 #-----------------------------------------#
26-17-18-49 [Step 172] logΨ: mean=3.280+0.069j | min=-2.166-1.630j | max=3.447+1.535j
26-17-18-49 梯度监控 | raw=40.3947 | per_param=1.2135 |  natural=0.0219 | clipped=0.0219(上限20.0)
26-17-18-49 原始规范坐标 G(Re Σrow_mean) = +27.3058 | 累计|g| = 13.8983
26-17-18-49 Ψ矩阵条件数 cond(Ψ) = 3.89e+01
26-17-18-49 Loss=-3.212035 | E0=-1.04518700 | E1=-0.95659289|E2=-0.66420894|E3=-0.55056259
26-17-18-49 #-----------------------------------------#
26-17-18-49 [Step 173] logΨ: mean=3.350+0.485j | min=-3.150+1.439j | max=3.513+1.547j
26-17-18-49 梯度监控 | raw=32.8291 | per_param=0.9863 |  natural=0.0504 | clipped=0.0504(上限20.0)
26-17-18-49 原始规范坐标 G(Re Σrow_mean) = +27.3528 | 累计|g| = 13.8983
26-17-18-49 Ψ矩阵条件数 cond(Ψ) = 3.86e+01
26-17-18-49 Loss=-3.214785 | E0=-1.04520140 | E1=-0.95674509|E2=-0.66417773|E3=-0.55056792
26-17-18-49 #-----------------------------------------#
26-17-18-49 [Step 174] logΨ: mean=3.649+0.285j | min=-2.381-1.033j | max=3.879+1.515j
26-17-18-49 梯度监控 | raw=36.4445 | per_param=1.0949 |  natural=0.0565 | clipped=0.0565(上限20.0)
26-17-18-49 原始规范坐标 G(Re Σrow_mean) = +27.6089 | 累计|g| = 13.8983
26-17-18-49 Ψ矩阵条件数 cond(Ψ) = 3.92e+01
26-17-18-49 Loss=-3.210211 | E0=-1.04525739 | E1=-0.95674534|E2=-0.66407271|E3=-0.55058071
26-17-18-49 #-----------------------------------------#
26-17-18-49 [Step 175] logΨ: mean=3.793+0.302j | min=-1.355+1.557j | max=3.943+1.716j
26-17-18-49 梯度监控 | raw=30.5499 | per_param=0.9178 |  natural=0.0524 | clipped=0.0524(上限20.0)
26-17-18-49 原始规范坐标 G(Re Σrow_mean) = +27.8218 | 累计|g| = 13.8983
26-17-18-49 Ψ矩阵条件数 cond(Ψ) = 4.01e+01
26-17-18-49 Loss=-3.213518 | E0=-1.04504414 | E1=-0.95687829|E2=-0.66411111|E3=-0.55064831
26-17-18-49 #-----------------------------------------#
26-17-18-49 [Step 176] logΨ: mean=3.851-0.239j | min=-0.880-1.520j | max=4.000+1.681j
26-17-18-49 梯度监控 | raw=24.2835 | per_param=0.7295 |  natural=0.0216 | clipped=0.0216(上限20.0)
26-17-18-49 原始规范坐标 G(Re Σrow_mean) = +27.9201 | 累计|g| = 13.8983
26-17-18-49 Ψ矩阵条件数 cond(Ψ) = 4.63e+01
26-17-18-49 Loss=-3.214737 | E0=-1.04508829 | E1=-0.95695427|E2=-0.66408283|E3=-0.55060753
26-17-18-49 #-----------------------------------------#
26-17-18-49 [Step 177] logΨ: mean=3.916-0.025j | min=-1.505+1.717j | max=4.060+1.670j
26-17-18-49 梯度监控 | raw=21.2703 | per_param=0.6390 |  natural=0.0155 | clipped=0.0155(上限20.0)
26-17-18-49 原始规范坐标 G(Re Σrow_mean) = +27.9985 | 累计|g| = 13.8983
26-17-18-49 Ψ矩阵条件数 cond(Ψ) = 4.24e+01
26-17-18-49 Loss=-3.215233 | E0=-1.04508214 | E1=-0.95701827|E2=-0.66405398|E3=-0.55069555
26-17-18-49 #-----------------------------------------#
26-17-18-49 [Step 178] logΨ: mean=3.996+0.030j | min=-2.468+1.682j | max=4.201+1.736j
26-17-18-49 梯度监控 | raw=24.6832 | per_param=0.7415 |  natural=0.0328 | clipped=0.0328(上限20.0)
26-17-18-49 原始规范坐标 G(Re Σrow_mean) = +28.0144 | 累计|g| = 13.8983
26-17-18-49 Ψ矩阵条件数 cond(Ψ) = 4.24e+01
26-17-18-49 Loss=-3.215496 | E0=-1.04522098 | E1=-0.95702253|E2=-0.66394631|E3=-0.55032880
26-17-18-49 #-----------------------------------------#
26-17-18-49 [Step 179] logΨ: mean=4.168+0.908j | min=-3.979-2.747j | max=4.370+1.866j
26-17-18-49 梯度监控 | raw=23.0255 | per_param=0.6917 |  natural=0.0444 | clipped=0.0444(上限20.0)
26-17-18-49 原始规范坐标 G(Re Σrow_mean) = +28.2177 | 累计|g| = 13.8983
26-17-18-49 Ψ矩阵条件数 cond(Ψ) = 4.41e+01
26-17-18-49 Loss=-3.212761 | E0=-1.04496478 | E1=-0.95703875|E2=-0.66390690|E3=-0.55060940
26-17-18-49 #-----------------------------------------#
26-17-18-49 [保存] Step 179 → pickle 文件已更新 (180 条记录)
26-17-18-49 [GaugeReset@180] 吸收 Δg = Σ Re(col_mean) = +28.2177 | 新|g| = 14.9067
26-17-18-49 [Step 180] logΨ: mean=2.244-0.584j | min=-3.249+0.774j | max=2.434+0.813j
26-17-18-49 梯度监控 | raw=16.7721 | per_param=0.5039 |  natural=0.0367 | clipped=0.0367(上限20.0)
26-17-18-49 原始规范坐标 G(Re Σrow_mean) = +28.2752 | 累计|g| = 14.9067
26-17-18-49 Ψ矩阵条件数 cond(Ψ) = 4.72e+01
26-17-18-49 Loss=-3.215390 | E0=-1.04513224 | E1=-0.95700962|E2=-0.66390982|E3=-0.55048933
26-17-18-49 #-----------------------------------------#
26-17-18-50 [Step 181] logΨ: mean=2.248-1.066j | min=-3.198+0.806j | max=2.433+0.770j
26-17-18-50 梯度监控 | raw=26.4238 | per_param=0.7938 |  natural=0.0235 | clipped=0.0235(上限20.0)
26-17-18-50 原始规范坐标 G(Re Σrow_mean) = +28.3725 | 累计|g| = 14.9067
26-17-18-50 Ψ矩阵条件数 cond(Ψ) = 5.00e+01
26-17-18-50 Loss=-3.215477 | E0=-1.04513929 | E1=-0.95705715|E2=-0.66399832|E3=-0.55043229
26-17-18-50 #-----------------------------------------#
26-17-18-50 [Step 182] logΨ: mean=2.206-1.215j | min=-4.815-0.087j | max=2.436+0.796j
26-17-18-50 梯度监控 | raw=47.1090 | per_param=1.4153 |  natural=0.0298 | clipped=0.0298(上限20.0)
26-17-18-50 原始规范坐标 G(Re Σrow_mean) = +28.3919 | 累计|g| = 14.9067
26-17-18-50 Ψ矩阵条件数 cond(Ψ) = 5.32e+01
26-17-18-50 Loss=-3.216034 | E0=-1.04495210 | E1=-0.95731645|E2=-0.66407312|E3=-0.55034434
26-17-18-50 #-----------------------------------------#
26-17-18-50 [Step 183] logΨ: mean=2.715-0.813j | min=-2.824-2.276j | max=2.884+0.687j
26-17-18-50 梯度监控 | raw=34.1116 | per_param=1.0248 |  natural=0.0505 | clipped=0.0505(上限20.0)
26-17-18-50 原始规范坐标 G(Re Σrow_mean) = +28.9096 | 累计|g| = 14.9067
26-17-18-50 Ψ矩阵条件数 cond(Ψ) = 5.77e+01
26-17-18-50 Loss=-3.215700 | E0=-1.04524124 | E1=-0.95708542|E2=-0.66414171|E3=-0.55055299
26-17-18-50 #-----------------------------------------#
26-17-18-50 [Step 184] logΨ: mean=2.817-0.726j | min=-2.080+1.875j | max=2.984+0.956j
26-17-18-50 梯度监控 | raw=89.1938 | per_param=2.6796 |  natural=0.0473 | clipped=0.0473(上限20.0)
26-17-18-50 原始规范坐标 G(Re Σrow_mean) = +28.9878 | 累计|g| = 14.9067
26-17-18-50 Ψ矩阵条件数 cond(Ψ) = 8.13e+01
26-17-18-50 Loss=-3.215010 | E0=-1.04485663 | E1=-0.95713683|E2=-0.66410684|E3=-0.55065742
26-17-18-50 #-----------------------------------------#
26-17-18-50 [Step 185] logΨ: mean=3.220-0.808j | min=-2.285-0.627j | max=3.462+0.990j
26-17-18-50 梯度监控 | raw=35.1150 | per_param=1.0549 |  natural=0.2584 | clipped=0.2584(上限20.0)
26-17-18-50 原始规范坐标 G(Re Σrow_mean) = +29.2447 | 累计|g| = 14.9067
26-17-18-50 Ψ矩阵条件数 cond(Ψ) = 4.38e+01
26-17-18-50 Loss=-3.214909 | E0=-1.04507726 | E1=-0.95682291|E2=-0.66458552|E3=-0.54645576
26-17-18-50 #-----------------------------------------#
26-17-18-50 【Step 186 告警】梯度异常！nan=False, raw_grad_norm=386.99
26-17-18-50 [Step 186] logΨ: mean=3.258-0.036j | min=-2.792-1.909j | max=3.445+1.140j
26-17-18-50 梯度监控 | raw=386.9914 | per_param=11.6260 |  natural=0.0356 | clipped=0.0356(上限20.0)
26-17-18-50 原始规范坐标 G(Re Σrow_mean) = +29.3571 | 累计|g| = 14.9067
26-17-18-50 Ψ矩阵条件数 cond(Ψ) = 4.50e+01
26-17-18-50 Loss=-3.194960 | E0=-1.04501555 | E1=-0.95693535|E2=-0.66448436|E3=-0.54676560
26-17-18-50 #-----------------------------------------#
26-17-18-50 【Step 187 告警】梯度异常！nan=False, raw_grad_norm=507.17
26-17-18-50 [Step 187] logΨ: mean=3.365+0.072j | min=-1.796-1.809j | max=3.626+1.273j
26-17-18-50 梯度监控 | raw=507.1729 | per_param=15.2365 |  natural=0.0405 | clipped=0.0405(上限20.0)
26-17-18-50 原始规范坐标 G(Re Σrow_mean) = +29.4486 | 累计|g| = 14.9067
26-17-18-50 Ψ矩阵条件数 cond(Ψ) = 4.55e+01
26-17-18-50 Loss=-3.196040 | E0=-1.04519997 | E1=-0.95697306|E2=-0.66440855|E3=-0.54721243
26-17-18-50 #-----------------------------------------#
26-17-18-50 【Step 188 告警】梯度异常！nan=False, raw_grad_norm=328.32
26-17-18-50 [Step 188] logΨ: mean=3.684+0.069j | min=-1.570-1.935j | max=3.885+1.144j
26-17-18-50 梯度监控 | raw=328.3197 | per_param=9.8634 |  natural=0.0398 | clipped=0.0398(上限20.0)
26-17-18-50 原始规范坐标 G(Re Σrow_mean) = +29.7361 | 累计|g| = 14.9067
26-17-18-50 Ψ矩阵条件数 cond(Ψ) = 4.41e+01
26-17-18-50 Loss=-3.207586 | E0=-1.04444075 | E1=-0.95704089|E2=-0.66426972|E3=-0.54838650
26-17-18-50 #-----------------------------------------#
26-17-18-50 【Step 189 告警】梯度异常！nan=False, raw_grad_norm=127.11
26-17-18-50 [Step 189] logΨ: mean=3.688-0.298j | min=-1.592+2.242j | max=3.823+1.194j
26-17-18-50 梯度监控 | raw=127.1137 | per_param=3.8188 |  natural=0.0414 | clipped=0.0414(上限20.0)
26-17-18-50 原始规范坐标 G(Re Σrow_mean) = +29.7691 | 累计|g| = 14.9067
26-17-18-50 Ψ矩阵条件数 cond(Ψ) = 4.52e+01
26-17-18-50 Loss=-3.212861 | E0=-1.04496032 | E1=-0.95714354|E2=-0.66428676|E3=-0.54809537
26-17-18-50 #-----------------------------------------#
26-17-18-50 [GaugeReset@190] 吸收 Δg = Σ Re(col_mean) = +29.7691 | 新|g| = 15.6385
26-17-18-50 【Step 190 告警】梯度异常！nan=False, raw_grad_norm=196.96
26-17-18-50 [Step 190] logΨ: mean=2.308-0.571j | min=-3.798+2.161j | max=2.503+0.997j
26-17-18-50 梯度监控 | raw=196.9610 | per_param=5.9171 |  natural=0.0349 | clipped=0.0349(上限20.0)
26-17-18-50 原始规范坐标 G(Re Σrow_mean) = +29.9691 | 累计|g| = 15.6385
26-17-18-50 Ψ矩阵条件数 cond(Ψ) = 5.24e+01
26-17-18-50 Loss=-3.212179 | E0=-1.04526726 | E1=-0.95709198|E2=-0.66425675|E3=-0.54825323
26-17-18-50 #-----------------------------------------#
26-17-18-50 [Step 191] logΨ: mean=2.665-0.453j | min=-4.051-1.287j | max=2.784+1.021j
26-17-18-50 梯度监控 | raw=82.4091 | per_param=2.4757 |  natural=0.0495 | clipped=0.0495(上限20.0)
26-17-18-50 原始规范坐标 G(Re Σrow_mean) = +30.3498 | 累计|g| = 15.6385
26-17-18-50 Ψ矩阵条件数 cond(Ψ) = 5.54e+01
26-17-18-50 Loss=-3.212895 | E0=-1.04496353 | E1=-0.95699848|E2=-0.66423441|E3=-0.54806457
26-17-18-50 #-----------------------------------------#
26-17-18-50 【Step 192 告警】梯度异常！nan=False, raw_grad_norm=250.54
26-17-18-50 [Step 192] logΨ: mean=3.004-0.018j | min=-3.481+0.611j | max=3.169+1.414j
26-17-18-50 梯度监控 | raw=250.5371 | per_param=7.5267 |  natural=0.0715 | clipped=0.0715(上限20.0)
26-17-18-50 原始规范坐标 G(Re Σrow_mean) = +30.6368 | 累计|g| = 15.6385
26-17-18-50 Ψ矩阵条件数 cond(Ψ) = 5.46e+01
26-17-18-50 Loss=-3.210621 | E0=-1.04497159 | E1=-0.95700207|E2=-0.66411514|E3=-0.54808305
26-17-18-50 #-----------------------------------------#
26-17-18-50 【Step 193 告警】梯度异常！nan=False, raw_grad_norm=110.44
26-17-18-50 [Step 193] logΨ: mean=3.083+0.224j | min=-1.871-2.515j | max=3.195+1.604j
26-17-18-50 梯度监控 | raw=110.4421 | per_param=3.3179 |  natural=0.0255 | clipped=0.0255(上限20.0)
26-17-18-50 原始规范坐标 G(Re Σrow_mean) = +30.7669 | 累计|g| = 15.6385
26-17-18-50 Ψ矩阵条件数 cond(Ψ) = 5.81e+01
26-17-18-50 Loss=-3.214163 | E0=-1.04481482 | E1=-0.95709606|E2=-0.66411331|E3=-0.54787546
26-17-18-50 #-----------------------------------------#
26-17-18-50 【Step 194 告警】梯度异常！nan=False, raw_grad_norm=172.93
26-17-18-50 [Step 194] logΨ: mean=3.152+0.541j | min=-2.481+1.547j | max=3.255+1.564j
26-17-18-50 梯度监控 | raw=172.9288 | per_param=5.1951 |  natural=0.0249 | clipped=0.0249(上限20.0)
26-17-18-50 原始规范坐标 G(Re Σrow_mean) = +30.8402 | 累计|g| = 15.6385
26-17-18-50 Ψ矩阵条件数 cond(Ψ) = 5.92e+01
26-17-18-50 Loss=-3.212343 | E0=-1.04490785 | E1=-0.95708688|E2=-0.66399156|E3=-0.54885969
26-17-18-50 #-----------------------------------------#
26-17-18-50 【Step 195 告警】梯度异常！nan=False, raw_grad_norm=136.80
26-17-18-50 [Step 195] logΨ: mean=3.548+0.075j | min=-2.331+2.969j | max=3.760+1.742j
26-17-18-50 梯度监控 | raw=136.7950 | per_param=4.1096 |  natural=0.0592 | clipped=0.0592(上限20.0)
26-17-18-50 原始规范坐标 G(Re Σrow_mean) = +31.2677 | 累计|g| = 15.6385
26-17-18-50 Ψ矩阵条件数 cond(Ψ) = 6.49e+01
26-17-18-50 Loss=-3.213895 | E0=-1.04505674 | E1=-0.95693273|E2=-0.66433003|E3=-0.54879612
26-17-18-50 #-----------------------------------------#
26-17-18-50 【Step 196 告警】梯度异常！nan=False, raw_grad_norm=172.86
26-17-18-50 [Step 196] logΨ: mean=4.260+0.245j | min=-1.141+0.293j | max=4.437+2.008j
26-17-18-50 梯度监控 | raw=172.8578 | per_param=5.1930 |  natural=0.0466 | clipped=0.0466(上限20.0)
26-17-18-50 原始规范坐标 G(Re Σrow_mean) = +31.9621 | 累计|g| = 15.6385
26-17-18-50 Ψ矩阵条件数 cond(Ψ) = 7.06e+01
26-17-18-50 Loss=-3.213968 | E0=-1.04625637 | E1=-0.95690959|E2=-0.66414598|E3=-0.54723148
26-17-18-50 #-----------------------------------------#
26-17-18-50 【Step 197 告警】梯度异常！nan=False, raw_grad_norm=287.80
26-17-18-50 [Step 197] logΨ: mean=4.135-0.104j | min=-1.703+1.873j | max=4.329+1.750j
26-17-18-50 梯度监控 | raw=287.8037 | per_param=8.6462 |  natural=0.0388 | clipped=0.0388(上限20.0)
26-17-18-50 原始规范坐标 G(Re Σrow_mean) = +31.8434 | 累计|g| = 15.6385
26-17-18-50 Ψ矩阵条件数 cond(Ψ) = 6.86e+01
26-17-18-50 Loss=-3.214714 | E0=-1.04678764 | E1=-0.95700495|E2=-0.66415340|E3=-0.54851987
26-17-18-50 #-----------------------------------------#
26-17-18-50 【Step 198 告警】梯度异常！nan=False, raw_grad_norm=204.20
26-17-18-50 [Step 198] logΨ: mean=4.242-0.300j | min=-0.809-1.739j | max=4.377+1.686j
26-17-18-50 梯度监控 | raw=204.2040 | per_param=6.1347 |  natural=0.0266 | clipped=0.0266(上限20.0)
26-17-18-50 原始规范坐标 G(Re Σrow_mean) = +31.9763 | 累计|g| = 15.6385
26-17-18-50 Ψ矩阵条件数 cond(Ψ) = 7.08e+01
26-17-18-50 Loss=-3.214578 | E0=-1.04605437 | E1=-0.95707555|E2=-0.66414396|E3=-0.54813797
26-17-18-50 #-----------------------------------------#
26-17-18-50 【Step 199 告警】梯度异常！nan=False, raw_grad_norm=114.90
26-17-18-50 [Step 199] logΨ: mean=4.421-0.475j | min=-0.514-2.507j | max=4.546+1.599j
26-17-18-50 梯度监控 | raw=114.8954 | per_param=3.4517 |  natural=0.0255 | clipped=0.0255(上限20.0)
26-17-18-50 原始规范坐标 G(Re Σrow_mean) = +32.1315 | 累计|g| = 15.6385
26-17-18-50 Ψ矩阵条件数 cond(Ψ) = 7.03e+01
26-17-18-50 Loss=-3.216255 | E0=-1.04465847 | E1=-0.95712429|E2=-0.66409569|E3=-0.55187940
26-17-18-50 #-----------------------------------------#
26-17-18-50 [保存] Step 199 → pickle 文件已更新 (200 条记录)
26-17-18-50 [GaugeReset@200] 吸收 Δg = Σ Re(col_mean) = +32.1315 | 新|g| = 16.6985
26-17-18-50 【Step 200 告警】梯度异常！nan=False, raw_grad_norm=222.76
26-17-18-50 [Step 200] logΨ: mean=1.994-0.577j | min=-5.235-1.364j | max=2.142+1.324j
26-17-18-50 梯度监控 | raw=222.7557 | per_param=6.6920 |  natural=0.0250 | clipped=0.0250(上限20.0)
26-17-18-50 原始规范坐标 G(Re Σrow_mean) = +32.0832 | 累计|g| = 16.6985
26-17-18-50 Ψ矩阵条件数 cond(Ψ) = 6.30e+01
26-17-18-50 Loss=-3.214356 | E0=-1.04353836 | E1=-0.95735667|E2=-0.66414294|E3=-0.55009947
26-17-18-50 #-----------------------------------------#
26-17-18-50 [Step 201] logΨ: mean=2.166+0.739j | min=-3.225-2.981j | max=2.301+1.883j
26-17-18-50 梯度监控 | raw=99.9004 | per_param=3.0012 |  natural=0.0509 | clipped=0.0509(上限20.0)
26-17-18-50 原始规范坐标 G(Re Σrow_mean) = +32.2465 | 累计|g| = 16.6985
26-17-18-50 Ψ矩阵条件数 cond(Ψ) = 6.59e+01
26-17-18-50 Loss=-3.217985 | E0=-1.05010703 | E1=-0.95751005|E2=-0.66416974|E3=-0.54541067
26-17-18-50 #-----------------------------------------#
26-17-18-50 【Step 202 告警】梯度异常！nan=False, raw_grad_norm=173.54
26-17-18-50 [Step 202] logΨ: mean=3.197+0.794j | min=-2.070-0.926j | max=3.350+2.179j
26-17-18-50 梯度监控 | raw=173.5356 | per_param=5.2134 |  natural=0.0335 | clipped=0.0335(上限20.0)
26-17-18-50 原始规范坐标 G(Re Σrow_mean) = +33.1235 | 累计|g| = 16.6985
26-17-18-50 Ψ矩阵条件数 cond(Ψ) = 6.72e+01
26-17-18-50 Loss=-3.216289 | E0=-1.03437513 | E1=-0.95661440|E2=-0.66324293|E3=-0.56554588
26-17-18-50 #-----------------------------------------#
26-17-18-50 【Step 203 告警】梯度异常！nan=False, raw_grad_norm=136.41
26-17-18-50 [Step 203] logΨ: mean=3.301-0.992j | min=-2.370+2.133j | max=3.594+0.700j
26-17-18-50 梯度监控 | raw=136.4149 | per_param=4.0982 |  natural=0.2838 | clipped=0.2838(上限20.0)
26-17-18-50 原始规范坐标 G(Re Σrow_mean) = +33.1657 | 累计|g| = 16.6985
26-17-18-50 Ψ矩阵条件数 cond(Ψ) = 6.07e+01
26-17-18-50 Loss=-3.207637 | E0=-1.03968625 | E1=-0.95607329|E2=-0.66365630|E3=-0.55887940
26-17-18-50 #-----------------------------------------#
26-17-18-50 【Step 204 告警】梯度异常！nan=False, raw_grad_norm=156.50
26-17-18-50 [Step 204] logΨ: mean=3.412-1.012j | min=-2.489+1.342j | max=3.614+1.196j
26-17-18-50 梯度监控 | raw=156.5011 | per_param=4.7016 |  natural=0.0536 | clipped=0.0536(上限20.0)
26-17-18-50 原始规范坐标 G(Re Σrow_mean) = +33.3149 | 累计|g| = 16.6985
26-17-18-50 Ψ矩阵条件数 cond(Ψ) = 6.30e+01
26-17-18-50 Loss=-3.223419 | E0=-1.05225379 | E1=-0.95610668|E2=-0.66379790|E3=-0.53581612
26-17-18-50 #-----------------------------------------#
26-17-18-50 [Step 205] logΨ: mean=3.722-0.065j | min=-1.811-2.976j | max=3.833+1.786j
26-17-18-50 梯度监控 | raw=97.0759 | per_param=2.9164 |  natural=0.0487 | clipped=0.0487(上限20.0)
26-17-18-50 原始规范坐标 G(Re Σrow_mean) = +33.5546 | 累计|g| = 16.6985
26-17-18-50 Ψ矩阵条件数 cond(Ψ) = 6.24e+01
26-17-18-50 Loss=-3.218729 | E0=-1.03630141 | E1=-0.95616039|E2=-0.66375150|E3=-0.56743525
26-17-18-50 #-----------------------------------------#
26-17-18-50 【Step 206 告警】梯度异常！nan=False, raw_grad_norm=265.56
26-17-18-50 [Step 206] logΨ: mean=3.758+0.106j | min=-3.710-0.159j | max=3.935+1.633j
26-17-18-50 梯度监控 | raw=265.5623 | per_param=7.9780 |  natural=0.0392 | clipped=0.0392(上限20.0)
26-17-18-50 原始规范坐标 G(Re Σrow_mean) = +33.5933 | 累计|g| = 16.6985
26-17-18-50 Ψ矩阵条件数 cond(Ψ) = 6.47e+01
26-17-18-50 Loss=-3.207237 | E0=-1.05837067 | E1=-0.95413080|E2=-0.66350809|E3=-0.52283707
26-17-18-50 #-----------------------------------------#
26-17-18-50 【Step 207 告警】梯度异常！nan=False, raw_grad_norm=137.08
26-17-18-50 [Step 207] logΨ: mean=3.810+0.727j | min=-1.954-1.180j | max=3.995+1.986j
26-17-18-50 梯度监控 | raw=137.0805 | per_param=4.1182 |  natural=0.0378 | clipped=0.0378(上限20.0)
26-17-18-50 原始规范坐标 G(Re Σrow_mean) = +33.6524 | 累计|g| = 16.6985
26-17-18-50 Ψ矩阵条件数 cond(Ψ) = 6.66e+01
26-17-18-50 Loss=-3.214182 | E0=-1.05925685 | E1=-0.95652076|E2=-0.66363010|E3=-0.54080040
26-17-18-50 #-----------------------------------------#
26-17-18-51 [Step 208] logΨ: mean=3.696+0.781j | min=-1.861-1.118j | max=3.843+2.019j
26-17-18-51 梯度监控 | raw=58.8751 | per_param=1.7687 |  natural=0.0304 | clipped=0.0304(上限20.0)
26-17-18-51 原始规范坐标 G(Re Σrow_mean) = +33.5438 | 累计|g| = 16.6985
26-17-18-51 Ψ矩阵条件数 cond(Ψ) = 6.71e+01
26-17-18-51 Loss=-3.217647 | E0=-1.05064355 | E1=-0.95718357|E2=-0.66367637|E3=-0.54657187
26-17-18-51 #-----------------------------------------#
26-17-18-51 [Step 209] logΨ: mean=3.812+0.740j | min=-1.596-1.116j | max=3.959+2.038j
26-17-18-51 梯度监控 | raw=44.1474 | per_param=1.3263 |  natural=0.0300 | clipped=0.0300(上限20.0)
26-17-18-51 原始规范坐标 G(Re Σrow_mean) = +33.6707 | 累计|g| = 16.6985
26-17-18-51 Ψ矩阵条件数 cond(Ψ) = 6.88e+01
26-17-18-51 Loss=-3.218628 | E0=-1.04640154 | E1=-0.95632400|E2=-0.66376142|E3=-0.54561349
26-17-18-51 #-----------------------------------------#
26-17-18-51 [GaugeReset@210] 吸收 Δg = Σ Re(col_mean) = +33.6707 | 新|g| = 17.6770
26-17-18-51 【Step 210 告警】梯度异常！nan=False, raw_grad_norm=103.23
26-17-18-51 [Step 210] logΨ: mean=2.289-0.054j | min=-2.660+1.899j | max=2.406+1.704j
26-17-18-51 梯度监控 | raw=103.2301 | per_param=3.1012 |  natural=0.0130 | clipped=0.0130(上限20.0)
26-17-18-51 原始规范坐标 G(Re Σrow_mean) = +33.6655 | 累计|g| = 17.6770
26-17-18-51 Ψ矩阵条件数 cond(Ψ) = 7.04e+01
26-17-18-51 Loss=-3.215752 | E0=-1.07423409 | E1=-0.95753037|E2=-0.66388272|E3=-0.54838165
26-17-18-51 #-----------------------------------------#
26-17-18-51 【Step 211 告警】梯度异常！nan=False, raw_grad_norm=139.37
26-17-18-51 [Step 211] logΨ: mean=2.146+0.019j | min=-4.138+1.965j | max=2.268+2.012j
26-17-18-51 梯度监控 | raw=139.3727 | per_param=4.1870 |  natural=0.0276 | clipped=0.0276(上限20.0)
26-17-18-51 原始规范坐标 G(Re Σrow_mean) = +33.5108 | 累计|g| = 17.6770
26-17-18-51 Ψ矩阵条件数 cond(Ψ) = 6.95e+01
26-17-18-51 Loss=-3.213601 | E0=-1.05774890 | E1=-0.95615436|E2=-0.66365683|E3=-0.53444817
26-17-18-51 #-----------------------------------------#
26-17-18-51 【Step 212 告警】梯度异常！nan=False, raw_grad_norm=230.46
26-17-18-51 [Step 212] logΨ: mean=2.027+0.127j | min=-3.267+1.875j | max=2.167+1.774j
26-17-18-51 梯度监控 | raw=230.4613 | per_param=6.9235 |  natural=0.0184 | clipped=0.0184(上限20.0)
26-17-18-51 原始规范坐标 G(Re Σrow_mean) = +33.4361 | 累计|g| = 17.6770
26-17-18-51 Ψ矩阵条件数 cond(Ψ) = 6.97e+01
26-17-18-51 Loss=-3.212487 | E0=-1.05621750 | E1=-0.95750729|E2=-0.66398977|E3=-0.56116058
26-17-18-51 #-----------------------------------------#
26-17-18-51 【Step 213 告警】梯度异常！nan=False, raw_grad_norm=195.75
26-17-18-51 [Step 213] logΨ: mean=2.422+0.761j | min=-3.714-1.638j | max=2.600+1.988j
26-17-18-51 梯度监控 | raw=195.7535 | per_param=5.8808 |  natural=0.0337 | clipped=0.0337(上限20.0)
26-17-18-51 原始规范坐标 G(Re Σrow_mean) = +33.7050 | 累计|g| = 17.6770
26-17-18-51 Ψ矩阵条件数 cond(Ψ) = 6.65e+01
26-17-18-51 Loss=-3.221587 | E0=-1.04439828 | E1=-0.95558080|E2=-0.66335664|E3=-0.55306938
26-17-18-51 #-----------------------------------------#
26-17-18-51 【Step 214 告警】梯度异常！nan=False, raw_grad_norm=207.45
26-17-18-51 [Step 214] logΨ: mean=2.626+0.718j | min=-3.476+1.978j | max=2.786+1.963j
26-17-18-51 梯度监控 | raw=207.4468 | per_param=6.2321 |  natural=0.0294 | clipped=0.0294(上限20.0)
26-17-18-51 原始规范坐标 G(Re Σrow_mean) = +33.8899 | 累计|g| = 17.6770
26-17-18-51 Ψ矩阵条件数 cond(Ψ) = 6.49e+01
26-17-18-51 Loss=-3.229832 | E0=-1.05442821 | E1=-0.95572109|E2=-0.66379507|E3=-0.55674891
26-17-18-51 #-----------------------------------------#
26-17-18-51 【Step 215 告警】梯度异常！nan=False, raw_grad_norm=168.90
26-17-18-51 [Step 215] logΨ: mean=3.447+0.965j | min=-3.630+2.652j | max=3.673+2.116j
26-17-18-51 梯度监控 | raw=168.8997 | per_param=5.0741 |  natural=0.0597 | clipped=0.0597(上限20.0)
26-17-18-51 原始规范坐标 G(Re Σrow_mean) = +34.6559 | 累计|g| = 17.6770
26-17-18-51 Ψ矩阵条件数 cond(Ψ) = 6.72e+01
26-17-18-51 Loss=-3.214582 | E0=-1.02418327 | E1=-0.96431057|E2=-0.66250691|E3=-0.38681906
26-17-18-51 #-----------------------------------------#
26-17-18-51 [Step 216] logΨ: mean=3.278+1.233j | min=-2.706+2.537j | max=3.377+2.258j
26-17-18-51 梯度监控 | raw=66.8530 | per_param=2.0084 |  natural=0.0519 | clipped=0.0519(上限20.0)
26-17-18-51 原始规范坐标 G(Re Σrow_mean) = +34.5245 | 累计|g| = 17.6770
26-17-18-51 Ψ矩阵条件数 cond(Ψ) = 6.66e+01
26-17-18-51 Loss=-3.196422 | E0=-1.06780249 | E1=-0.95338273|E2=-0.66369472|E3=-0.45511381
26-17-18-51 #-----------------------------------------#
26-17-18-51 【Step 217 告警】梯度异常！nan=False, raw_grad_norm=168.47
26-17-18-51 [Step 217] logΨ: mean=3.012+0.868j | min=-2.574+2.005j | max=3.264+2.037j
26-17-18-51 梯度监控 | raw=168.4673 | per_param=5.0611 |  natural=0.0348 | clipped=0.0348(上限20.0)
26-17-18-51 原始规范坐标 G(Re Σrow_mean) = +34.1906 | 累计|g| = 17.6770
26-17-18-51 Ψ矩阵条件数 cond(Ψ) = 1.81e+02
26-17-18-51 Loss=-3.238461 | E0=-1.08721408 | E1=-0.96708922|E2=-0.68327370|E3=-0.64820302
26-17-18-51 #-----------------------------------------#
26-17-18-51 [Step 218] logΨ: mean=4.029+0.595j | min=-2.864-0.973j | max=4.262+1.869j
26-17-18-51 梯度监控 | raw=91.1065 | per_param=2.7370 |  natural=0.0590 | clipped=0.0590(上限20.0)
26-17-18-51 原始规范坐标 G(Re Σrow_mean) = +35.2035 | 累计|g| = 17.6770
26-17-18-51 Ψ矩阵条件数 cond(Ψ) = 7.87e+01
26-17-18-51 Loss=-3.241632 | E0=-1.40174602 | E1=-0.94167525|E2=-0.66475177|E3=68.80133540
26-17-18-51 #-----------------------------------------#
26-17-18-51 [Step 219] logΨ: mean=3.796+1.765j | min=-1.407+2.615j | max=3.985+2.649j
26-17-18-51 梯度监控 | raw=64.2597 | per_param=1.9305 |  natural=0.0892 | clipped=0.0892(上限20.0)
26-17-18-51 原始规范坐标 G(Re Σrow_mean) = +35.0581 | 累计|g| = 17.6770
26-17-18-51 Ψ矩阵条件数 cond(Ψ) = 7.88e+01
26-17-18-51 Loss=-3.165837 | E0=-1.15592741 | E1=-0.95380909|E2=-0.66598375|E3=-0.33667907
26-17-18-51 #-----------------------------------------#
26-17-18-51 [保存] Step 219 → pickle 文件已更新 (220 条记录)
26-17-18-51 [GaugeReset@220] 吸收 Δg = Σ Re(col_mean) = +35.0581 | 新|g| = 18.3813
