26-16-20-21 
============================================================
26-16-20-21 开始多链 NES-VMC 训练 | P8: 双侧一致列规范 + 周期性 gauge reset
26-16-20-21 超参数配置:

N_CHAINS =16

N_SAMPLES_PER_CHAIN =200

SWEEP_SIZE = 10

N_ITER = 300

Natural_Grad = True

clip_norm = 20.0

lr = 0.1

qgt_diag_shift = 0.1

RESET_PERIOD = 10
       
SAVE_INTERVAL = 20
26-16-20-21 ============================================================
26-16-20-21 精确CAS基准：基态=-1.05434745 Ha | 1激发=-0.95790573 Ha|2激发=-0.66895227 Ha|3激发=-0.55140192 Ha|
26-16-20-21 理论 Loss 上限：-3.23260738 
26-16-20-21 超参：clip_norm=20.0, lr=0.1, QGT diag_shift=0.1, RESET_PERIOD=10
26-16-20-21 [Step   0] logΨ: mean=1.047-0.028j | min=-1.938-1.853j | max=2.293+2.041j
26-16-20-21 梯度监控 | raw=3.7715 | natural=1.0026 | clipped=1.0026(上限20.0)
26-16-20-21 原始规范坐标 G(Re Σrow_mean) = +1.0558 | 累计|g| = 0.0000
26-16-20-21 Ψ矩阵条件数 cond(Ψ) = 1.09e+01
26-16-20-21 Loss=0.891533 | E0=-0.33648063-0.00128698j | E1=0.05903526+0.00222923j|E2=0.18923770-0.00139467j|E3=0.97974050-0.00353986j
26-16-20-21 #-----------------------------------------#
26-16-20-21 [Step   1] logΨ: mean=1.388+0.059j | min=-0.958+0.471j | max=2.634+1.989j
26-16-20-21 梯度监控 | raw=3.8033 | natural=1.0381 | clipped=1.0381(上限20.0)
26-16-20-21 原始规范坐标 G(Re Σrow_mean) = +1.3595 | 累计|g| = 0.0000
26-16-20-21 Ψ矩阵条件数 cond(Ψ) = 8.07e+00
26-16-20-21 Loss=0.656437 | E0=-0.40988899+0.00172520j | E1=0.01729842+0.00126780j|E2=0.12887935+0.00319351j|E3=0.92014789-0.00692854j
26-16-20-21 #-----------------------------------------#
26-16-20-21 [Step   2] logΨ: mean=1.817-0.018j | min=-1.251-1.515j | max=2.999+1.720j
26-16-20-21 梯度监控 | raw=3.8530 | natural=1.0237 | clipped=1.0237(上限20.0)
26-16-20-21 原始规范坐标 G(Re Σrow_mean) = +1.7249 | 累计|g| = 0.0000
26-16-20-21 Ψ矩阵条件数 cond(Ψ) = 8.54e+00
26-16-20-21 Loss=0.380926 | E0=-0.49417221+0.00999112j | E1=-0.04599071-0.00669486j|E2=0.07567794-0.00180237j|E3=0.84541084+0.00287005j
26-16-20-21 #-----------------------------------------#
26-16-20-21 [Step   3] logΨ: mean=2.289+0.148j | min=-0.453-2.905j | max=3.478+1.697j
26-16-20-21 梯度监控 | raw=3.4601 | natural=1.0319 | clipped=1.0319(上限20.0)
26-16-20-21 原始规范坐标 G(Re Σrow_mean) = +2.1140 | 累计|g| = 0.0000
26-16-20-21 Ψ矩阵条件数 cond(Ψ) = 1.10e+01
26-16-20-21 Loss=0.137307 | E0=-0.54970078-0.00215365j | E1=-0.14301902-0.00309159j|E2=0.05619310+0.00275628j|E3=0.77383396+0.00536835j
26-16-20-21 #-----------------------------------------#
26-16-20-21 [Step   4] logΨ: mean=2.852+0.070j | min=-0.843+1.739j | max=3.993+1.750j
26-16-20-21 梯度监控 | raw=3.1091 | natural=1.0151 | clipped=1.0151(上限20.0)
26-16-20-21 原始规范坐标 G(Re Σrow_mean) = +2.5679 | 累计|g| = 0.0000
26-16-20-21 Ψ矩阵条件数 cond(Ψ) = 9.71e+00
26-16-20-21 Loss=-0.183703 | E0=-0.64843110+0.01170088j | E1=-0.20065765-0.00160750j|E2=0.01386694-0.00076208j|E3=0.65151885-0.00482990j
26-16-20-21 #-----------------------------------------#
26-16-20-21 [Step   5] logΨ: mean=3.445+0.028j | min=0.612-0.177j | max=4.583+1.733j
26-16-20-21 梯度监控 | raw=3.0908 | natural=0.9650 | clipped=0.9650(上限20.0)
26-16-20-21 原始规范坐标 G(Re Σrow_mean) = +3.0546 | 累计|g| = 0.0000
26-16-20-21 Ψ矩阵条件数 cond(Ψ) = 8.07e+00
26-16-20-21 Loss=-0.445526 | E0=-0.70639967+0.00319982j | E1=-0.32799886+0.00505055j|E2=-0.01252497-0.00722335j|E3=0.60139795-0.01010597j
26-16-20-21 #-----------------------------------------#
26-16-20-21 [Step   6] logΨ: mean=4.074+0.126j | min=0.975+0.176j | max=5.232+1.719j
26-16-20-21 梯度监控 | raw=3.1196 | natural=1.0155 | clipped=1.0155(上限20.0)
26-16-20-21 原始规范坐标 G(Re Σrow_mean) = +3.5733 | 累计|g| = 0.0000
26-16-20-21 Ψ矩阵条件数 cond(Ψ) = 7.75e+00
26-16-20-21 Loss=-0.642241 | E0=-0.73424964+0.00522646j | E1=-0.37998381-0.00510063j|E2=-0.02511586-0.00028664j|E3=0.49710794-0.00099230j
26-16-20-21 #-----------------------------------------#
26-16-20-21 [Step   7] logΨ: mean=4.815+0.073j | min=1.676+2.991j | max=5.907+1.719j
26-16-20-21 梯度监控 | raw=2.8642 | natural=0.9944 | clipped=0.9944(上限20.0)
26-16-20-21 原始规范坐标 G(Re Σrow_mean) = +4.1712 | 累计|g| = 0.0000
26-16-20-21 Ψ矩阵条件数 cond(Ψ) = 1.40e+01
26-16-20-21 Loss=-0.865551 | E0=-0.78915448-0.00065867j | E1=-0.46370855+0.00653631j|E2=-0.03832900-0.00028232j|E3=0.42564101-0.01976891j
26-16-20-21 #-----------------------------------------#
26-16-20-21 [Step   8] logΨ: mean=5.594+0.080j | min=2.198+1.235j | max=6.661+1.894j
26-16-20-21 梯度监控 | raw=3.2795 | natural=0.9640 | clipped=0.9640(上限20.0)
26-16-20-21 原始规范坐标 G(Re Σrow_mean) = +4.8074 | 累计|g| = 0.0000
26-16-20-21 Ψ矩阵条件数 cond(Ψ) = 1.05e+01
26-16-20-21 Loss=-1.093217 | E0=-0.82509890+0.00328004j | E1=-0.51830188-0.00237749j|E2=-0.10450533+0.00012498j|E3=0.35468893+0.00062597j
26-16-20-21 #-----------------------------------------#
26-16-20-21 [Step   9] logΨ: mean=6.329+0.085j | min=2.204-1.955j | max=7.455+1.929j
26-16-20-21 梯度监控 | raw=3.2402 | natural=0.9379 | clipped=0.9379(上限20.0)
26-16-20-21 原始规范坐标 G(Re Σrow_mean) = +5.4100 | 累计|g| = 0.0000
26-16-20-21 Ψ矩阵条件数 cond(Ψ) = 9.78e+00
26-16-20-21 Loss=-1.260134 | E0=-0.85166189+0.00520872j | E1=-0.57439513-0.00621804j|E2=-0.13065837+0.00467176j|E3=0.29658134-0.01818266j
26-16-20-21 #-----------------------------------------#
26-16-20-21 [GaugeReset@10] 吸收 Δg = Σ Re(col_mean) = +5.4100 | 新|g| = 2.9666
26-16-20-21 [Step  10] logΨ: mean=1.741+0.400j | min=-2.998+2.673j | max=2.866+2.909j
26-16-20-21 梯度监控 | raw=3.5056 | natural=0.9153 | clipped=0.9153(上限20.0)
26-16-20-21 原始规范坐标 G(Re Σrow_mean) = +6.1130 | 累计|g| = 2.9666
26-16-20-21 Ψ矩阵条件数 cond(Ψ) = 2.78e+01
26-16-20-21 Loss=-1.425535 | E0=-0.88748351+0.00151451j | E1=-0.61332563-0.00004396j|E2=-0.15949119+0.00834087j|E3=0.23476512-0.01071780j
26-16-20-21 #-----------------------------------------#
26-16-20-21 [Step  11] logΨ: mean=2.604+0.409j | min=-1.921-2.117j | max=3.610+2.944j
26-16-20-21 梯度监控 | raw=3.7380 | natural=0.8277 | clipped=0.8277(上限20.0)
26-16-20-21 原始规范坐标 G(Re Σrow_mean) = +6.8530 | 累计|g| = 2.9666
26-16-20-21 Ψ矩阵条件数 cond(Ψ) = 9.91e+00
26-16-20-21 Loss=-1.672823 | E0=-0.91914367+0.00048723j | E1=-0.71764399-0.00083987j|E2=-0.22314322-0.00406194j|E3=0.18710762+0.01192100j
26-16-20-21 #-----------------------------------------#
26-16-20-21 [Step  12] logΨ: mean=3.329+0.500j | min=-1.131+1.788j | max=4.331+3.099j
26-16-20-21 梯度监控 | raw=3.2410 | natural=0.7800 | clipped=0.7800(上限20.0)
26-16-20-21 原始规范坐标 G(Re Σrow_mean) = +7.4715 | 累计|g| = 2.9666
26-16-20-21 Ψ矩阵条件数 cond(Ψ) = 1.33e+01
26-16-20-21 Loss=-1.820585 | E0=-0.93330291+0.00056472j | E1=-0.76358012+0.00436133j|E2=-0.26896327+0.00289777j|E3=0.14526140-0.01119708j
26-16-20-21 #-----------------------------------------#
