26-28-09-07 
============================================================
26-28-09-07 开始多链 NES-VMC 训练 | P8: 双侧一致列规范 + 周期性 gauge reset
26-28-09-07 超参数配置:
N_CHAINS =16
N_SAMPLES_PER_CHAIN =200
SWEEP_SIZE = 20
N_ITER = 100
Natural_Grad = True
clip_norm = 20.0
lr = 0.1
qgt_diag_shift = 0.1
RESET_PERIOD = 10
SAVE_INTERVAL = 20
26-28-09-07 ============================================================
26-28-09-07 精确CAS基准：基态=-1.05434745 Ha | 1激发=-0.95790573 Ha|2激发=-0.66895227 Ha|3激发=-0.55140192 Ha|
26-28-09-07 理论 Loss 上限：-3.23260738 
26-28-09-07 超参：clip_norm=20.0, lr=0.1, QGT diag_shift=0.1, RESET_PERIOD=10
26-28-09-07 [Step   0] logΨ: mean=0.622-0.137j | min=-1.566+0.230j | max=1.204+2.181j
26-28-09-07 梯度监控 | raw=1.9865 | per_param=0.0719 |  natural=0.7921 | clipped=0.7921(上限20.0)
26-28-09-07 原始规范坐标 G(Re Σrow_mean) = -0.3168 | 累计|g| = 0.0000
26-28-09-07 Ψ矩阵条件数 cond(Ψ) = 8.76e+00
26-28-09-07 Loss=-0.687549 | E0=-0.65644238+0.00928192j | E1=-0.40155272-0.00017989j|E2=-0.13863875-0.00805518j|E3=0.50908487+0.00011387j
26-28-09-07 #-----------------------------------------#
26-28-09-07 [Step   1] logΨ: mean=1.006-0.253j | min=-1.442-3.119j | max=1.634+2.136j
26-28-09-07 梯度监控 | raw=2.0263 | per_param=0.0733 |  natural=0.8107 | clipped=0.8107(上限20.0)
26-28-09-07 原始规范坐标 G(Re Σrow_mean) = +0.0160 | 累计|g| = 0.0000
26-28-09-07 Ψ矩阵条件数 cond(Ψ) = 9.11e+00
26-28-09-07 Loss=-0.819549 | E0=-0.68272580-0.00110897j | E1=-0.45225945+0.00558003j|E2=-0.16585774-0.00202299j|E3=0.48129363-0.00016578j
26-28-09-07 #-----------------------------------------#
26-28-09-07 [Step   2] logΨ: mean=1.406-0.171j | min=-0.988-1.257j | max=2.061+2.131j
26-28-09-07 梯度监控 | raw=1.7788 | per_param=0.0644 |  natural=0.7847 | clipped=0.7847(上限20.0)
26-28-09-07 原始规范坐标 G(Re Σrow_mean) = +0.3454 | 累计|g| = 0.0000
26-28-09-07 Ψ矩阵条件数 cond(Ψ) = 1.00e+01
26-28-09-07 Loss=-1.002272 | E0=-0.71207310-0.00048721j | E1=-0.51106098+0.00582323j|E2=-0.21630813-0.00419767j|E3=0.43716995+0.00002941j
26-28-09-07 #-----------------------------------------#
26-28-09-07 [Step   3] logΨ: mean=1.840-0.194j | min=-0.416-0.108j | max=2.541+2.087j
26-28-09-07 梯度监控 | raw=1.6357 | per_param=0.0592 |  natural=0.7957 | clipped=0.7957(上限20.0)
26-28-09-07 原始规范坐标 G(Re Σrow_mean) = +0.7032 | 累计|g| = 0.0000
26-28-09-07 Ψ矩阵条件数 cond(Ψ) = 9.19e+00
26-28-09-07 Loss=-1.186964 | E0=-0.74614817+0.00339140j | E1=-0.56513400-0.00118010j|E2=-0.26901984-0.00681530j|E3=0.39333762+0.00160707j
26-28-09-07 #-----------------------------------------#
26-28-09-07 [Step   4] logΨ: mean=2.299-0.049j | min=-0.521+0.159j | max=3.022+2.042j
26-28-09-07 梯度监控 | raw=1.6192 | per_param=0.0586 |  natural=0.7920 | clipped=0.7920(上限20.0)
26-28-09-07 原始规范坐标 G(Re Σrow_mean) = +1.0885 | 累计|g| = 0.0000
26-28-09-07 Ψ矩阵条件数 cond(Ψ) = 9.30e+00
26-28-09-07 Loss=-1.366681 | E0=-0.77932370+0.00546690j | E1=-0.61507021-0.00487009j|E2=-0.32202585-0.00671148j|E3=0.34973923+0.00181595j
26-28-09-07 #-----------------------------------------#
26-28-09-07 [Step   5] logΨ: mean=2.746-0.057j | min=0.328-2.528j | max=3.485+1.998j
26-28-09-07 梯度监控 | raw=1.3899 | per_param=0.0503 |  natural=0.7696 | clipped=0.7696(上限20.0)
26-28-09-07 原始规范坐标 G(Re Σrow_mean) = +1.4699 | 累计|g| = 0.0000
26-28-09-07 Ψ矩阵条件数 cond(Ψ) = 6.86e+00
26-28-09-07 Loss=-1.481709 | E0=-0.82024836-0.00039065j | E1=-0.64901563-0.00858848j|E2=-0.35058489+0.00350876j|E3=0.33813951+0.00156088j
26-28-09-07 #-----------------------------------------#
26-28-09-07 [Step   6] logΨ: mean=3.176-0.059j | min=0.514-2.588j | max=3.934+1.955j
26-28-09-07 梯度监控 | raw=1.3489 | per_param=0.0488 |  natural=0.7404 | clipped=0.7404(上限20.0)
26-28-09-07 原始规范坐标 G(Re Σrow_mean) = +1.8549 | 累计|g| = 0.0000
26-28-09-07 Ψ矩阵条件数 cond(Ψ) = 8.85e+00
26-28-09-07 Loss=-1.590291 | E0=-0.84952917+0.00327589j | E1=-0.67715082-0.00437685j|E2=-0.37661078-0.00103522j|E3=0.31299939+0.00218253j
26-28-09-07 #-----------------------------------------#
26-28-09-07 [Step   7] logΨ: mean=3.671+0.018j | min=0.672+0.512j | max=4.387+1.914j
26-28-09-07 梯度监控 | raw=1.4266 | per_param=0.0516 |  natural=0.7234 | clipped=0.7234(上限20.0)
26-28-09-07 原始规范坐标 G(Re Σrow_mean) = +2.2687 | 累计|g| = 0.0000
26-28-09-07 Ψ矩阵条件数 cond(Ψ) = 1.07e+01
26-28-09-07 Loss=-1.743837 | E0=-0.88880824+0.00018435j | E1=-0.70655636+0.00468398j|E2=-0.41540504-0.00095786j|E3=0.26693304-0.00084719j
26-28-09-07 #-----------------------------------------#
26-28-09-07 [Step   8] logΨ: mean=4.119+0.130j | min=1.396+2.124j | max=4.828+2.213j
26-28-09-07 梯度监控 | raw=1.2729 | per_param=0.0461 |  natural=0.6784 | clipped=0.6784(上限20.0)
26-28-09-07 原始规范坐标 G(Re Σrow_mean) = +2.6541 | 累计|g| = 0.0000
26-28-09-07 Ψ矩阵条件数 cond(Ψ) = 8.50e+00
26-28-09-07 Loss=-1.826002 | E0=-0.91152866+0.00128860j | E1=-0.73238148+0.00396306j|E2=-0.42960605-0.00003421j|E3=0.24751424-0.00030346j
26-28-09-07 #-----------------------------------------#
26-28-09-07 [Step   9] logΨ: mean=4.632+0.063j | min=0.993+0.441j | max=5.320+2.047j
26-28-09-07 梯度监控 | raw=1.2407 | per_param=0.0449 |  natural=0.6599 | clipped=0.6599(上限20.0)
26-28-09-07 原始规范坐标 G(Re Σrow_mean) = +3.0749 | 累计|g| = 0.0000
26-28-09-07 Ψ矩阵条件数 cond(Ψ) = 8.95e+00
26-28-09-07 Loss=-1.968015 | E0=-0.92982307+0.00365838j | E1=-0.76114568-0.00212805j|E2=-0.47076011-0.00099422j|E3=0.19371371-0.00325615j
26-28-09-07 #-----------------------------------------#
26-28-09-07 [GaugeReset@10] 吸收 Δg = Σ Re(col_mean) = +3.0749 | 新|g| = 2.1026
26-28-09-07 [Step  10] logΨ: mean=1.981+0.085j | min=-1.248+2.870j | max=2.766+0.208j
26-28-09-07 梯度监控 | raw=1.3087 | per_param=0.0473 |  natural=0.6222 | clipped=0.6222(上限20.0)
26-28-09-07 原始规范坐标 G(Re Σrow_mean) = +3.4515 | 累计|g| = 2.1026
26-28-09-07 Ψ矩阵条件数 cond(Ψ) = 8.24e+00
26-28-09-07 Loss=-2.023338 | E0=-0.94942941-0.00133782j | E1=-0.77033935+0.00320145j|E2=-0.49303701+0.00150584j|E3=0.18946779-0.00034197j
26-28-09-07 #-----------------------------------------#
26-28-09-07 [Step  11] logΨ: mean=2.490+0.191j | min=-0.898+0.291j | max=3.278+0.174j
26-28-09-07 梯度监控 | raw=1.2399 | per_param=0.0449 |  natural=0.5932 | clipped=0.5932(上限20.0)
26-28-09-07 原始规范坐标 G(Re Σrow_mean) = +3.8517 | 累计|g| = 2.1026
26-28-09-07 Ψ矩阵条件数 cond(Ψ) = 3.76e+01
26-28-09-07 Loss=-2.131794 | E0=-0.96480531-0.00054041j | E1=-0.80232990+0.00153050j|E2=-0.51093414+0.00079554j|E3=0.14627519-0.00376328j
26-28-09-07 #-----------------------------------------#
26-28-09-07 [Step  12] logΨ: mean=2.951+0.114j | min=-0.978-1.300j | max=3.774+0.141j
26-28-09-07 梯度监控 | raw=1.2868 | per_param=0.0466 |  natural=0.5556 | clipped=0.5556(上限20.0)
26-28-09-07 原始规范坐标 G(Re Σrow_mean) = +4.2428 | 累计|g| = 2.1026
26-28-09-07 Ψ矩阵条件数 cond(Ψ) = 1.08e+01
26-28-09-07 Loss=-2.219965 | E0=-0.98259389+0.00281464j | E1=-0.81665410+0.00398517j|E2=-0.53188182-0.00267558j|E3=0.11116439-0.00236230j
26-28-09-07 #-----------------------------------------#
26-28-09-07 [Step  13] logΨ: mean=3.457-0.016j | min=-0.112+0.673j | max=4.301+0.118j
26-28-09-07 梯度监控 | raw=1.3673 | per_param=0.0495 |  natural=0.5559 | clipped=0.5559(上限20.0)
26-28-09-07 原始规范坐标 G(Re Σrow_mean) = +4.6428 | 累计|g| = 2.1026
26-28-09-07 Ψ矩阵条件数 cond(Ψ) = 1.02e+01
26-28-09-07 Loss=-2.292134 | E0=-0.99265002+0.00040472j | E1=-0.84161028+0.00680603j|E2=-0.53777945-0.00033129j|E3=0.07990547-0.00398456j
26-28-09-07 #-----------------------------------------#
26-28-09-07 [Step  14] logΨ: mean=3.948+0.065j | min=0.587+2.237j | max=4.840+0.105j
26-28-09-07 梯度监控 | raw=1.4066 | per_param=0.0509 |  natural=0.5423 | clipped=0.5423(上限20.0)
26-28-09-07 原始规范坐标 G(Re Σrow_mean) = +5.0571 | 累计|g| = 2.1026
26-28-09-07 Ψ矩阵条件数 cond(Ψ) = 1.16e+01
26-28-09-07 Loss=-2.333085 | E0=-0.99862131-0.00077437j | E1=-0.84097304-0.00293389j|E2=-0.54347952+0.00608051j|E3=0.04998902-0.00370404j
26-28-09-07 #-----------------------------------------#
26-28-09-07 [Step  15] logΨ: mean=4.441-0.062j | min=0.363+0.759j | max=5.315+0.092j
26-28-09-07 梯度监控 | raw=1.4616 | per_param=0.0529 |  natural=0.4873 | clipped=0.4873(上限20.0)
26-28-09-07 原始规范坐标 G(Re Σrow_mean) = +5.4377 | 累计|g| = 2.1026
26-28-09-07 Ψ矩阵条件数 cond(Ψ) = 1.20e+01
26-28-09-07 Loss=-2.422282 | E0=-1.00869269+0.00100289j | E1=-0.86393535-0.00354455j|E2=-0.56320046+0.00235789j|E3=0.01354639+0.00059257j
26-28-09-07 #-----------------------------------------#
26-28-09-07 [Step  16] logΨ: mean=4.965-0.092j | min=0.492-1.208j | max=5.855+0.097j
26-28-09-07 梯度监控 | raw=1.5974 | per_param=0.0578 |  natural=0.4965 | clipped=0.4965(上限20.0)
26-28-09-07 原始规范坐标 G(Re Σrow_mean) = +5.8656 | 累计|g| = 2.1026
26-28-09-07 Ψ矩阵条件数 cond(Ψ) = 1.14e+01
26-28-09-07 Loss=-2.490359 | E0=-1.01624787+0.00009885j | E1=-0.87478753+0.00663551j|E2=-0.56822274-0.00123002j|E3=-0.03110037-0.00046204j
26-28-09-07 #-----------------------------------------#
26-28-09-07 [Step  17] logΨ: mean=5.396-0.185j | min=1.895+1.808j | max=6.258+0.083j
26-28-09-07 梯度监控 | raw=1.5240 | per_param=0.0551 |  natural=0.4052 | clipped=0.4052(上限20.0)
26-28-09-07 原始规范坐标 G(Re Σrow_mean) = +6.1832 | 累计|g| = 2.1026
26-28-09-07 Ψ矩阵条件数 cond(Ψ) = 8.79e+00
26-28-09-07 Loss=-2.560001 | E0=-1.02327979+0.00138753j | E1=-0.89165840+0.00535681j|E2=-0.58305193+0.00001394j|E3=-0.06201071-0.00443885j
26-28-09-07 #-----------------------------------------#
26-28-09-07 [Step  18] logΨ: mean=5.888-0.446j | min=1.713+2.759j | max=6.741+0.108j
26-28-09-07 梯度监控 | raw=1.7322 | per_param=0.0627 |  natural=0.4318 | clipped=0.4318(上限20.0)
26-28-09-07 原始规范坐标 G(Re Σrow_mean) = +6.5529 | 累计|g| = 2.1026
26-28-09-07 Ψ矩阵条件数 cond(Ψ) = 1.66e+01
26-28-09-07 Loss=-2.610138 | E0=-1.02297276+0.00106002j | E1=-0.90243659-0.00196221j|E2=-0.58852448+0.00144014j|E3=-0.09620389+0.00408655j
26-28-09-07 #-----------------------------------------#
26-28-09-07 [Step  19] logΨ: mean=6.456-0.572j | min=1.770-1.312j | max=7.278+0.142j
26-28-09-07 梯度监控 | raw=1.7886 | per_param=0.0647 |  natural=0.4301 | clipped=0.4301(上限20.0)
26-28-09-07 原始规范坐标 G(Re Σrow_mean) = +6.9760 | 累计|g| = 2.1026
26-28-09-07 Ψ矩阵条件数 cond(Ψ) = 1.78e+01
26-28-09-07 Loss=-2.663619 | E0=-1.03222790-0.00138107j | E1=-0.90560529+0.00205017j|E2=-0.59139697+0.00233062j|E3=-0.13438883-0.00362935j
26-28-09-07 #-----------------------------------------#
26-28-09-07 [保存] Step 19 → pickle 文件已更新 (20 条记录)
26-28-09-07 [GaugeReset@20] 吸收 Δg = Σ Re(col_mean) = +6.9760 | 新|g| = 3.8854
26-28-09-07 [Step  20] logΨ: mean=3.015+0.857j | min=-1.172+2.525j | max=3.869+2.724j
26-28-09-07 梯度监控 | raw=1.8407 | per_param=0.0666 |  natural=0.3904 | clipped=0.3904(上限20.0)
26-28-09-07 原始规范坐标 G(Re Σrow_mean) = +7.3329 | 累计|g| = 3.8854
26-28-09-07 Ψ矩阵条件数 cond(Ψ) = 9.47e+00
26-28-09-07 Loss=-2.687478 | E0=-1.03027083+0.00078875j | E1=-0.90973992+0.00115282j|E2=-0.59350255+0.00062338j|E3=-0.15396442-0.00284925j
26-28-09-07 #-----------------------------------------#
26-28-09-07 [Step  21] logΨ: mean=3.502+0.788j | min=-0.928-1.528j | max=4.329+2.760j
26-28-09-07 梯度监控 | raw=1.9098 | per_param=0.0691 |  natural=0.3534 | clipped=0.3534(上限20.0)
26-28-09-07 原始规范坐标 G(Re Σrow_mean) = +7.6723 | 累计|g| = 3.8854
26-28-09-07 Ψ矩阵条件数 cond(Ψ) = 1.12e+01
26-28-09-07 Loss=-2.734300 | E0=-1.03572378-0.00040761j | E1=-0.91742883+0.00603860j|E2=-0.59694487-0.00361580j|E3=-0.18420249-0.00186932j
26-28-09-07 #-----------------------------------------#
26-28-09-07 [Step  22] logΨ: mean=3.946+0.753j | min=-0.590+0.434j | max=4.742+2.797j
26-28-09-07 梯度监控 | raw=1.9260 | per_param=0.0697 |  natural=0.3243 | clipped=0.3243(上限20.0)
26-28-09-07 原始规范坐标 G(Re Σrow_mean) = +7.9793 | 累计|g| = 3.8854
26-28-09-07 Ψ矩阵条件数 cond(Ψ) = 2.33e+01
26-28-09-07 Loss=-2.780543 | E0=-1.03857890+0.00229281j | E1=-0.92372047+0.00442681j|E2=-0.60361035-0.00298898j|E3=-0.21463303-0.00090121j
26-28-09-07 #-----------------------------------------#
26-28-09-07 [Step  23] logΨ: mean=4.443+1.036j | min=-0.940-0.871j | max=5.186+2.871j
26-28-09-07 梯度监控 | raw=2.0466 | per_param=0.0740 |  natural=0.3166 | clipped=0.3166(上限20.0)
26-28-09-07 原始规范坐标 G(Re Σrow_mean) = +8.3238 | 累计|g| = 3.8854
26-28-09-07 Ψ矩阵条件数 cond(Ψ) = 1.18e+01
26-28-09-07 Loss=-2.829747 | E0=-1.03815603+0.00117375j | E1=-0.92752267+0.00298729j|E2=-0.60761154-0.00249910j|E3=-0.25645682+0.00034706j
26-28-09-07 #-----------------------------------------#
26-28-09-07 [Step  24] logΨ: mean=4.948+1.134j | min=1.083-0.332j | max=5.594+2.916j
26-28-09-07 梯度监控 | raw=1.8979 | per_param=0.0687 |  natural=0.2836 | clipped=0.2836(上限20.0)
26-28-09-07 原始规范坐标 G(Re Σrow_mean) = +8.6623 | 累计|g| = 3.8854
26-28-09-07 Ψ矩阵条件数 cond(Ψ) = 1.57e+01
26-28-09-07 Loss=-2.895445 | E0=-1.04473998-0.00090957j | E1=-0.93403840+0.00032829j|E2=-0.61588137-0.00163332j|E3=-0.30078528+0.00142454j
26-28-09-07 #-----------------------------------------#
26-28-09-07 [Step  25] logΨ: mean=5.270+1.048j | min=0.296-1.728j | max=5.987+2.962j
26-28-09-07 梯度监控 | raw=2.2625 | per_param=0.0819 |  natural=0.2674 | clipped=0.2674(上限20.0)
26-28-09-07 原始规范坐标 G(Re Σrow_mean) = +8.9038 | 累计|g| = 3.8854
26-28-09-07 Ψ矩阵条件数 cond(Ψ) = 1.25e+01
26-28-09-07 Loss=-2.877405 | E0=-1.04349725+0.00069303j | E1=-0.93171318-0.00279797j|E2=-0.61254781+0.00212407j|E3=-0.28964718-0.00239126j
26-28-09-07 #-----------------------------------------#
26-28-09-07 [Step  26] logΨ: mean=5.841+1.123j | min=1.009+0.875j | max=6.420+3.011j
26-28-09-07 梯度监控 | raw=1.9933 | per_param=0.0721 |  natural=0.2611 | clipped=0.2611(上限20.0)
26-28-09-07 原始规范坐标 G(Re Σrow_mean) = +9.2843 | 累计|g| = 3.8854
26-28-09-07 Ψ矩阵条件数 cond(Ψ) = 1.27e+01
26-28-09-07 Loss=-2.956576 | E0=-1.04324258-0.00140621j | E1=-0.93519253-0.00187071j|E2=-0.61609714-0.00172027j|E3=-0.36204374+0.00273034j
26-28-09-07 #-----------------------------------------#
26-28-09-07 [Step  27] logΨ: mean=6.468-1.013j | min=1.288-0.879j | max=7.058+0.030j
26-28-09-07 梯度监控 | raw=2.0780 | per_param=0.0752 |  natural=0.3350 | clipped=0.3350(上限20.0)
26-28-09-07 原始规范坐标 G(Re Σrow_mean) = +9.7715 | 累计|g| = 3.8854
26-28-09-07 Ψ矩阵条件数 cond(Ψ) = 1.31e+01
26-28-09-07 Loss=-2.962287 | E0=-1.04360151+0.00053375j | E1=-0.93818432-0.00098588j|E2=-0.62051238-0.00106214j|E3=-0.35998902+0.00225474j
26-28-09-07 #-----------------------------------------#
26-28-09-07 [Step  28] logΨ: mean=7.084-1.210j | min=2.690-1.884j | max=7.581+0.215j
26-28-09-07 梯度监控 | raw=1.8271 | per_param=0.0661 |  natural=0.2725 | clipped=0.2725(上限20.0)
26-28-09-07 原始规范坐标 G(Re Σrow_mean) = +10.1939 | 累计|g| = 3.8854
26-28-09-07 Ψ矩阵条件数 cond(Ψ) = 1.60e+01
26-28-09-07 Loss=-3.005459 | E0=-1.04318196+0.00033024j | E1=-0.94181886-0.00348552j|E2=-0.62865286-0.00001788j|E3=-0.39180512+0.00466323j
26-28-09-07 #-----------------------------------------#
26-28-09-07 [Step  29] logΨ: mean=7.237-1.016j | min=2.903+2.940j | max=7.705+0.218j
26-28-09-07 梯度监控 | raw=1.7178 | per_param=0.0621 |  natural=0.2307 | clipped=0.2307(上限20.0)
26-28-09-07 原始规范坐标 G(Re Σrow_mean) = +10.2231 | 累计|g| = 3.8854
26-28-09-07 Ψ矩阵条件数 cond(Ψ) = 1.45e+01
26-28-09-07 Loss=-3.027924 | E0=-1.04796236+0.00001946j | E1=-0.94515832+0.00022809j|E2=-0.63440603-0.00014263j|E3=-0.40039688+0.00036814j
26-28-09-07 #-----------------------------------------#
26-28-09-07 [GaugeReset@30] 吸收 Δg = Σ Re(col_mean) = +10.2231 | 新|g| = 5.6108
26-28-09-07 [Step  30] logΨ: mean=4.477+0.847j | min=-0.846+0.636j | max=4.940+2.422j
26-28-09-07 梯度监控 | raw=1.6939 | per_param=0.0613 |  natural=0.2375 | clipped=0.2375(上限20.0)
26-28-09-07 原始规范坐标 G(Re Σrow_mean) = +10.6022 | 累计|g| = 5.6108
26-28-09-07 Ψ矩阵条件数 cond(Ψ) = 1.49e+01
26-28-09-07 Loss=-3.041953 | E0=-1.04784395-0.00103864j | E1=-0.94285786+0.00144310j|E2=-0.63224748-0.00068297j|E3=-0.41900348-0.00228547j
26-28-09-07 #-----------------------------------------#
26-28-09-07 [Step  31] logΨ: mean=5.003+1.164j | min=0.533-0.665j | max=5.340+2.625j
26-28-09-07 梯度监控 | raw=1.4157 | per_param=0.0512 |  natural=0.2185 | clipped=0.2185(上限20.0)
26-28-09-07 原始规范坐标 G(Re Σrow_mean) = +10.9332 | 累计|g| = 5.6108
26-28-09-07 Ψ矩阵条件数 cond(Ψ) = 4.02e+01
26-28-09-07 Loss=-3.088798 | E0=-1.04519124-0.00149943j | E1=-0.94637438-0.00077812j|E2=-0.63916224+0.00154864j|E3=-0.45807004+0.00394542j
26-28-09-07 #-----------------------------------------#
26-28-09-07 [Step  32] logΨ: mean=5.645+1.583j | min=-0.204+0.329j | max=6.081+3.105j
26-28-09-07 梯度监控 | raw=1.5721 | per_param=0.0569 |  natural=0.2694 | clipped=0.2694(上限20.0)
26-28-09-07 原始规范坐标 G(Re Σrow_mean) = +11.4976 | 累计|g| = 5.6108
26-28-09-07 Ψ矩阵条件数 cond(Ψ) = 1.27e+01
26-28-09-07 Loss=-3.067239 | E0=-1.04548116-0.00117826j | E1=-0.94606716+0.00191479j|E2=-0.63419112-0.00127818j|E3=-0.44149972+0.00241093j
26-28-09-07 #-----------------------------------------#
26-28-09-07 [Step  33] logΨ: mean=6.618-1.005j | min=-0.036+0.661j | max=6.954+0.557j
26-28-09-07 梯度监控 | raw=1.3537 | per_param=0.0490 |  natural=0.2363 | clipped=0.2363(上限20.0)
26-28-09-07 原始规范坐标 G(Re Σrow_mean) = +12.3006 | 累计|g| = 5.6108
26-28-09-07 Ψ矩阵条件数 cond(Ψ) = 1.53e+01
26-28-09-07 Loss=-3.100406 | E0=-1.04573713-0.00057721j | E1=-0.94685882+0.00001662j|E2=-0.63805850-0.00035191j|E3=-0.46975173+0.00277312j
26-28-09-07 #-----------------------------------------#
26-28-09-07 [Step  34] logΨ: mean=7.493+0.385j | min=3.177-2.081j | max=7.795+1.665j
26-28-09-07 梯度监控 | raw=1.0896 | per_param=0.0394 |  natural=0.1865 | clipped=0.1865(上限20.0)
26-28-09-07 原始规范坐标 G(Re Σrow_mean) = +13.0537 | 累计|g| = 5.6108
26-28-09-07 Ψ矩阵条件数 cond(Ψ) = 1.96e+01
26-28-09-07 Loss=-3.115104 | E0=-1.04807730-0.00173135j | E1=-0.94989046-0.00036377j|E2=-0.64387630-0.00105478j|E3=-0.47325978-0.00101314j
26-28-09-07 #-----------------------------------------#
26-28-09-07 [Step  35] logΨ: mean=7.871-0.253j | min=3.710-1.676j | max=8.145+1.446j
26-28-09-07 梯度监控 | raw=1.1683 | per_param=0.0423 |  natural=0.1543 | clipped=0.1543(上限20.0)
26-28-09-07 原始规范坐标 G(Re Σrow_mean) = +13.3597 | 累计|g| = 5.6108
26-28-09-07 Ψ矩阵条件数 cond(Ψ) = 1.95e+01
26-28-09-07 Loss=-3.120940 | E0=-1.04757074-0.00085737j | E1=-0.95015567-0.00138553j|E2=-0.64485293+0.00010489j|E3=-0.47836092-0.00033418j
26-28-09-07 #-----------------------------------------#
26-28-09-07 [Step  36] logΨ: mean=8.079-0.434j | min=2.340+0.315j | max=8.353+1.167j
26-28-09-07 梯度监控 | raw=0.9032 | per_param=0.0327 |  natural=0.1674 | clipped=0.1674(上限20.0)
26-28-09-07 原始规范坐标 G(Re Σrow_mean) = +13.4896 | 累计|g| = 5.6108
26-28-09-07 Ψ矩阵条件数 cond(Ψ) = 4.49e+01
26-28-09-07 Loss=-3.130024 | E0=-1.04845659-0.00089043j | E1=-0.95047438+0.00154939j|E2=-0.64495954-0.00119874j|E3=-0.48613365-0.00069655j
26-28-09-07 #-----------------------------------------#
26-28-09-07 [Step  37] logΨ: mean=7.834-0.680j | min=2.447-1.934j | max=8.131+0.337j
26-28-09-07 梯度监控 | raw=1.1122 | per_param=0.0402 |  natural=0.2040 | clipped=0.2040(上限20.0)
26-28-09-07 原始规范坐标 G(Re Σrow_mean) = +13.1398 | 累计|g| = 5.6108
26-28-09-07 Ψ矩阵条件数 cond(Ψ) = 2.38e+01
26-28-09-07 Loss=-3.124222 | E0=-1.04865911-0.00154638j | E1=-0.94792297-0.00076197j|E2=-0.64274530-0.00058564j|E3=-0.48489471-0.00101522j
26-28-09-07 #-----------------------------------------#
26-28-09-07 [Step  38] logΨ: mean=7.027+0.679j | min=2.522+2.921j | max=7.229+3.019j
26-28-09-07 梯度监控 | raw=0.7486 | per_param=0.0271 |  natural=0.2041 | clipped=0.2041(上限20.0)
26-28-09-07 原始规范坐标 G(Re Σrow_mean) = +12.2179 | 累计|g| = 5.6108
26-28-09-07 Ψ矩阵条件数 cond(Ψ) = 2.01e+01
26-28-09-07 Loss=-3.148478 | E0=-1.04564695+0.00048352j | E1=-0.95117240+0.00033158j|E2=-0.64900627-0.00071972j|E3=-0.50265285+0.00104285j
26-28-09-07 #-----------------------------------------#
26-28-09-07 [Step  39] logΨ: mean=6.264-1.286j | min=-0.138+1.185j | max=6.477+0.321j
26-28-09-07 梯度监控 | raw=0.8295 | per_param=0.0300 |  natural=0.2181 | clipped=0.2181(上限20.0)
26-28-09-07 原始规范坐标 G(Re Σrow_mean) = +11.3660 | 累计|g| = 5.6108
26-28-09-07 Ψ矩阵条件数 cond(Ψ) = 2.55e+01
26-28-09-07 Loss=-3.150238 | E0=-1.04566543+0.00076251j | E1=-0.95024490+0.00070754j|E2=-0.64918738+0.00149325j|E3=-0.50514026+0.00159603j
26-28-09-07 #-----------------------------------------#
26-28-09-07 [保存] Step 39 → pickle 文件已更新 (40 条记录)
26-28-09-07 [GaugeReset@40] 吸收 Δg = Σ Re(col_mean) = +11.3660 | 新|g| = 7.2337
26-28-09-07 [Step  40] logΨ: mean=4.660+0.258j | min=-0.082-1.541j | max=4.835+1.877j
26-28-09-07 梯度监控 | raw=0.7087 | per_param=0.0256 |  natural=0.1555 | clipped=0.1555(上限20.0)
26-28-09-07 原始规范坐标 G(Re Σrow_mean) = +10.8078 | 累计|g| = 7.2337
26-28-09-07 Ψ矩阵条件数 cond(Ψ) = 2.87e+01
26-28-09-07 Loss=-3.161470 | E0=-1.04781261-0.00108966j | E1=-0.95020584-0.00047072j|E2=-0.64984449-0.00020304j|E3=-0.51360693-0.00057909j
26-28-09-07 #-----------------------------------------#
26-28-09-07 [Step  41] logΨ: mean=4.835+0.194j | min=0.471+0.600j | max=5.049+1.923j
26-28-09-07 梯度监控 | raw=0.7408 | per_param=0.0268 |  natural=0.1860 | clipped=0.1860(上限20.0)
26-28-09-07 原始规范坐标 G(Re Σrow_mean) = +10.9704 | 累计|g| = 7.2337
26-28-09-07 Ψ矩阵条件数 cond(Ψ) = 2.63e+01
26-28-09-07 Loss=-3.153813 | E0=-1.04577114+0.00033315j | E1=-0.95196228+0.00054368j|E2=-0.65022886-0.00075080j|E3=-0.50585120+0.00104877j
26-28-09-07 #-----------------------------------------#
26-28-09-07 [Step  42] logΨ: mean=4.392+0.864j | min=-1.531+2.328j | max=4.641+2.061j
26-28-09-07 梯度监控 | raw=0.9695 | per_param=0.0351 |  natural=0.1983 | clipped=0.1983(上限20.0)
26-28-09-07 原始规范坐标 G(Re Σrow_mean) = +10.4550 | 累计|g| = 7.2337
26-28-09-07 Ψ矩阵条件数 cond(Ψ) = 3.15e+01
26-28-09-07 Loss=-3.152349 | E0=-1.04647124+0.00093315j | E1=-0.94761313+0.00217474j|E2=-0.65148596+0.00054220j|E3=-0.50677821+0.00064917j
26-28-09-07 #-----------------------------------------#
26-28-09-07 [Step  43] logΨ: mean=4.722+0.243j | min=0.124-1.455j | max=4.834+2.156j
26-28-09-07 梯度监控 | raw=0.3406 | per_param=0.0123 |  natural=0.1210 | clipped=0.1210(上限20.0)
26-28-09-07 原始规范坐标 G(Re Σrow_mean) = +10.7260 | 累计|g| = 7.2337
26-28-09-07 Ψ矩阵条件数 cond(Ψ) = 3.14e+01
26-28-09-07 Loss=-3.176150 | E0=-1.04768026-0.00094755j | E1=-0.95203085+0.00003555j|E2=-0.65433589+0.00059460j|E3=-0.52210336+0.00001395j
26-28-09-07 #-----------------------------------------#
26-28-09-07 [Step  44] logΨ: mean=4.808+0.350j | min=-0.141+1.980j | max=4.923+2.255j
26-28-09-07 梯度监控 | raw=0.3850 | per_param=0.0139 |  natural=0.0933 | clipped=0.0933(上限20.0)
26-28-09-07 原始规范坐标 G(Re Σrow_mean) = +10.8054 | 累计|g| = 7.2337
26-28-09-07 Ψ矩阵条件数 cond(Ψ) = 3.14e+01
26-28-09-07 Loss=-3.174406 | E0=-1.04783704-0.00038164j | E1=-0.95203834-0.00020977j|E2=-0.65476898+0.00010012j|E3=-0.51976150-0.00032771j
26-28-09-07 #-----------------------------------------#
26-28-09-07 [Step  45] logΨ: mean=4.331+0.374j | min=-1.256-1.423j | max=4.491+2.252j
26-28-09-07 梯度监控 | raw=0.5271 | per_param=0.0191 |  natural=0.1161 | clipped=0.1161(上限20.0)
26-28-09-07 原始规范坐标 G(Re Σrow_mean) = +10.3192 | 累计|g| = 7.2337
26-28-09-07 Ψ矩阵条件数 cond(Ψ) = 3.44e+01
26-28-09-07 Loss=-3.169520 | E0=-1.04641908-0.00139282j | E1=-0.95181972+0.00017050j|E2=-0.65286146-0.00093652j|E3=-0.51841996-0.00087396j
26-28-09-07 #-----------------------------------------#
26-28-09-07 [Step  46] logΨ: mean=4.564+0.810j | min=-0.461+2.583j | max=4.746+2.206j
26-28-09-07 梯度监控 | raw=0.4619 | per_param=0.0167 |  natural=0.1499 | clipped=0.1499(上限20.0)
26-28-09-07 原始规范坐标 G(Re Σrow_mean) = +10.6069 | 累计|g| = 7.2337
26-28-09-07 Ψ矩阵条件数 cond(Ψ) = 3.49e+01
26-28-09-07 Loss=-3.168672 | E0=-1.04942240+0.00006611j | E1=-0.95199151-0.00002467j|E2=-0.65128948-0.00186594j|E3=-0.51596879-0.00017965j
26-28-09-07 #-----------------------------------------#
26-28-09-07 [Step  47] logΨ: mean=4.715+0.210j | min=-0.904+2.172j | max=4.816+2.260j
26-28-09-07 梯度监控 | raw=0.2702 | per_param=0.0098 |  natural=0.1232 | clipped=0.1232(上限20.0)
26-28-09-07 原始规范坐标 G(Re Σrow_mean) = +10.7460 | 累计|g| = 7.2337
26-28-09-07 Ψ矩阵条件数 cond(Ψ) = 3.20e+01
26-28-09-07 Loss=-3.179721 | E0=-1.04811888-0.00043772j | E1=-0.95201807-0.00029460j|E2=-0.65436685+0.00033498j|E3=-0.52521687+0.00023454j
26-28-09-07 #-----------------------------------------#
26-28-09-07 [Step  48] logΨ: mean=5.115+0.941j | min=-1.392-0.453j | max=5.254+2.302j
26-28-09-07 梯度监控 | raw=0.6190 | per_param=0.0224 |  natural=0.2063 | clipped=0.2063(上限20.0)
26-28-09-07 原始规范坐标 G(Re Σrow_mean) = +11.1770 | 累计|g| = 7.2337
26-28-09-07 Ψ矩阵条件数 cond(Ψ) = 2.50e+01
26-28-09-07 Loss=-3.176711 | E0=-1.04614651+0.00345748j | E1=-0.95261618+0.00007265j|E2=-0.65449487+0.00026821j|E3=-0.52345329+0.00122838j
26-28-09-07 #-----------------------------------------#
26-28-09-07 [Step  49] logΨ: mean=4.755+0.195j | min=-0.863-0.719j | max=4.911+2.143j
26-28-09-07 梯度监控 | raw=0.9141 | per_param=0.0331 |  natural=0.1382 | clipped=0.1382(上限20.0)
26-28-09-07 原始规范坐标 G(Re Σrow_mean) = +10.7565 | 累计|g| = 7.2337
26-28-09-07 Ψ矩阵条件数 cond(Ψ) = 2.84e+01
26-28-09-07 Loss=-3.169244 | E0=-1.04842808-0.00080170j | E1=-0.94646140-0.00013260j|E2=-0.65293749+0.00028023j|E3=-0.52141701-0.00037039j
26-28-09-07 #-----------------------------------------#
26-28-09-07 [GaugeReset@50] 吸收 Δg = Σ Re(col_mean) = +10.7565 | 新|g| = 7.0435
26-28-09-07 [Step  50] logΨ: mean=5.052-0.153j | min=0.203-1.750j | max=5.160+1.866j
26-28-09-07 梯度监控 | raw=0.4374 | per_param=0.0158 |  natural=0.1113 | clipped=0.1113(上限20.0)
26-28-09-07 原始规范坐标 G(Re Σrow_mean) = +10.4192 | 累计|g| = 7.0435
26-28-09-07 Ψ矩阵条件数 cond(Ψ) = 2.96e+01
26-28-09-07 Loss=-3.179529 | E0=-1.04700015-0.00043065j | E1=-0.95003909-0.00016084j|E2=-0.65519306+0.00097478j|E3=-0.52729647-0.00027584j
26-28-09-07 #-----------------------------------------#
26-28-09-07 [Step  51] logΨ: mean=4.898-0.271j | min=0.569-0.164j | max=4.988+1.872j
26-28-09-07 梯度监控 | raw=0.8798 | per_param=0.0318 |  natural=0.1101 | clipped=0.1101(上限20.0)
26-28-09-07 原始规范坐标 G(Re Σrow_mean) = +10.1805 | 累计|g| = 7.0435
26-28-09-07 Ψ矩阵条件数 cond(Ψ) = 3.27e+01
26-28-09-07 Loss=-3.178342 | E0=-1.04606990-0.00092944j | E1=-0.94756546-0.00073803j|E2=-0.65571010+0.00148202j|E3=-0.52899634-0.00023016j
26-28-09-07 #-----------------------------------------#
26-28-09-07 [Step  52] logΨ: mean=4.618+0.119j | min=0.503+2.276j | max=4.770+1.912j
26-28-09-07 梯度监控 | raw=0.5898 | per_param=0.0213 |  natural=0.1075 | clipped=0.1075(上限20.0)
26-28-09-07 原始规范坐标 G(Re Σrow_mean) = +9.9311 | 累计|g| = 7.0435
26-28-09-07 Ψ矩阵条件数 cond(Ψ) = 3.37e+01
26-28-09-07 Loss=-3.176249 | E0=-1.04684994-0.00071207j | E1=-0.95199288+0.00015333j|E2=-0.65352467-0.00145413j|E3=-0.52388104-0.00041573j
26-28-09-07 #-----------------------------------------#
26-28-09-07 [Step  53] logΨ: mean=4.605+0.697j | min=-0.432-2.910j | max=4.682+2.072j
26-28-09-07 梯度监控 | raw=0.4749 | per_param=0.0172 |  natural=0.1569 | clipped=0.1569(上限20.0)
26-28-09-07 原始规范坐标 G(Re Σrow_mean) = +9.8534 | 累计|g| = 7.0435
26-28-09-07 Ψ矩阵条件数 cond(Ψ) = 3.30e+01
26-28-09-07 Loss=-3.183973 | E0=-1.04524591+0.00129355j | E1=-0.95174424+0.00035676j|E2=-0.65681543+0.00019967j|E3=-0.53016699+0.00022082j
26-28-09-07 #-----------------------------------------#
26-28-09-07 [Step  54] logΨ: mean=4.568+0.207j | min=-0.639-1.332j | max=4.666+2.050j
26-28-09-07 梯度监控 | raw=0.6444 | per_param=0.0233 |  natural=0.1047 | clipped=0.1047(上限20.0)
26-28-09-07 原始规范坐标 G(Re Σrow_mean) = +9.8097 | 累计|g| = 7.0435
26-28-09-07 Ψ矩阵条件数 cond(Ψ) = 3.41e+01
26-28-09-07 Loss=-3.181296 | E0=-1.04582985-0.00137613j | E1=-0.95049211-0.00012960j|E2=-0.65487081-0.00028527j|E3=-0.53010318-0.00002086j
26-28-09-07 #-----------------------------------------#
26-28-09-07 [Step  55] logΨ: mean=4.477+0.701j | min=0.275+0.221j | max=4.522+2.220j
26-28-09-07 梯度监控 | raw=0.1371 | per_param=0.0050 |  natural=0.0631 | clipped=0.0631(上限20.0)
26-28-09-07 原始规范坐标 G(Re Σrow_mean) = +9.6962 | 累计|g| = 7.0435
26-28-09-07 Ψ矩阵条件数 cond(Ψ) = 3.59e+01
26-28-09-07 Loss=-3.186954 | E0=-1.04563801-0.00026000j | E1=-0.95139977-0.00027396j|E2=-0.65680555+0.00100721j|E3=-0.53311046+0.00012664j
26-28-09-07 #-----------------------------------------#
26-28-09-07 [Step  56] logΨ: mean=3.894+1.772j | min=-2.099+1.957j | max=3.996+2.634j
26-28-09-07 梯度监控 | raw=0.3839 | per_param=0.0139 |  natural=0.1555 | clipped=0.1555(上限20.0)
26-28-09-07 原始规范坐标 G(Re Σrow_mean) = +9.1531 | 累计|g| = 7.0435
26-28-09-07 Ψ矩阵条件数 cond(Ψ) = 4.03e+01
26-28-09-07 Loss=-3.182721 | E0=-1.04661599+0.00186389j | E1=-0.95163857+0.00002722j|E2=-0.65563810-0.00003903j|E3=-0.52882837+0.00033749j
26-28-09-07 #-----------------------------------------#
26-28-09-07 [Step  57] logΨ: mean=3.900+1.065j | min=-1.846-1.680j | max=4.005+2.531j
26-28-09-07 梯度监控 | raw=1.2942 | per_param=0.0468 |  natural=0.0941 | clipped=0.0941(上限20.0)
26-28-09-07 原始规范坐标 G(Re Σrow_mean) = +9.1839 | 累计|g| = 7.0435
26-28-09-07 Ψ矩阵条件数 cond(Ψ) = 3.87e+01
26-28-09-07 Loss=-3.182775 | E0=-1.04856802-0.00109567j | E1=-0.95041172-0.00010614j|E2=-0.65342562+0.00036735j|E3=-0.53036938+0.00016220j
26-28-09-07 #-----------------------------------------#
26-28-09-07 [Step  58] logΨ: mean=3.950+0.945j | min=-0.220+0.370j | max=4.059+2.456j
26-28-09-07 梯度监控 | raw=3.4900 | per_param=0.1263 |  natural=0.0579 | clipped=0.0579(上限20.0)
26-28-09-07 原始规范坐标 G(Re Σrow_mean) = +9.2013 | 累计|g| = 7.0435
26-28-09-07 Ψ矩阵条件数 cond(Ψ) = 3.65e+01
26-28-09-07 Loss=-3.177339 | E0=-1.04553102-0.00062410j | E1=-0.94796192-0.00124019j|E2=-0.65120531+0.00143643j|E3=-0.53264027+0.00028774j
26-28-09-07 #-----------------------------------------#
26-28-09-07 [Step  59] logΨ: mean=4.143+1.225j | min=-1.958-2.714j | max=4.262+2.856j
26-28-09-07 梯度监控 | raw=1.5597 | per_param=0.0564 |  natural=0.2643 | clipped=0.2643(上限20.0)
26-28-09-07 原始规范坐标 G(Re Σrow_mean) = +9.3828 | 累计|g| = 7.0435
26-28-09-07 Ψ矩阵条件数 cond(Ψ) = 3.26e+01
26-28-09-07 Loss=-3.179292 | E0=-1.04545489+0.00412280j | E1=-0.95131614+0.00000256j|E2=-0.65376006-0.00002756j|E3=-0.52876058+0.00066700j
26-28-09-07 #-----------------------------------------#
26-28-09-07 [保存] Step 59 → pickle 文件已更新 (60 条记录)
26-28-09-07 [GaugeReset@60] 吸收 Δg = Σ Re(col_mean) = +9.3828 | 新|g| = 6.9761
26-28-09-07 [Step  60] logΨ: mean=5.066+0.499j | min=0.643+3.056j | max=5.132+2.083j
26-28-09-07 梯度监控 | raw=0.6445 | per_param=0.0233 |  natural=0.0878 | clipped=0.0878(上限20.0)
26-28-09-07 原始规范坐标 G(Re Σrow_mean) = +8.8953 | 累计|g| = 6.9761
26-28-09-07 Ψ矩阵条件数 cond(Ψ) = 2.85e+01
26-28-09-07 Loss=-3.184668 | E0=-1.04627908-0.00059035j | E1=-0.95161450+0.00057376j|E2=-0.65477951+0.00039010j|E3=-0.53199503-0.00006845j
26-28-09-07 #-----------------------------------------#
26-28-09-07 [Step  61] logΨ: mean=4.986+0.019j | min=-1.621-1.813j | max=5.085+1.954j
26-28-09-07 梯度监控 | raw=3.3476 | per_param=0.1211 |  natural=0.0801 | clipped=0.0801(上限20.0)
26-28-09-07 原始规范坐标 G(Re Σrow_mean) = +8.8879 | 累计|g| = 6.9761
26-28-09-07 Ψ矩阵条件数 cond(Ψ) = 2.64e+01
26-28-09-07 Loss=-3.174682 | E0=-1.04693213-0.00110035j | E1=-0.94737756-0.00070019j|E2=-0.65006395+0.00037370j|E3=-0.53030877-0.00004894j
26-28-09-07 #-----------------------------------------#
26-28-09-07 [Step  62] logΨ: mean=5.053+0.099j | min=0.798+2.904j | max=5.122+1.923j
26-28-09-07 梯度监控 | raw=0.2817 | per_param=0.0102 |  natural=0.0553 | clipped=0.0553(上限20.0)
26-28-09-07 原始规范坐标 G(Re Σrow_mean) = +8.9594 | 累计|g| = 6.9761
26-28-09-07 Ψ矩阵条件数 cond(Ψ) = 2.54e+01
26-28-09-07 Loss=-3.186476 | E0=-1.04678106-0.00016566j | E1=-0.95288746+0.00079012j|E2=-0.65485815-0.00032770j|E3=-0.53194889-0.00025010j
26-28-09-07 #-----------------------------------------#
26-28-09-07 [Step  63] logΨ: mean=5.044+0.217j | min=1.069-2.588j | max=5.128+1.832j
26-28-09-07 梯度监控 | raw=1.3962 | per_param=0.0505 |  natural=0.0559 | clipped=0.0559(上限20.0)
26-28-09-07 原始规范坐标 G(Re Σrow_mean) = +8.9632 | 累计|g| = 6.9761
26-28-09-07 Ψ矩阵条件数 cond(Ψ) = 2.46e+01
26-28-09-07 Loss=-3.183956 | E0=-1.04538992-0.00012170j | E1=-0.95109367-0.00017365j|E2=-0.65500005+0.00028875j|E3=-0.53247215-0.00026729j
26-28-09-07 #-----------------------------------------#
26-28-09-07 [Step  64] logΨ: mean=5.096-0.235j | min=-0.787+1.923j | max=5.260+1.799j
26-28-09-07 梯度监控 | raw=4.6729 | per_param=0.1691 |  natural=0.1429 | clipped=0.1429(上限20.0)
26-28-09-07 原始规范坐标 G(Re Σrow_mean) = +9.0593 | 累计|g| = 6.9761
26-28-09-07 Ψ矩阵条件数 cond(Ψ) = 2.32e+01
26-28-09-07 Loss=-3.171778 | E0=-1.04730615-0.00083894j | E1=-0.95127221+0.00068632j|E2=-0.64263555-0.00159277j|E3=-0.53056394-0.00019977j
26-28-09-07 #-----------------------------------------#
26-28-09-07 [Step  65] logΨ: mean=5.310-0.110j | min=0.024-1.918j | max=5.383+1.777j
26-28-09-07 梯度监控 | raw=0.4399 | per_param=0.0159 |  natural=0.0911 | clipped=0.0911(上限20.0)
26-28-09-07 原始规范坐标 G(Re Σrow_mean) = +9.2079 | 累计|g| = 6.9761
26-28-09-07 Ψ矩阵条件数 cond(Ψ) = 2.23e+01
26-28-09-07 Loss=-3.184198 | E0=-1.04564718-0.00065554j | E1=-0.95267501+0.00037785j|E2=-0.65314490+0.00007614j|E3=-0.53273059-0.00032998j
26-28-09-07 #-----------------------------------------#
26-28-09-07 [Step  66] logΨ: mean=5.227+0.011j | min=0.319+2.963j | max=5.363+1.995j
26-28-09-07 梯度监控 | raw=0.6238 | per_param=0.0226 |  natural=0.1733 | clipped=0.1733(上限20.0)
26-28-09-07 原始规范坐标 G(Re Σrow_mean) = +9.2200 | 累计|g| = 6.9761
26-28-09-07 Ψ矩阵条件数 cond(Ψ) = 1.96e+01
26-28-09-07 Loss=-3.184834 | E0=-1.04740568+0.00238610j | E1=-0.95308857+0.00059616j|E2=-0.65393537-0.00053979j|E3=-0.53040389-0.00013365j
26-28-09-07 #-----------------------------------------#
26-28-09-07 [Step  67] logΨ: mean=5.244+0.598j | min=-0.187+1.819j | max=5.338+1.942j
26-28-09-07 梯度监控 | raw=2.7612 | per_param=0.0999 |  natural=0.0635 | clipped=0.0635(上限20.0)
26-28-09-07 原始规范坐标 G(Re Σrow_mean) = +9.2315 | 累计|g| = 6.9761
26-28-09-07 Ψ矩阵条件数 cond(Ψ) = 1.92e+01
26-28-09-07 Loss=-3.184354 | E0=-1.04579111-0.00030057j | E1=-0.95142303-0.00011655j|E2=-0.65407622+0.00009783j|E3=-0.53306316-0.00008159j
26-28-09-07 #-----------------------------------------#
26-28-09-07 [Step  68] logΨ: mean=5.176+0.043j | min=-1.975-0.808j | max=5.249+2.061j
26-28-09-07 梯度监控 | raw=1.3984 | per_param=0.0506 |  natural=0.0947 | clipped=0.0947(上限20.0)
26-28-09-07 原始规范坐标 G(Re Σrow_mean) = +9.2143 | 累计|g| = 6.9761
26-28-09-07 Ψ矩阵条件数 cond(Ψ) = 1.75e+01
26-28-09-07 Loss=-3.188030 | E0=-1.04825697+0.00040154j | E1=-0.95212847+0.00011809j|E2=-0.65437896-0.00024319j|E3=-0.53326592-0.00012899j
26-28-09-07 #-----------------------------------------#
26-28-09-07 [Step  69] logΨ: mean=5.208+0.433j | min=1.120-0.452j | max=5.316+2.077j
26-28-09-07 梯度监控 | raw=0.2284 | per_param=0.0083 |  natural=0.0747 | clipped=0.0747(上限20.0)
26-28-09-07 原始规范坐标 G(Re Σrow_mean) = +9.2257 | 累计|g| = 6.9761
26-28-09-07 Ψ矩阵条件数 cond(Ψ) = 1.78e+01
26-28-09-07 Loss=-3.185251 | E0=-1.04448372-0.00067880j | E1=-0.95238694-0.00033220j|E2=-0.65621799+0.00018984j|E3=-0.53216190+0.00012212j
26-28-09-07 #-----------------------------------------#
26-28-09-07 [GaugeReset@70] 吸收 Δg = Σ Re(col_mean) = +9.2257 | 新|g| = 6.9996
26-28-09-07 [Step  70] logΨ: mean=5.362+0.093j | min=-1.212-1.308j | max=5.509+2.097j
26-28-09-07 梯度监控 | raw=1.2869 | per_param=0.0466 |  natural=0.0775 | clipped=0.0775(上限20.0)
26-28-09-07 原始规范坐标 G(Re Σrow_mean) = +9.2206 | 累计|g| = 6.9996
26-28-09-07 Ψ矩阵条件数 cond(Ψ) = 1.80e+01
26-28-09-07 Loss=-3.184608 | E0=-1.04531736-0.00071834j | E1=-0.95245895-0.00067565j|E2=-0.65456042-0.00030611j|E3=-0.53227142+0.00000691j
26-28-09-07 #-----------------------------------------#
26-28-09-07 [Step  71] logΨ: mean=5.149-0.071j | min=0.850-3.107j | max=5.299+2.051j
26-28-09-07 梯度监控 | raw=0.9901 | per_param=0.0358 |  natural=0.0799 | clipped=0.0799(上限20.0)
26-28-09-07 原始规范坐标 G(Re Σrow_mean) = +9.0120 | 累计|g| = 6.9996
26-28-09-07 Ψ矩阵条件数 cond(Ψ) = 1.80e+01
26-28-09-07 Loss=-3.186660 | E0=-1.04603365-0.00072353j | E1=-0.95148752+0.00061581j|E2=-0.65492118-0.00099436j|E3=-0.53421765-0.00028541j
26-28-09-07 #-----------------------------------------#
26-28-09-07 [Step  72] logΨ: mean=5.305+0.666j | min=1.125+0.858j | max=5.356+2.035j
26-28-09-07 梯度监控 | raw=0.5881 | per_param=0.0213 |  natural=0.0500 | clipped=0.0500(上限20.0)
26-28-09-07 原始规范坐标 G(Re Σrow_mean) = +9.1181 | 累计|g| = 6.9996
26-28-09-07 Ψ矩阵条件数 cond(Ψ) = 1.84e+01
26-28-09-07 Loss=-3.187605 | E0=-1.04566930-0.00045568j | E1=-0.95198535-0.00001360j|E2=-0.65615259+0.00033724j|E3=-0.53379788-0.00004417j
26-28-09-07 #-----------------------------------------#
26-28-09-08 [Step  73] logΨ: mean=5.362+0.565j | min=1.134-3.024j | max=5.496+2.049j
26-28-09-08 梯度监控 | raw=0.7136 | per_param=0.0258 |  natural=0.1021 | clipped=0.1021(上限20.0)
26-28-09-08 原始规范坐标 G(Re Σrow_mean) = +9.1702 | 累计|g| = 6.9996
26-28-09-08 Ψ矩阵条件数 cond(Ψ) = 1.68e+01
26-28-09-08 Loss=-3.185180 | E0=-1.04669143-0.00047880j | E1=-0.95251804+0.00015451j|E2=-0.65432044-0.00063871j|E3=-0.53164996-0.00029580j
26-28-09-08 #-----------------------------------------#
26-28-09-08 [Step  74] logΨ: mean=5.273+0.605j | min=0.788-3.106j | max=5.370+1.982j
26-28-09-08 梯度监控 | raw=1.2534 | per_param=0.0453 |  natural=0.0461 | clipped=0.0461(上限20.0)
26-28-09-08 原始规范坐标 G(Re Σrow_mean) = +9.0866 | 累计|g| = 6.9996
26-28-09-08 Ψ矩阵条件数 cond(Ψ) = 1.63e+01
26-28-09-08 Loss=-3.188262 | E0=-1.04652507-0.00049622j | E1=-0.95291284+0.00060405j|E2=-0.65435318-0.00029362j|E3=-0.53447117-0.00006636j
26-28-09-08 #-----------------------------------------#
26-28-09-08 [Step  75] logΨ: mean=5.344+0.349j | min=1.168+1.354j | max=5.456+1.973j
26-28-09-08 梯度监控 | raw=0.6255 | per_param=0.0226 |  natural=0.0531 | clipped=0.0531(上限20.0)
26-28-09-08 原始规范坐标 G(Re Σrow_mean) = +9.1408 | 累计|g| = 6.9996
26-28-09-08 Ψ矩阵条件数 cond(Ψ) = 1.67e+01
26-28-09-08 Loss=-3.188395 | E0=-1.04587413-0.00073776j | E1=-0.95218812+0.00017778j|E2=-0.65637073-0.00031709j|E3=-0.53396235+0.00007055j
26-28-09-08 #-----------------------------------------#
26-28-09-08 [Step  76] logΨ: mean=5.394+1.313j | min=-0.065-2.852j | max=5.487+2.695j
26-28-09-08 梯度监控 | raw=1.8672 | per_param=0.0676 |  natural=0.3030 | clipped=0.3030(上限20.0)
26-28-09-08 原始规范坐标 G(Re Σrow_mean) = +9.1635 | 累计|g| = 6.9996
26-28-09-08 Ψ矩阵条件数 cond(Ψ) = 1.42e+01
26-28-09-08 Loss=-3.187278 | E0=-1.04763654+0.00547653j | E1=-0.95216316+0.00061960j|E2=-0.65487207-0.00026432j|E3=-0.53260652+0.00104827j
26-28-09-08 #-----------------------------------------#
26-28-09-08 [Step  77] logΨ: mean=5.431+0.785j | min=0.829-2.689j | max=5.517+2.666j
26-28-09-08 梯度监控 | raw=0.7064 | per_param=0.0256 |  natural=0.0554 | clipped=0.0554(上限20.0)
26-28-09-08 原始规范坐标 G(Re Σrow_mean) = +9.1401 | 累计|g| = 6.9996
26-28-09-08 Ψ矩阵条件数 cond(Ψ) = 1.43e+01
26-28-09-08 Loss=-3.186835 | E0=-1.04511974-0.00061339j | E1=-0.95266638+0.00018397j|E2=-0.65606915+0.00003360j|E3=-0.53297980+0.00009660j
26-28-09-08 #-----------------------------------------#
26-28-09-08 [Step  78] logΨ: mean=5.486+0.966j | min=0.910-1.187j | max=5.546+2.575j
26-28-09-08 梯度监控 | raw=3.3317 | per_param=0.1205 |  natural=0.0543 | clipped=0.0543(上限20.0)
26-28-09-08 原始规范坐标 G(Re Σrow_mean) = +9.1584 | 累计|g| = 6.9996
26-28-09-08 Ψ矩阵条件数 cond(Ψ) = 1.39e+01
26-28-09-08 Loss=-3.184851 | E0=-1.04575183+0.00004971j | E1=-0.95164309+0.00037165j|E2=-0.65462616-0.00014986j|E3=-0.53282955-0.00007200j
26-28-09-08 #-----------------------------------------#
26-28-09-08 [Step  79] logΨ: mean=5.547+0.920j | min=0.070-1.055j | max=5.615+2.556j
26-28-09-08 梯度监控 | raw=1.3899 | per_param=0.0503 |  natural=0.0400 | clipped=0.0400(上限20.0)
26-28-09-08 原始规范坐标 G(Re Σrow_mean) = +9.1716 | 累计|g| = 6.9996
26-28-09-08 Ψ矩阵条件数 cond(Ψ) = 1.40e+01
26-28-09-08 Loss=-3.188478 | E0=-1.04536920-0.00037794j | E1=-0.95219208+0.00005943j|E2=-0.65664741-0.00005333j|E3=-0.53426942-0.00006345j
26-28-09-08 #-----------------------------------------#
26-28-09-08 [保存] Step 79 → pickle 文件已更新 (80 条记录)
26-28-09-08 [GaugeReset@80] 吸收 Δg = Σ Re(col_mean) = +9.1716 | 新|g| = 7.2229
26-28-09-08 [Step  80] logΨ: mean=5.649+1.003j | min=0.164+1.743j | max=5.740+2.210j
26-28-09-08 梯度监控 | raw=1.6640 | per_param=0.0602 |  natural=0.0637 | clipped=0.0637(上限20.0)
26-28-09-08 原始规范坐标 G(Re Σrow_mean) = +9.1719 | 累计|g| = 7.2229
26-28-09-08 Ψ矩阵条件数 cond(Ψ) = 1.38e+01
26-28-09-08 Loss=-3.186737 | E0=-1.04606654-0.00005561j | E1=-0.95213198+0.00087926j|E2=-0.65574327-0.00103660j|E3=-0.53279509-0.00005805j
26-28-09-08 #-----------------------------------------#
26-28-09-08 [Step  81] logΨ: mean=5.733+1.287j | min=0.976+0.074j | max=5.837+2.199j
26-28-09-08 梯度监控 | raw=1.9141 | per_param=0.0693 |  natural=0.0478 | clipped=0.0478(上限20.0)
26-28-09-08 原始规范坐标 G(Re Σrow_mean) = +9.2105 | 累计|g| = 7.2229
26-28-09-08 Ψ矩阵条件数 cond(Ψ) = 1.40e+01
26-28-09-08 Loss=-3.187452 | E0=-1.04571760-0.00054400j | E1=-0.95164093+0.00012148j|E2=-0.65591174-0.00004865j|E3=-0.53418210-0.00015557j
26-28-09-08 #-----------------------------------------#
26-28-09-08 [Step  82] logΨ: mean=5.875+1.112j | min=1.384-1.918j | max=5.933+2.182j
26-28-09-08 梯度监控 | raw=0.1709 | per_param=0.0062 |  natural=0.0414 | clipped=0.0414(上限20.0)
26-28-09-08 原始规范坐标 G(Re Σrow_mean) = +9.2768 | 累计|g| = 7.2229
26-28-09-08 Ψ矩阵条件数 cond(Ψ) = 1.40e+01
26-28-09-08 Loss=-3.189602 | E0=-1.04689083-0.00042123j | E1=-0.95221874-0.00002569j|E2=-0.65710838+0.00016706j|E3=-0.53338412+0.00014464j
26-28-09-08 #-----------------------------------------#
26-28-09-08 [Step  83] logΨ: mean=5.982+1.065j | min=1.150+2.828j | max=6.028+2.115j
26-28-09-08 梯度监控 | raw=2.0288 | per_param=0.0734 |  natural=0.0297 | clipped=0.0297(上限20.0)
26-28-09-08 原始规范坐标 G(Re Σrow_mean) = +9.3287 | 累计|g| = 7.2229
26-28-09-08 Ψ矩阵条件数 cond(Ψ) = 1.42e+01
26-28-09-08 Loss=-3.187948 | E0=-1.04596255-0.00054460j | E1=-0.95177797-0.00048228j|E2=-0.65596343+0.00041070j|E3=-0.53424374+0.00025454j
26-28-09-08 #-----------------------------------------#
26-28-09-08 [Step  84] logΨ: mean=5.857+0.506j | min=-0.415-1.152j | max=5.941+2.094j
26-28-09-08 梯度监控 | raw=0.7222 | per_param=0.0261 |  natural=0.0514 | clipped=0.0514(上限20.0)
26-28-09-08 原始规范坐标 G(Re Σrow_mean) = +9.2295 | 累计|g| = 7.2229
26-28-09-08 Ψ矩阵条件数 cond(Ψ) = 1.42e+01
26-28-09-08 Loss=-3.187423 | E0=-1.04570729-0.00003148j | E1=-0.95173891-0.00002161j|E2=-0.65667131-0.00010266j|E3=-0.53330555-0.00014791j
26-28-09-08 #-----------------------------------------#
26-28-09-08 [Step  85] logΨ: mean=5.992+0.040j | min=1.365-1.956j | max=6.040+2.070j
26-28-09-08 梯度监控 | raw=0.2776 | per_param=0.0100 |  natural=0.0299 | clipped=0.0299(上限20.0)
26-28-09-08 原始规范坐标 G(Re Σrow_mean) = +9.2994 | 累计|g| = 7.2229
26-28-09-08 Ψ矩阵条件数 cond(Ψ) = 1.43e+01
26-28-09-08 Loss=-3.189652 | E0=-1.04687102-0.00033950j | E1=-0.95213689-0.00012204j|E2=-0.65687518+0.00004730j|E3=-0.53376915+0.00011499j
26-28-09-08 #-----------------------------------------#
26-28-09-08 [Step  86] logΨ: mean=6.087-0.050j | min=1.387-1.938j | max=6.131+2.061j
26-28-09-08 梯度监控 | raw=0.1462 | per_param=0.0053 |  natural=0.0247 | clipped=0.0247(上限20.0)
26-28-09-08 原始规范坐标 G(Re Σrow_mean) = +9.3450 | 累计|g| = 7.2229
26-28-09-08 Ψ矩阵条件数 cond(Ψ) = 1.45e+01
26-28-09-08 Loss=-3.189294 | E0=-1.04601891-0.00031036j | E1=-0.95247719+0.00008020j|E2=-0.65687205-0.00014586j|E3=-0.53392596+0.00020666j
26-28-09-08 #-----------------------------------------#
26-28-09-08 [Step  87] logΨ: mean=6.062+0.419j | min=1.538+0.846j | max=6.151+2.042j
26-28-09-08 梯度监控 | raw=0.2623 | per_param=0.0095 |  natural=0.0456 | clipped=0.0456(上限20.0)
26-28-09-08 原始规范坐标 G(Re Σrow_mean) = +9.3238 | 累计|g| = 7.2229
26-28-09-08 Ψ矩阵条件数 cond(Ψ) = 1.44e+01
26-28-09-08 Loss=-3.187942 | E0=-1.04528733-0.00004677j | E1=-0.95238375-0.00053192j|E2=-0.65680476-0.00029135j|E3=-0.53346622-0.00001789j
26-28-09-08 #-----------------------------------------#
26-28-09-08 [Step  88] logΨ: mean=6.045+1.021j | min=1.921+0.480j | max=6.150+1.990j
26-28-09-08 梯度监控 | raw=0.7930 | per_param=0.0287 |  natural=0.0469 | clipped=0.0469(上限20.0)
26-28-09-08 原始规范坐标 G(Re Σrow_mean) = +9.3237 | 累计|g| = 7.2229
26-28-09-08 Ψ矩阵条件数 cond(Ψ) = 1.42e+01
26-28-09-08 Loss=-3.188413 | E0=-1.04693052-0.00032307j | E1=-0.95162477-0.00075717j|E2=-0.65666825+0.00000011j|E3=-0.53318966+0.00002757j
26-28-09-08 #-----------------------------------------#
26-28-09-08 [Step  89] logΨ: mean=6.066+0.593j | min=-0.170+1.550j | max=6.206+1.980j
26-28-09-08 梯度监控 | raw=2.5900 | per_param=0.0937 |  natural=0.0560 | clipped=0.0560(上限20.0)
26-28-09-08 原始规范坐标 G(Re Σrow_mean) = +9.2985 | 累计|g| = 7.2229
26-28-09-08 Ψ矩阵条件数 cond(Ψ) = 1.44e+01
26-28-09-08 Loss=-3.186522 | E0=-1.04476331-0.00046168j | E1=-0.95094162-0.00024897j|E2=-0.65671618+0.00003805j|E3=-0.53410058-0.00002797j
26-28-09-08 #-----------------------------------------#
26-28-09-08 [GaugeReset@90] 吸收 Δg = Σ Re(col_mean) = +9.2985 | 新|g| = 7.2902
26-28-09-08 [Step  90] logΨ: mean=6.017+0.371j | min=0.497-1.531j | max=6.138+2.045j
26-28-09-08 梯度监控 | raw=3.4219 | per_param=0.1238 |  natural=0.0511 | clipped=0.0511(上限20.0)
26-28-09-08 原始规范坐标 G(Re Σrow_mean) = +9.3075 | 累计|g| = 7.2902
26-28-09-08 Ψ矩阵条件数 cond(Ψ) = 1.40e+01
26-28-09-08 Loss=-3.187083 | E0=-1.04504532-0.00031654j | E1=-0.95119846-0.00077936j|E2=-0.65703465+0.00037981j|E3=-0.53380445-0.00007462j
26-28-09-08 #-----------------------------------------#
26-28-09-08 [Step  91] logΨ: mean=5.997+0.729j | min=1.602-2.494j | max=6.054+1.985j
26-28-09-08 梯度监控 | raw=0.2232 | per_param=0.0081 |  natural=0.0311 | clipped=0.0311(上限20.0)
26-28-09-08 原始规范坐标 G(Re Σrow_mean) = +9.3070 | 累计|g| = 7.2902
26-28-09-08 Ψ矩阵条件数 cond(Ψ) = 1.41e+01
26-28-09-08 Loss=-3.189535 | E0=-1.04636928-0.00011728j | E1=-0.95236355+0.00012691j|E2=-0.65695154+0.00021936j|E3=-0.53385070-0.00002859j
26-28-09-08 #-----------------------------------------#
26-28-09-08 [Step  92] logΨ: mean=5.908+1.054j | min=2.281-0.326j | max=6.036+2.023j
26-28-09-08 梯度监控 | raw=0.2078 | per_param=0.0075 |  natural=0.0511 | clipped=0.0511(上限20.0)
26-28-09-08 原始规范坐标 G(Re Σrow_mean) = +9.2445 | 累计|g| = 7.2902
26-28-09-08 Ψ矩阵条件数 cond(Ψ) = 1.41e+01
26-28-09-08 Loss=-3.189494 | E0=-1.04543571-0.00006892j | E1=-0.95221090+0.00027143j|E2=-0.65772266-0.00005820j|E3=-0.53412432-0.00013593j
26-28-09-08 #-----------------------------------------#
26-28-09-08 [Step  93] logΨ: mean=6.037+0.596j | min=2.447+1.670j | max=6.067+1.970j
26-28-09-08 梯度监控 | raw=0.0285 | per_param=0.0010 |  natural=0.0433 | clipped=0.0433(上限20.0)
26-28-09-08 原始规范坐标 G(Re Σrow_mean) = +9.3016 | 累计|g| = 7.2902
26-28-09-08 Ψ矩阵条件数 cond(Ψ) = 1.41e+01
26-28-09-08 Loss=-3.189737 | E0=-1.04593293+0.00048055j | E1=-0.95253109-0.00013042j|E2=-0.65745559+0.00000085j|E3=-0.53381694-0.00009831j
26-28-09-08 #-----------------------------------------#
26-28-09-08 [Step  94] logΨ: mean=6.067+0.502j | min=0.406-1.299j | max=6.131+2.001j
26-28-09-08 梯度监控 | raw=0.6753 | per_param=0.0244 |  natural=0.0353 | clipped=0.0353(上限20.0)
26-28-09-08 原始规范坐标 G(Re Σrow_mean) = +9.2886 | 累计|g| = 7.2902
26-28-09-08 Ψ矩阵条件数 cond(Ψ) = 1.39e+01
26-28-09-08 Loss=-3.189793 | E0=-1.04652087-0.00248532j | E1=-0.95204462+0.00001699j|E2=-0.65708301-0.00014849j|E3=-0.53414479+0.00011983j
26-28-09-08 #-----------------------------------------#
26-28-09-08 [Step  95] logΨ: mean=6.031+0.444j | min=1.563+2.794j | max=6.112+1.993j
26-28-09-08 梯度监控 | raw=1.4710 | per_param=0.0532 |  natural=0.0248 | clipped=0.0248(上限20.0)
26-28-09-08 原始规范坐标 G(Re Σrow_mean) = +9.2751 | 累计|g| = 7.2902
26-28-09-08 Ψ矩阵条件数 cond(Ψ) = 1.39e+01
26-28-09-08 Loss=-3.188624 | E0=-1.04632973+0.00053838j | E1=-0.95127445+0.00074783j|E2=-0.65647609-0.00020408j|E3=-0.53454338-0.00008776j
26-28-09-08 #-----------------------------------------#
26-28-09-08 [Step  96] logΨ: mean=6.072+0.708j | min=1.280-1.795j | max=6.177+2.024j
26-28-09-08 梯度监控 | raw=0.4966 | per_param=0.0180 |  natural=0.0366 | clipped=0.0366(上限20.0)
26-28-09-08 原始规范坐标 G(Re Σrow_mean) = +9.2845 | 累计|g| = 7.2902
26-28-09-08 Ψ矩阵条件数 cond(Ψ) = 1.41e+01
26-28-09-08 Loss=-3.189683 | E0=-1.04650236-0.00047542j | E1=-0.95209231-0.00001835j|E2=-0.65719069+0.00027323j|E3=-0.53389721-0.00000974j
26-28-09-08 #-----------------------------------------#
26-28-09-08 [Step  97] logΨ: mean=6.069+0.393j | min=1.200-3.089j | max=6.117+2.060j
26-28-09-08 梯度监控 | raw=1.6083 | per_param=0.0582 |  natural=0.0330 | clipped=0.0330(上限20.0)
26-28-09-08 原始规范坐标 G(Re Σrow_mean) = +9.2611 | 累计|g| = 7.2902
26-28-09-08 Ψ矩阵条件数 cond(Ψ) = 1.40e+01
26-28-09-08 Loss=-3.188218 | E0=-1.04518473+0.00009601j | E1=-0.95212265+0.00033100j|E2=-0.65674445-0.00019788j|E3=-0.53416601-0.00001346j
26-28-09-08 #-----------------------------------------#
26-28-09-08 [Step  98] logΨ: mean=6.095+0.890j | min=2.300+2.813j | max=6.127+2.073j
26-28-09-08 梯度监控 | raw=0.7121 | per_param=0.0258 |  natural=0.0362 | clipped=0.0362(上限20.0)
26-28-09-08 原始规范坐标 G(Re Σrow_mean) = +9.2673 | 累计|g| = 7.2902
26-28-09-08 Ψ矩阵条件数 cond(Ψ) = 1.37e+01
26-28-09-08 Loss=-3.187617 | E0=-1.04587230+0.00060873j | E1=-0.95163923+0.00043884j|E2=-0.65646234-0.00030878j|E3=-0.53364271-0.00013153j
26-28-09-08 #-----------------------------------------#
26-28-09-08 [Step  99] logΨ: mean=6.130+1.185j | min=1.280-1.735j | max=6.208+2.103j
26-28-09-08 梯度监控 | raw=0.5193 | per_param=0.0188 |  natural=0.0309 | clipped=0.0309(上限20.0)
26-28-09-08 原始规范坐标 G(Re Σrow_mean) = +9.2783 | 累计|g| = 7.2902
26-28-09-08 Ψ矩阵条件数 cond(Ψ) = 1.39e+01
26-28-09-08 Loss=-3.189167 | E0=-1.04676484-0.00031974j | E1=-0.95191860+0.00016977j|E2=-0.65656415+0.00008877j|E3=-0.53391948+0.00010612j
26-28-09-08 #-----------------------------------------#
26-28-09-08 [保存] Step 99 → pickle 文件已更新 (100 条记录)
26-28-09-08 [GaugeReset@100] 吸收 Δg = Σ Re(col_mean) = +9.2783 | 新|g| = 7.3331
26-28-09-08 训练耗时：75.04 秒
26-28-09-08 
============================================================
26-28-09-08 训练完成!
26-28-09-08 ============================================================
26-28-09-08 [保存] 训练结束，pickle 最终写入 100 条记录 → ./data/26-09-28-09-07_history_natural_gradient_H2_molecule_K4.pkl
