26-14-21-59 
============================================================
26-14-21-59 开始多链 NES-VMC | P8 双侧列规范 + gauge reset + 动态单向分段冻结
26-14-21-59 ============================================================
26-14-21-59 精确CAS基准：E0=-1.05434745 | E1=-0.95790573 | E2=-0.66895227 | E3=-0.55140192 Ha
26-14-21-59 总变分参数 P = 1108（每能级 277）
26-14-21-59 示例动态冻结事件（可用 freeze_ctrl.freeze_cols 任意更改）：{}
26-14-21-59 [Step   0] logΨ: mean=1.047-0.028j
26-14-21-59 梯度监控 | raw=3.7715 | natural=1.0026 | clipped=1.0026(上限20.0) | t_grad=2262ms t_qgt=755ms
26-14-21-59 冻结状态 | frozen_set=[] | P_a/P=1108/1108 | QGT=1227664 | 本轮实际训练参数=1108
26-14-21-59 Ψ矩阵条件数 cond(Ψ) = 1.09e+01 | 累计|g| = 0.0000
26-14-21-59 Loss=0.891533 | E0=-0.46477758 | E1=0.04976835|E2=0.19577370|E3=1.02866740
26-14-21-59 误差(Ha): e0=5.90e-01 | e1=1.01e+00 | e2=8.65e-01 | e3=1.58e+00
26-14-21-59 #-----------------------------------------#
26-14-21-59 [Step   1] logΨ: mean=1.388+0.059j
26-14-21-59 梯度监控 | raw=3.8033 | natural=1.0381 | clipped=1.0381(上限20.0) | t_grad=0ms t_qgt=5ms
26-14-21-59 冻结状态 | frozen_set=[] | P_a/P=1108/1108 | QGT=1227664 | 本轮实际训练参数=1108
26-14-21-59 Ψ矩阵条件数 cond(Ψ) = 8.07e+00 | 累计|g| = 0.0000
26-14-21-59 Loss=0.656437 | E0=-0.55989385 | E1=0.00025852|E2=0.09634187|E3=0.94338758
26-14-21-59 误差(Ha): e0=4.94e-01 | e1=9.58e-01 | e2=7.65e-01 | e3=1.49e+00
26-14-21-59 #-----------------------------------------#
26-14-21-59 [Step   2] logΨ: mean=1.817-0.018j
26-14-21-59 梯度监控 | raw=3.8530 | natural=1.0237 | clipped=1.0237(上限20.0) | t_grad=0ms t_qgt=4ms
26-14-21-59 冻结状态 | frozen_set=[] | P_a/P=1108/1108 | QGT=1227664 | 本轮实际训练参数=1108
26-14-21-59 Ψ矩阵条件数 cond(Ψ) = 8.54e+00 | 累计|g| = 0.0000
26-14-21-59 Loss=0.380926 | E0=-0.66670858 | E1=-0.10173849|E2=0.04836366|E3=0.83479815
26-14-21-59 误差(Ha): e0=3.88e-01 | e1=8.56e-01 | e2=7.17e-01 | e3=1.39e+00
26-14-21-59 #-----------------------------------------#
26-14-21-59 [Step   3] logΨ: mean=2.289+0.148j
26-14-21-59 梯度监控 | raw=3.4601 | natural=1.0319 | clipped=1.0319(上限20.0) | t_grad=1ms t_qgt=3ms
26-14-21-59 冻结状态 | frozen_set=[] | P_a/P=1108/1108 | QGT=1227664 | 本轮实际训练参数=1108
26-14-21-59 Ψ矩阵条件数 cond(Ψ) = 1.10e+01 | 累计|g| = 0.0000
26-14-21-59 Loss=0.137307 | E0=-0.72354124 | E1=-0.21990135|E2=0.01831948|E3=0.71327469
26-14-21-59 误差(Ha): e0=3.31e-01 | e1=7.38e-01 | e2=6.87e-01 | e3=1.26e+00
26-14-21-59 #-----------------------------------------#
26-14-21-59 [Step   4] logΨ: mean=2.852+0.070j
26-14-21-59 梯度监控 | raw=3.1091 | natural=1.0151 | clipped=1.0151(上限20.0) | t_grad=1ms t_qgt=4ms
26-14-21-59 冻结状态 | frozen_set=[] | P_a/P=1108/1108 | QGT=1227664 | 本轮实际训练参数=1108
26-14-21-59 Ψ矩阵条件数 cond(Ψ) = 9.71e+00 | 累计|g| = 0.0000
26-14-21-59 Loss=-0.183703 | E0=-0.79583020 | E1=-0.34679726|E2=-0.01511765|E3=0.56397139
26-14-21-59 误差(Ha): e0=2.59e-01 | e1=6.11e-01 | e2=6.54e-01 | e3=1.12e+00
26-14-21-59 #-----------------------------------------#
26-14-21-59 [Step   5] logΨ: mean=3.445+0.028j
26-14-21-59 梯度监控 | raw=3.0908 | natural=0.9650 | clipped=0.9650(上限20.0) | t_grad=1ms t_qgt=3ms
26-14-21-59 冻结状态 | frozen_set=[] | P_a/P=1108/1108 | QGT=1227664 | 本轮实际训练参数=1108
26-14-21-59 Ψ矩阵条件数 cond(Ψ) = 8.07e+00 | 累计|g| = 0.0000
26-14-21-59 Loss=-0.445526 | E0=-0.84310714 | E1=-0.47171634|E2=-0.04311227|E3=0.44958853
26-14-21-59 误差(Ha): e0=2.11e-01 | e1=4.86e-01 | e2=6.26e-01 | e3=1.00e+00
26-14-21-59 #-----------------------------------------#
26-14-21-59 [Step   6] logΨ: mean=4.074+0.126j
26-14-21-59 梯度监控 | raw=3.1196 | natural=1.0155 | clipped=1.0155(上限20.0) | t_grad=0ms t_qgt=3ms
26-14-21-59 冻结状态 | frozen_set=[] | P_a/P=1108/1108 | QGT=1227664 | 本轮实际训练参数=1108
26-14-21-59 Ψ矩阵条件数 cond(Ψ) = 7.75e+00 | 累计|g| = 0.0000
26-14-21-59 Loss=-0.642241 | E0=-0.87263913 | E1=-0.56031011|E2=-0.07774756|E3=0.32850565
26-14-21-59 误差(Ha): e0=1.82e-01 | e1=3.98e-01 | e2=5.91e-01 | e3=8.80e-01
26-14-21-59 #-----------------------------------------#
26-14-21-59 [Step   7] logΨ: mean=4.815+0.073j
26-14-21-59 梯度监控 | raw=2.8642 | natural=0.9944 | clipped=0.9944(上限20.0) | t_grad=1ms t_qgt=3ms
26-14-21-59 冻结状态 | frozen_set=[] | P_a/P=1108/1108 | QGT=1227664 | 本轮实际训练参数=1108
26-14-21-59 Ψ矩阵条件数 cond(Ψ) = 1.40e+01 | 累计|g| = 0.0000
26-14-21-59 Loss=-0.865551 | E0=-0.90120171 | E1=-0.63574956|E2=-0.12673962|E3=0.24232273
26-14-21-59 误差(Ha): e0=1.53e-01 | e1=3.22e-01 | e2=5.42e-01 | e3=7.94e-01
26-14-21-59 #-----------------------------------------#
26-14-21-59 [Step   8] logΨ: mean=5.594+0.080j
26-14-21-59 梯度监控 | raw=3.2795 | natural=0.9640 | clipped=0.9640(上限20.0) | t_grad=0ms t_qgt=3ms
26-14-21-59 冻结状态 | frozen_set=[] | P_a/P=1108/1108 | QGT=1227664 | 本轮实际训练参数=1108
26-14-21-59 Ψ矩阵条件数 cond(Ψ) = 1.05e+01 | 累计|g| = 0.0000
26-14-21-59 Loss=-1.093217 | E0=-0.92631654 | E1=-0.69920379|E2=-0.20280250|E3=0.18392323
26-14-21-59 误差(Ha): e0=1.28e-01 | e1=2.59e-01 | e2=4.66e-01 | e3=7.35e-01
26-14-21-59 #-----------------------------------------#
26-14-21-59 [Step   9] logΨ: mean=6.329+0.085j
26-14-21-59 梯度监控 | raw=3.2402 | natural=0.9379 | clipped=0.9379(上限20.0) | t_grad=0ms t_qgt=4ms
26-14-21-59 冻结状态 | frozen_set=[] | P_a/P=1108/1108 | QGT=1227664 | 本轮实际训练参数=1108
26-14-21-59 Ψ矩阵条件数 cond(Ψ) = 9.78e+00 | 累计|g| = 0.0000
26-14-21-59 Loss=-1.260134 | E0=-0.94369972 | E1=-0.76014779|E2=-0.25776709|E3=0.13365403
26-14-21-59 误差(Ha): e0=1.11e-01 | e1=1.98e-01 | e2=4.11e-01 | e3=6.85e-01
26-14-21-59 #-----------------------------------------#
26-14-21-59 [GaugeReset@10] 吸收 Δg = Σ Re(col_mean) = +5.4100 | 新|g| = 2.9666
26-14-21-59 [Step  10] logΨ: mean=1.741+0.400j
26-14-21-59 梯度监控 | raw=3.5056 | natural=0.9153 | clipped=0.9153(上限20.0) | t_grad=1930ms t_qgt=377ms
26-14-21-59 冻结状态 | frozen_set=[] | P_a/P=1108/1108 | QGT=1227664 | 本轮实际训练参数=1108
26-14-21-59 Ψ矩阵条件数 cond(Ψ) = 2.78e+01 | 累计|g| = 2.9666
26-14-21-59 Loss=-1.425535 | E0=-0.96065110 | E1=-0.80942219|E2=-0.32570447|E3=0.10554570
26-14-21-59 误差(Ha): e0=9.37e-02 | e1=1.48e-01 | e2=3.43e-01 | e3=6.57e-01
26-14-21-59 #-----------------------------------------#
26-14-21-59 [Step  11] logΨ: mean=2.604+0.409j
26-14-21-59 梯度监控 | raw=3.7380 | natural=0.8277 | clipped=0.8277(上限20.0) | t_grad=1ms t_qgt=3ms
26-14-21-59 冻结状态 | frozen_set=[] | P_a/P=1108/1108 | QGT=1227664 | 本轮实际训练参数=1108
26-14-21-59 Ψ矩阵条件数 cond(Ψ) = 9.91e+00 | 累计|g| = 2.9666
26-14-21-59 Loss=-1.672823 | E0=-0.97954256 | E1=-0.85870943|E2=-0.39702231|E3=0.08554148
26-14-21-59 误差(Ha): e0=7.48e-02 | e1=9.92e-02 | e2=2.72e-01 | e3=6.37e-01
26-14-21-59 #-----------------------------------------#
26-14-21-59 [Step  12] logΨ: mean=3.329+0.500j
26-14-21-59 梯度监控 | raw=3.2410 | natural=0.7800 | clipped=0.7800(上限20.0) | t_grad=1ms t_qgt=4ms
26-14-21-59 冻结状态 | frozen_set=[] | P_a/P=1108/1108 | QGT=1227664 | 本轮实际训练参数=1108
26-14-21-59 Ψ矩阵条件数 cond(Ψ) = 1.33e+01 | 累计|g| = 2.9666
26-14-21-59 Loss=-1.820585 | E0=-0.98997933 | E1=-0.88990066|E2=-0.43444446|E3=0.05853785
26-14-21-59 误差(Ha): e0=6.44e-02 | e1=6.80e-02 | e2=2.35e-01 | e3=6.10e-01
26-14-21-59 #-----------------------------------------#
26-14-21-59 [Step  13] logΨ: mean=4.062+0.316j
26-14-21-59 梯度监控 | raw=3.7166 | natural=0.8145 | clipped=0.8145(上限20.0) | t_grad=0ms t_qgt=4ms
26-14-21-59 冻结状态 | frozen_set=[] | P_a/P=1108/1108 | QGT=1227664 | 本轮实际训练参数=1108
26-14-21-59 Ψ矩阵条件数 cond(Ψ) = 6.81e+00 | 累计|g| = 2.9666
26-14-21-59 Loss=-1.868459 | E0=-1.00104971 | E1=-0.90667028|E2=-0.45999182|E3=0.04845047
26-14-21-59 误差(Ha): e0=5.33e-02 | e1=5.12e-02 | e2=2.09e-01 | e3=6.00e-01
26-14-21-59 #-----------------------------------------#
26-14-21-59 [Step  14] logΨ: mean=4.829+0.122j
26-14-21-59 梯度监控 | raw=4.3891 | natural=0.7383 | clipped=0.7383(上限20.0) | t_grad=0ms t_qgt=4ms
26-14-21-59 冻结状态 | frozen_set=[] | P_a/P=1108/1108 | QGT=1227664 | 本轮实际训练参数=1108
26-14-21-59 Ψ矩阵条件数 cond(Ψ) = 8.52e+00 | 累计|g| = 2.9666
26-14-21-59 Loss=-1.961602 | E0=-1.00661138 | E1=-0.92310110|E2=-0.49430188|E3=0.03399858
26-14-21-59 误差(Ha): e0=4.77e-02 | e1=3.48e-02 | e2=1.75e-01 | e3=5.85e-01
26-14-21-59 #-----------------------------------------#
26-14-21-59 [Step  15] logΨ: mean=5.568+0.188j
26-14-21-59 梯度监控 | raw=4.3164 | natural=0.7156 | clipped=0.7156(上限20.0) | t_grad=1ms t_qgt=5ms
26-14-21-59 冻结状态 | frozen_set=[] | P_a/P=1108/1108 | QGT=1227664 | 本轮实际训练参数=1108
26-14-21-59 Ψ矩阵条件数 cond(Ψ) = 1.65e+01 | 累计|g| = 2.9666
26-14-21-59 Loss=-2.075026 | E0=-1.02061099 | E1=-0.93504831|E2=-0.51197594|E3=0.01634878
26-14-21-59 误差(Ha): e0=3.37e-02 | e1=2.29e-02 | e2=1.57e-01 | e3=5.68e-01
26-14-21-59 #-----------------------------------------#
26-14-21-59 [Step  16] logΨ: mean=6.219-0.030j
26-14-21-59 梯度监控 | raw=5.2945 | natural=0.6325 | clipped=0.6325(上限20.0) | t_grad=1ms t_qgt=5ms
26-14-21-59 冻结状态 | frozen_set=[] | P_a/P=1108/1108 | QGT=1227664 | 本轮实际训练参数=1108
26-14-21-59 Ψ矩阵条件数 cond(Ψ) = 2.58e+01 | 累计|g| = 2.9666
26-14-21-59 Loss=-2.171164 | E0=-1.02560503 | E1=-0.94542079|E2=-0.53684951|E3=0.00071768
26-14-21-59 误差(Ha): e0=2.87e-02 | e1=1.25e-02 | e2=1.32e-01 | e3=5.52e-01
26-14-21-59 #-----------------------------------------#
26-14-21-59 [Step  17] logΨ: mean=6.791-0.074j
26-14-21-59 梯度监控 | raw=5.7885 | natural=0.6541 | clipped=0.6541(上限20.0) | t_grad=1ms t_qgt=4ms
26-14-21-59 冻结状态 | frozen_set=[] | P_a/P=1108/1108 | QGT=1227664 | 本轮实际训练参数=1108
26-14-21-59 Ψ矩阵条件数 cond(Ψ) = 1.59e+01 | 累计|g| = 2.9666
26-14-21-59 Loss=-2.232579 | E0=-1.02875032 | E1=-0.94905823|E2=-0.54734674|E3=-0.01995406
26-14-21-59 误差(Ha): e0=2.56e-02 | e1=8.85e-03 | e2=1.22e-01 | e3=5.31e-01
26-14-21-59 #-----------------------------------------#
26-14-21-59 [Step  18] logΨ: mean=7.379-0.351j
26-14-21-59 梯度监控 | raw=6.0020 | natural=0.5267 | clipped=0.5267(上限20.0) | t_grad=1ms t_qgt=5ms
26-14-21-59 冻结状态 | frozen_set=[] | P_a/P=1108/1108 | QGT=1227664 | 本轮实际训练参数=1108
26-14-21-59 Ψ矩阵条件数 cond(Ψ) = 1.44e+01 | 累计|g| = 2.9666
26-14-21-59 Loss=-2.320219 | E0=-1.03862745 | E1=-0.95167719|E2=-0.55442527|E3=-0.03680729
26-14-21-59 误差(Ha): e0=1.57e-02 | e1=6.23e-03 | e2=1.15e-01 | e3=5.15e-01
26-14-21-59 #-----------------------------------------#
26-14-21-59 [Step  19] logΨ: mean=7.955-0.253j
26-14-21-59 梯度监控 | raw=7.0540 | natural=0.5966 | clipped=0.5966(上限20.0) | t_grad=1ms t_qgt=4ms
26-14-21-59 冻结状态 | frozen_set=[] | P_a/P=1108/1108 | QGT=1227664 | 本轮实际训练参数=1108
26-14-21-59 Ψ矩阵条件数 cond(Ψ) = 1.44e+01 | 累计|g| = 2.9666
26-14-21-59 Loss=-2.318922 | E0=-1.03998108 | E1=-0.95310033|E2=-0.56230590|E3=-0.05040536
26-14-21-59 误差(Ha): e0=1.44e-02 | e1=4.81e-03 | e2=1.07e-01 | e3=5.01e-01
26-14-21-59 #-----------------------------------------#
26-14-21-59 [保存] Step 19 → pickle 已更新 (20 条记录)
26-14-21-59 [GaugeReset@20] 吸收 Δg = Σ Re(col_mean) = +11.5673 | 新|g| = 6.1771
26-14-21-59 [Step  20] logΨ: mean=2.169-0.650j
26-14-21-59 梯度监控 | raw=8.1328 | natural=0.4718 | clipped=0.4718(上限20.0) | t_grad=0ms t_qgt=4ms
26-14-21-59 冻结状态 | frozen_set=[] | P_a/P=1108/1108 | QGT=1227664 | 本轮实际训练参数=1108
26-14-21-59 Ψ矩阵条件数 cond(Ψ) = 2.20e+01 | 累计|g| = 6.1771
26-14-21-59 Loss=-2.403027 | E0=-1.04460721 | E1=-0.95495993|E2=-0.56890363|E3=-0.07672724
26-14-21-59 误差(Ha): e0=9.74e-03 | e1=2.95e-03 | e2=1.00e-01 | e3=4.75e-01
26-14-21-59 #-----------------------------------------#
26-14-21-59 [Step  21] logΨ: mean=2.514-0.607j
26-14-21-59 梯度监控 | raw=9.3064 | natural=0.4633 | clipped=0.4633(上限20.0) | t_grad=0ms t_qgt=3ms
26-14-21-59 冻结状态 | frozen_set=[] | P_a/P=1108/1108 | QGT=1227664 | 本轮实际训练参数=1108
26-14-21-59 Ψ矩阵条件数 cond(Ψ) = 2.23e+01 | 累计|g| = 6.1771
26-14-21-59 Loss=-2.425693 | E0=-1.04536665 | E1=-0.95567340|E2=-0.57549742|E3=-0.08945173
26-14-21-59 误差(Ha): e0=8.98e-03 | e1=2.23e-03 | e2=9.35e-02 | e3=4.62e-01
26-14-21-59 #-----------------------------------------#
