26-01-18-53 FCI: [-1.05434745 -0.95790573 -0.66895227 -0.55140192]
26-01-18-53 稠密 H 低段能级: [-1.05434745 -0.95790573 -0.66895227 -0.55140192]
26-01-18-54 [Stage0 0] loss=0.779470 | E_L eig=[-0.52066487 -0.05023561] | exact=[-0.6102232  -0.10789273]
26-01-18-54 [Stage0 14] loss=-2.352306 | E_L eig=[-1.03246421 -0.93478556] | exact=[-1.03154271 -0.93388696]
26-01-18-54 [Stage0 29] loss=-2.625339 | E_L eig=[-1.04357838 -0.95371131] | exact=[-1.0455125  -0.95042544]
26-01-18-54 Stage0 耗时 6.9s
26-01-18-54 Stage0 广义本征 λ=[-1.04622763 -0.95247684 -0.64755977 -0.47395325] | φ0 保真(对精确基态)=0.993901
26-01-18-54 [Control 0] loss=-2.943943 | exact=[-1.04402936 -0.95248625] | φ0 漂移保真=0.998540
26-01-18-54 [Control 14] loss=-3.031976 | exact=[-1.04592828 -0.9518645 ] | φ0 漂移保真=0.993071
26-01-18-54 [Control 29] loss=-3.165326 | exact=[-1.04462566 -0.95236347] | φ0 漂移保真=0.995607
26-01-18-54 Control 耗时 5.2s
26-01-18-54 [Frozen 0] loss=0.239974 | E_L eig=[-1.04785729 -0.05146599] | block λ=[-1.04622, -0.13652] | φ0 保真(对FCI基态)=0.993901
26-01-18-54 [Frozen 14] loss=-2.590372 | E_L eig=[-1.05288224 -0.84716019] | block λ=[-1.04622, -0.89849] | φ0 保真(对FCI基态)=0.993901
26-01-18-54 [Frozen 29] loss=-3.180007 | E_L eig=[-1.03894385 -0.95503441] | block λ=[-1.04622, -0.95101] | φ0 保真(对FCI基态)=0.993901
26-01-18-54 Frozen 耗时 4.7s
26-01-18-54 ======================================================================
26-01-18-54 最终对比（全空间精确）
26-01-18-54 [Control] exact λ = [-1.04462566 -0.95236347 -0.65183723 -0.51940822]
26-01-18-54 [Control] φ0 漂移保真度 = 0.995607 | 对 FCI 基态重叠 = 0.992633
26-01-18-54 [Control] 态0 与 FCI 各态重叠 = [9.926e-01 5.000e-04 1.000e-04 1.000e-04 5.000e-04 1.000e-04]
26-01-18-54 [Control] 态1 与 FCI 各态重叠 = [5.000e-04 9.938e-01 3.000e-04 0.000e+00 4.000e-03 3.000e-04]
26-01-18-54 [Control] 态2 与 FCI 各态重叠 = [1.000e-04 1.000e-04 9.881e-01 2.000e-04 1.800e-03 1.000e-04]
26-01-18-54 [Control] 态3 与 FCI 各态重叠 = [0.000e+00 0.000e+00 2.000e-04 9.594e-01 3.000e-04 1.000e-04]
26-01-18-54 [Frozen ] block λ = [-1.046223, [-0.951008 -0.62275  -0.529072]]
26-01-18-54 [Frozen ] φ0 保真度(对FCI基态) = 0.993901（构造上严格不变）
26-01-18-54 [Frozen ] active 态0 与 FCI 各态重叠 = [9.00e-04 9.92e-01 1.00e-03 1.00e-04 9.00e-04 7.00e-04]
26-01-18-54 [Frozen ] active 态1 与 FCI 各态重叠 = [5.000e-04 6.000e-04 9.518e-01 9.100e-03 2.200e-03 1.200e-03]
26-01-18-54 [Frozen ] active 态2 与 FCI 各态重叠 = [1.000e-04 1.000e-04 8.300e-03 9.679e-01 2.800e-03 2.200e-03]
26-01-18-54 [Frozen ] 冻结流形 MCMC 广义本征 λ_B = [-1.04726994 -0.95450623 -0.65246067 -0.53743968]
26-01-18-54 [Frozen ] λ_B 第一本征矢的 φ0 分量 |V_B[0,0]| = 1.1422（≈1 ⇒ 块结构成立）
26-01-18-54 结果已保存 → ./data/26-10-01-18-53_frozen_routeB_smoke2.pkl
