26-02-10-40 
============================================================
26-02-10-40 开始多链 NES-VMC 训练（交互式可视化版）| K=6 | 双侧一致列规范 + 周期性 gauge reset
26-02-10-40 N_CHAINS=16, N_SAMPLES_PER_CHAIN=200, SWEEP_SIZE=20, N_ITER=300, lr=0.1, clip_norm=20.0, per_param_clip=0.5, qgt_diag_shift=0.1, RESET_PERIOD=10
26-02-10-40 理论 Loss 上限：-3.27514359
26-02-10-40 ============================================================
26-02-10-41 [Step   0] logΨ: mean=2.483+0.067j | min=-1.176+0.897j | max=3.843+2.430j
26-02-10-41 梯度监控 | raw=3.4220 | per_param=0.0746 | natural=0.9605 | clipped=0.9605(上限20.0)
26-02-10-41 原始规范坐标 G = +0.6758 | 累计|g| = 0.0000
26-02-10-41 Ψ矩阵条件数 cond(Ψ) = 6.30e+01
26-02-10-41 Loss=1.610527 | E0=-0.43510133-0.00356601j | E1=-0.28229249-0.00396828j|E2=0.14533897-0.00191225j|E3=0.28152469+0.00675286j|E4=0.74287909-0.00006758j|E5=1.15818000+0.00151935j
26-02-10-41 #-----------------------------------------#
26-02-10-41 [Step   1] logΨ: mean=2.699+0.092j | min=-0.854-1.653j | max=4.072+2.497j
26-02-10-41 梯度监控 | raw=4.2418 | per_param=0.0924 | natural=0.9566 | clipped=0.9566(上限20.0)
26-02-10-41 原始规范坐标 G = +0.9161 | 累计|g| = 0.0000
26-02-10-41 Ψ矩阵条件数 cond(Ψ) = 3.77e+01
26-02-10-41 Loss=1.439670 | E0=-0.47219294+0.00103370j | E1=-0.30713943-0.00402821j|E2=0.13459866+0.00136766j|E3=0.26460582-0.00439443j|E4=0.70327961+0.00924571j|E5=1.11651969-0.00431819j
26-02-10-41 #-----------------------------------------#
26-02-10-41 [Step   2] logΨ: mean=2.968+0.158j | min=-1.018-1.853j | max=4.289+2.561j
26-02-10-41 梯度监控 | raw=3.6209 | per_param=0.0789 | natural=0.9631 | clipped=0.9631(上限20.0)
26-02-10-41 原始规范坐标 G = +1.2047 | 累计|g| = 0.0000
26-02-10-41 Ψ矩阵条件数 cond(Ψ) = 4.50e+01
26-02-10-41 Loss=1.192441 | E0=-0.52124870-0.00001992j | E1=-0.36970466+0.00283126j|E2=0.10292333+0.00263583j|E3=0.23181129-0.00628299j|E4=0.64846629-0.01134986j|E5=1.10019088+0.00223904j
26-02-10-41 #-----------------------------------------#
26-02-10-41 [Step   3] logΨ: mean=3.180+0.037j | min=-0.863+2.480j | max=4.509+2.634j
26-02-10-41 梯度监控 | raw=3.7811 | per_param=0.0824 | natural=0.9913 | clipped=0.9913(上限20.0)
26-02-10-41 原始规范坐标 G = +1.5207 | 累计|g| = 0.0000
26-02-10-41 Ψ矩阵条件数 cond(Ψ) = 5.63e+01
26-02-10-41 Loss=0.926780 | E0=-0.55303890+0.00977477j | E1=-0.41833976-0.01093125j|E2=0.08711409-0.00297544j|E3=0.22232755+0.00429223j|E4=0.57577974+0.00825067j|E5=1.01293719+0.00403266j
26-02-10-41 #-----------------------------------------#
