26-02-10-34 
============================================================
26-02-10-34 开始多链 NES-VMC 训练（交互式可视化版）| K=6 | 双侧一致列规范 + 周期性 gauge reset
26-02-10-34 N_CHAINS=4, N_SAMPLES_PER_CHAIN=200, SWEEP_SIZE=20, N_ITER=3, lr=0.1, clip_norm=20.0, per_param_clip=0.5, qgt_diag_shift=0.1, RESET_PERIOD=10
26-02-10-34 理论 Loss 上限：-3.27514359
26-02-10-34 ============================================================
26-02-10-35 [Step   0] logΨ: mean=2.460-0.006j | min=-0.822-1.387j | max=3.830+2.434j
26-02-10-35 梯度监控 | raw=3.3393 | per_param=0.0728 | natural=0.9416 | clipped=0.9416(上限20.0)
26-02-10-35 原始规范坐标 G = +0.6495 | 累计|g| = 0.0000
26-02-10-35 Ψ矩阵条件数 cond(Ψ) = 6.27e+01
26-02-10-35 Loss=1.564209 | E0=-0.43511927+0.00299906j | E1=-0.28906178+0.00523045j|E2=0.17152543+0.00078671j|E3=0.27173591+0.00725542j|E4=0.71038634-0.02818730j|E5=1.13474107-0.00966299j
26-02-10-35 #-----------------------------------------#
26-02-10-35 [Step   1] logΨ: mean=2.650+0.131j | min=-0.142+0.317j | max=4.026+2.492j
26-02-10-35 梯度监控 | raw=4.2211 | per_param=0.0920 | natural=0.9401 | clipped=0.9401(上限20.0)
26-02-10-35 原始规范坐标 G = +0.8628 | 累计|g| = 0.0000
26-02-10-35 Ψ矩阵条件数 cond(Ψ) = 5.74e+01
26-02-10-35 Loss=1.352689 | E0=-0.51719224+0.01688622j | E1=-0.31602034-0.02278282j|E2=0.12571450-0.00450237j|E3=0.26886886+0.01248196j|E4=0.67939037-0.00496395j|E5=1.11192608-0.00870095j
26-02-10-35 #-----------------------------------------#
26-02-10-35 [Step   2] logΨ: mean=2.937-0.010j | min=-0.441-1.031j | max=4.222-0.587j
26-02-10-35 梯度监控 | raw=3.5263 | per_param=0.0768 | natural=0.9388 | clipped=0.9388(上限20.0)
26-02-10-35 原始规范坐标 G = +1.1751 | 累计|g| = 0.0000
26-02-10-35 Ψ矩阵条件数 cond(Ψ) = 6.42e+01
26-02-10-35 Loss=1.143049 | E0=-0.54908288-0.00770123j | E1=-0.37623435-0.00379244j|E2=0.10350461-0.00634754j|E3=0.24284145+0.00458446j|E4=0.66140729+0.02990466j|E5=1.06061220-0.01972257j
26-02-10-35 #-----------------------------------------#
26-02-10-35 训练耗时：18.33 秒
26-02-10-35 
============================================================
训练完成!
============================================================
26-02-10-35 [保存] 训练结束，pickle 最终写入 3 条记录 → ./data/26-10-02-10-34_history_natural_gradient_H2_molecule_K6_interactive.pkl
