26-01-18-54 FCI: [-1.05434745 -0.95790573 -0.66895227 -0.55140192]
26-01-18-54 稠密 H 低段能级: [-1.05434745 -0.95790573 -0.66895227 -0.55140192]
26-01-18-54 [Stage0 0] loss=0.840558 | E_L eig=[-0.50217863 -0.01837953] | exact=[-0.61284814 -0.1193598 ]
26-01-18-54 [Stage0 24] loss=-2.699731 | E_L eig=[-1.04314059 -0.94924097] | exact=[-1.04486244 -0.95070735]
26-01-18-55 [Stage0 49] loss=-3.166821 | E_L eig=[-1.04559734 -0.9512849 ] | exact=[-1.0459446  -0.95261763]
26-01-18-55 [Stage0 74] loss=-3.171761 | E_L eig=[-1.04499897 -0.95427759] | exact=[-1.04525454 -0.95414335]
26-01-18-55 [Stage0 99] loss=-3.184354 | E_L eig=[-1.04937303 -0.95541329] | exact=[-1.0493929  -0.95322621]
26-01-18-55 [Stage0 124] loss=-3.190727 | E_L eig=[-1.04766594 -0.95643408] | exact=[-1.04670684 -0.95397237]
26-01-18-55 [Stage0 149] loss=-3.202140 | E_L eig=[-1.05021286 -0.95770315] | exact=[-1.04279905 -0.95356059]
26-01-18-56 [Stage0 174] loss=-3.188096 | E_L eig=[-1.04515179 -0.9525399 ] | exact=[-1.04434293 -0.95360282]
26-01-18-56 [Stage0 199] loss=-3.192016 | E_L eig=[-1.04941497 -0.95548915] | exact=[-1.04738444 -0.95366732]
26-01-18-56 [Stage0 224] loss=-3.198409 | E_L eig=[-1.04609821 -0.95321355] | exact=[-1.04818425 -0.9544425 ]
26-01-18-56 [Stage0 249] loss=-3.198364 | E_L eig=[-1.0492175  -0.94612868] | exact=[-1.04807991 -0.95334118]
26-01-18-56 [Stage0 274] loss=-3.204816 | E_L eig=[-1.04718002 -0.95413427] | exact=[-1.04818073 -0.95458426]
26-01-18-57 [Stage0 299] loss=-3.207045 | E_L eig=[-1.05158006 -0.95232049] | exact=[-1.04942911 -0.95299954]
26-01-18-57 Stage0 耗时 137.5s
26-01-18-57 Stage0 广义本征 λ=[-1.04758448 -0.95382406 -0.66196494 -0.54491189] | φ0 保真(对精确基态)=0.996148
26-01-18-57 [Control 0] loss=-3.206684 | exact=[-1.04970897 -0.95232367] | φ0 漂移保真=0.999471
26-01-18-57 [Control 24] loss=-3.215614 | exact=[-1.04883764 -0.95244742] | φ0 漂移保真=0.999413
26-01-18-57 [Control 49] loss=-3.199736 | exact=[-1.04893304 -0.95158376] | φ0 漂移保真=0.999501
26-01-18-57 [Control 74] loss=-3.195290 | exact=[-1.04933642 -0.94952954] | φ0 漂移保真=0.998842
26-01-18-57 [Control 99] loss=-3.210182 | exact=[-1.04948517 -0.94947857] | φ0 漂移保真=0.999352
26-01-18-57 [Control 124] loss=-3.204335 | exact=[-1.04974538 -0.95024021] | φ0 漂移保真=0.999504
26-01-18-58 [Control 149] loss=-3.207769 | exact=[-1.04952789 -0.95185301] | φ0 漂移保真=0.999507
26-01-18-58 [Control 174] loss=-3.209623 | exact=[-1.05072135 -0.94982065] | φ0 漂移保真=0.999175
26-01-18-58 [Control 199] loss=-3.215220 | exact=[-1.05029119 -0.9508138 ] | φ0 漂移保真=0.999589
26-01-18-58 Control 耗时 88.1s
26-01-18-58 [Frozen 0] loss=0.208579 | E_L eig=[-1.05196922 -0.05690845] | block λ=[-1.04940, -0.12048] | φ0 保真(对FCI基态)=0.996148
26-01-18-58 [Frozen 24] loss=-3.138156 | E_L eig=[-1.04851429 -0.94615028] | block λ=[-1.04940, -0.95144] | φ0 保真(对FCI基态)=0.996148
26-01-18-58 [Frozen 49] loss=-3.186381 | E_L eig=[-1.0493404  -0.95033598] | block λ=[-1.04940, -0.95297] | φ0 保真(对FCI基态)=0.996148
26-01-18-59 [Frozen 74] loss=-3.190806 | E_L eig=[-1.051196   -0.95354882] | block λ=[-1.04940, -0.95138] | φ0 保真(对FCI基态)=0.996148
26-01-18-59 [Frozen 99] loss=-3.199863 | E_L eig=[-1.05122215 -0.95824027] | block λ=[-1.04940, -0.95137] | φ0 保真(对FCI基态)=0.996148
26-01-18-59 [Frozen 124] loss=-3.202986 | E_L eig=[-1.04840279 -0.95688638] | block λ=[-1.04940, -0.95180] | φ0 保真(对FCI基态)=0.996148
26-01-18-59 [Frozen 149] loss=-3.192977 | E_L eig=[-1.05020183 -0.94972552] | block λ=[-1.04940, -0.95233] | φ0 保真(对FCI基态)=0.996148
26-01-19-00 [Frozen 174] loss=-3.202753 | E_L eig=[-1.05134833 -0.95491209] | block λ=[-1.04940, -0.95286] | φ0 保真(对FCI基态)=0.996148
26-01-19-00 [Frozen 199] loss=-3.193975 | E_L eig=[-1.04759645 -0.95054965] | block λ=[-1.04940, -0.95310] | φ0 保真(对FCI基态)=0.996148
26-01-19-00 Frozen 耗时 101.1s
26-01-19-00 ======================================================================
26-01-19-00 最终对比（全空间精确）
26-01-19-00 [Control] exact λ = [-1.05029119 -0.9508138  -0.65917515 -0.55044848]
26-01-19-00 [Control] φ0 漂移保真度 = 0.999588 | 对 FCI 基态重叠 = 0.996851
26-01-19-00 [Control] 态0 与 FCI 各态重叠 = [0.9969 0.     0.     0.     0.     0.    ]
26-01-19-00 [Control] 态1 与 FCI 各态重叠 = [0.00e+00 9.95e-01 6.00e-04 0.00e+00 1.20e-03 0.00e+00]
26-01-19-00 [Control] 态2 与 FCI 各态重叠 = [0.000e+00 4.000e-04 9.903e-01 0.000e+00 5.000e-03 0.000e+00]
26-01-19-00 [Control] 态3 与 FCI 各态重叠 = [0.000e+00 0.000e+00 0.000e+00 9.988e-01 1.000e-04 2.000e-04]
26-01-19-00 [Frozen ] block λ = [-1.049400, [-0.953104 -0.65411  -0.54529 ]]
26-01-19-00 [Frozen ] φ0 保真度(对FCI基态) = 0.996148（构造上严格不变）
26-01-19-00 [Frozen ] active 态0 与 FCI 各态重叠 = [1.000e-04 9.957e-01 3.000e-04 1.000e-04 1.100e-03 1.000e-04]
26-01-19-00 [Frozen ] active 态1 与 FCI 各态重叠 = [0.000e+00 2.000e-04 9.883e-01 8.000e-04 4.100e-03 1.000e-04]
26-01-19-00 [Frozen ] active 态2 与 FCI 各态重叠 = [0.000e+00 0.000e+00 6.000e-04 9.938e-01 1.400e-03 1.000e-04]
26-01-19-00 [Frozen ] 冻结流形 MCMC 广义本征 λ_B = [-1.04762704 -0.95315221 -0.6577661  -0.54483435]
26-01-19-00 [Frozen ] λ_B 第一本征矢的 φ0 分量 |V_B[0,0]| = 1.7145（≈1 ⇒ 块结构成立）
26-01-19-00 结果已保存 → ./data/26-10-01-18-54_frozen_routeB_full.pkl
