26-01-18-49 FCI: [-1.05434745 -0.95790573 -0.66895227 -0.55140192]
26-01-18-49 稠密 H 低段能级: [-1.05434745 -0.95790573 -0.66895227 -0.55140192]
26-01-18-49 [Stage0 0] loss=0.750717 | E_L eig=[-0.50533105 -0.05220329] | exact=[-0.60674289 -0.10485408]
26-01-18-49 [Stage0 2] loss=-0.169592 | E_L eig=[-0.72897783 -0.31667379] | exact=[-0.78000086 -0.34545381]
26-01-18-49 [Stage0 5] loss=-0.876027 | E_L eig=[-0.86781263 -0.55802734] | exact=[-0.92483159 -0.68796713]
26-01-18-49 Stage0 耗时 4.8s
26-01-18-49 Stage0 广义本征 λ=[-0.97011515 -0.80822372 -0.2750896   0.31308702] | φ0 保真(对精确基态)=0.291456
26-01-18-49 [Control 0] loss=-1.364998 | exact=[-0.95049851 -0.7619803 ] | φ0 漂移保真=0.342157
26-01-18-49 [Control 2] loss=-1.837494 | exact=[-0.98834419 -0.85128034] | φ0 漂移保真=0.342499
26-01-18-49 [Control 5] loss=-2.092739 | exact=[-1.01290731 -0.91627559] | φ0 漂移保真=0.329978
26-01-18-49 Control 耗时 3.4s
26-01-18-49 [Frozen 0] loss=0.350172 | E_L eig=[-0.91025994 -0.05703607] | exact=[-0.73645712 -0.19557905] | φ0 保真(对FCI基态)=0.291456
26-01-18-49 [Frozen 2] loss=-0.062997 | E_L eig=[-0.95429952 -0.28171353] | exact=[-0.76895872 -0.28486412] | φ0 保真(对FCI基态)=0.291456
26-01-18-49 [Frozen 5] loss=-0.713709 | E_L eig=[-0.88939854 -0.49496574] | exact=[-0.81912528 -0.43885998] | φ0 保真(对FCI基态)=0.291456
26-01-18-49 Frozen 耗时 3.0s
26-01-18-49 ======================================================================
26-01-18-49 最终对比（全空间精确）
26-01-18-49 [Control] exact λ = [-1.01290731 -0.91627559 -0.45976612  0.14699313]
26-01-18-49 [Control] φ0 漂移保真度 = 0.329978 | 对 FCI 基态重叠 = 0.927031
26-01-18-49 [Control] 态0 与 FCI 各态重叠 = [9.27e-01 1.84e-02 1.37e-02 2.12e-02 6.00e-04 3.10e-03]
26-01-18-49 [Control] 态1 与 FCI 各态重叠 = [9.300e-03 9.072e-01 3.870e-02 2.470e-02 4.000e-04 8.600e-03]
26-01-18-49 [Control] 态2 与 FCI 各态重叠 = [0.0011 0.0008 0.4216 0.4341 0.0049 0.0098]
26-01-18-49 [Control] 态3 与 FCI 各态重叠 = [0.0012 0.0006 0.003  0.0443 0.0251 0.1215]
26-01-18-49 [Frozen ] exact λ = [-0.81912528 -0.43885998 -0.09903686  0.71325047]
26-01-18-49 [Frozen ] φ0 保真度(对FCI基态) = 0.291456（构造上严格不变）
26-01-18-49 [Frozen ] 态0 与 FCI 各态重叠 = [0.6938 0.0488 0.0681 0.0104 0.005  0.0087]
26-01-18-49 [Frozen ] 态1 与 FCI 各态重叠 = [0.0105 0.1726 0.1657 0.3427 0.0625 0.104 ]
26-01-18-49 [Frozen ] 态2 与 FCI 各态重叠 = [0.0017 0.0966 0.0529 0.1419 0.125  0.0378]
26-01-18-49 [Frozen ] 态3 与 FCI 各态重叠 = [0.0016 0.0185 0.0208 0.0023 0.0135 0.0381]
26-01-18-49 [Frozen ] 冻结流形 MCMC 广义本征 λ_B = [-0.96264665 -0.6126594  -0.43285309  0.66545532]
26-01-18-49 [Frozen ] λ_B 第一本征矢的 φ0 分量 |V_B[0,0]| = 1.3645（≈1 ⇒ 块结构成立）
26-01-18-49 结果已保存 → ./data/26-10-01-18-49_frozen_routeB_smoke.pkl
