26-02-10-36 
============================================================
26-02-10-36 开始多链 NES-VMC 训练（交互式可视化版）| K=6 | 双侧一致列规范 + 周期性 gauge reset
26-02-10-36 N_CHAINS=4, N_SAMPLES_PER_CHAIN=200, SWEEP_SIZE=20, N_ITER=2, lr=0.1, clip_norm=20.0, per_param_clip=0.5, qgt_diag_shift=0.1, RESET_PERIOD=10
26-02-10-36 理论 Loss 上限：-3.27514359
26-02-10-36 ============================================================
26-02-10-36 [Step   0] logΨ: mean=2.460-0.006j | min=-0.822-1.387j | max=3.830+2.434j
26-02-10-36 梯度监控 | raw=3.3393 | per_param=0.0728 | natural=0.9416 | clipped=0.9416(上限20.0)
26-02-10-36 原始规范坐标 G = +0.6495 | 累计|g| = 0.0000
26-02-10-36 Ψ矩阵条件数 cond(Ψ) = 6.27e+01
26-02-10-36 Loss=1.564209 | E0=-0.43511927+0.00299906j | E1=-0.28906178+0.00523045j|E2=0.17152543+0.00078671j|E3=0.27173591+0.00725542j|E4=0.71038634-0.02818730j|E5=1.13474107-0.00966299j
26-02-10-36 #-----------------------------------------#
26-02-10-36 [Step   1] logΨ: mean=2.650+0.131j | min=-0.142+0.317j | max=4.026+2.492j
26-02-10-36 梯度监控 | raw=4.2211 | per_param=0.0920 | natural=0.9401 | clipped=0.9401(上限20.0)
26-02-10-36 原始规范坐标 G = +0.8628 | 累计|g| = 0.0000
26-02-10-36 Ψ矩阵条件数 cond(Ψ) = 5.74e+01
26-02-10-36 Loss=1.352689 | E0=-0.51719224+0.01688622j | E1=-0.31602034-0.02278282j|E2=0.12571450-0.00450237j|E3=0.26886886+0.01248196j|E4=0.67939037-0.00496395j|E5=1.11192608-0.00870095j
26-02-10-36 #-----------------------------------------#
26-02-10-36 训练耗时：20.63 秒
26-02-10-36 
============================================================
训练完成!
============================================================
26-02-10-36 [保存] 训练结束，pickle 最终写入 2 条记录 → ./data/26-10-02-10-36_history_natural_gradient_H2_molecule_K6_interactive.pkl
