============================================================
NES-VMC 训练开始
============================================================
参数: K=3, N_CHAINS=16, N_SAMPLES_PER_CHAIN=200
      N_ITER=400, Natural_Grad=True, SWEEP_SIZE=30
创建 NESTotalAnsatz...
Ansatz 创建完成
创建 wrapper functions...
  创建 single_machine[0]
  创建 single_machine[1]
  创建 single_machine[2]
共创建 3 个 single_machine
优化器初始化完成 (SGD, lr=0.01)
扩展跃迁边: [[0, 1], [2, 3], [4, 5], [6, 7], [8, 9], [10, 11]]
采样器创建完成: 16 chains, sweep_size=30
采样器状态初始化完成

---------------- Step 0 ---------------------
log_Psi(real): mean=0.752 | min=-0.546 | max=2.291
grad norm = 3.9582
Loss: -1.911720
E0=-1.71814012 Ha | E1=-0.72929494 Ha | E2=0.53571493 Ha
#----------------------------------------------------------#

---------------- Step 20 ---------------------
log_Psi(real): mean=4.591 | min=2.163 | max=4.609
grad norm = 0.0273
Loss: -2.261567
E0=-1.10833555 Ha | E1=-0.95804013 Ha | E2=-0.19519094 Ha
#----------------------------------------------------------#

---------------- Step 40 ---------------------
log_Psi(real): mean=3.000 | min=2.549 | max=3.043
grad norm = 5.2085
Loss: -2.146338
E0=-1.17147235 Ha | E1=-0.59183648 Ha | E2=-0.38302885 Ha
#----------------------------------------------------------#

---------------- Step 60 ---------------------
log_Psi(real): mean=nan | min=nan | max=nan
grad norm = nan
Loss: nan
E0=nan Ha | E1=nan Ha | E2=nan Ha
#----------------------------------------------------------#

---------------- Step 80 ---------------------
log_Psi(real): mean=nan | min=nan | max=nan
grad norm = nan
Loss: nan
E0=nan Ha | E1=nan Ha | E2=nan Ha
#----------------------------------------------------------#

---------------- Step 100 ---------------------
log_Psi(real): mean=nan | min=nan | max=nan
grad norm = nan
Loss: nan
E0=nan Ha | E1=nan Ha | E2=nan Ha
#----------------------------------------------------------#
