INFO:__main__:初始化 H₂ 分子和 FCI 基准能量
INFO:__main__:FCI 基准能量: E0=-1.01546825, E1=-0.87542794, E2=-0.42938376
DEBUG:__main__:Hamiltonian 算符创建完成, hilbert space size: 4
/Users/yangjianfei/mac_vscode/神经网络量子态/5 月/0510/对数域改造 NES/NES_VMC_Stable_logdomain_fixed.py:70: DeprecationWarning: netket.experimental.hilbert.SpinOrbitalFermions is deprecated: use netket.hilbert.SpinOrbitalFermions (netket >= 3.12)
  hi = nkx.hilbert.SpinOrbitalFermions(
INFO:__main__:Hilbert space: 4 个自旋轨道
INFO:__main__:扩展 Hilbert space (K=3): 12 个自旋轨道
DEBUG:__main__:单粒子跃迁边: ((0, 1), (2, 3))
INFO:__main__:============================================================
INFO:__main__:NES-VMC 训练开始
INFO:__main__:============================================================
INFO:__main__:参数: K=3, N_CHAINS=16, N_SAMPLES_PER_CHAIN=200
INFO:__main__:      N_ITER=30, Natural_Grad=True, SWEEP_SIZE=30
INFO:__main__:创建 NESTotalAnsatz...
INFO:__main__:NESTotalAnsatz 初始化: K=3, n_spin=4, hidden_dim=12
DEBUG:__main__:SingleStateAnsatz 初始化: n_spin=4, hidden=12
DEBUG:__main__:SingleStateAnsatz 初始化: n_spin=4, hidden=12
DEBUG:__main__:SingleStateAnsatz 初始化: n_spin=4, hidden=12
DEBUG:__main__:创建了 3 个 SingleStateAnsatz
INFO:__main__:Ansatz 创建完成
INFO:__main__:创建 wrapper functions...
INFO:__main__:创建 sampling machine (create_machine)
INFO:__main__:创建 L_stable matrix machine (create_machine_matrix)
INFO:__main__:创建 L_max machine (create_machine_matrix_max)
INFO:__main__:创建 single machine
DEBUG:__main__:  创建 single_machine[0]
INFO:__main__:创建 single machine
DEBUG:__main__:  创建 single_machine[1]
INFO:__main__:创建 single machine
DEBUG:__main__:  创建 single_machine[2]
INFO:__main__:共创建 3 个 single_machine
INFO:__main__:优化器初始化完成 (SGD, lr=0.01)
INFO:__main__:扩展跃迁边: [[0, 1], [2, 3], [4, 5], [6, 7], [8, 9], [10, 11]]
INFO:__main__:采样器创建完成: 16 chains, sweep_size=30
DEBUG:__main__:NESTotalAnsatz.__call__ 输入 shape: (16, 12)
DEBUG:__main__:输入是单个扩展态 (K*n_spin,)
DEBUG:__main__:  sampling machine: log_Psi shape=(16,)
INFO:__main__:采样器状态初始化完成
DEBUG:__main__:=== Step 0 ===
DEBUG:__main__:  采样: 3200 samples, x_batch shape: (3200, 3, 4)
DEBUG:__main__:NESTotalAnsatz.__call__ 输入 shape: (3200, 3, 4)
DEBUG:__main__:输入是批量样本 (batch, K, n_spin)
DEBUG:__main__:  matrix machine: L_stable shape=(3200, 3, 3)
DEBUG:__main__:NESTotalAnsatz.__call__ 输入 shape: (3200, 3, 4)
DEBUG:__main__:输入是批量样本 (batch, K, n_spin)
DEBUG:__main__:  max machine: L_max shape=(3200,)
DEBUG:__main__:NESTotalAnsatz.__call__ 输入 shape: (3, 4)
DEBUG:__main__:输入是单个样本 (n_spin,)
DEBUG:__main__:  sampling machine: log_Psi shape=()
DEBUG:__main__:  grad norm: 3.9582
DEBUG:__main__:  自然梯度计算完成, QGT 条件数: 2.15e+03
DEBUG:__main__:NESTotalAnsatz.__call__ 输入 shape: (3200, 3, 4)
DEBUG:__main__:输入是批量样本 (batch, K, n_spin)
DEBUG:__main__:  sampling machine: log_Psi shape=(3200,)
DEBUG:__main__:=== Step 1 ===
DEBUG:__main__:  采样: 3200 samples, x_batch shape: (3200, 3, 4)
DEBUG:__main__:  grad norm: 0.3910
DEBUG:__main__:  自然梯度计算完成, QGT 条件数: 6.35e+03
DEBUG:__main__:=== Step 2 ===
DEBUG:__main__:  采样: 3200 samples, x_batch shape: (3200, 3, 4)
DEBUG:__main__:  grad norm: 0.5771
DEBUG:__main__:  自然梯度计算完成, QGT 条件数: 2.68e+03
DEBUG:__main__:=== Step 3 ===
DEBUG:__main__:  采样: 3200 samples, x_batch shape: (3200, 3, 4)
DEBUG:__main__:  grad norm: 0.6103
DEBUG:__main__:  自然梯度计算完成, QGT 条件数: 3.07e+03
DEBUG:__main__:=== Step 4 ===
DEBUG:__main__:  采样: 3200 samples, x_batch shape: (3200, 3, 4)
DEBUG:__main__:  grad norm: 0.7177
DEBUG:__main__:  自然梯度计算完成, QGT 条件数: 4.88e+03
DEBUG:__main__:=== Step 5 ===
DEBUG:__main__:  采样: 3200 samples, x_batch shape: (3200, 3, 4)
DEBUG:__main__:  grad norm: 0.2631
DEBUG:__main__:  自然梯度计算完成, QGT 条件数: 3.27e+03
DEBUG:__main__:=== Step 6 ===
DEBUG:__main__:  采样: 3200 samples, x_batch shape: (3200, 3, 4)
DEBUG:__main__:  grad norm: 0.3331
DEBUG:__main__:  自然梯度计算完成, QGT 条件数: 5.76e+03
DEBUG:__main__:=== Step 7 ===
DEBUG:__main__:  采样: 3200 samples, x_batch shape: (3200, 3, 4)
DEBUG:__main__:  grad norm: 1.6108
DEBUG:__main__:  自然梯度计算完成, QGT 条件数: 2.43e+03
DEBUG:__main__:=== Step 8 ===
DEBUG:__main__:  采样: 3200 samples, x_batch shape: (3200, 3, 4)
DEBUG:__main__:  grad norm: 0.1493
DEBUG:__main__:  自然梯度计算完成, QGT 条件数: 7.20e+03
DEBUG:__main__:=== Step 9 ===
DEBUG:__main__:  采样: 3200 samples, x_batch shape: (3200, 3, 4)
DEBUG:__main__:  grad norm: 0.1581
DEBUG:__main__:  自然梯度计算完成, QGT 条件数: 7.94e+03
DEBUG:__main__:=== Step 10 ===
DEBUG:__main__:  采样: 3200 samples, x_batch shape: (3200, 3, 4)
DEBUG:__main__:  grad norm: 0.0848
DEBUG:__main__:  自然梯度计算完成, QGT 条件数: 5.55e+03
DEBUG:__main__:=== Step 11 ===
DEBUG:__main__:  采样: 3200 samples, x_batch shape: (3200, 3, 4)
DEBUG:__main__:  grad norm: 0.1277
DEBUG:__main__:  自然梯度计算完成, QGT 条件数: 6.00e+03
DEBUG:__main__:=== Step 12 ===
DEBUG:__main__:  采样: 3200 samples, x_batch shape: (3200, 3, 4)
DEBUG:__main__:  grad norm: 0.1779
DEBUG:__main__:  自然梯度计算完成, QGT 条件数: 1.06e+04
DEBUG:__main__:=== Step 13 ===
DEBUG:__main__:  采样: 3200 samples, x_batch shape: (3200, 3, 4)
DEBUG:__main__:  grad norm: 0.1985
DEBUG:__main__:  自然梯度计算完成, QGT 条件数: 6.69e+03
DEBUG:__main__:=== Step 14 ===
DEBUG:__main__:  采样: 3200 samples, x_batch shape: (3200, 3, 4)
DEBUG:__main__:  grad norm: 0.1929
DEBUG:__main__:  自然梯度计算完成, QGT 条件数: 9.50e+03
DEBUG:__main__:=== Step 15 ===
DEBUG:__main__:  采样: 3200 samples, x_batch shape: (3200, 3, 4)
DEBUG:__main__:  grad norm: 0.2392
DEBUG:__main__:  自然梯度计算完成, QGT 条件数: 6.36e+03
DEBUG:__main__:=== Step 16 ===
DEBUG:__main__:  采样: 3200 samples, x_batch shape: (3200, 3, 4)
DEBUG:__main__:  grad norm: 0.0718
DEBUG:__main__:  自然梯度计算完成, QGT 条件数: 1.01e+04
DEBUG:__main__:=== Step 17 ===
DEBUG:__main__:  采样: 3200 samples, x_batch shape: (3200, 3, 4)
DEBUG:__main__:  grad norm: 0.0874
DEBUG:__main__:  自然梯度计算完成, QGT 条件数: 7.14e+03
DEBUG:__main__:=== Step 18 ===
DEBUG:__main__:  采样: 3200 samples, x_batch shape: (3200, 3, 4)
DEBUG:__main__:  grad norm: 0.2146
DEBUG:__main__:  自然梯度计算完成, QGT 条件数: 1.67e+04
DEBUG:__main__:=== Step 19 ===
DEBUG:__main__:  采样: 3200 samples, x_batch shape: (3200, 3, 4)
DEBUG:__main__:  grad norm: 0.1553
DEBUG:__main__:  自然梯度计算完成, QGT 条件数: 6.64e+03
DEBUG:__main__:=== Step 20 ===
DEBUG:__main__:  采样: 3200 samples, x_batch shape: (3200, 3, 4)
DEBUG:__main__:  grad norm: 0.0273
DEBUG:__main__:  自然梯度计算完成, QGT 条件数: 6.05e+03
DEBUG:__main__:=== Step 21 ===
DEBUG:__main__:  采样: 3200 samples, x_batch shape: (3200, 3, 4)
DEBUG:__main__:  grad norm: 0.0578
DEBUG:__main__:  自然梯度计算完成, QGT 条件数: 5.67e+03
DEBUG:__main__:=== Step 22 ===
DEBUG:__main__:  采样: 3200 samples, x_batch shape: (3200, 3, 4)
DEBUG:__main__:  grad norm: 0.1732
DEBUG:__main__:  自然梯度计算完成, QGT 条件数: 5.55e+03
DEBUG:__main__:=== Step 23 ===
DEBUG:__main__:  采样: 3200 samples, x_batch shape: (3200, 3, 4)
DEBUG:__main__:  grad norm: 1.6671
DEBUG:__main__:  自然梯度计算完成, QGT 条件数: 4.67e+03
DEBUG:__main__:=== Step 24 ===
DEBUG:__main__:  采样: 3200 samples, x_batch shape: (3200, 3, 4)
DEBUG:__main__:  grad norm: 9.0766
DEBUG:__main__:  自然梯度计算完成, QGT 条件数: 4.61e+03
DEBUG:__main__:=== Step 25 ===
DEBUG:__main__:  采样: 3200 samples, x_batch shape: (3200, 3, 4)
DEBUG:__main__:  grad norm: 0.5955
DEBUG:__main__:  自然梯度计算完成, QGT 条件数: 1.37e+04
DEBUG:__main__:=== Step 26 ===
DEBUG:__main__:  采样: 3200 samples, x_batch shape: (3200, 3, 4)
DEBUG:__main__:  grad norm: 1.0215
DEBUG:__main__:  自然梯度计算完成, QGT 条件数: 1.12e+05
DEBUG:__main__:=== Step 27 ===
DEBUG:__main__:  采样: 3200 samples, x_batch shape: (3200, 3, 4)
DEBUG:__main__:  grad norm: 1.1841
DEBUG:__main__:  自然梯度计算完成, QGT 条件数: 7.80e+03
DEBUG:__main__:=== Step 28 ===
DEBUG:__main__:  采样: 3200 samples, x_batch shape: (3200, 3, 4)
DEBUG:__main__:  grad norm: 0.3577
DEBUG:__main__:  自然梯度计算完成, QGT 条件数: 1.51e+06
DEBUG:__main__:=== Step 29 ===
DEBUG:__main__:  采样: 3200 samples, x_batch shape: (3200, 3, 4)
DEBUG:__main__:  grad norm: 1.3758
DEBUG:__main__:  自然梯度计算完成, QGT 条件数: 1.28e+04
============================================================
H₂ FCI 基准能量
============================================================
E0 = -1.01546825 Ha  |  激发能：0.0000 eV
E1 = -0.87542794 Ha  |  激发能：3.8107 eV
E2 = -0.42938376 Ha  |  激发能：15.9482 eV
E3 = -0.26922131 Ha  |  激发能：20.3064 eV

============================================================
开始多链 NES-VMC 训练
============================================================
基态能量=-1.01546825 Ha | 1st激发态=-0.87542794 Ha | 2st激发态=-0.42938376 Ha

--- Step 0 ---
log_Psi(real): mean=0.752 | min=-0.546 | max=2.291
grad norm = 3.9582
Loss: -1.911720
E0=-1.71814012 Ha | E1=-0.72929494 Ha | E2=0.53571493 Ha
FCI基准: E0=-1.01546825 | E1=-0.87542794 | E2=-0.42938376
误差: dE0=7.03e-01 | dE1=1.46e-01
#----------------------------------------------------------#

--- Step 5 ---
log_Psi(real): mean=2.900 | min=1.316 | max=3.466
grad norm = 0.2631
Loss: -2.232902
E0=-1.31415453 Ha | E1=-0.84294302 Ha | E2=-0.07580417 Ha
FCI基准: E0=-1.01546825 | E1=-0.87542794 | E2=-0.42938376
误差: dE0=2.99e-01 | dE1=3.25e-02
#----------------------------------------------------------#

--- Step 10 ---
log_Psi(real): mean=3.878 | min=1.994 | max=4.037
grad norm = 0.0848
Loss: -2.292245
E0=-1.11223098 Ha | E1=-0.88784449 Ha | E2=-0.29216993 Ha
FCI基准: E0=-1.01546825 | E1=-0.87542794 | E2=-0.42938376
误差: dE0=9.68e-02 | dE1=1.24e-02
#----------------------------------------------------------#

--- Step 15 ---
log_Psi(real): mean=5.298 | min=2.564 | max=5.457
grad norm = 0.2392
Loss: -2.190992
E0=-1.15842383 Ha | E1=-0.89944284 Ha | E2=-0.13312538 Ha
FCI基准: E0=-1.01546825 | E1=-0.87542794 | E2=-0.42938376
误差: dE0=1.43e-01 | dE1=2.40e-02
#----------------------------------------------------------#

--- Step 20 ---
log_Psi(real): mean=4.591 | min=2.163 | max=4.609
grad norm = 0.0273
Loss: -2.261567
E0=-1.10833555 Ha | E1=-0.95804013 Ha | E2=-0.19519094 Ha
FCI基准: E0=-1.01546825 | E1=-0.87542794 | E2=-0.42938376
误差: dE0=9.29e-02 | dE1=8.26e-02
#----------------------------------------------------------#

--- Step 25 ---
log_Psi(real): mean=5.179 | min=0.330 | max=5.996
grad norm = 0.5955
Loss: -2.235593
E0=-1.68535226 Ha | E1=-0.93570441 Ha | E2=0.38546416 Ha
FCI基准: E0=-1.01546825 | E1=-0.87542794 | E2=-0.42938376
误差: dE0=6.70e-01 | dE1=6.03e-02
#----------------------------------------------------------#

--- Step 29 ---
log_Psi(real): mean=3.474 | min=1.194 | max=3.796
grad norm = 1.3758
Loss: -2.168724
E0=-3.71686842 Ha | E1=-0.81114004 Ha | E2=2.35928398 Ha
FCI基准: E0=-1.01546825 | E1=-0.87542794 | E2=-0.42938376
误差: dE0=2.70e+00 | dE1=6.43e-02
#----------------------------------------------------------#

训练完成! 耗时: 451.08 秒

============================================================
最终结果
============================================================
NES-VMC: E0=-3.71686842 Ha, E1=-0.81114004 Ha
FCI:     E0=-1.01546825 Ha, E1=-0.87542794 Ha
误差:    dE0=2.70e+00, dE1=6.43e-02
============================================================
