
============================================================
开始多链 NES-VMC 训练 | 使用自然梯度
============================================================
精确CAS基准：基态=-7.86364558 Ha | 1激发=-7.72153670 Ha|2激发=-7.70823970 Ha|3激发=-7.68581513 Ha|
理论 Loss 上限：-30.97923710 
超参：clip_norm=20.0, lr=0.1, QGT diag_shift=0.1
[Step   0] logΨ: mean=13.134+1.255j | min=4.683+2.274j | max=15.750+2.959j
梯度监控 | raw=344.3943 | natural=6.5439 | clipped=6.5439(上限20.0)
Ψ矩阵条件数 cond(Ψ) = 1.26e+01
Loss=-50.751408 | E0=-17.82688522-4.46956682j | E1=-14.98242855+3.60317969j|E2=-9.28612423-3.59435654j|E3=-8.65595913-2.85308838j
#-----------------------------------------#
[Step   1] logΨ: mean=24.332-3.250j | min=10.609-2.178j | max=28.658+0.373j
梯度监控 | raw=442.3813 | natural=15.6315 | clipped=15.6315(上限20.0)
Ψ矩阵条件数 cond(Ψ) = 1.97e+01
Loss=-117.893089 | E0=-42.06232452+13.53378677j | E1=-34.42055130-13.88246727j|E2=-23.53544617-18.71146774j|E3=-17.87474060-14.27234650j
#-----------------------------------------#
【Step 2 告警】梯度异常！nan=False, raw_grad_norm=35387.06
[Step   2] logΨ: mean=10.293+6.723j | min=4.192+1.384j | max=34.921+11.164j
梯度监控 | raw=35387.0637 | natural=32.9371 | clipped=20.0000(上限20.0)
Ψ矩阵条件数 cond(Ψ) = 2.81e+01
Loss=25.258133 | E0=-91.97224426-116.81863403j | E1=-59.48508453-100.12551880j|E2=3.03268933-42.35935593j|E3=173.68275452+49.04505920j
#-----------------------------------------#
【Step 3 告警】梯度异常！nan=False, raw_grad_norm=1961858212.48
[Step   3] logΨ: mean=5.956+8.350j | min=3.873+8.815j | max=14.645+10.476j
梯度监控 | raw=1961858212.4847 | natural=36539.5575 | clipped=20.0000(上限20.0)
Ψ矩阵条件数 cond(Ψ) = 1.43e+01
Loss=326535.062500 | E0=12.94646740-14.10476017j | E1=23.60725594-37.49002075j|E2=1187.59875488+864.04382324j|E3=325310.81250000+36425.35937500j
#-----------------------------------------#
【Step 4 告警】梯度异常！nan=False, raw_grad_norm=9128.52
[Step   4] logΨ: mean=17.787+6.914j | min=6.033+4.535j | max=27.110+3.415j
梯度监控 | raw=9128.5189 | natural=3.3414 | clipped=3.3414(上限20.0)
Ψ矩阵条件数 cond(Ψ) = 2.07e+01
Loss=17.467808 | E0=-40.65736008-24.55567551j | E1=-9.82564926+3.22747374j|E2=7.98027658-5.69886684j|E3=59.97052002-56.53675842j
#-----------------------------------------#
【Step 5 告警】梯度异常！nan=False, raw_grad_norm=12316253.12
[Step   5] logΨ: mean=10.928+7.439j | min=5.915+8.356j | max=13.909+10.997j
梯度监控 | raw=12316253.1173 | natural=2210.4069 | clipped=20.0000(上限20.0)
Ψ矩阵条件数 cond(Ψ) = 1.54e+01
Loss=3642.610840 | E0=-66.84183502-61.84912491j | E1=16.56012154-18.76719666j|E2=71.89938354+77.71633911j|E3=3620.98803711-1298.54992676j
#-----------------------------------------#
【Step 6 告警】梯度异常！nan=False, raw_grad_norm=11035.11
[Step   6] logΨ: mean=10.794+7.330j | min=6.100+6.558j | max=13.177+8.276j
梯度监控 | raw=11035.1123 | natural=1.0347 | clipped=1.0347(上限20.0)
Ψ矩阵条件数 cond(Ψ) = 1.02e+01
Loss=4.708259 | E0=-27.27980042-7.85636139j | E1=5.45804787-6.00434113j|E2=8.16386795-31.27549362j|E3=18.36613464-11.45160675j
#-----------------------------------------#
【Step 7 告警】梯度异常！nan=False, raw_grad_norm=44832.31
[Step   7] logΨ: mean=6.285+8.701j | min=3.191+9.573j | max=9.272+5.212j
梯度监控 | raw=44832.3107 | natural=7.1320 | clipped=7.1320(上限20.0)
Ψ矩阵条件数 cond(Ψ) = 9.83e+00
Loss=-44.402344 | E0=-70.19090271+18.22983360j | E1=-6.26301956-21.58956909j|E2=13.22271919-13.43845463j|E3=18.82889366-1.76502454j
#-----------------------------------------#
[Step   8] logΨ: mean=5.663+8.240j | min=2.629+13.395j | max=11.771+5.271j
梯度监控 | raw=1977.7421 | natural=1.4151 | clipped=1.4151(上限20.0)
Ψ矩阵条件数 cond(Ψ) = 1.04e+02
Loss=22.487133 | E0=-2.38218260-0.96929979j | E1=2.86389709-4.42383242j|E2=7.61771631-4.92298889j|E3=14.38771629+0.36604309j
#-----------------------------------------#
[Step   9] logΨ: mean=7.094+9.798j | min=0.799+9.534j | max=16.106+7.885j
梯度监控 | raw=4637.3041 | natural=1.1164 | clipped=1.1164(上限20.0)
Ψ矩阵条件数 cond(Ψ) = 1.02e+02
Loss=13.849044 | E0=-7.59369373+2.12989426j | E1=0.44763353-4.69686508j|E2=7.38913393-1.25739002j|E3=13.60597515-6.86501884j
#-----------------------------------------#
【Step 10 告警】梯度异常！nan=False, raw_grad_norm=3646235.12
[Step  10] logΨ: mean=7.772+8.879j | min=2.647+11.996j | max=14.550+9.912j
梯度监控 | raw=3646235.1197 | natural=2.1722 | clipped=2.1722(上限20.0)
Ψ矩阵条件数 cond(Ψ) = 4.17e+01
Loss=-141.346115 | E0=-157.76277161-156.95210266j | E1=3.81623507-7.77279902j|E2=5.42232370-2.24984121j|E3=7.17821312-4.45995951j
#-----------------------------------------#
【Step 11 告警】梯度异常！nan=False, raw_grad_norm=10789.87
[Step  11] logΨ: mean=11.793+9.204j | min=3.361+11.588j | max=22.267+10.216j
梯度监控 | raw=10789.8737 | natural=1.5781 | clipped=1.5781(上限20.0)
Ψ矩阵条件数 cond(Ψ) = 1.91e+01
Loss=15.690818 | E0=-6.46493816-5.94760990j | E1=1.27622604-19.97207451j|E2=5.03795671-7.49374723j|E3=15.84156895-4.78738070j
#-----------------------------------------#
【Step 12 告警】梯度异常！nan=False, raw_grad_norm=36502073.92
[Step  12] logΨ: mean=6.727+5.235j | min=4.272+6.176j | max=10.984+6.044j
梯度监控 | raw=36502073.9182 | natural=1544.8658 | clipped=20.0000(上限20.0)
Ψ矩阵条件数 cond(Ψ) = 1.75e+01
Loss=-2898.225586 | E0=-2918.74682617-1635.91662598j | E1=0.73277730-9.36568928j|E2=9.21049976-6.31082296j|E3=10.57880020-26.70139503j
#-----------------------------------------#
[Step  13] logΨ: mean=9.645+5.360j | min=2.821+4.107j | max=22.457+4.752j
梯度监控 | raw=1946.5557 | natural=1.2096 | clipped=1.2096(上限20.0)
Ψ矩阵条件数 cond(Ψ) = 2.33e+01
Loss=-10.959770 | E0=-14.87671661-8.74549866j | E1=-9.84398270+4.01754618j|E2=0.18296129-6.90157938j|E3=13.57797813-9.36658001j
#-----------------------------------------#
【Step 14 告警】梯度异常！nan=False, raw_grad_norm=91787872.76
[Step  14] logΨ: mean=12.200+1.692j | min=8.831+2.420j | max=25.146+4.227j
梯度监控 | raw=91787872.7598 | natural=5994.8271 | clipped=20.0000(上限20.0)
Ψ矩阵条件数 cond(Ψ) = 2.46e+01
Loss=30475.429688 | E0=-59.59917450-66.65734863j | E1=3.28418016-10.36982822j|E2=67.24539948+30.32363510j|E3=30464.50781250+21501.30078125j
#-----------------------------------------#
【Step 15 告警】梯度异常！nan=False, raw_grad_norm=1493579.35
[Step  15] logΨ: mean=4.896+1.283j | min=2.895+1.209j | max=6.187+4.507j
梯度监控 | raw=1493579.3529 | natural=581.1267 | clipped=20.0000(上限20.0)
Ψ矩阵条件数 cond(Ψ) = 2.18e+01
Loss=-1560.562988 | E0=-1496.83251953-5268.92480469j | E1=-52.43315506+4.28314352j|E2=-40.60775375-41.98332214j|E3=29.31048965-37.43970490j
#-----------------------------------------#
[Step  16] logΨ: mean=5.161+1.936j | min=2.876+3.381j | max=7.121-3.956j
梯度监控 | raw=741.0914 | natural=1.7363 | clipped=1.7363(上限20.0)
Ψ矩阵条件数 cond(Ψ) = 2.69e+01
Loss=-19.865717 | E0=-7.30712748+1.42269695j | E1=-6.37507296-5.44422770j|E2=-4.36329603+4.26368475j|E3=-1.82022786-3.13227844j
#-----------------------------------------#
[Step  17] logΨ: mean=5.371+2.823j | min=2.519+5.495j | max=8.972-0.510j
梯度监控 | raw=220.8771 | natural=2.1103 | clipped=2.1103(上限20.0)
Ψ矩阵条件数 cond(Ψ) = 4.26e+01
Loss=-13.643972 | E0=-6.29770756-0.32656157j | E1=-4.45178318-5.39822197j|E2=-2.40981483-2.47856259j|E3=-0.48466903+2.94216847j
#-----------------------------------------#
[Step  18] logΨ: mean=6.828+2.006j | min=3.041+7.160j | max=12.391-1.409j
梯度监控 | raw=658.3915 | natural=1.2753 | clipped=1.2753(上限20.0)
Ψ矩阵条件数 cond(Ψ) = 3.51e+01
Loss=-11.592757 | E0=-8.48308945-5.00921583j | E1=-5.25235701+0.05413333j|E2=0.05227659+4.16908884j|E3=2.09040117-1.70372438j
#-----------------------------------------#
[Step  19] logΨ: mean=7.230+2.563j | min=3.161+7.929j | max=14.442-0.987j
梯度监控 | raw=1108.0840 | natural=1.6040 | clipped=1.6040(上限20.0)
Ψ矩阵条件数 cond(Ψ) = 3.77e+01
Loss=-14.357169 | E0=-4.79637957-3.14460421j | E1=-4.49825954+2.26413465j|E2=-2.85231781+16.49836731j|E3=-2.21021461-9.31351376j
#-----------------------------------------#
